
> marifetbul@1.0.0 build
> next build

­şöÆ Running production safety checks...
Ô£à Production safety checks passed

[Next.js] API proxy configured: https://api.marifetbul.com/api/v1
   Ôû▓ Next.js 16.0.0 (Turbopack)
   - Environments: .env.local

[Next.js] API proxy configured: https://api.marifetbul.com/api/v1
   Creating an optimized production build ...
­şöÆ Running production safety checks...
Ô£à Production safety checks passed

node.exe : 
At C:\Program Files\nodejs\npm.ps1:29 char:3
+   & $NODE_EXE $NPM_CLI_JS $args
+   ~~~~~~~~~~~~~~~~~~~~~~~~~~~~~
    + CategoryInfo          : NotSpecified: (:String) [], RemoteException
    + FullyQualifiedErrorId : NativeCommandError
 
> Build error occurred
Error: Turbopack build failed with 134 errors:
./components/domains/dashboard/UnifiedDashboard.tsx
Reading source code for parsing failed
An unexpected error happened while trying to read the source code to parse: failed to convert rope into string

Caused by:
- invalid utf-8 sequence of 1 bytes from index 2723

Import traces:
  Server Component:
    ./components/domains/dashboard/UnifiedDashboard.tsx
    ./components/domains/dashboard/index.ts
    ./app/dashboard/layout.tsx

  Client Component Browser:
    ./components/domains/dashboard/UnifiedDashboard.tsx [Client Component Browser]
    ./components/shared/features/index.ts [Client Component Browser]
    ./app/profile/[id]/page.tsx [Client Component Browser]
    ./app/profile/[id]/page.tsx [Server Component]

  Client Component SSR:
    ./components/domains/dashboard/UnifiedDashboard.tsx [Client Component SSR]
    ./components/shared/features/index.ts [Client Component SSR]
    ./app/profile/[id]/page.tsx [Client Component SSR]
    ./app/profile/[id]/page.tsx [Server Component]


./components/shared/PaymentModal.tsx
Reading source code for parsing failed
An unexpected error happened while trying to read the source code to parse: failed to convert rope into string

Caused by:
- invalid utf-8 sequence of 1 bytes from index 1076

Import traces:
  Client Component Browser:
    ./components/shared/PaymentModal.tsx [Client Component Browser]
    ./components/shared/index.ts [Client Component Browser]
    ./components/domains/profile/ProfileView.tsx [Client Component Browser]
    ./components/shared/features/index.ts [Client Component Browser]
    ./app/profile/edit/page.tsx [Client Component Browser]
    ./app/profile/edit/page.tsx [Server Component]

  Client Component SSR:
    ./components/shared/PaymentModal.tsx [Client Component SSR]
    ./components/shared/index.ts [Client Component SSR]
    ./components/domains/profile/ProfileView.tsx [Client Component SSR]
    ./components/shared/features/index.ts [Client Component SSR]
    ./app/profile/edit/page.tsx [Client Component SSR]
    ./app/profile/edit/page.tsx [Server Component]


./app/admin/wallets/bank-accounts/page.tsx:490:6
Parsing ecmascript source code failed
[0m [90m 488 |[39m         [33m<[39m[33m/[39m[33mDialog[39m[33m>[39m
 [90m 489 |[39m       [33m<[39m[33m/[39m[33mdiv[39m[33m>[39m
[31m[1m>[22m[39m[90m 490 |[39m     [33m<[39m[33m/[39m[33mdiv[39m[33m>[39m
 [90m     |[39m      [31m[1m^[22m[39m[31m[1m^[22m[39m[31m[1m^[22m[39m[31m[1m^[22m[39m[31m[1m^[22m[39m
 [90m 491 |[39m   )[33m;[39m
 [90m 492 |[39m }
 [90m 493 |[39m[0m

Unterminated regexp literal


./components/domains/packages/OrderForm.tsx:88:7
Parsing ecmascript source code failed
[0m [90m 86 |[39m
 [90m 87 |[39m       logger[33m.[39mdebug([32m'Order submitted:'[39m[33m,[39m { servicePackageIdservicePackageid[33m,[39m dat
a[33m,[39m selectedServices[33m,[39m totalcalculateFees })[33m.[39mgrandTotal[33m,[39m
[31m[1m>[22m[39m[90m 88 |[39m       })[33m;[39m
 [90m    |[39m       [31m[1m^[22m[39m
 [90m 89 |[39m
 [90m 90 |[39m       onSubmit(data)[33m;[39m
 [90m 91 |[39m     } [36mcatch[39m (error) {[0m

Expression expected

Import traces:
  Client Component Browser:
    ./components/domains/packages/OrderForm.tsx [Client Component Browser]
    ./components/domains/packages/ServiceDetail.tsx [Client Component Browser]
    ./components/shared/features/index.ts [Client Component Browser]
    ./app/profile/edit/page.tsx [Client Component Browser]
    ./app/profile/edit/page.tsx [Server Component]

  Client Component SSR:
    ./components/domains/packages/OrderForm.tsx [Client Component SSR]
    ./components/domains/packages/ServiceDetail.tsx [Client Component SSR]
    ./components/shared/features/index.ts [Client Component SSR]
    ./app/profile/edit/page.tsx [Client Component SSR]
    ./app/profile/edit/page.tsx [Server Component]


./lib/core/store/domains/messaging/MessagingStore.ts:526:30
Parsing ecmascript source code failed
[0m [90m 524 |[39m             ) {
 [90m 525 |[39m               [36mif[39m (process[33m.[39menv[33m.[39m[33mNODE_ENV[39m [33m===[39m [32m'development'[39m)
 {
[31m[1m>[22m[39m[90m 526 |[39m                 logger[33m.[39mdebug([32m'[MessagingStore] Conversations endpoint not ready or 
not authenticated, { status, responsestatus });[39m
 [90m     |[39m                              [31m[1m^[22m[39m[31m[1m^[22m[39m[31m[1m^[22m[39m[31m[1m^[22m[39m[31m[1
m^[22m[39m[31m[1m^[22m[39m[31m[1m^[22m[39m[31m[1m^[22m[39m[31m[1m^[22m[39m[31m[1m^[22m[39m[31m[1m^[22m[39m[3
1m[1m^[22m[39m[31m[1m^[22m[39m[31m[1m^[22m[39m[31m[1m^[22m[39m[31m[1m^[22m[39m[31m[1m^[22m[39m[31m[1m^[22m[3
9m[31m[1m^[22m[39m[31m[1m^[22m[39m[31m[1m^[22m[39m[31m[1m^[22m[39m[31m[1m^[22m[39m[31m[1m^[22m[39m[31m[1m^[2
2m[39m[31m[1m^[22m[39m[31m[1m^[22m[39m[31m[1m^[22m[39m[31m[1m^[22m[39m[31m[1m^[22m[39m[31m[1m^[22m[39m[31m[1
m^[22m[39m[31m[1m^[22m[39m[31m[1m^[22m[39m[31m[1m^[22m[39m[31m[1m^[22m[39m[31m[1m^[22m[39m[31m[1m^[22m[39m[3
1m[1m^[22m[39m[31m[1m^[22m[39m[31m[1m^[22m[39m[31m[1m^[22m[39m[31m[1m^[22m[39m[31m[1m^[22m[39m[31m[1m^[22m[3
9m[31m[1m^[22m[39m[31m[1m^[22m[39m[31m[1m^[22m[39m[31m[1m^[22m[39m[31m[1m^[22m[39m[31m[1m^[22m[39m[31m[1m^[2
2m[39m[31m[1m^[22m[39m[31m[1m^[22m[39m[31m[1m^[22m[39m[31m[1m^[22m[39m[31m[1m^[22m[39m[31m[1m^[22m[39m[31m[1
m^[22m[39m[31m[1m^[22m[39m[31m[1m^[22m[39m[31m[1m^[22m[39m[31m[1m^[22m[39m[31m[1m^[22m[39m[31m[1m^[22m[39m[3
1m[1m^[22m[39m[31m[1m^[22m[39m[31m[1m^[22m[39m[31m[1m^[22m[39m[31m[1m^[22m[39m[31m[1m^[22m[39m[31m[1m^[22m[3
9m[31m[1m^[22m[39m[31m[1m^[22m[39m[31m[1m^[22m[39m[31m[1m^[22m[39m[31m[1m^[22m[39m[31m[1m^[22m[39m[31m[1m^[2
2m[39m[31m[1m^[22m[39m[31m[1m^[22m[39m[31m[1m^[22m[39m[31m[1m^[22m[39m[31m[1m^[22m[39m[31m[1m^[22m[39m[31m[1
m^[22m[39m[31m[1m^[22m[39m[31m[1m^[22m[39m[31m[1m^[22m[39m[31m[1m^[22m[39m[31m[1m^[22m[39m[31m[1m^[22m[39m[3
1m[1m^[22m[39m[31m[1m^[22m[39m[31m[1m^[22m[39m[31m[1m^[22m[39m[31m[1m^[22m[39m[31m[1m^[22m[39m[31m[1m^[22m[3
9m[31m[1m^[22m[39m[31m[1m^[22m[39m
 [90m 527 |[39m               }
 [90m 528 |[39m               [36mset[39m((state) [33m=>[39m {
 [90m 529 |[39m                 state[33m.[39mconversations [33m=[39m [][33m;[39m[0m

Unterminated string constant

Import traces:
  Client Component Browser:
    ./lib/core/store/domains/messaging/MessagingStore.ts [Client Component Browser]
    ./components/domains/messaging/MessagesList.tsx [Client Component Browser]
    ./app/messages/page.tsx [Client Component Browser]
    ./app/messages/page.tsx [Server Component]

  Client Component SSR:
    ./lib/core/store/domains/messaging/MessagingStore.ts [Client Component SSR]
    ./hooks/business/messaging/useReadReceipts.ts [Client Component SSR]
    ./hooks/business/messaging/index.ts [Client Component SSR]
    ./hooks/index.ts [Client Component SSR]
    ./components/domains/profile/PortfolioModal.tsx [Client Component SSR]
    ./components/domains/portfolio/index.ts [Client Component SSR]
    ./app/dashboard/portfolio/reorder/page.tsx [Client Component SSR]
    ./app/dashboard/portfolio/reorder/page.tsx [Server Component]


./lib/core/store/search.ts:317:11
Parsing ecmascript source code failed
[0m [90m 315 |[39m           [90m// In a real app, this would send to analytics service[39m
 [90m 316 |[39m           logger[33m.[39mdebug([32m'Search tracked'[39m[33m,[39m { query[33m,[39m resultCount[33m,[39m time
stampnewDate })[33m.[39mtoISOString()[33m,[39m
[31m[1m>[22m[39m[90m 317 |[39m           })[33m;[39m
 [90m     |[39m           [31m[1m^[22m[39m
 [90m 318 |[39m         }[33m,[39m
 [90m 319 |[39m
 [90m 320 |[39m         trackResultClick[33m:[39m (resultId[33m:[39m string) [33m=>[39m {[0m

Expression expected

Import traces:
  Client Component Browser:
    ./lib/core/store/search.ts [Client Component Browser]
    ./lib/core/store/index.ts [Client Component Browser]
    ./hooks/business/useJobDetail.ts [Client Component Browser]
    ./components/domains/jobs/JobDetail.tsx [Client Component Browser]
    ./app/marketplace/jobs/[id]/page.tsx [Client Component Browser]
    ./app/marketplace/jobs/[id]/page.tsx [Server Component]

  Client Component SSR:
    ./lib/core/store/search.ts [Client Component SSR]
    ./hooks/infrastructure/data/useUnifiedSearch.ts [Client Component SSR]
    ./hooks/index.ts [Client Component SSR]
    ./hooks/business/wallet/usePaymentMethods.ts [Client Component SSR]
    ./hooks/business/wallet/index.ts [Client Component SSR]
    ./components/domains/wallet/RecentTransactionsWidget.tsx [Client Component SSR]
    ./components/domains/wallet/RecentTransactionsWidget.tsx [Server Component]
    ./components/domains/wallet/index.ts [Server Component]
    ./app/dashboard/wallet/escrow/[orderId]/page.tsx [Server Component]


./lib/core/store/social.ts:166:9
Parsing ecmascript source code failed
[0m [90m 164 |[39m         [90m// In a real app, this would send to analytics[39m
 [90m 165 |[39m         logger[33m.[39mdebug([32m'Referral tracked'[39m[33m,[39m { data[33m,[39m timestampnewDate })[33m.[3
9mtoISOString()[33m,[39m
[31m[1m>[22m[39m[90m 166 |[39m         })[33m;[39m
 [90m     |[39m         [31m[1m^[22m[39m
 [90m 167 |[39m       }[33m,[39m
 [90m 168 |[39m
 [90m 169 |[39m       updateConfig[33m:[39m (newConfig[33m:[39m [33mPartial[39m[33m<[39m[33mSocialConfig[39m[33m>[39m) [
33m=>[39m {[0m

Expression expected

Import traces:
  Client Component SSR:
    ./lib/core/store/social.ts [Client Component SSR]
    ./lib/core/store/index.ts [Client Component SSR]
    ./hooks/infrastructure/integrations/useUnifiedLocation.ts [Client Component SSR]
    ./hooks/index.ts [Client Component SSR]
    ./app/support/help/categories/page.tsx [Client Component SSR]
    ./app/support/help/categories/page.tsx [Server Component]

  Client Component Browser:
    ./lib/core/store/social.ts [Client Component Browser]
    ./lib/core/store/index.ts [Client Component Browser]
    ./hooks/infrastructure/integrations/useUnifiedLocation.ts [Client Component Browser]
    ./hooks/index.ts [Client Component Browser]
    ./components/domains/support/unified/SearchResults.tsx [Client Component Browser]
    ./components/domains/support/index.ts [Client Component Browser]
    ./app/support/create/page.tsx [Client Component Browser]
    ./app/support/create/page.tsx [Server Component]


./lib/infrastructure/security/csrf.ts:81:68
Parsing ecmascript source code failed
[0m [90m 79 |[39m     token [33m=[39m generateCsrfToken()[33m;[39m
 [90m 80 |[39m     setCsrfTokenCookie(token)[33m;[39m
[31m[1m>[22m[39m[90m 81 |[39m     logger[33m.[39mdebug([32m'CSRF token generated'[39m[33m,[39m { tokentokensubstring0[33m,
[39m [35m8[39m }) [33m+[39m [32m'...'[39m[33m,[39m
 [90m    |[39m                                                                    [31m[1m^[22m[39m
 [90m 82 |[39m     })[33m;[39m
 [90m 83 |[39m   }
 [90m 84 |[39m[0m

Expected a semicolon

Import traces:
  App Route:
    ./lib/infrastructure/security/csrf.ts
    ./lib/infrastructure/api/client.ts
    ./lib/infrastructure/services/api/jobService.ts
    ./app/api/v1/jobs/route.ts

  Server Component:
    ./lib/infrastructure/security/csrf.ts
    ./lib/infrastructure/api/client.ts
    ./lib/api/blog.ts
    ./app/blog/page.tsx

  Client Component Browser:
    ./lib/infrastructure/security/csrf.ts [Client Component Browser]
    ./lib/infrastructure/api/client.ts [Client Component Browser]
    ./lib/api/search-analytics.ts [Client Component Browser]
    ./app/search/page.tsx [Client Component Browser]
    ./app/search/page.tsx [Server Component]

  Client Component SSR:
    ./lib/infrastructure/security/csrf.ts [Client Component SSR]
    ./lib/infrastructure/api/client.ts [Client Component SSR]
    ./lib/api/disputes.ts [Client Component SSR]
    ./app/admin/disputes/[id]/page.tsx [Client Component SSR]
    ./app/admin/disputes/[id]/page.tsx [Server Component]


./lib/infrastructure/security/xss-protection.tsx:256:82
Parsing ecmascript source code failed
[0m [90m 254 |[39m     [36mfor[39m ([36mconst[39m protocol [36mof[39m dangerousProtocols) {
 [90m 255 |[39m       [36mif[39m (lowerUrl[33m.[39mstartsWith(protocol)) {
[31m[1m>[22m[39m[90m 256 |[39m         logger[33m.[39mwarn([32m'Dangerous URL protocol blocked'[39m[33m,[39m { urltrimmedsu
bstring0[33m,[39m [35m50[39m })[33m,[39m
 [90m     |[39m                                                                                  [31m[1m^[22m[39m
 [90m 257 |[39m           protocol[33m,[39m
 [90m 258 |[39m         })[33m;[39m
 [90m 259 |[39m         [36mreturn[39m [32m''[39m[33m;[39m[0m

Expected a semicolon

Import traces:
  #1 [Client Component Browser]:
    ./lib/infrastructure/security/xss-protection.tsx [Client Component Browser]
    ./components/blog/SafeBlogContent.tsx [Client Component Browser]
    ./components/blog/SafeBlogContent.tsx [Server Component]
    ./app/blog/[slug]/page.tsx [Server Component]

  #2 [Client Component Browser]:
    ./lib/infrastructure/security/xss-protection.tsx [Client Component Browser]
    ./components/domains/support/help-center/ArticleViewer.tsx [Client Component Browser]
    ./components/domains/support/help-center/index.ts [Client Component Browser]
    ./components/domains/support/index.ts [Client Component Browser]
    ./app/support/ticket/[id]/page.tsx [Client Component Browser]
    ./app/support/ticket/[id]/page.tsx [Server Component]

  #3 [Client Component SSR]:
    ./lib/infrastructure/security/xss-protection.tsx [Client Component SSR]
    ./components/domains/support/help-center/ArticleViewer.tsx [Client Component SSR]
    ./components/domains/support/help-center/index.ts [Client Component SSR]
    ./components/domains/support/index.ts [Client Component SSR]
    ./app/support/page.tsx [Client Component SSR]
    ./app/support/page.tsx [Server Component]


./middleware.ts:160:19
Parsing ecmascript source code failed
[0m [90m 158 |[39m     [36mconst[39m normalizedRole [33m=[39m userRole[33m?[39m[33m.[39mtoUpperCase()[33m;[39m
 [90m 159 |[39m     [36mif[39m (normalizedRole [33m!==[39m [32m'MODERATOR'[39m [33m&&[39m normalizedRole [33m!==[39m [32m'
ADMIN'[39m) {
[31m[1m>[22m[39m[90m 160 |[39m       logger[33m.[39minfo([32m'[Middleware] User is not moderator or admin, { redirectingtodash
board, userRole });[39m
 [90m     |[39m                   [31m[1m^[22m[39m[31m[1m^[22m[39m[31m[1m^[22m[39m[31m[1m^[22m[39m[31m[1m^[22m[39
m[31m[1m^[22m[39m[31m[1m^[22m[39m[31m[1m^[22m[39m[31m[1m^[22m[39m[31m[1m^[22m[39m[31m[1m^[22m[39m[31m[1m^[22
m[39m[31m[1m^[22m[39m[31m[1m^[22m[39m[31m[1m^[22m[39m[31m[1m^[22m[39m[31m[1m^[22m[39m[31m[1m^[22m[39m[31m[1m
^[22m[39m[31m[1m^[22m[39m[31m[1m^[22m[39m[31m[1m^[22m[39m[31m[1m^[22m[39m[31m[1m^[22m[39m[31m[1m^[22m[39m[31
m[1m^[22m[39m[31m[1m^[22m[39m[31m[1m^[22m[39m[31m[1m^[22m[39m[31m[1m^[22m[39m[31m[1m^[22m[39m[31m[1m^[22m[39
m[31m[1m^[22m[39m[31m[1m^[22m[39m[31m[1m^[22m[39m[31m[1m^[22m[39m[31m[1m^[22m[39m[31m[1m^[22m[39m[31m[1m^[22
m[39m[31m[1m^[22m[39m[31m[1m^[22m[39m[31m[1m^[22m[39m[31m[1m^[22m[39m[31m[1m^[22m[39m[31m[1m^[22m[39m[31m[1m
^[22m[39m[31m[1m^[22m[39m[31m[1m^[22m[39m[31m[1m^[22m[39m[31m[1m^[22m[39m[31m[1m^[22m[39m[31m[1m^[22m[39m[31
m[1m^[22m[39m[31m[1m^[22m[39m[31m[1m^[22m[39m[31m[1m^[22m[39m[31m[1m^[22m[39m[31m[1m^[22m[39m[31m[1m^[22m[39
m[31m[1m^[22m[39m[31m[1m^[22m[39m[31m[1m^[22m[39m[31m[1m^[22m[39m[31m[1m^[22m[39m[31m[1m^[22m[39m[31m[1m^[22
m[39m[31m[1m^[22m[39m[31m[1m^[22m[39m[31m[1m^[22m[39m[31m[1m^[22m[39m[31m[1m^[22m[39m[31m[1m^[22m[39m[31m[1m
^[22m[39m[31m[1m^[22m[39m[31m[1m^[22m[39m[31m[1m^[22m[39m[31m[1m^[22m[39m[31m[1m^[22m[39m[31m[1m^[22m[39m[31
m[1m^[22m[39m[31m[1m^[22m[39m[31m[1m^[22m[39m[31m[1m^[22m[39m[31m[1m^[22m[39m
 [90m 161 |[39m       [36mreturn[39m [33mNextResponse[39m[33m.[39mredirect([36mnew[39m [33mURL[39m([32m'/dashboard'[39m[
33m,[39m request[33m.[39murl))[33m;[39m
 [90m 162 |[39m     }
 [90m 163 |[39m[0m

Unterminated string constant


./lib/domains/notification/index.ts:13:1
Module not found: Can't resolve '../../core/store/notification'
[0m [90m 11 |[39m
 [90m 12 |[39m [90m// Store (main export)[39m
[31m[1m>[22m[39m[90m 13 |[39m [36mexport[39m { useNotificationStore } [36mfrom[39m [32m'../../core/store/notification'[39m
[33m;[39m
 [90m    |[39m [31m[1m^[22m[39m[31m[1m^[22m[39m[31m[1m^[22m[39m[31m[1m^[22m[39m[31m[1m^[22m[39m[31m[1m^[22m[3
9m[31m[1m^[22m[39m[31m[1m^[22m[39m[31m[1m^[22m[39m[31m[1m^[22m[39m[31m[1m^[22m[39m[31m[1m^[22m[39m[31m[1m^[2
2m[39m[31m[1m^[22m[39m[31m[1m^[22m[39m[31m[1m^[22m[39m[31m[1m^[22m[39m[31m[1m^[22m[39m[31m[1m^[22m[39m[31m[1
m^[22m[39m[31m[1m^[22m[39m[31m[1m^[22m[39m[31m[1m^[22m[39m[31m[1m^[22m[39m[31m[1m^[22m[39m[31m[1m^[22m[39m[3
1m[1m^[22m[39m[31m[1m^[22m[39m[31m[1m^[22m[39m[31m[1m^[22m[39m[31m[1m^[22m[39m[31m[1m^[22m[39m[31m[1m^[22m[3
9m[31m[1m^[22m[39m[31m[1m^[22m[39m[31m[1m^[22m[39m[31m[1m^[22m[39m[31m[1m^[22m[39m[31m[1m^[22m[39m[31m[1m^[2
2m[39m[31m[1m^[22m[39m[31m[1m^[22m[39m[31m[1m^[22m[39m[31m[1m^[22m[39m[31m[1m^[22m[39m[31m[1m^[22m[39m[31m[1
m^[22m[39m[31m[1m^[22m[39m[31m[1m^[22m[39m[31m[1m^[22m[39m[31m[1m^[22m[39m[31m[1m^[22m[39m[31m[1m^[22m[39m[3
1m[1m^[22m[39m[31m[1m^[22m[39m[31m[1m^[22m[39m[31m[1m^[22m[39m[31m[1m^[22m[39m[31m[1m^[22m[39m[31m[1m^[22m[3
9m[31m[1m^[22m[39m[31m[1m^[22m[39m[31m[1m^[22m[39m[31m[1m^[22m[39m[31m[1m^[22m[39m[31m[1m^[22m[39m[31m[1m^[2
2m[39m[31m[1m^[22m[39m[31m[1m^[22m[39m
 [90m 14 |[39m[0m



Import traces:
  Client Component Browser:
    ./lib/domains/notification/index.ts [Client Component Browser]
    ./lib/index.ts [Client Component Browser]
    ./components/forms/CheckoutModal.tsx [Client Component Browser]
    ./components/forms/index.ts [Client Component Browser]
    ./app/marketplace/jobs/create/page.tsx [Client Component Browser]
    ./app/marketplace/jobs/create/page.tsx [Server Component]

  Client Component SSR:
    ./lib/domains/notification/index.ts [Client Component SSR]
    ./lib/index.ts [Client Component SSR]
    ./components/forms/CheckoutModal.tsx [Client Component SSR]
    ./components/forms/index.ts [Client Component SSR]
    ./app/marketplace/jobs/create/page.tsx [Client Component SSR]
    ./app/marketplace/jobs/create/page.tsx [Server Component]

https://nextjs.org/docs/messages/module-not-found


./components/domains/wallet/TransactionDisplay/Filters.tsx:15:1
Module not found: Can't resolve '../utils/transactionHelpers'
[0m [90m 13 |[39m [36mimport[39m [33mButton[39m [36mfrom[39m [32m'@/components/ui/UnifiedButton'[39m[33m;[39m
 [90m 14 |[39m [36mimport[39m type { [33mTransactionFilters[39m } [36mfrom[39m [32m'@/types/business/features/wallet'[39m[33
m;[39m
[31m[1m>[22m[39m[90m 15 |[39m [36mimport[39m { [33mTRANSACTION_TYPE_LABELS[39m } [36mfrom[39m [32m'../utils/transactionHel
pers'[39m[33m;[39m
 [90m    |[39m [31m[1m^[22m[39m[31m[1m^[22m[39m[31m[1m^[22m[39m[31m[1m^[22m[39m[31m[1m^[22m[39m[31m[1m^[22m[3
9m[31m[1m^[22m[39m[31m[1m^[22m[39m[31m[1m^[22m[39m[31m[1m^[22m[39m[31m[1m^[22m[39m[31m[1m^[22m[39m[31m[1m^[2
2m[39m[31m[1m^[22m[39m[31m[1m^[22m[39m[31m[1m^[22m[39m[31m[1m^[22m[39m[31m[1m^[22m[39m[31m[1m^[22m[39m[31m[1
m^[22m[39m[31m[1m^[22m[39m[31m[1m^[22m[39m[31m[1m^[22m[39m[31m[1m^[22m[39m[31m[1m^[22m[39m[31m[1m^[22m[39m[3
1m[1m^[22m[39m[31m[1m^[22m[39m[31m[1m^[22m[39m[31m[1m^[22m[39m[31m[1m^[22m[39m[31m[1m^[22m[39m[31m[1m^[22m[3
9m[31m[1m^[22m[39m[31m[1m^[22m[39m[31m[1m^[22m[39m[31m[1m^[22m[39m[31m[1m^[22m[39m[31m[1m^[22m[39m[31m[1m^[2
2m[39m[31m[1m^[22m[39m[31m[1m^[22m[39m[31m[1m^[22m[39m[31m[1m^[22m[39m[31m[1m^[22m[39m[31m[1m^[22m[39m[31m[1
m^[22m[39m[31m[1m^[22m[39m[31m[1m^[22m[39m[31m[1m^[22m[39m[31m[1m^[22m[39m[31m[1m^[22m[39m[31m[1m^[22m[39m[3
1m[1m^[22m[39m[31m[1m^[22m[39m[31m[1m^[22m[39m[31m[1m^[22m[39m[31m[1m^[22m[39m[31m[1m^[22m[39m[31m[1m^[22m[3
9m[31m[1m^[22m[39m[31m[1m^[22m[39m[31m[1m^[22m[39m[31m[1m^[22m[39m[31m[1m^[22m[39m[31m[1m^[22m[39m[31m[1m^[2
2m[39m[31m[1m^[22m[39m[31m[1m^[22m[39m[31m[1m^[22m[39m
 [90m 16 |[39m
 [90m 17 |[39m [36mexport[39m [36minterface[39m [33mTransactionFiltersProps[39m {
 [90m 18 |[39m   filters[33m:[39m [33mTransactionFilters[39m[33m;[39m[0m



Import traces:
  Client Component Browser:
    ./components/domains/wallet/TransactionDisplay/Filters.tsx [Client Component Browser]
    ./components/domains/wallet/TransactionDisplay/index.tsx [Client Component Browser]
    ./app/admin/users/[id]/wallet/page.tsx [Client Component Browser]
    ./app/admin/users/[id]/wallet/page.tsx [Server Component]

  Client Component SSR:
    ./components/domains/wallet/TransactionDisplay/Filters.tsx [Client Component SSR]
    ./components/domains/wallet/TransactionDisplay/index.tsx [Client Component SSR]
    ./app/admin/users/[id]/wallet/page.tsx [Client Component SSR]
    ./app/admin/users/[id]/wallet/page.tsx [Server Component]

https://nextjs.org/docs/messages/module-not-found


./components/shared/index.ts:17:1
Module not found: Can't resolve './CopyButton'
[0m [90m 15 |[39m
 [90m 16 |[39m [90m// Notification components[39m
[31m[1m>[22m[39m[90m 17 |[39m [36mexport[39m { [33mCopyButton[39m } [36mfrom[39m [32m'./CopyButton'[39m[33m;[39m
 [90m    |[39m [31m[1m^[22m[39m[31m[1m^[22m[39m[31m[1m^[22m[39m[31m[1m^[22m[39m[31m[1m^[22m[39m[31m[1m^[22m[3
9m[31m[1m^[22m[39m[31m[1m^[22m[39m[31m[1m^[22m[39m[31m[1m^[22m[39m[31m[1m^[22m[39m[31m[1m^[22m[39m[31m[1m^[2
2m[39m[31m[1m^[22m[39m[31m[1m^[22m[39m[31m[1m^[22m[39m[31m[1m^[22m[39m[31m[1m^[22m[39m[31m[1m^[22m[39m[31m[1
m^[22m[39m[31m[1m^[22m[39m[31m[1m^[22m[39m[31m[1m^[22m[39m[31m[1m^[22m[39m[31m[1m^[22m[39m[31m[1m^[22m[39m[3
1m[1m^[22m[39m[31m[1m^[22m[39m[31m[1m^[22m[39m[31m[1m^[22m[39m[31m[1m^[22m[39m[31m[1m^[22m[39m[31m[1m^[22m[3
9m[31m[1m^[22m[39m[31m[1m^[22m[39m[31m[1m^[22m[39m[31m[1m^[22m[39m[31m[1m^[22m[39m[31m[1m^[22m[39m[31m[1m^[2
2m[39m[31m[1m^[22m[39m[31m[1m^[22m[39m
 [90m 18 |[39m [36mexport[39m { [33mFooter[39m } [36mfrom[39m [32m'./Footer'[39m[33m;[39m
 [90m 19 |[39m [36mexport[39m { [33mHeader[39m } [36mfrom[39m [32m'./Header'[39m[33m;[39m
 [90m 20 |[39m [36mexport[39m { [33mHero[39m } [36mfrom[39m [32m'./Hero'[39m[33m;[39m[0m



Import traces:
  Client Component Browser:
    ./components/shared/index.ts [Client Component Browser]
    ./components/domains/profile/ProfileView.tsx [Client Component Browser]
    ./app/profile/[id]/page.tsx [Client Component Browser]
    ./app/profile/[id]/page.tsx [Server Component]

  Client Component SSR:
    ./components/shared/index.ts [Client Component SSR]
    ./components/domains/profile/ProfileView.tsx [Client Component SSR]
    ./app/profile/[id]/page.tsx [Client Component SSR]
    ./app/profile/[id]/page.tsx [Server Component]

https://nextjs.org/docs/messages/module-not-found


./components/domains/wallet/TransactionDisplay/index.tsx:37:1
Module not found: Can't resolve './ErrorBoundary'
[0m [90m 35 |[39m [36mimport[39m { [33mTransactionFilters[39m [36mas[39m [33mFilters[39m } [36mfrom[39m [32m'./Filters'[
39m[33m;[39m
 [90m 36 |[39m [36mimport[39m { [33mTransactionToolbar[39m } [36mfrom[39m [32m'./Toolbar'[39m[33m;[39m
[31m[1m>[22m[39m[90m 37 |[39m [36mimport[39m { [33mTransactionDisplayErrorBoundary[39m } [36mfrom[39m [32m'./ErrorBoundary
'[39m[33m;[39m
 [90m    |[39m [31m[1m^[22m[39m[31m[1m^[22m[39m[31m[1m^[22m[39m[31m[1m^[22m[39m[31m[1m^[22m[39m[31m[1m^[22m[3
9m[31m[1m^[22m[39m[31m[1m^[22m[39m[31m[1m^[22m[39m[31m[1m^[22m[39m[31m[1m^[22m[39m[31m[1m^[22m[39m[31m[1m^[2
2m[39m[31m[1m^[22m[39m[31m[1m^[22m[39m[31m[1m^[22m[39m[31m[1m^[22m[39m[31m[1m^[22m[39m[31m[1m^[22m[39m[31m[1
m^[22m[39m[31m[1m^[22m[39m[31m[1m^[22m[39m[31m[1m^[22m[39m[31m[1m^[22m[39m[31m[1m^[22m[39m[31m[1m^[22m[39m[3
1m[1m^[22m[39m[31m[1m^[22m[39m[31m[1m^[22m[39m[31m[1m^[22m[39m[31m[1m^[22m[39m[31m[1m^[22m[39m[31m[1m^[22m[3
9m[31m[1m^[22m[39m[31m[1m^[22m[39m[31m[1m^[22m[39m[31m[1m^[22m[39m[31m[1m^[22m[39m[31m[1m^[22m[39m[31m[1m^[2
2m[39m[31m[1m^[22m[39m[31m[1m^[22m[39m[31m[1m^[22m[39m[31m[1m^[22m[39m[31m[1m^[22m[39m[31m[1m^[22m[39m[31m[1
m^[22m[39m[31m[1m^[22m[39m[31m[1m^[22m[39m[31m[1m^[22m[39m[31m[1m^[22m[39m[31m[1m^[22m[39m[31m[1m^[22m[39m[3
1m[1m^[22m[39m[31m[1m^[22m[39m[31m[1m^[22m[39m[31m[1m^[22m[39m[31m[1m^[22m[39m[31m[1m^[22m[39m[31m[1m^[22m[3
9m[31m[1m^[22m[39m[31m[1m^[22m[39m[31m[1m^[22m[39m[31m[1m^[22m[39m[31m[1m^[22m[39m[31m[1m^[22m[39m
 [90m 38 |[39m
 [90m 39 |[39m [90m// ================================================[39m
 [90m 40 |[39m [90m// TYPES[39m[0m



Import traces:
  Client Component Browser:
    ./components/domains/wallet/TransactionDisplay/index.tsx [Client Component Browser]
    ./app/admin/users/[id]/wallet/page.tsx [Client Component Browser]
    ./app/admin/users/[id]/wallet/page.tsx [Server Component]

  Client Component SSR:
    ./components/domains/wallet/TransactionDisplay/index.tsx [Client Component SSR]
    ./app/admin/users/[id]/wallet/page.tsx [Client Component SSR]
    ./app/admin/users/[id]/wallet/page.tsx [Server Component]

https://nextjs.org/docs/messages/module-not-found


./components/domains/wallet/TransactionDisplay/index.tsx:288:1
Module not found: Can't resolve './ErrorBoundary'
[0m [90m 286 |[39m [36mexport[39m { [33mTransactionFilters[39m } [36mfrom[39m [32m'./Filters'[39m[33m;[39m
 [90m 287 |[39m [36mexport[39m { [33mTransactionToolbar[39m } [36mfrom[39m [32m'./Toolbar'[39m[33m;[39m
[31m[1m>[22m[39m[90m 288 |[39m [36mexport[39m { [33mTransactionDisplayErrorBoundary[39m } [36mfrom[39m [32m'./ErrorBoundar
y'[39m[33m;[39m
 [90m     |[39m [31m[1m^[22m[39m[31m[1m^[22m[39m[31m[1m^[22m[39m[31m[1m^[22m[39m[31m[1m^[22m[39m[31m[1m^[22m[
39m[31m[1m^[22m[39m[31m[1m^[22m[39m[31m[1m^[22m[39m[31m[1m^[22m[39m[31m[1m^[22m[39m[31m[1m^[22m[39m[31m[1m^[
22m[39m[31m[1m^[22m[39m[31m[1m^[22m[39m[31m[1m^[22m[39m[31m[1m^[22m[39m[31m[1m^[22m[39m[31m[1m^[22m[39m[31m[
1m^[22m[39m[31m[1m^[22m[39m[31m[1m^[22m[39m[31m[1m^[22m[39m[31m[1m^[22m[39m[31m[1m^[22m[39m[31m[1m^[22m[39m[
31m[1m^[22m[39m[31m[1m^[22m[39m[31m[1m^[22m[39m[31m[1m^[22m[39m[31m[1m^[22m[39m[31m[1m^[22m[39m[31m[1m^[22m[
39m[31m[1m^[22m[39m[31m[1m^[22m[39m[31m[1m^[22m[39m[31m[1m^[22m[39m[31m[1m^[22m[39m[31m[1m^[22m[39m[31m[1m^[
22m[39m[31m[1m^[22m[39m[31m[1m^[22m[39m[31m[1m^[22m[39m[31m[1m^[22m[39m[31m[1m^[22m[39m[31m[1m^[22m[39m[31m[
1m^[22m[39m[31m[1m^[22m[39m[31m[1m^[22m[39m[31m[1m^[22m[39m[31m[1m^[22m[39m[31m[1m^[22m[39m[31m[1m^[22m[39m[
31m[1m^[22m[39m[31m[1m^[22m[39m[31m[1m^[22m[39m[31m[1m^[22m[39m[31m[1m^[22m[39m[31m[1m^[22m[39m[31m[1m^[22m[
39m[31m[1m^[22m[39m[31m[1m^[22m[39m[31m[1m^[22m[39m[31m[1m^[22m[39m[31m[1m^[22m[39m[31m[1m^[22m[39m
 [90m 289 |[39m
 [90m 290 |[39m [90m// Re-export types[39m
 [90m 291 |[39m [36mexport[39m type {[0m



Import traces:
  Client Component Browser:
    ./components/domains/wallet/TransactionDisplay/index.tsx [Client Component Browser]
    ./app/admin/users/[id]/wallet/page.tsx [Client Component Browser]
    ./app/admin/users/[id]/wallet/page.tsx [Server Component]

  Client Component SSR:
    ./components/domains/wallet/TransactionDisplay/index.tsx [Client Component SSR]
    ./app/admin/users/[id]/wallet/page.tsx [Client Component SSR]
    ./app/admin/users/[id]/wallet/page.tsx [Server Component]

https://nextjs.org/docs/messages/module-not-found


./components/shared/index.ts:31:1
Module not found: Can't resolve './ErrorMessage'
[0m [90m 29 |[39m [36mexport[39m { [33mTag[39m } [36mfrom[39m [32m'./Tag'[39m[33m;[39m
 [90m 30 |[39m [36mexport[39m { [33mTagCloud[39m } [36mfrom[39m [32m'./TagCloud'[39m[33m;[39m
[31m[1m>[22m[39m[90m 31 |[39m [36mexport[39m { [33mErrorMessage[39m } [36mfrom[39m [32m'./ErrorMessage'[39m[33m;[39m
 [90m    |[39m [31m[1m^[22m[39m[31m[1m^[22m[39m[31m[1m^[22m[39m[31m[1m^[22m[39m[31m[1m^[22m[39m[31m[1m^[22m[3
9m[31m[1m^[22m[39m[31m[1m^[22m[39m[31m[1m^[22m[39m[31m[1m^[22m[39m[31m[1m^[22m[39m[31m[1m^[22m[39m[31m[1m^[2
2m[39m[31m[1m^[22m[39m[31m[1m^[22m[39m[31m[1m^[22m[39m[31m[1m^[22m[39m[31m[1m^[22m[39m[31m[1m^[22m[39m[31m[1
m^[22m[39m[31m[1m^[22m[39m[31m[1m^[22m[39m[31m[1m^[22m[39m[31m[1m^[22m[39m[31m[1m^[22m[39m[31m[1m^[22m[39m[3
1m[1m^[22m[39m[31m[1m^[22m[39m[31m[1m^[22m[39m[31m[1m^[22m[39m[31m[1m^[22m[39m[31m[1m^[22m[39m[31m[1m^[22m[3
9m[31m[1m^[22m[39m[31m[1m^[22m[39m[31m[1m^[22m[39m[31m[1m^[22m[39m[31m[1m^[22m[39m[31m[1m^[22m[39m[31m[1m^[2
2m[39m[31m[1m^[22m[39m[31m[1m^[22m[39m[31m[1m^[22m[39m[31m[1m^[22m[39m[31m[1m^[22m[39m[31m[1m^[22m[39m
 [90m 32 |[39m [36mexport[39m { [33mNotificationBadge[39m } [36mfrom[39m [32m'./NotificationBadge'[39m[33m;[39m
 [90m 33 |[39m [36mexport[39m { [33mNotificationFilter[39m } [36mfrom[39m [32m'./NotificationFilter'[39m[33m;[39m
 [90m 34 |[39m[0m



Import traces:
  Client Component Browser:
    ./components/shared/index.ts [Client Component Browser]
    ./components/domains/profile/ProfileView.tsx [Client Component Browser]
    ./app/profile/[id]/page.tsx [Client Component Browser]
    ./app/profile/[id]/page.tsx [Server Component]

  Client Component SSR:
    ./components/shared/index.ts [Client Component SSR]
    ./components/domains/profile/ProfileView.tsx [Client Component SSR]
    ./app/profile/[id]/page.tsx [Client Component SSR]
    ./app/profile/[id]/page.tsx [Server Component]

https://nextjs.org/docs/messages/module-not-found


./components/shared/index.ts:18:1
Module not found: Can't resolve './Footer'
[0m [90m 16 |[39m [90m// Notification components[39m
 [90m 17 |[39m [36mexport[39m { [33mCopyButton[39m } [36mfrom[39m [32m'./CopyButton'[39m[33m;[39m
[31m[1m>[22m[39m[90m 18 |[39m [36mexport[39m { [33mFooter[39m } [36mfrom[39m [32m'./Footer'[39m[33m;[39m
 [90m    |[39m [31m[1m^[22m[39m[31m[1m^[22m[39m[31m[1m^[22m[39m[31m[1m^[22m[39m[31m[1m^[22m[39m[31m[1m^[22m[3
9m[31m[1m^[22m[39m[31m[1m^[22m[39m[31m[1m^[22m[39m[31m[1m^[22m[39m[31m[1m^[22m[39m[31m[1m^[22m[39m[31m[1m^[2
2m[39m[31m[1m^[22m[39m[31m[1m^[22m[39m[31m[1m^[22m[39m[31m[1m^[22m[39m[31m[1m^[22m[39m[31m[1m^[22m[39m[31m[1
m^[22m[39m[31m[1m^[22m[39m[31m[1m^[22m[39m[31m[1m^[22m[39m[31m[1m^[22m[39m[31m[1m^[22m[39m[31m[1m^[22m[39m[3
1m[1m^[22m[39m[31m[1m^[22m[39m[31m[1m^[22m[39m[31m[1m^[22m[39m[31m[1m^[22m[39m[31m[1m^[22m[39m[31m[1m^[22m[3
9m[31m[1m^[22m[39m
 [90m 19 |[39m [36mexport[39m { [33mHeader[39m } [36mfrom[39m [32m'./Header'[39m[33m;[39m
 [90m 20 |[39m [36mexport[39m { [33mHero[39m } [36mfrom[39m [32m'./Hero'[39m[33m;[39m
 [90m 21 |[39m [36mexport[39m { [33mLoadingSpinner[39m } [36mfrom[39m [32m'./LoadingSpinner'[39m[33m;[39m[0m



Import traces:
  Client Component Browser:
    ./components/shared/index.ts [Client Component Browser]
    ./components/domains/profile/ProfileView.tsx [Client Component Browser]
    ./app/profile/[id]/page.tsx [Client Component Browser]
    ./app/profile/[id]/page.tsx [Server Component]

  Client Component SSR:
    ./components/shared/index.ts [Client Component SSR]
    ./components/domains/profile/ProfileView.tsx [Client Component SSR]
    ./app/profile/[id]/page.tsx [Client Component SSR]
    ./app/profile/[id]/page.tsx [Server Component]

https://nextjs.org/docs/messages/module-not-found


./components/shared/index.ts:19:1
Module not found: Can't resolve './Header'
[0m [90m 17 |[39m [36mexport[39m { [33mCopyButton[39m } [36mfrom[39m [32m'./CopyButton'[39m[33m;[39m
 [90m 18 |[39m [36mexport[39m { [33mFooter[39m } [36mfrom[39m [32m'./Footer'[39m[33m;[39m
[31m[1m>[22m[39m[90m 19 |[39m [36mexport[39m { [33mHeader[39m } [36mfrom[39m [32m'./Header'[39m[33m;[39m
 [90m    |[39m [31m[1m^[22m[39m[31m[1m^[22m[39m[31m[1m^[22m[39m[31m[1m^[22m[39m[31m[1m^[22m[39m[31m[1m^[22m[3
9m[31m[1m^[22m[39m[31m[1m^[22m[39m[31m[1m^[22m[39m[31m[1m^[22m[39m[31m[1m^[22m[39m[31m[1m^[22m[39m[31m[1m^[2
2m[39m[31m[1m^[22m[39m[31m[1m^[22m[39m[31m[1m^[22m[39m[31m[1m^[22m[39m[31m[1m^[22m[39m[31m[1m^[22m[39m[31m[1
m^[22m[39m[31m[1m^[22m[39m[31m[1m^[22m[39m[31m[1m^[22m[39m[31m[1m^[22m[39m[31m[1m^[22m[39m[31m[1m^[22m[39m[3
1m[1m^[22m[39m[31m[1m^[22m[39m[31m[1m^[22m[39m[31m[1m^[22m[39m[31m[1m^[22m[39m[31m[1m^[22m[39m[31m[1m^[22m[3
9m[31m[1m^[22m[39m
 [90m 20 |[39m [36mexport[39m { [33mHero[39m } [36mfrom[39m [32m'./Hero'[39m[33m;[39m
 [90m 21 |[39m [36mexport[39m { [33mLoadingSpinner[39m } [36mfrom[39m [32m'./LoadingSpinner'[39m[33m;[39m
 [90m 22 |[39m [36mexport[39m { [33mNavbar[39m } [36mfrom[39m [32m'./Navbar'[39m[33m;[39m[0m



Import traces:
  Client Component Browser:
    ./components/shared/index.ts [Client Component Browser]
    ./components/domains/profile/ProfileView.tsx [Client Component Browser]
    ./app/profile/[id]/page.tsx [Client Component Browser]
    ./app/profile/[id]/page.tsx [Server Component]

  Client Component SSR:
    ./components/shared/index.ts [Client Component SSR]
    ./components/domains/profile/ProfileView.tsx [Client Component SSR]
    ./app/profile/[id]/page.tsx [Client Component SSR]
    ./app/profile/[id]/page.tsx [Server Component]

https://nextjs.org/docs/messages/module-not-found


./components/shared/index.ts:20:1
Module not found: Can't resolve './Hero'
[0m [90m 18 |[39m [36mexport[39m { [33mFooter[39m } [36mfrom[39m [32m'./Footer'[39m[33m;[39m
 [90m 19 |[39m [36mexport[39m { [33mHeader[39m } [36mfrom[39m [32m'./Header'[39m[33m;[39m
[31m[1m>[22m[39m[90m 20 |[39m [36mexport[39m { [33mHero[39m } [36mfrom[39m [32m'./Hero'[39m[33m;[39m
 [90m    |[39m [31m[1m^[22m[39m[31m[1m^[22m[39m[31m[1m^[22m[39m[31m[1m^[22m[39m[31m[1m^[22m[39m[31m[1m^[22m[3
9m[31m[1m^[22m[39m[31m[1m^[22m[39m[31m[1m^[22m[39m[31m[1m^[22m[39m[31m[1m^[22m[39m[31m[1m^[22m[39m[31m[1m^[2
2m[39m[31m[1m^[22m[39m[31m[1m^[22m[39m[31m[1m^[22m[39m[31m[1m^[22m[39m[31m[1m^[22m[39m[31m[1m^[22m[39m[31m[1
m^[22m[39m[31m[1m^[22m[39m[31m[1m^[22m[39m[31m[1m^[22m[39m[31m[1m^[22m[39m[31m[1m^[22m[39m[31m[1m^[22m[39m[3
1m[1m^[22m[39m[31m[1m^[22m[39m[31m[1m^[22m[39m[31m[1m^[22m[39m
 [90m 21 |[39m [36mexport[39m { [33mLoadingSpinner[39m } [36mfrom[39m [32m'./LoadingSpinner'[39m[33m;[39m
 [90m 22 |[39m [36mexport[39m { [33mNavbar[39m } [36mfrom[39m [32m'./Navbar'[39m[33m;[39m
 [90m 23 |[39m [36mexport[39m { [33mNotificationBanner[39m } [36mfrom[39m [32m'./NotificationBanner'[39m[33m;[39m[0m



Import traces:
  Client Component Browser:
    ./components/shared/index.ts [Client Component Browser]
    ./components/domains/profile/ProfileView.tsx [Client Component Browser]
    ./app/profile/[id]/page.tsx [Client Component Browser]
    ./app/profile/[id]/page.tsx [Server Component]

  Client Component SSR:
    ./components/shared/index.ts [Client Component SSR]
    ./components/domains/profile/ProfileView.tsx [Client Component SSR]
    ./app/profile/[id]/page.tsx [Client Component SSR]
    ./app/profile/[id]/page.tsx [Server Component]

https://nextjs.org/docs/messages/module-not-found


./components/shared/index.ts:21:1
Module not found: Can't resolve './LoadingSpinner'
[0m [90m 19 |[39m [36mexport[39m { [33mHeader[39m } [36mfrom[39m [32m'./Header'[39m[33m;[39m
 [90m 20 |[39m [36mexport[39m { [33mHero[39m } [36mfrom[39m [32m'./Hero'[39m[33m;[39m
[31m[1m>[22m[39m[90m 21 |[39m [36mexport[39m { [33mLoadingSpinner[39m } [36mfrom[39m [32m'./LoadingSpinner'[39m[33m;[39
m
 [90m    |[39m [31m[1m^[22m[39m[31m[1m^[22m[39m[31m[1m^[22m[39m[31m[1m^[22m[39m[31m[1m^[22m[39m[31m[1m^[22m[3
9m[31m[1m^[22m[39m[31m[1m^[22m[39m[31m[1m^[22m[39m[31m[1m^[22m[39m[31m[1m^[22m[39m[31m[1m^[22m[39m[31m[1m^[2
2m[39m[31m[1m^[22m[39m[31m[1m^[22m[39m[31m[1m^[22m[39m[31m[1m^[22m[39m[31m[1m^[22m[39m[31m[1m^[22m[39m[31m[1
m^[22m[39m[31m[1m^[22m[39m[31m[1m^[22m[39m[31m[1m^[22m[39m[31m[1m^[22m[39m[31m[1m^[22m[39m[31m[1m^[22m[39m[3
1m[1m^[22m[39m[31m[1m^[22m[39m[31m[1m^[22m[39m[31m[1m^[22m[39m[31m[1m^[22m[39m[31m[1m^[22m[39m[31m[1m^[22m[3
9m[31m[1m^[22m[39m[31m[1m^[22m[39m[31m[1m^[22m[39m[31m[1m^[22m[39m[31m[1m^[22m[39m[31m[1m^[22m[39m[31m[1m^[2
2m[39m[31m[1m^[22m[39m[31m[1m^[22m[39m[31m[1m^[22m[39m[31m[1m^[22m[39m[31m[1m^[22m[39m[31m[1m^[22m[39m[31m[1
m^[22m[39m[31m[1m^[22m[39m[31m[1m^[22m[39m[31m[1m^[22m[39m
 [90m 22 |[39m [36mexport[39m { [33mNavbar[39m } [36mfrom[39m [32m'./Navbar'[39m[33m;[39m
 [90m 23 |[39m [36mexport[39m { [33mNotificationBanner[39m } [36mfrom[39m [32m'./NotificationBanner'[39m[33m;[39m
 [90m 24 |[39m [36mexport[39m { [33mPagination[39m } [36mfrom[39m [32m'./Pagination'[39m[33m;[39m[0m



Import traces:
  Client Component Browser:
    ./components/shared/index.ts [Client Component Browser]
    ./components/domains/profile/ProfileView.tsx [Client Component Browser]
    ./app/profile/[id]/page.tsx [Client Component Browser]
    ./app/profile/[id]/page.tsx [Server Component]

  Client Component SSR:
    ./components/shared/index.ts [Client Component SSR]
    ./components/domains/profile/ProfileView.tsx [Client Component SSR]
    ./app/profile/[id]/page.tsx [Client Component SSR]
    ./app/profile/[id]/page.tsx [Server Component]

https://nextjs.org/docs/messages/module-not-found


./components/shared/index.ts:22:1
Module not found: Can't resolve './Navbar'
[0m [90m 20 |[39m [36mexport[39m { [33mHero[39m } [36mfrom[39m [32m'./Hero'[39m[33m;[39m
 [90m 21 |[39m [36mexport[39m { [33mLoadingSpinner[39m } [36mfrom[39m [32m'./LoadingSpinner'[39m[33m;[39m
[31m[1m>[22m[39m[90m 22 |[39m [36mexport[39m { [33mNavbar[39m } [36mfrom[39m [32m'./Navbar'[39m[33m;[39m
 [90m    |[39m [31m[1m^[22m[39m[31m[1m^[22m[39m[31m[1m^[22m[39m[31m[1m^[22m[39m[31m[1m^[22m[39m[31m[1m^[22m[3
9m[31m[1m^[22m[39m[31m[1m^[22m[39m[31m[1m^[22m[39m[31m[1m^[22m[39m[31m[1m^[22m[39m[31m[1m^[22m[39m[31m[1m^[2
2m[39m[31m[1m^[22m[39m[31m[1m^[22m[39m[31m[1m^[22m[39m[31m[1m^[22m[39m[31m[1m^[22m[39m[31m[1m^[22m[39m[31m[1
m^[22m[39m[31m[1m^[22m[39m[31m[1m^[22m[39m[31m[1m^[22m[39m[31m[1m^[22m[39m[31m[1m^[22m[39m[31m[1m^[22m[39m[3
1m[1m^[22m[39m[31m[1m^[22m[39m[31m[1m^[22m[39m[31m[1m^[22m[39m[31m[1m^[22m[39m[31m[1m^[22m[39m[31m[1m^[22m[3
9m[31m[1m^[22m[39m
 [90m 23 |[39m [36mexport[39m { [33mNotificationBanner[39m } [36mfrom[39m [32m'./NotificationBanner'[39m[33m;[39m
 [90m 24 |[39m [36mexport[39m { [33mPagination[39m } [36mfrom[39m [32m'./Pagination'[39m[33m;[39m
 [90m 25 |[39m [36mexport[39m { [33mSearchBar[39m } [36mfrom[39m [32m'./SearchBar'[39m[33m;[39m[0m



Import traces:
  Client Component Browser:
    ./components/shared/index.ts [Client Component Browser]
    ./components/domains/profile/ProfileView.tsx [Client Component Browser]
    ./app/profile/[id]/page.tsx [Client Component Browser]
    ./app/profile/[id]/page.tsx [Server Component]

  Client Component SSR:
    ./components/shared/index.ts [Client Component SSR]
    ./components/domains/profile/ProfileView.tsx [Client Component SSR]
    ./app/profile/[id]/page.tsx [Client Component SSR]
    ./app/profile/[id]/page.tsx [Server Component]

https://nextjs.org/docs/messages/module-not-found


./components/shared/index.ts:23:1
Module not found: Can't resolve './NotificationBanner'
[0m [90m 21 |[39m [36mexport[39m { [33mLoadingSpinner[39m } [36mfrom[39m [32m'./LoadingSpinner'[39m[33m;[39m
 [90m 22 |[39m [36mexport[39m { [33mNavbar[39m } [36mfrom[39m [32m'./Navbar'[39m[33m;[39m
[31m[1m>[22m[39m[90m 23 |[39m [36mexport[39m { [33mNotificationBanner[39m } [36mfrom[39m [32m'./NotificationBanner'[39m[
33m;[39m
 [90m    |[39m [31m[1m^[22m[39m[31m[1m^[22m[39m[31m[1m^[22m[39m[31m[1m^[22m[39m[31m[1m^[22m[39m[31m[1m^[22m[3
9m[31m[1m^[22m[39m[31m[1m^[22m[39m[31m[1m^[22m[39m[31m[1m^[22m[39m[31m[1m^[22m[39m[31m[1m^[22m[39m[31m[1m^[2
2m[39m[31m[1m^[22m[39m[31m[1m^[22m[39m[31m[1m^[22m[39m[31m[1m^[22m[39m[31m[1m^[22m[39m[31m[1m^[22m[39m[31m[1
m^[22m[39m[31m[1m^[22m[39m[31m[1m^[22m[39m[31m[1m^[22m[39m[31m[1m^[22m[39m[31m[1m^[22m[39m[31m[1m^[22m[39m[3
1m[1m^[22m[39m[31m[1m^[22m[39m[31m[1m^[22m[39m[31m[1m^[22m[39m[31m[1m^[22m[39m[31m[1m^[22m[39m[31m[1m^[22m[3
9m[31m[1m^[22m[39m[31m[1m^[22m[39m[31m[1m^[22m[39m[31m[1m^[22m[39m[31m[1m^[22m[39m[31m[1m^[22m[39m[31m[1m^[2
2m[39m[31m[1m^[22m[39m[31m[1m^[22m[39m[31m[1m^[22m[39m[31m[1m^[22m[39m[31m[1m^[22m[39m[31m[1m^[22m[39m[31m[1
m^[22m[39m[31m[1m^[22m[39m[31m[1m^[22m[39m[31m[1m^[22m[39m[31m[1m^[22m[39m[31m[1m^[22m[39m[31m[1m^[22m[39m[3
1m[1m^[22m[39m[31m[1m^[22m[39m[31m[1m^[22m[39m[31m[1m^[22m[39m[31m[1m^[22m[39m
 [90m 24 |[39m [36mexport[39m { [33mPagination[39m } [36mfrom[39m [32m'./Pagination'[39m[33m;[39m
 [90m 25 |[39m [36mexport[39m { [33mSearchBar[39m } [36mfrom[39m [32m'./SearchBar'[39m[33m;[39m
 [90m 26 |[39m [36mexport[39m { [33mShareButton[39m } [36mfrom[39m [32m'./ShareButton'[39m[33m;[39m[0m



Import traces:
  Client Component Browser:
    ./components/shared/index.ts [Client Component Browser]
    ./components/domains/profile/ProfileView.tsx [Client Component Browser]
    ./app/profile/[id]/page.tsx [Client Component Browser]
    ./app/profile/[id]/page.tsx [Server Component]

  Client Component SSR:
    ./components/shared/index.ts [Client Component SSR]
    ./components/domains/profile/ProfileView.tsx [Client Component SSR]
    ./app/profile/[id]/page.tsx [Client Component SSR]
    ./app/profile/[id]/page.tsx [Server Component]

https://nextjs.org/docs/messages/module-not-found


./components/shared/index.ts:24:1
Module not found: Can't resolve './Pagination'
[0m [90m 22 |[39m [36mexport[39m { [33mNavbar[39m } [36mfrom[39m [32m'./Navbar'[39m[33m;[39m
 [90m 23 |[39m [36mexport[39m { [33mNotificationBanner[39m } [36mfrom[39m [32m'./NotificationBanner'[39m[33m;[39m
[31m[1m>[22m[39m[90m 24 |[39m [36mexport[39m { [33mPagination[39m } [36mfrom[39m [32m'./Pagination'[39m[33m;[39m
 [90m    |[39m [31m[1m^[22m[39m[31m[1m^[22m[39m[31m[1m^[22m[39m[31m[1m^[22m[39m[31m[1m^[22m[39m[31m[1m^[22m[3
9m[31m[1m^[22m[39m[31m[1m^[22m[39m[31m[1m^[22m[39m[31m[1m^[22m[39m[31m[1m^[22m[39m[31m[1m^[22m[39m[31m[1m^[2
2m[39m[31m[1m^[22m[39m[31m[1m^[22m[39m[31m[1m^[22m[39m[31m[1m^[22m[39m[31m[1m^[22m[39m[31m[1m^[22m[39m[31m[1
m^[22m[39m[31m[1m^[22m[39m[31m[1m^[22m[39m[31m[1m^[22m[39m[31m[1m^[22m[39m[31m[1m^[22m[39m[31m[1m^[22m[39m[3
1m[1m^[22m[39m[31m[1m^[22m[39m[31m[1m^[22m[39m[31m[1m^[22m[39m[31m[1m^[22m[39m[31m[1m^[22m[39m[31m[1m^[22m[3
9m[31m[1m^[22m[39m[31m[1m^[22m[39m[31m[1m^[22m[39m[31m[1m^[22m[39m[31m[1m^[22m[39m[31m[1m^[22m[39m[31m[1m^[2
2m[39m[31m[1m^[22m[39m[31m[1m^[22m[39m
 [90m 25 |[39m [36mexport[39m { [33mSearchBar[39m } [36mfrom[39m [32m'./SearchBar'[39m[33m;[39m
 [90m 26 |[39m [36mexport[39m { [33mShareButton[39m } [36mfrom[39m [32m'./ShareButton'[39m[33m;[39m
 [90m 27 |[39m [36mexport[39m { [33mSidebar[39m } [36mfrom[39m [32m'./Sidebar'[39m[33m;[39m[0m



Import traces:
  Client Component Browser:
    ./components/shared/index.ts [Client Component Browser]
    ./components/domains/profile/ProfileView.tsx [Client Component Browser]
    ./app/profile/[id]/page.tsx [Client Component Browser]
    ./app/profile/[id]/page.tsx [Server Component]

  Client Component SSR:
    ./components/shared/index.ts [Client Component SSR]
    ./components/domains/profile/ProfileView.tsx [Client Component SSR]
    ./app/profile/[id]/page.tsx [Client Component SSR]
    ./app/profile/[id]/page.tsx [Server Component]

https://nextjs.org/docs/messages/module-not-found


./components/shared/utilities/index.ts:7:1
Module not found: Can't resolve './Progress'
[0m [90m  5 |[39m
 [90m  6 |[39m [90m// Progress & Loading[39m
[31m[1m>[22m[39m[90m  7 |[39m [36mexport[39m { [33mProgress[39m } [36mfrom[39m [32m'./Progress'[39m[33m;[39m
 [90m    |[39m [31m[1m^[22m[39m[31m[1m^[22m[39m[31m[1m^[22m[39m[31m[1m^[22m[39m[31m[1m^[22m[39m[31m[1m^[22m[3
9m[31m[1m^[22m[39m[31m[1m^[22m[39m[31m[1m^[22m[39m[31m[1m^[22m[39m[31m[1m^[22m[39m[31m[1m^[22m[39m[31m[1m^[2
2m[39m[31m[1m^[22m[39m[31m[1m^[22m[39m[31m[1m^[22m[39m[31m[1m^[22m[39m[31m[1m^[22m[39m[31m[1m^[22m[39m[31m[1
m^[22m[39m[31m[1m^[22m[39m[31m[1m^[22m[39m[31m[1m^[22m[39m[31m[1m^[22m[39m[31m[1m^[22m[39m[31m[1m^[22m[39m[3
1m[1m^[22m[39m[31m[1m^[22m[39m[31m[1m^[22m[39m[31m[1m^[22m[39m[31m[1m^[22m[39m[31m[1m^[22m[39m[31m[1m^[22m[3
9m[31m[1m^[22m[39m[31m[1m^[22m[39m[31m[1m^[22m[39m[31m[1m^[22m[39m[31m[1m^[22m[39m
 [90m  8 |[39m
 [90m  9 |[39m [90m// Pull to Refresh[39m
 [90m 10 |[39m [36mexport[39m { [33mPullToRefresh[39m } [36mfrom[39m [32m'./PullToRefresh'[39m[33m;[39m[0m



Import traces:
  Client Component Browser:
    ./components/shared/utilities/index.ts [Client Component Browser]
    ./components/domains/marketplace/marketplace/MarketplacePage.tsx [Client Component Browser]
    ./app/marketplace/page.tsx [Client Component Browser]
    ./app/marketplace/page.tsx [Server Component]

  Client Component SSR:
    ./components/shared/utilities/index.ts [Client Component SSR]
    ./components/domains/marketplace/marketplace/MarketplacePage.tsx [Client Component SSR]
    ./app/marketplace/page.tsx [Client Component SSR]
    ./app/marketplace/page.tsx [Server Component]

https://nextjs.org/docs/messages/module-not-found


./components/domains/notifications/index.ts:26:1
Module not found: Can't resolve './PushNotificationToggle'
[0m [90m 24 |[39m [90m// Notification Settings[39m
 [90m 25 |[39m [36mexport[39m { [33mNotificationSettingsPanel[39m } [36mfrom[39m [32m'./NotificationSettings'[39m[33m;[39m
[31m[1m>[22m[39m[90m 26 |[39m [36mexport[39m { [33mPushNotificationToggle[39m } [36mfrom[39m [32m'./PushNotificationToggle
'[39m[33m;[39m
 [90m    |[39m [31m[1m^[22m[39m[31m[1m^[22m[39m[31m[1m^[22m[39m[31m[1m^[22m[39m[31m[1m^[22m[39m[31m[1m^[22m[3
9m[31m[1m^[22m[39m[31m[1m^[22m[39m[31m[1m^[22m[39m[31m[1m^[22m[39m[31m[1m^[22m[39m[31m[1m^[22m[39m[31m[1m^[2
2m[39m[31m[1m^[22m[39m[31m[1m^[22m[39m[31m[1m^[22m[39m[31m[1m^[22m[39m[31m[1m^[22m[39m[31m[1m^[22m[39m[31m[1
m^[22m[39m[31m[1m^[22m[39m[31m[1m^[22m[39m[31m[1m^[22m[39m[31m[1m^[22m[39m[31m[1m^[22m[39m[31m[1m^[22m[39m[3
1m[1m^[22m[39m[31m[1m^[22m[39m[31m[1m^[22m[39m[31m[1m^[22m[39m[31m[1m^[22m[39m[31m[1m^[22m[39m[31m[1m^[22m[3
9m[31m[1m^[22m[39m[31m[1m^[22m[39m[31m[1m^[22m[39m[31m[1m^[22m[39m[31m[1m^[22m[39m[31m[1m^[22m[39m[31m[1m^[2
2m[39m[31m[1m^[22m[39m[31m[1m^[22m[39m[31m[1m^[22m[39m[31m[1m^[22m[39m[31m[1m^[22m[39m[31m[1m^[22m[39m[31m[1
m^[22m[39m[31m[1m^[22m[39m[31m[1m^[22m[39m[31m[1m^[22m[39m[31m[1m^[22m[39m[31m[1m^[22m[39m[31m[1m^[22m[39m[3
1m[1m^[22m[39m[31m[1m^[22m[39m[31m[1m^[22m[39m[31m[1m^[22m[39m[31m[1m^[22m[39m[31m[1m^[22m[39m[31m[1m^[22m[3
9m[31m[1m^[22m[39m[31m[1m^[22m[39m[31m[1m^[22m[39m[31m[1m^[22m[39m[31m[1m^[22m[39m[31m[1m^[22m[39m
 [90m 27 |[39m[0m



Import traces:
  Server Component:
    ./components/domains/notifications/index.ts
    ./app/dashboard/notifications/page.tsx

  Client Component Browser:
    ./components/domains/notifications/index.ts [Client Component Browser]
    ./components/shared/LazyComponents.tsx [Client Component Browser]
    ./components/shared/index.ts [Client Component Browser]
    ./components/domains/profile/ProfileView.tsx [Client Component Browser]
    ./app/profile/[id]/page.tsx [Client Component Browser]
    ./app/profile/[id]/page.tsx [Server Component]

  Client Component SSR:
    ./components/domains/notifications/index.ts [Client Component SSR]
    ./components/shared/LazyComponents.tsx [Client Component SSR]
    ./components/shared/index.ts [Client Component SSR]
    ./components/domains/profile/ProfileView.tsx [Client Component SSR]
    ./app/profile/[id]/page.tsx [Client Component SSR]
    ./app/profile/[id]/page.tsx [Server Component]

https://nextjs.org/docs/messages/module-not-found


./components/shared/index.ts:25:1
Module not found: Can't resolve './SearchBar'
[0m [90m 23 |[39m [36mexport[39m { [33mNotificationBanner[39m } [36mfrom[39m [32m'./NotificationBanner'[39m[33m;[39m
 [90m 24 |[39m [36mexport[39m { [33mPagination[39m } [36mfrom[39m [32m'./Pagination'[39m[33m;[39m
[31m[1m>[22m[39m[90m 25 |[39m [36mexport[39m { [33mSearchBar[39m } [36mfrom[39m [32m'./SearchBar'[39m[33m;[39m
 [90m    |[39m [31m[1m^[22m[39m[31m[1m^[22m[39m[31m[1m^[22m[39m[31m[1m^[22m[39m[31m[1m^[22m[39m[31m[1m^[22m[3
9m[31m[1m^[22m[39m[31m[1m^[22m[39m[31m[1m^[22m[39m[31m[1m^[22m[39m[31m[1m^[22m[39m[31m[1m^[22m[39m[31m[1m^[2
2m[39m[31m[1m^[22m[39m[31m[1m^[22m[39m[31m[1m^[22m[39m[31m[1m^[22m[39m[31m[1m^[22m[39m[31m[1m^[22m[39m[31m[1
m^[22m[39m[31m[1m^[22m[39m[31m[1m^[22m[39m[31m[1m^[22m[39m[31m[1m^[22m[39m[31m[1m^[22m[39m[31m[1m^[22m[39m[3
1m[1m^[22m[39m[31m[1m^[22m[39m[31m[1m^[22m[39m[31m[1m^[22m[39m[31m[1m^[22m[39m[31m[1m^[22m[39m[31m[1m^[22m[3
9m[31m[1m^[22m[39m[31m[1m^[22m[39m[31m[1m^[22m[39m[31m[1m^[22m[39m[31m[1m^[22m[39m[31m[1m^[22m[39m[31m[1m^[2
2m[39m
 [90m 26 |[39m [36mexport[39m { [33mShareButton[39m } [36mfrom[39m [32m'./ShareButton'[39m[33m;[39m
 [90m 27 |[39m [36mexport[39m { [33mSidebar[39m } [36mfrom[39m [32m'./Sidebar'[39m[33m;[39m
 [90m 28 |[39m [36mexport[39m { [33mSocialLinks[39m } [36mfrom[39m [32m'./SocialLinks'[39m[33m;[39m[0m



Import traces:
  Client Component Browser:
    ./components/shared/index.ts [Client Component Browser]
    ./components/domains/profile/ProfileView.tsx [Client Component Browser]
    ./app/profile/[id]/page.tsx [Client Component Browser]
    ./app/profile/[id]/page.tsx [Server Component]

  Client Component SSR:
    ./components/shared/index.ts [Client Component SSR]
    ./components/domains/profile/ProfileView.tsx [Client Component SSR]
    ./app/profile/[id]/page.tsx [Client Component SSR]
    ./app/profile/[id]/page.tsx [Server Component]

https://nextjs.org/docs/messages/module-not-found


./components/shared/index.ts:26:1
Module not found: Can't resolve './ShareButton'
[0m [90m 24 |[39m [36mexport[39m { [33mPagination[39m } [36mfrom[39m [32m'./Pagination'[39m[33m;[39m
 [90m 25 |[39m [36mexport[39m { [33mSearchBar[39m } [36mfrom[39m [32m'./SearchBar'[39m[33m;[39m
[31m[1m>[22m[39m[90m 26 |[39m [36mexport[39m { [33mShareButton[39m } [36mfrom[39m [32m'./ShareButton'[39m[33m;[39m
 [90m    |[39m [31m[1m^[22m[39m[31m[1m^[22m[39m[31m[1m^[22m[39m[31m[1m^[22m[39m[31m[1m^[22m[39m[31m[1m^[22m[3
9m[31m[1m^[22m[39m[31m[1m^[22m[39m[31m[1m^[22m[39m[31m[1m^[22m[39m[31m[1m^[22m[39m[31m[1m^[22m[39m[31m[1m^[2
2m[39m[31m[1m^[22m[39m[31m[1m^[22m[39m[31m[1m^[22m[39m[31m[1m^[22m[39m[31m[1m^[22m[39m[31m[1m^[22m[39m[31m[1
m^[22m[39m[31m[1m^[22m[39m[31m[1m^[22m[39m[31m[1m^[22m[39m[31m[1m^[22m[39m[31m[1m^[22m[39m[31m[1m^[22m[39m[3
1m[1m^[22m[39m[31m[1m^[22m[39m[31m[1m^[22m[39m[31m[1m^[22m[39m[31m[1m^[22m[39m[31m[1m^[22m[39m[31m[1m^[22m[3
9m[31m[1m^[22m[39m[31m[1m^[22m[39m[31m[1m^[22m[39m[31m[1m^[22m[39m[31m[1m^[22m[39m[31m[1m^[22m[39m[31m[1m^[2
2m[39m[31m[1m^[22m[39m[31m[1m^[22m[39m[31m[1m^[22m[39m[31m[1m^[22m[39m
 [90m 27 |[39m [36mexport[39m { [33mSidebar[39m } [36mfrom[39m [32m'./Sidebar'[39m[33m;[39m
 [90m 28 |[39m [36mexport[39m { [33mSocialLinks[39m } [36mfrom[39m [32m'./SocialLinks'[39m[33m;[39m
 [90m 29 |[39m [36mexport[39m { [33mTag[39m } [36mfrom[39m [32m'./Tag'[39m[33m;[39m[0m



Import traces:
  Client Component Browser:
    ./components/shared/index.ts [Client Component Browser]
    ./components/domains/profile/ProfileView.tsx [Client Component Browser]
    ./app/profile/[id]/page.tsx [Client Component Browser]
    ./app/profile/[id]/page.tsx [Server Component]

  Client Component SSR:
    ./components/shared/index.ts [Client Component SSR]
    ./components/domains/profile/ProfileView.tsx [Client Component SSR]
    ./app/profile/[id]/page.tsx [Client Component SSR]
    ./app/profile/[id]/page.tsx [Server Component]

https://nextjs.org/docs/messages/module-not-found


./components/shared/index.ts:27:1
Module not found: Can't resolve './Sidebar'
[0m [90m 25 |[39m [36mexport[39m { [33mSearchBar[39m } [36mfrom[39m [32m'./SearchBar'[39m[33m;[39m
 [90m 26 |[39m [36mexport[39m { [33mShareButton[39m } [36mfrom[39m [32m'./ShareButton'[39m[33m;[39m
[31m[1m>[22m[39m[90m 27 |[39m [36mexport[39m { [33mSidebar[39m } [36mfrom[39m [32m'./Sidebar'[39m[33m;[39m
 [90m    |[39m [31m[1m^[22m[39m[31m[1m^[22m[39m[31m[1m^[22m[39m[31m[1m^[22m[39m[31m[1m^[22m[39m[31m[1m^[22m[3
9m[31m[1m^[22m[39m[31m[1m^[22m[39m[31m[1m^[22m[39m[31m[1m^[22m[39m[31m[1m^[22m[39m[31m[1m^[22m[39m[31m[1m^[2
2m[39m[31m[1m^[22m[39m[31m[1m^[22m[39m[31m[1m^[22m[39m[31m[1m^[22m[39m[31m[1m^[22m[39m[31m[1m^[22m[39m[31m[1
m^[22m[39m[31m[1m^[22m[39m[31m[1m^[22m[39m[31m[1m^[22m[39m[31m[1m^[22m[39m[31m[1m^[22m[39m[31m[1m^[22m[39m[3
1m[1m^[22m[39m[31m[1m^[22m[39m[31m[1m^[22m[39m[31m[1m^[22m[39m[31m[1m^[22m[39m[31m[1m^[22m[39m[31m[1m^[22m[3
9m[31m[1m^[22m[39m[31m[1m^[22m[39m[31m[1m^[22m[39m
 [90m 28 |[39m [36mexport[39m { [33mSocialLinks[39m } [36mfrom[39m [32m'./SocialLinks'[39m[33m;[39m
 [90m 29 |[39m [36mexport[39m { [33mTag[39m } [36mfrom[39m [32m'./Tag'[39m[33m;[39m
 [90m 30 |[39m [36mexport[39m { [33mTagCloud[39m } [36mfrom[39m [32m'./TagCloud'[39m[33m;[39m[0m



Import traces:
  Client Component Browser:
    ./components/shared/index.ts [Client Component Browser]
    ./components/domains/profile/ProfileView.tsx [Client Component Browser]
    ./app/profile/[id]/page.tsx [Client Component Browser]
    ./app/profile/[id]/page.tsx [Server Component]

  Client Component SSR:
    ./components/shared/index.ts [Client Component SSR]
    ./components/domains/profile/ProfileView.tsx [Client Component SSR]
    ./app/profile/[id]/page.tsx [Client Component SSR]
    ./app/profile/[id]/page.tsx [Server Component]

https://nextjs.org/docs/messages/module-not-found


./components/shared/index.ts:28:1
Module not found: Can't resolve './SocialLinks'
[0m [90m 26 |[39m [36mexport[39m { [33mShareButton[39m } [36mfrom[39m [32m'./ShareButton'[39m[33m;[39m
 [90m 27 |[39m [36mexport[39m { [33mSidebar[39m } [36mfrom[39m [32m'./Sidebar'[39m[33m;[39m
[31m[1m>[22m[39m[90m 28 |[39m [36mexport[39m { [33mSocialLinks[39m } [36mfrom[39m [32m'./SocialLinks'[39m[33m;[39m
 [90m    |[39m [31m[1m^[22m[39m[31m[1m^[22m[39m[31m[1m^[22m[39m[31m[1m^[22m[39m[31m[1m^[22m[39m[31m[1m^[22m[3
9m[31m[1m^[22m[39m[31m[1m^[22m[39m[31m[1m^[22m[39m[31m[1m^[22m[39m[31m[1m^[22m[39m[31m[1m^[22m[39m[31m[1m^[2
2m[39m[31m[1m^[22m[39m[31m[1m^[22m[39m[31m[1m^[22m[39m[31m[1m^[22m[39m[31m[1m^[22m[39m[31m[1m^[22m[39m[31m[1
m^[22m[39m[31m[1m^[22m[39m[31m[1m^[22m[39m[31m[1m^[22m[39m[31m[1m^[22m[39m[31m[1m^[22m[39m[31m[1m^[22m[39m[3
1m[1m^[22m[39m[31m[1m^[22m[39m[31m[1m^[22m[39m[31m[1m^[22m[39m[31m[1m^[22m[39m[31m[1m^[22m[39m[31m[1m^[22m[3
9m[31m[1m^[22m[39m[31m[1m^[22m[39m[31m[1m^[22m[39m[31m[1m^[22m[39m[31m[1m^[22m[39m[31m[1m^[22m[39m[31m[1m^[2
2m[39m[31m[1m^[22m[39m[31m[1m^[22m[39m[31m[1m^[22m[39m[31m[1m^[22m[39m
 [90m 29 |[39m [36mexport[39m { [33mTag[39m } [36mfrom[39m [32m'./Tag'[39m[33m;[39m
 [90m 30 |[39m [36mexport[39m { [33mTagCloud[39m } [36mfrom[39m [32m'./TagCloud'[39m[33m;[39m
 [90m 31 |[39m [36mexport[39m { [33mErrorMessage[39m } [36mfrom[39m [32m'./ErrorMessage'[39m[33m;[39m[0m



Import traces:
  Client Component Browser:
    ./components/shared/index.ts [Client Component Browser]
    ./components/domains/profile/ProfileView.tsx [Client Component Browser]
    ./app/profile/[id]/page.tsx [Client Component Browser]
    ./app/profile/[id]/page.tsx [Server Component]

  Client Component SSR:
    ./components/shared/index.ts [Client Component SSR]
    ./components/domains/profile/ProfileView.tsx [Client Component SSR]
    ./app/profile/[id]/page.tsx [Client Component SSR]
    ./app/profile/[id]/page.tsx [Server Component]

https://nextjs.org/docs/messages/module-not-found


./components/shared/index.ts:29:1
Module not found: Can't resolve './Tag'
[0m [90m 27 |[39m [36mexport[39m { [33mSidebar[39m } [36mfrom[39m [32m'./Sidebar'[39m[33m;[39m
 [90m 28 |[39m [36mexport[39m { [33mSocialLinks[39m } [36mfrom[39m [32m'./SocialLinks'[39m[33m;[39m
[31m[1m>[22m[39m[90m 29 |[39m [36mexport[39m { [33mTag[39m } [36mfrom[39m [32m'./Tag'[39m[33m;[39m
 [90m    |[39m [31m[1m^[22m[39m[31m[1m^[22m[39m[31m[1m^[22m[39m[31m[1m^[22m[39m[31m[1m^[22m[39m[31m[1m^[22m[3
9m[31m[1m^[22m[39m[31m[1m^[22m[39m[31m[1m^[22m[39m[31m[1m^[22m[39m[31m[1m^[22m[39m[31m[1m^[22m[39m[31m[1m^[2
2m[39m[31m[1m^[22m[39m[31m[1m^[22m[39m[31m[1m^[22m[39m[31m[1m^[22m[39m[31m[1m^[22m[39m[31m[1m^[22m[39m[31m[1
m^[22m[39m[31m[1m^[22m[39m[31m[1m^[22m[39m[31m[1m^[22m[39m[31m[1m^[22m[39m[31m[1m^[22m[39m[31m[1m^[22m[39m[3
1m[1m^[22m[39m[31m[1m^[22m[39m
 [90m 30 |[39m [36mexport[39m { [33mTagCloud[39m } [36mfrom[39m [32m'./TagCloud'[39m[33m;[39m
 [90m 31 |[39m [36mexport[39m { [33mErrorMessage[39m } [36mfrom[39m [32m'./ErrorMessage'[39m[33m;[39m
 [90m 32 |[39m [36mexport[39m { [33mNotificationBadge[39m } [36mfrom[39m [32m'./NotificationBadge'[39m[33m;[39m[0m



Import traces:
  Client Component Browser:
    ./components/shared/index.ts [Client Component Browser]
    ./components/domains/profile/ProfileView.tsx [Client Component Browser]
    ./app/profile/[id]/page.tsx [Client Component Browser]
    ./app/profile/[id]/page.tsx [Server Component]

  Client Component SSR:
    ./components/shared/index.ts [Client Component SSR]
    ./components/domains/profile/ProfileView.tsx [Client Component SSR]
    ./app/profile/[id]/page.tsx [Client Component SSR]
    ./app/profile/[id]/page.tsx [Server Component]

https://nextjs.org/docs/messages/module-not-found


./components/shared/index.ts:30:1
Module not found: Can't resolve './TagCloud'
[0m [90m 28 |[39m [36mexport[39m { [33mSocialLinks[39m } [36mfrom[39m [32m'./SocialLinks'[39m[33m;[39m
 [90m 29 |[39m [36mexport[39m { [33mTag[39m } [36mfrom[39m [32m'./Tag'[39m[33m;[39m
[31m[1m>[22m[39m[90m 30 |[39m [36mexport[39m { [33mTagCloud[39m } [36mfrom[39m [32m'./TagCloud'[39m[33m;[39m
 [90m    |[39m [31m[1m^[22m[39m[31m[1m^[22m[39m[31m[1m^[22m[39m[31m[1m^[22m[39m[31m[1m^[22m[39m[31m[1m^[22m[3
9m[31m[1m^[22m[39m[31m[1m^[22m[39m[31m[1m^[22m[39m[31m[1m^[22m[39m[31m[1m^[22m[39m[31m[1m^[22m[39m[31m[1m^[2
2m[39m[31m[1m^[22m[39m[31m[1m^[22m[39m[31m[1m^[22m[39m[31m[1m^[22m[39m[31m[1m^[22m[39m[31m[1m^[22m[39m[31m[1
m^[22m[39m[31m[1m^[22m[39m[31m[1m^[22m[39m[31m[1m^[22m[39m[31m[1m^[22m[39m[31m[1m^[22m[39m[31m[1m^[22m[39m[3
1m[1m^[22m[39m[31m[1m^[22m[39m[31m[1m^[22m[39m[31m[1m^[22m[39m[31m[1m^[22m[39m[31m[1m^[22m[39m[31m[1m^[22m[3
9m[31m[1m^[22m[39m[31m[1m^[22m[39m[31m[1m^[22m[39m[31m[1m^[22m[39m[31m[1m^[22m[39m
 [90m 31 |[39m [36mexport[39m { [33mErrorMessage[39m } [36mfrom[39m [32m'./ErrorMessage'[39m[33m;[39m
 [90m 32 |[39m [36mexport[39m { [33mNotificationBadge[39m } [36mfrom[39m [32m'./NotificationBadge'[39m[33m;[39m
 [90m 33 |[39m [36mexport[39m { [33mNotificationFilter[39m } [36mfrom[39m [32m'./NotificationFilter'[39m[33m;[39m[0m



Import traces:
  Client Component Browser:
    ./components/shared/index.ts [Client Component Browser]
    ./components/domains/profile/ProfileView.tsx [Client Component Browser]
    ./app/profile/[id]/page.tsx [Client Component Browser]
    ./app/profile/[id]/page.tsx [Server Component]

  Client Component SSR:
    ./components/shared/index.ts [Client Component SSR]
    ./components/domains/profile/ProfileView.tsx [Client Component SSR]
    ./app/profile/[id]/page.tsx [Client Component SSR]
    ./app/profile/[id]/page.tsx [Server Component]

https://nextjs.org/docs/messages/module-not-found


./lib/api/index.ts:91:1
Module not found: Can't resolve './blog-moderation'
[0m [90m 89 |[39m
 [90m 90 |[39m [90m// Export Blog Moderation API[39m
[31m[1m>[22m[39m[90m 91 |[39m [36mexport[39m [33m*[39m [36mfrom[39m [32m'./blog-moderation'[39m[33m;[39m
 [90m    |[39m [31m[1m^[22m[39m[31m[1m^[22m[39m[31m[1m^[22m[39m[31m[1m^[22m[39m[31m[1m^[22m[39m[31m[1m^[22m[3
9m[31m[1m^[22m[39m[31m[1m^[22m[39m[31m[1m^[22m[39m[31m[1m^[22m[39m[31m[1m^[22m[39m[31m[1m^[22m[39m[31m[1m^[2
2m[39m[31m[1m^[22m[39m[31m[1m^[22m[39m[31m[1m^[22m[39m[31m[1m^[22m[39m[31m[1m^[22m[39m[31m[1m^[22m[39m[31m[1
m^[22m[39m[31m[1m^[22m[39m[31m[1m^[22m[39m[31m[1m^[22m[39m[31m[1m^[22m[39m[31m[1m^[22m[39m[31m[1m^[22m[39m[3
1m[1m^[22m[39m[31m[1m^[22m[39m[31m[1m^[22m[39m[31m[1m^[22m[39m[31m[1m^[22m[39m[31m[1m^[22m[39m[31m[1m^[22m[3
9m[31m[1m^[22m[39m
 [90m 92 |[39m
 [90m 93 |[39m [90m// Export Review Moderation API[39m
 [90m 94 |[39m [36mexport[39m [33m*[39m [36mfrom[39m [32m'./review-moderation'[39m[33m;[39m[0m



Import traces:
  Client Component Browser:
    ./lib/api/index.ts [Client Component Browser]
    ./components/domains/orders/EscrowReleaseModal.tsx [Client Component Browser]
    ./components/domains/orders/index.ts [Client Component Browser]
    ./app/dashboard/orders/[id]/page.tsx [Client Component Browser]
    ./app/dashboard/orders/[id]/page.tsx [Server Component]

  Client Component SSR:
    ./lib/api/index.ts [Client Component SSR]
    ./components/domains/orders/EscrowReleaseModal.tsx [Client Component SSR]
    ./components/domains/orders/index.ts [Client Component SSR]
    ./app/dashboard/orders/[id]/page.tsx [Client Component SSR]
    ./app/dashboard/orders/[id]/page.tsx [Server Component]

https://nextjs.org/docs/messages/module-not-found


./components/domains/dashboard/index.ts:84:1
Module not found: Can't resolve './hooks/useDashboard'
[0m [90m 82 |[39m
 [90m 83 |[39m [90m// Hooks (Day 5) Ô£à COMPLETE[39m
[31m[1m>[22m[39m[90m 84 |[39m [36mexport[39m { useDashboard } [36mfrom[39m [32m'./hooks/useDashboard'[39m[33m;[39m
 [90m    |[39m [31m[1m^[22m[39m[31m[1m^[22m[39m[31m[1m^[22m[39m[31m[1m^[22m[39m[31m[1m^[22m[39m[31m[1m^[22m[3
9m[31m[1m^[22m[39m[31m[1m^[22m[39m[31m[1m^[22m[39m[31m[1m^[22m[39m[31m[1m^[22m[39m[31m[1m^[22m[39m[31m[1m^[2
2m[39m[31m[1m^[22m[39m[31m[1m^[22m[39m[31m[1m^[22m[39m[31m[1m^[22m[39m[31m[1m^[22m[39m[31m[1m^[22m[39m[31m[1
m^[22m[39m[31m[1m^[22m[39m[31m[1m^[22m[39m[31m[1m^[22m[39m[31m[1m^[22m[39m[31m[1m^[22m[39m[31m[1m^[22m[39m[3
1m[1m^[22m[39m[31m[1m^[22m[39m[31m[1m^[22m[39m[31m[1m^[22m[39m[31m[1m^[22m[39m[31m[1m^[22m[39m[31m[1m^[22m[3
9m[31m[1m^[22m[39m[31m[1m^[22m[39m[31m[1m^[22m[39m[31m[1m^[22m[39m[31m[1m^[22m[39m[31m[1m^[22m[39m[31m[1m^[2
2m[39m[31m[1m^[22m[39m[31m[1m^[22m[39m[31m[1m^[22m[39m[31m[1m^[22m[39m[31m[1m^[22m[39m[31m[1m^[22m[39m[31m[1
m^[22m[39m[31m[1m^[22m[39m[31m[1m^[22m[39m[31m[1m^[22m[39m[31m[1m^[22m[39m[31m[1m^[22m[39m
 [90m 85 |[39m [36mexport[39m { useDashboardPermissions } [36mfrom[39m [32m'./hooks/useDashboardPermissions'[39m[33m;[39m
 [90m 86 |[39m
 [90m 87 |[39m [90m// Utilities (Day 5) Ô£à COMPLETE[39m[0m



Import traces:
  Server Component:
    ./components/domains/dashboard/index.ts
    ./app/dashboard/layout.tsx

  Client Component Browser:
    ./components/domains/dashboard/index.ts [Client Component Browser]
    ./app/dashboard/page.tsx [Client Component Browser]
    ./app/dashboard/page.tsx [Server Component]

  Client Component SSR:
    ./components/domains/dashboard/index.ts [Client Component SSR]
    ./app/dashboard/page.tsx [Client Component SSR]
    ./app/dashboard/page.tsx [Server Component]

https://nextjs.org/docs/messages/module-not-found


./lib/shared/utils/index.ts:209:1
Module not found: Can't resolve './logger'
[0m [90m 207 |[39m } [36mfrom[39m [32m'./async'[39m[33m;[39m
 [90m 208 |[39m
[31m[1m>[22m[39m[90m 209 |[39m [36mimport[39m { logger[33m,[39m debug[33m,[39m info[33m,[39m warn[33m,[39m error } [36
mfrom[39m [32m'./logger'[39m[33m;[39m
 [90m     |[39m [31m[1m^[22m[39m[31m[1m^[22m[39m[31m[1m^[22m[39m[31m[1m^[22m[39m[31m[1m^[22m[39m[31m[1m^[22m[
39m[31m[1m^[22m[39m[31m[1m^[22m[39m[31m[1m^[22m[39m[31m[1m^[22m[39m[31m[1m^[22m[39m[31m[1m^[22m[39m[31m[1m^[
22m[39m[31m[1m^[22m[39m[31m[1m^[22m[39m[31m[1m^[22m[39m[31m[1m^[22m[39m[31m[1m^[22m[39m[31m[1m^[22m[39m[31m[
1m^[22m[39m[31m[1m^[22m[39m[31m[1m^[22m[39m[31m[1m^[22m[39m[31m[1m^[22m[39m[31m[1m^[22m[39m[31m[1m^[22m[39m[
31m[1m^[22m[39m[31m[1m^[22m[39m[31m[1m^[22m[39m[31m[1m^[22m[39m[31m[1m^[22m[39m[31m[1m^[22m[39m[31m[1m^[22m[
39m[31m[1m^[22m[39m[31m[1m^[22m[39m[31m[1m^[22m[39m[31m[1m^[22m[39m[31m[1m^[22m[39m[31m[1m^[22m[39m[31m[1m^[
22m[39m[31m[1m^[22m[39m[31m[1m^[22m[39m[31m[1m^[22m[39m[31m[1m^[22m[39m[31m[1m^[22m[39m[31m[1m^[22m[39m[31m[
1m^[22m[39m[31m[1m^[22m[39m[31m[1m^[22m[39m[31m[1m^[22m[39m[31m[1m^[22m[39m[31m[1m^[22m[39m[31m[1m^[22m[39m[
31m[1m^[22m[39m[31m[1m^[22m[39m[31m[1m^[22m[39m[31m[1m^[22m[39m[31m[1m^[22m[39m[31m[1m^[22m[39m[31m[1m^[22m[
39m
 [90m 210 |[39m
 [90m 211 |[39m [90m// ================================================[39m
 [90m 212 |[39m [90m// RE-EXPORT ALL UTILITIES[39m[0m



Import traces:
  #1 [Server Component]:
    ./lib/shared/utils/index.ts
    ./lib/utils.ts
    ./components/ui/Input.tsx
    ./app/info/contact/page.tsx

  #2 [Client Component Browser]:
    ./lib/shared/utils/index.ts [Client Component Browser]
    ./components/domains/jobs/JobDetail.tsx [Client Component Browser]
    ./components/shared/features/index.ts [Client Component Browser]
    ./app/profile/edit/page.tsx [Client Component Browser]
    ./app/profile/edit/page.tsx [Server Component]

  #3 [Client Component SSR]:
    ./lib/shared/utils/index.ts [Client Component SSR]
    ./components/domains/jobs/JobDetail.tsx [Client Component SSR]
    ./components/shared/features/index.ts [Client Component SSR]
    ./app/profile/edit/page.tsx [Client Component SSR]
    ./app/profile/edit/page.tsx [Server Component]

  #4 [Client Component SSR]:
    ./lib/shared/utils/index.ts [Client Component SSR]
    ./lib/utils.ts [Client Component SSR]
    ./components/domains/admin/layout/AdminLayout.tsx [Client Component SSR]
    ./components/domains/admin/index.ts [Client Component SSR]
    ./app/admin/users/page.tsx [Client Component SSR]
    ./app/admin/users/page.tsx [Server Component]

  #5 [Client Component Browser]:
    ./lib/shared/utils/index.ts [Client Component Browser]
    ./lib/utils.ts [Client Component Browser]
    ./components/ui/UnifiedButton.tsx [Client Component Browser]
    ./components/ui/UnifiedErrorBoundary.tsx [Client Component Browser]
    ./components/providers/MonitoringProvider.tsx [Client Component Browser]
    ./components/providers/MonitoringProvider.tsx [Server Component]
    ./app/layout.tsx [Server Component]

https://nextjs.org/docs/messages/module-not-found


./lib/core/store/index.ts:13:1
Module not found: Can't resolve './notification'
[0m [90m 11 |[39m
 [90m 12 |[39m [90m// Notification store - optimized notifications[39m
[31m[1m>[22m[39m[90m 13 |[39m [36mexport[39m { useNotificationStore } [36mfrom[39m [32m'./notification'[39m[33m;[39m
 [90m    |[39m [31m[1m^[22m[39m[31m[1m^[22m[39m[31m[1m^[22m[39m[31m[1m^[22m[39m[31m[1m^[22m[39m[31m[1m^[22m[3
9m[31m[1m^[22m[39m[31m[1m^[22m[39m[31m[1m^[22m[39m[31m[1m^[22m[39m[31m[1m^[22m[39m[31m[1m^[22m[39m[31m[1m^[2
2m[39m[31m[1m^[22m[39m[31m[1m^[22m[39m[31m[1m^[22m[39m[31m[1m^[22m[39m[31m[1m^[22m[39m[31m[1m^[22m[39m[31m[1
m^[22m[39m[31m[1m^[22m[39m[31m[1m^[22m[39m[31m[1m^[22m[39m[31m[1m^[22m[39m[31m[1m^[22m[39m[31m[1m^[22m[39m[3
1m[1m^[22m[39m[31m[1m^[22m[39m[31m[1m^[22m[39m[31m[1m^[22m[39m[31m[1m^[22m[39m[31m[1m^[22m[39m[31m[1m^[22m[3
9m[31m[1m^[22m[39m[31m[1m^[22m[39m[31m[1m^[22m[39m[31m[1m^[22m[39m[31m[1m^[22m[39m[31m[1m^[22m[39m[31m[1m^[2
2m[39m[31m[1m^[22m[39m[31m[1m^[22m[39m[31m[1m^[22m[39m[31m[1m^[22m[39m[31m[1m^[22m[39m[31m[1m^[22m[39m[31m[1
m^[22m[39m[31m[1m^[22m[39m[31m[1m^[22m[39m[31m[1m^[22m[39m[31m[1m^[22m[39m[31m[1m^[22m[39m[31m[1m^[22m[39m[3
1m[1m^[22m[39m
 [90m 14 |[39m
 [90m 15 |[39m [90m// === FEATURE STORES ===[39m
 [90m 16 |[39m [90m// Feature-specific state management[39m[0m



Import traces:
  Client Component Browser:
    ./lib/core/store/index.ts [Client Component Browser]
    ./hooks/infrastructure/integrations/useUnifiedLocation.ts [Client Component Browser]
    ./hooks/index.ts [Client Component Browser]
    ./app/support/help/categories/page.tsx [Client Component Browser]
    ./app/support/help/categories/page.tsx [Server Component]

  Client Component SSR:
    ./lib/core/store/index.ts [Client Component SSR]
    ./hooks/infrastructure/integrations/useUnifiedLocation.ts [Client Component SSR]
    ./hooks/index.ts [Client Component SSR]
    ./hooks/business/wallet/usePaymentMethods.ts [Client Component SSR]
    ./hooks/business/wallet/index.ts [Client Component SSR]
    ./app/dashboard/wallet/escrow/page.tsx [Client Component SSR]
    ./app/dashboard/wallet/escrow/page.tsx [Server Component]

https://nextjs.org/docs/messages/module-not-found


./lib/domains/notification/index.ts:10:1
Module not found: Can't resolve './push-notifications'
[0m [90m  8 |[39m
 [90m  9 |[39m [90m// Domain utilities[39m
[31m[1m>[22m[39m[90m 10 |[39m [36mexport[39m [33m*[39m [36mfrom[39m [32m'./push-notifications'[39m[33m;[39m
 [90m    |[39m [31m[1m^[22m[39m[31m[1m^[22m[39m[31m[1m^[22m[39m[31m[1m^[22m[39m[31m[1m^[22m[39m[31m[1m^[22m[3
9m[31m[1m^[22m[39m[31m[1m^[22m[39m[31m[1m^[22m[39m[31m[1m^[22m[39m[31m[1m^[22m[39m[31m[1m^[22m[39m[31m[1m^[2
2m[39m[31m[1m^[22m[39m[31m[1m^[22m[39m[31m[1m^[22m[39m[31m[1m^[22m[39m[31m[1m^[22m[39m[31m[1m^[22m[39m[31m[1
m^[22m[39m[31m[1m^[22m[39m[31m[1m^[22m[39m[31m[1m^[22m[39m[31m[1m^[22m[39m[31m[1m^[22m[39m[31m[1m^[22m[39m[3
1m[1m^[22m[39m[31m[1m^[22m[39m[31m[1m^[22m[39m[31m[1m^[22m[39m[31m[1m^[22m[39m[31m[1m^[22m[39m[31m[1m^[22m[3
9m[31m[1m^[22m[39m[31m[1m^[22m[39m[31m[1m^[22m[39m[31m[1m^[22m[39m
 [90m 11 |[39m
 [90m 12 |[39m [90m// Store (main export)[39m
 [90m 13 |[39m [36mexport[39m { useNotificationStore } [36mfrom[39m [32m'../../core/store/notification'[39m[33m;[39m[0m



Import traces:
  Client Component Browser:
    ./lib/domains/notification/index.ts [Client Component Browser]
    ./lib/index.ts [Client Component Browser]
    ./components/forms/CheckoutModal.tsx [Client Component Browser]
    ./components/forms/index.ts [Client Component Browser]
    ./app/marketplace/jobs/create/page.tsx [Client Component Browser]
    ./app/marketplace/jobs/create/page.tsx [Server Component]

  Client Component SSR:
    ./lib/domains/notification/index.ts [Client Component SSR]
    ./lib/index.ts [Client Component SSR]
    ./components/forms/CheckoutModal.tsx [Client Component SSR]
    ./components/forms/index.ts [Client Component SSR]
    ./app/marketplace/jobs/create/page.tsx [Client Component SSR]
    ./app/marketplace/jobs/create/page.tsx [Server Component]

https://nextjs.org/docs/messages/module-not-found


./lib/api/index.ts:94:1
Module not found: Can't resolve './review-moderation'
[0m [90m 92 |[39m
 [90m 93 |[39m [90m// Export Review Moderation API[39m
[31m[1m>[22m[39m[90m 94 |[39m [36mexport[39m [33m*[39m [36mfrom[39m [32m'./review-moderation'[39m[33m;[39m
 [90m    |[39m [31m[1m^[22m[39m[31m[1m^[22m[39m[31m[1m^[22m[39m[31m[1m^[22m[39m[31m[1m^[22m[39m[31m[1m^[22m[3
9m[31m[1m^[22m[39m[31m[1m^[22m[39m[31m[1m^[22m[39m[31m[1m^[22m[39m[31m[1m^[22m[39m[31m[1m^[22m[39m[31m[1m^[2
2m[39m[31m[1m^[22m[39m[31m[1m^[22m[39m[31m[1m^[22m[39m[31m[1m^[22m[39m[31m[1m^[22m[39m[31m[1m^[22m[39m[31m[1
m^[22m[39m[31m[1m^[22m[39m[31m[1m^[22m[39m[31m[1m^[22m[39m[31m[1m^[22m[39m[31m[1m^[22m[39m[31m[1m^[22m[39m[3
1m[1m^[22m[39m[31m[1m^[22m[39m[31m[1m^[22m[39m[31m[1m^[22m[39m[31m[1m^[22m[39m[31m[1m^[22m[39m[31m[1m^[22m[3
9m[31m[1m^[22m[39m[31m[1m^[22m[39m[31m[1m^[22m[39m
 [90m 95 |[39m
 [90m 96 |[39m [90m// Export Moderation Activity API[39m
 [90m 97 |[39m [36mexport[39m { [36mdefault[39m [36mas[39m moderationActivityAPI } [36mfrom[39m [32m'./moderation-activity'
[39m[33m;[39m[0m



Import traces:
  Client Component Browser:
    ./lib/api/index.ts [Client Component Browser]
    ./components/domains/orders/EscrowReleaseModal.tsx [Client Component Browser]
    ./components/domains/orders/index.ts [Client Component Browser]
    ./app/dashboard/orders/[id]/page.tsx [Client Component Browser]
    ./app/dashboard/orders/[id]/page.tsx [Server Component]

  Client Component SSR:
    ./lib/api/index.ts [Client Component SSR]
    ./components/domains/orders/EscrowReleaseModal.tsx [Client Component SSR]
    ./components/domains/orders/index.ts [Client Component SSR]
    ./app/dashboard/orders/[id]/page.tsx [Client Component SSR]
    ./app/dashboard/orders/[id]/page.tsx [Server Component]

https://nextjs.org/docs/messages/module-not-found


./app/admin/analytics/forecast/page.tsx:32:1
Module not found: Can't resolve '@/components/admin/analytics'
[0m [90m 30 |[39m   type [33mForecastPeriod[39m[33m,[39m
 [90m 31 |[39m } [36mfrom[39m [32m'@/hooks'[39m[33m;[39m
[31m[1m>[22m[39m[90m 32 |[39m [36mimport[39m {
 [90m    |[39m [31m[1m^[22m[39m[31m[1m^[22m[39m[31m[1m^[22m[39m[31m[1m^[22m[39m[31m[1m^[22m[39m[31m[1m^[22m[3
9m[31m[1m^[22m[39m[31m[1m^[22m[39m
[31m[1m>[22m[39m[90m 33 |[39m   [33mRevenueComparisonChart[39m[33m,[39m
 [90m    |[39m [31m[1m^[22m[39m[31m[1m^[22m[39m[31m[1m^[22m[39m[31m[1m^[22m[39m[31m[1m^[22m[39m[31m[1m^[22m[3
9m[31m[1m^[22m[39m[31m[1m^[22m[39m[31m[1m^[22m[39m[31m[1m^[22m[39m[31m[1m^[22m[39m[31m[1m^[22m[39m[31m[1m^[2
2m[39m[31m[1m^[22m[39m[31m[1m^[22m[39m[31m[1m^[22m[39m[31m[1m^[22m[39m[31m[1m^[22m[39m[31m[1m^[22m[39m[31m[1
m^[22m[39m[31m[1m^[22m[39m[31m[1m^[22m[39m[31m[1m^[22m[39m[31m[1m^[22m[39m[31m[1m^[22m[39m
[31m[1m>[22m[39m[90m 34 |[39m   [33mRevenueForecastWidget[39m[33m,[39m
 [90m    |[39m [31m[1m^[22m[39m[31m[1m^[22m[39m[31m[1m^[22m[39m[31m[1m^[22m[39m[31m[1m^[22m[39m[31m[1m^[22m[3
9m[31m[1m^[22m[39m[31m[1m^[22m[39m[31m[1m^[22m[39m[31m[1m^[22m[39m[31m[1m^[22m[39m[31m[1m^[22m[39m[31m[1m^[2
2m[39m[31m[1m^[22m[39m[31m[1m^[22m[39m[31m[1m^[22m[39m[31m[1m^[22m[39m[31m[1m^[22m[39m[31m[1m^[22m[39m[31m[1
m^[22m[39m[31m[1m^[22m[39m[31m[1m^[22m[39m[31m[1m^[22m[39m[31m[1m^[22m[39m[31m[1m^[22m[39m
[31m[1m>[22m[39m[90m 35 |[39m } [36mfrom[39m [32m'@/components/admin/analytics'[39m[33m;[39m
 [90m    |[39m [31m[1m^[22m[39m[31m[1m^[22m[39m[31m[1m^[22m[39m[31m[1m^[22m[39m[31m[1m^[22m[39m[31m[1m^[22m[3
9m[31m[1m^[22m[39m[31m[1m^[22m[39m[31m[1m^[22m[39m[31m[1m^[22m[39m[31m[1m^[22m[39m[31m[1m^[22m[39m[31m[1m^[2
2m[39m[31m[1m^[22m[39m[31m[1m^[22m[39m[31m[1m^[22m[39m[31m[1m^[22m[39m[31m[1m^[22m[39m[31m[1m^[22m[39m[31m[1
m^[22m[39m[31m[1m^[22m[39m[31m[1m^[22m[39m[31m[1m^[22m[39m[31m[1m^[22m[39m[31m[1m^[22m[39m[31m[1m^[22m[39m[3
1m[1m^[22m[39m[31m[1m^[22m[39m[31m[1m^[22m[39m[31m[1m^[22m[39m[31m[1m^[22m[39m[31m[1m^[22m[39m[31m[1m^[22m[3
9m[31m[1m^[22m[39m[31m[1m^[22m[39m[31m[1m^[22m[39m[31m[1m^[22m[39m[31m[1m^[22m[39m[31m[1m^[22m[39m
 [90m 36 |[39m [36mimport[39m { toast } [36mfrom[39m [32m'sonner'[39m[33m;[39m
 [90m 37 |[39m [36mimport[39m {
 [90m 38 |[39m   exportToCSV[33m,[39m[0m

Import map: aliased to relative './components/admin/analytics' inside of [project]/


Import traces:
  Client Component Browser:
    ./app/admin/analytics/forecast/page.tsx [Client Component Browser]
    ./app/admin/analytics/forecast/page.tsx [Server Component]

  Client Component SSR:
    ./app/admin/analytics/forecast/page.tsx [Client Component SSR]
    ./app/admin/analytics/forecast/page.tsx [Server Component]

https://nextjs.org/docs/messages/module-not-found


./app/admin/analytics/platform/page.tsx:27:1
Module not found: Can't resolve '@/components/admin/analytics'
[0m [90m 25 |[39m [36mimport[39m { [33mRefreshCw[39m[33m,[39m [33mDownload[39m[33m,[39m [33mTrendingUp[39m } [36mfrom[
39m [32m'lucide-react'[39m[33m;[39m
 [90m 26 |[39m [36mimport[39m { usePlatformStatistics } [36mfrom[39m [32m'@/hooks'[39m[33m;[39m
[31m[1m>[22m[39m[90m 27 |[39m [36mimport[39m { [33mPlatformStatsWidget[39m } [36mfrom[39m [32m'@/components/admin/analytic
s'[39m[33m;[39m
 [90m    |[39m [31m[1m^[22m[39m[31m[1m^[22m[39m[31m[1m^[22m[39m[31m[1m^[22m[39m[31m[1m^[22m[39m[31m[1m^[22m[3
9m[31m[1m^[22m[39m[31m[1m^[22m[39m[31m[1m^[22m[39m[31m[1m^[22m[39m[31m[1m^[22m[39m[31m[1m^[22m[39m[31m[1m^[2
2m[39m[31m[1m^[22m[39m[31m[1m^[22m[39m[31m[1m^[22m[39m[31m[1m^[22m[39m[31m[1m^[22m[39m[31m[1m^[22m[39m[31m[1
m^[22m[39m[31m[1m^[22m[39m[31m[1m^[22m[39m[31m[1m^[22m[39m[31m[1m^[22m[39m[31m[1m^[22m[39m[31m[1m^[22m[39m[3
1m[1m^[22m[39m[31m[1m^[22m[39m[31m[1m^[22m[39m[31m[1m^[22m[39m[31m[1m^[22m[39m[31m[1m^[22m[39m[31m[1m^[22m[3
9m[31m[1m^[22m[39m[31m[1m^[22m[39m[31m[1m^[22m[39m[31m[1m^[22m[39m[31m[1m^[22m[39m[31m[1m^[22m[39m[31m[1m^[2
2m[39m[31m[1m^[22m[39m[31m[1m^[22m[39m[31m[1m^[22m[39m[31m[1m^[22m[39m[31m[1m^[22m[39m[31m[1m^[22m[39m[31m[1
m^[22m[39m[31m[1m^[22m[39m[31m[1m^[22m[39m[31m[1m^[22m[39m[31m[1m^[22m[39m[31m[1m^[22m[39m[31m[1m^[22m[39m[3
1m[1m^[22m[39m[31m[1m^[22m[39m[31m[1m^[22m[39m[31m[1m^[22m[39m[31m[1m^[22m[39m[31m[1m^[22m[39m[31m[1m^[22m[3
9m[31m[1m^[22m[39m[31m[1m^[22m[39m[31m[1m^[22m[39m[31m[1m^[22m[39m[31m[1m^[22m[39m[31m[1m^[22m[39m[31m[1m^[2
2m[39m
 [90m 28 |[39m [36mimport[39m { toast } [36mfrom[39m [32m'sonner'[39m[33m;[39m
 [90m 29 |[39m [36mimport[39m { exportToCSV[33m,[39m formatCurrencyForExport } [36mfrom[39m [32m'@/lib/utils/export'[39m[33m
;[39m
 [90m 30 |[39m[0m

Import map: aliased to relative './components/admin/analytics' inside of [project]/


Import traces:
  Client Component Browser:
    ./app/admin/analytics/platform/page.tsx [Client Component Browser]
    ./app/admin/analytics/platform/page.tsx [Server Component]

  Client Component SSR:
    ./app/admin/analytics/platform/page.tsx [Client Component SSR]
    ./app/admin/analytics/platform/page.tsx [Server Component]

https://nextjs.org/docs/messages/module-not-found


./app/admin/analytics/refunds/page.tsx:31:1
Module not found: Can't resolve '@/components/admin/analytics'
[0m [90m 29 |[39m   type [33mRefundPeriod[39m[33m,[39m
 [90m 30 |[39m } [36mfrom[39m [32m'@/hooks/business/admin/useRefundAnalytics'[39m[33m;[39m
[31m[1m>[22m[39m[90m 31 |[39m [36mimport[39m {
 [90m    |[39m [31m[1m^[22m[39m[31m[1m^[22m[39m[31m[1m^[22m[39m[31m[1m^[22m[39m[31m[1m^[22m[39m[31m[1m^[22m[3
9m[31m[1m^[22m[39m[31m[1m^[22m[39m
[31m[1m>[22m[39m[90m 32 |[39m   [33mRefundStatisticsWidget[39m[33m,[39m
 [90m    |[39m [31m[1m^[22m[39m[31m[1m^[22m[39m[31m[1m^[22m[39m[31m[1m^[22m[39m[31m[1m^[22m[39m[31m[1m^[22m[3
9m[31m[1m^[22m[39m[31m[1m^[22m[39m[31m[1m^[22m[39m[31m[1m^[22m[39m[31m[1m^[22m[39m[31m[1m^[22m[39m[31m[1m^[2
2m[39m[31m[1m^[22m[39m[31m[1m^[22m[39m[31m[1m^[22m[39m[31m[1m^[22m[39m[31m[1m^[22m[39m[31m[1m^[22m[39m[31m[1
m^[22m[39m[31m[1m^[22m[39m[31m[1m^[22m[39m[31m[1m^[22m[39m[31m[1m^[22m[39m[31m[1m^[22m[39m
[31m[1m>[22m[39m[90m 33 |[39m   [33mRefundTrendChart[39m[33m,[39m
 [90m    |[39m [31m[1m^[22m[39m[31m[1m^[22m[39m[31m[1m^[22m[39m[31m[1m^[22m[39m[31m[1m^[22m[39m[31m[1m^[22m[3
9m[31m[1m^[22m[39m[31m[1m^[22m[39m[31m[1m^[22m[39m[31m[1m^[22m[39m[31m[1m^[22m[39m[31m[1m^[22m[39m[31m[1m^[2
2m[39m[31m[1m^[22m[39m[31m[1m^[22m[39m[31m[1m^[22m[39m[31m[1m^[22m[39m[31m[1m^[22m[39m[31m[1m^[22m[39m[31m[1
m^[22m[39m[31m[1m^[22m[39m[31m[1m^[22m[39m[31m[1m^[22m[39m[31m[1m^[22m[39m[31m[1m^[22m[39m
[31m[1m>[22m[39m[90m 34 |[39m } [36mfrom[39m [32m'@/components/admin/analytics'[39m[33m;[39m
 [90m    |[39m [31m[1m^[22m[39m[31m[1m^[22m[39m[31m[1m^[22m[39m[31m[1m^[22m[39m[31m[1m^[22m[39m[31m[1m^[22m[3
9m[31m[1m^[22m[39m[31m[1m^[22m[39m[31m[1m^[22m[39m[31m[1m^[22m[39m[31m[1m^[22m[39m[31m[1m^[22m[39m[31m[1m^[2
2m[39m[31m[1m^[22m[39m[31m[1m^[22m[39m[31m[1m^[22m[39m[31m[1m^[22m[39m[31m[1m^[22m[39m[31m[1m^[22m[39m[31m[1
m^[22m[39m[31m[1m^[22m[39m[31m[1m^[22m[39m[31m[1m^[22m[39m[31m[1m^[22m[39m[31m[1m^[22m[39m[31m[1m^[22m[39m[3
1m[1m^[22m[39m[31m[1m^[22m[39m[31m[1m^[22m[39m[31m[1m^[22m[39m[31m[1m^[22m[39m[31m[1m^[22m[39m[31m[1m^[22m[3
9m[31m[1m^[22m[39m[31m[1m^[22m[39m[31m[1m^[22m[39m[31m[1m^[22m[39m[31m[1m^[22m[39m[31m[1m^[22m[39m
 [90m 35 |[39m [36mimport[39m { toast } [36mfrom[39m [32m'sonner'[39m[33m;[39m
 [90m 36 |[39m [36mimport[39m { exportToCSV[33m,[39m formatCurrencyForExport } [36mfrom[39m [32m'@/lib/utils/export'[39m[33m
;[39m
 [90m 37 |[39m [36mimport[39m { formatCurrency } [36mfrom[39m [32m'@/lib/shared/formatters'[39m[33m;[39m[0m

Import map: aliased to relative './components/admin/analytics' inside of [project]/


Import traces:
  Client Component Browser:
    ./app/admin/analytics/refunds/page.tsx [Client Component Browser]
    ./app/admin/analytics/refunds/page.tsx [Server Component]

  Client Component SSR:
    ./app/admin/analytics/refunds/page.tsx [Client Component SSR]
    ./app/admin/analytics/refunds/page.tsx [Server Component]

https://nextjs.org/docs/messages/module-not-found


./app/admin/analytics/reports/page.tsx:25:1
Module not found: Can't resolve '@/components/admin/analytics'
[0m [90m 23 |[39m
 [90m 24 |[39m [36mimport[39m { [33mFileBarChart[39m } [36mfrom[39m [32m'lucide-react'[39m[33m;[39m
[31m[1m>[22m[39m[90m 25 |[39m [36mimport[39m { [33mReportBuilder[39m } [36mfrom[39m [32m'@/components/admin/analytics'[39
m[33m;[39m
 [90m    |[39m [31m[1m^[22m[39m[31m[1m^[22m[39m[31m[1m^[22m[39m[31m[1m^[22m[39m[31m[1m^[22m[39m[31m[1m^[22m[3
9m[31m[1m^[22m[39m[31m[1m^[22m[39m[31m[1m^[22m[39m[31m[1m^[22m[39m[31m[1m^[22m[39m[31m[1m^[22m[39m[31m[1m^[2
2m[39m[31m[1m^[22m[39m[31m[1m^[22m[39m[31m[1m^[22m[39m[31m[1m^[22m[39m[31m[1m^[22m[39m[31m[1m^[22m[39m[31m[1
m^[22m[39m[31m[1m^[22m[39m[31m[1m^[22m[39m[31m[1m^[22m[39m[31m[1m^[22m[39m[31m[1m^[22m[39m[31m[1m^[22m[39m[3
1m[1m^[22m[39m[31m[1m^[22m[39m[31m[1m^[22m[39m[31m[1m^[22m[39m[31m[1m^[22m[39m[31m[1m^[22m[39m[31m[1m^[22m[3
9m[31m[1m^[22m[39m[31m[1m^[22m[39m[31m[1m^[22m[39m[31m[1m^[22m[39m[31m[1m^[22m[39m[31m[1m^[22m[39m[31m[1m^[2
2m[39m[31m[1m^[22m[39m[31m[1m^[22m[39m[31m[1m^[22m[39m[31m[1m^[22m[39m[31m[1m^[22m[39m[31m[1m^[22m[39m[31m[1
m^[22m[39m[31m[1m^[22m[39m[31m[1m^[22m[39m[31m[1m^[22m[39m[31m[1m^[22m[39m[31m[1m^[22m[39m[31m[1m^[22m[39m[3
1m[1m^[22m[39m[31m[1m^[22m[39m[31m[1m^[22m[39m[31m[1m^[22m[39m[31m[1m^[22m[39m[31m[1m^[22m[39m[31m[1m^[22m[3
9m[31m[1m^[22m[39m
 [90m 26 |[39m
 [90m 27 |[39m [90m/**[39m
 [90m 28 |[39m [90m * Admin Custom Reports Page[39m[0m

Import map: aliased to relative './components/admin/analytics' inside of [project]/


Import traces:
  Client Component Browser:
    ./app/admin/analytics/reports/page.tsx [Client Component Browser]
    ./app/admin/analytics/reports/page.tsx [Server Component]

  Client Component SSR:
    ./app/admin/analytics/reports/page.tsx [Client Component SSR]
    ./app/admin/analytics/reports/page.tsx [Server Component]

https://nextjs.org/docs/messages/module-not-found


./app/admin/analytics/revenue/page.tsx:30:1
Module not found: Can't resolve '@/components/admin/analytics'
[0m [90m 28 |[39m [36mimport[39m { useRevenueAnalytics } [36mfrom[39m [32m'@/hooks'[39m[33m;[39m
 [90m 29 |[39m [36mimport[39m type { [33mPeriodType[39m } [36mfrom[39m [32m'@/hooks/business/admin/useRevenueAnalytics'[39m[
33m;[39m
[31m[1m>[22m[39m[90m 30 |[39m [36mimport[39m {
 [90m    |[39m [31m[1m^[22m[39m[31m[1m^[22m[39m[31m[1m^[22m[39m[31m[1m^[22m[39m[31m[1m^[22m[39m[31m[1m^[22m[3
9m[31m[1m^[22m[39m[31m[1m^[22m[39m
[31m[1m>[22m[39m[90m 31 |[39m   [33mRevenueBreakdownWidget[39m[33m,[39m
 [90m    |[39m [31m[1m^[22m[39m[31m[1m^[22m[39m[31m[1m^[22m[39m[31m[1m^[22m[39m[31m[1m^[22m[39m[31m[1m^[22m[3
9m[31m[1m^[22m[39m[31m[1m^[22m[39m[31m[1m^[22m[39m[31m[1m^[22m[39m[31m[1m^[22m[39m[31m[1m^[22m[39m[31m[1m^[2
2m[39m[31m[1m^[22m[39m[31m[1m^[22m[39m[31m[1m^[22m[39m[31m[1m^[22m[39m[31m[1m^[22m[39m[31m[1m^[22m[39m[31m[1
m^[22m[39m[31m[1m^[22m[39m[31m[1m^[22m[39m[31m[1m^[22m[39m[31m[1m^[22m[39m[31m[1m^[22m[39m
[31m[1m>[22m[39m[90m 32 |[39m   [33mRevenueChart[39m[33m,[39m
 [90m    |[39m [31m[1m^[22m[39m[31m[1m^[22m[39m[31m[1m^[22m[39m[31m[1m^[22m[39m[31m[1m^[22m[39m[31m[1m^[22m[3
9m[31m[1m^[22m[39m[31m[1m^[22m[39m[31m[1m^[22m[39m[31m[1m^[22m[39m[31m[1m^[22m[39m[31m[1m^[22m[39m[31m[1m^[2
2m[39m[31m[1m^[22m[39m[31m[1m^[22m[39m[31m[1m^[22m[39m[31m[1m^[22m[39m[31m[1m^[22m[39m[31m[1m^[22m[39m[31m[1
m^[22m[39m[31m[1m^[22m[39m[31m[1m^[22m[39m[31m[1m^[22m[39m[31m[1m^[22m[39m[31m[1m^[22m[39m
[31m[1m>[22m[39m[90m 33 |[39m } [36mfrom[39m [32m'@/components/admin/analytics'[39m[33m;[39m
 [90m    |[39m [31m[1m^[22m[39m[31m[1m^[22m[39m[31m[1m^[22m[39m[31m[1m^[22m[39m[31m[1m^[22m[39m[31m[1m^[22m[3
9m[31m[1m^[22m[39m[31m[1m^[22m[39m[31m[1m^[22m[39m[31m[1m^[22m[39m[31m[1m^[22m[39m[31m[1m^[22m[39m[31m[1m^[2
2m[39m[31m[1m^[22m[39m[31m[1m^[22m[39m[31m[1m^[22m[39m[31m[1m^[22m[39m[31m[1m^[22m[39m[31m[1m^[22m[39m[31m[1
m^[22m[39m[31m[1m^[22m[39m[31m[1m^[22m[39m[31m[1m^[22m[39m[31m[1m^[22m[39m[31m[1m^[22m[39m[31m[1m^[22m[39m[3
1m[1m^[22m[39m[31m[1m^[22m[39m[31m[1m^[22m[39m[31m[1m^[22m[39m[31m[1m^[22m[39m[31m[1m^[22m[39m[31m[1m^[22m[3
9m[31m[1m^[22m[39m[31m[1m^[22m[39m[31m[1m^[22m[39m[31m[1m^[22m[39m[31m[1m^[22m[39m[31m[1m^[22m[39m
 [90m 34 |[39m [36mimport[39m { toast } [36mfrom[39m [32m'sonner'[39m[33m;[39m
 [90m 35 |[39m
 [90m 36 |[39m [90m/**[39m[0m

Import map: aliased to relative './components/admin/analytics' inside of [project]/


Import traces:
  Client Component Browser:
    ./app/admin/analytics/revenue/page.tsx [Client Component Browser]
    ./app/admin/analytics/revenue/page.tsx [Server Component]

  Client Component SSR:
    ./app/admin/analytics/revenue/page.tsx [Client Component SSR]
    ./app/admin/analytics/revenue/page.tsx [Server Component]

https://nextjs.org/docs/messages/module-not-found


./components/admin/payouts/BatchPayoutManager.tsx:31:1
Module not found: Can't resolve '@/components/ui/alert'
[0m [90m 29 |[39m [36mimport[39m { [33mTextarea[39m } [36mfrom[39m [32m'@/components/ui/textarea'[39m[33m;[39m
 [90m 30 |[39m [36mimport[39m { [33mLabel[39m } [36mfrom[39m [32m'@/components/ui/label'[39m[33m;[39m
[31m[1m>[22m[39m[90m 31 |[39m [36mimport[39m { [33mAlert[39m[33m,[39m [33mAlertDescription[39m[33m,[39m [33mAlertTitle
[39m } [36mfrom[39m [32m'@/components/ui/alert'[39m[33m;[39m
 [90m    |[39m [31m[1m^[22m[39m[31m[1m^[22m[39m[31m[1m^[22m[39m[31m[1m^[22m[39m[31m[1m^[22m[39m[31m[1m^[22m[3
9m[31m[1m^[22m[39m[31m[1m^[22m[39m[31m[1m^[22m[39m[31m[1m^[22m[39m[31m[1m^[22m[39m[31m[1m^[22m[39m[31m[1m^[2
2m[39m[31m[1m^[22m[39m[31m[1m^[22m[39m[31m[1m^[22m[39m[31m[1m^[22m[39m[31m[1m^[22m[39m[31m[1m^[22m[39m[31m[1
m^[22m[39m[31m[1m^[22m[39m[31m[1m^[22m[39m[31m[1m^[22m[39m[31m[1m^[22m[39m[31m[1m^[22m[39m[31m[1m^[22m[39m[3
1m[1m^[22m[39m[31m[1m^[22m[39m[31m[1m^[22m[39m[31m[1m^[22m[39m[31m[1m^[22m[39m[31m[1m^[22m[39m[31m[1m^[22m[3
9m[31m[1m^[22m[39m[31m[1m^[22m[39m[31m[1m^[22m[39m[31m[1m^[22m[39m[31m[1m^[22m[39m[31m[1m^[22m[39m[31m[1m^[2
2m[39m[31m[1m^[22m[39m[31m[1m^[22m[39m[31m[1m^[22m[39m[31m[1m^[22m[39m[31m[1m^[22m[39m[31m[1m^[22m[39m[31m[1
m^[22m[39m[31m[1m^[22m[39m[31m[1m^[22m[39m[31m[1m^[22m[39m[31m[1m^[22m[39m[31m[1m^[22m[39m[31m[1m^[22m[39m[3
1m[1m^[22m[39m[31m[1m^[22m[39m[31m[1m^[22m[39m[31m[1m^[22m[39m[31m[1m^[22m[39m[31m[1m^[22m[39m[31m[1m^[22m[3
9m[31m[1m^[22m[39m[31m[1m^[22m[39m[31m[1m^[22m[39m[31m[1m^[22m[39m[31m[1m^[22m[39m[31m[1m^[22m[39m[31m[1m^[2
2m[39m[31m[1m^[22m[39m[31m[1m^[22m[39m[31m[1m^[22m[39m[31m[1m^[22m[39m[31m[1m^[22m[39m[31m[1m^[22m[39m[31m[1
m^[22m[39m[31m[1m^[22m[39m[31m[1m^[22m[39m
 [90m 32 |[39m [36mimport[39m {
 [90m 33 |[39m   [33mTable[39m[33m,[39m
 [90m 34 |[39m   [33mTableBody[39m[33m,[39m[0m

Import map: aliased to relative './components/ui/alert' inside of [project]/


Import trace:
  Server Component:
    ./components/admin/payouts/BatchPayoutManager.tsx
    ./app/admin/payouts/batch/page.tsx

https://nextjs.org/docs/messages/module-not-found


./components/admin/payouts/BatchPayoutManager.tsx:27:1
Module not found: Can't resolve '@/components/ui/badge'
[0m [90m 25 |[39m } [36mfrom[39m [32m'@/components/ui/card'[39m[33m;[39m
 [90m 26 |[39m [36mimport[39m { [33mButton[39m } [36mfrom[39m [32m'@/components/ui/button'[39m[33m;[39m
[31m[1m>[22m[39m[90m 27 |[39m [36mimport[39m { [33mBadge[39m } [36mfrom[39m [32m'@/components/ui/badge'[39m[33m;[39m
 [90m    |[39m [31m[1m^[22m[39m[31m[1m^[22m[39m[31m[1m^[22m[39m[31m[1m^[22m[39m[31m[1m^[22m[39m[31m[1m^[22m[3
9m[31m[1m^[22m[39m[31m[1m^[22m[39m[31m[1m^[22m[39m[31m[1m^[22m[39m[31m[1m^[22m[39m[31m[1m^[22m[39m[31m[1m^[2
2m[39m[31m[1m^[22m[39m[31m[1m^[22m[39m[31m[1m^[22m[39m[31m[1m^[22m[39m[31m[1m^[22m[39m[31m[1m^[22m[39m[31m[1
m^[22m[39m[31m[1m^[22m[39m[31m[1m^[22m[39m[31m[1m^[22m[39m[31m[1m^[22m[39m[31m[1m^[22m[39m[31m[1m^[22m[39m[3
1m[1m^[22m[39m[31m[1m^[22m[39m[31m[1m^[22m[39m[31m[1m^[22m[39m[31m[1m^[22m[39m[31m[1m^[22m[39m[31m[1m^[22m[3
9m[31m[1m^[22m[39m[31m[1m^[22m[39m[31m[1m^[22m[39m[31m[1m^[22m[39m[31m[1m^[22m[39m[31m[1m^[22m[39m[31m[1m^[2
2m[39m[31m[1m^[22m[39m[31m[1m^[22m[39m[31m[1m^[22m[39m[31m[1m^[22m[39m[31m[1m^[22m[39m[31m[1m^[22m[39m
 [90m 28 |[39m [36mimport[39m { [33mCheckbox[39m } [36mfrom[39m [32m'@/components/ui/checkbox'[39m[33m;[39m
 [90m 29 |[39m [36mimport[39m { [33mTextarea[39m } [36mfrom[39m [32m'@/components/ui/textarea'[39m[33m;[39m
 [90m 30 |[39m [36mimport[39m { [33mLabel[39m } [36mfrom[39m [32m'@/components/ui/label'[39m[33m;[39m[0m

Import map: aliased to relative './components/ui/badge' inside of [project]/


Import trace:
  Server Component:
    ./components/admin/payouts/BatchPayoutManager.tsx
    ./app/admin/payouts/batch/page.tsx

https://nextjs.org/docs/messages/module-not-found


./components/forms/JobPostingWizard.tsx:8:79
Module not found: Can't resolve '@/components/ui/badge'
[0m [90m  6 |[39m [36mimport[39m { [33mCheck[39m } [36mfrom[39m [32m'lucide-react'[39m[33m;[39m
 [90m  7 |[39m [36mimport[39m { [33mButton[39m } [36mfrom[39m [32m'@/components/ui/button'[39m[33m;[39m
[31m[1m>[22m[39m[90m  8 |[39m [36mimport[39m { [33mCard[39m[33m,[39m [33mCardContent[39m[33m,[39m [33mCardHeader[39m
[33m,[39m [33mCardTitle[39m } [36mfrom[39m [32m'@/components/ui/card'[39m[33m;[39m
 [90m    |[39m                                                                               [31m[1m^[22m[39m[31m[1m^[22m[39m
[31m[1m>[22m[39m[90m  9 |[39m [36mimport[39m { [33mBadge[39m } [36mfrom[39m [32m'@/components/ui/badge'[39m[33m;[39m
 [90m    |[39m [31m[1m^[22m[39m[31m[1m^[22m[39m[31m[1m^[22m[39m[31m[1m^[22m[39m[31m[1m^[22m[39m[31m[1m^[22m[3
9m[31m[1m^[22m[39m[31m[1m^[22m[39m[31m[1m^[22m[39m[31m[1m^[22m[39m[31m[1m^[22m[39m[31m[1m^[22m[39m[31m[1m^[2
2m[39m[31m[1m^[22m[39m[31m[1m^[22m[39m[31m[1m^[22m[39m[31m[1m^[22m[39m[31m[1m^[22m[39m[31m[1m^[22m[39m[31m[1
m^[22m[39m[31m[1m^[22m[39m[31m[1m^[22m[39m[31m[1m^[22m[39m[31m[1m^[22m[39m[31m[1m^[22m[39m[31m[1m^[22m[39m[3
1m[1m^[22m[39m[31m[1m^[22m[39m[31m[1m^[22m[39m[31m[1m^[22m[39m[31m[1m^[22m[39m[31m[1m^[22m[39m[31m[1m^[22m[3
9m[31m[1m^[22m[39m[31m[1m^[22m[39m[31m[1m^[22m[39m[31m[1m^[22m[39m[31m[1m^[22m[39m[31m[1m^[22m[39m[31m[1m^[2
2m[39m[31m[1m^[22m[39m[31m[1m^[22m[39m[31m[1m^[22m[39m[31m[1m^[22m[39m
 [90m 10 |[39m [36mimport[39m { cn } [36mfrom[39m [32m'@/lib/utils'[39m[33m;[39m
 [90m 11 |[39m [36mimport[39m {
 [90m 12 |[39m   [33mStepOne[39m[33m,[39m[0m

Import map: aliased to relative './components/ui/badge' inside of [project]/


Import traces:
  #1 [Client Component Browser]:
    ./components/forms/JobPostingWizard.tsx [Client Component Browser]
    ./app/marketplace/jobs/create/page.tsx [Client Component Browser]
    ./app/marketplace/jobs/create/page.tsx [Server Component]

  #2 [Client Component SSR]:
    ./components/forms/JobPostingWizard.tsx [Client Component SSR]
    ./app/marketplace/jobs/create/page.tsx [Client Component SSR]
    ./app/marketplace/jobs/create/page.tsx [Server Component]

  #3 [Server Component]:
    ./components/forms/JobPostingWizard.tsx
    ./components/forms/index.ts
    ./app/(auth)/verify-email/page.tsx

  #4 [Client Component Browser]:
    ./components/forms/JobPostingWizard.tsx [Client Component Browser]
    ./components/forms/index.ts [Client Component Browser]
    ./app/marketplace/jobs/create/page.tsx [Client Component Browser]
    ./app/marketplace/jobs/create/page.tsx [Server Component]

https://nextjs.org/docs/messages/module-not-found


./components/admin/payouts/BatchPayoutManager.tsx:26:1
Module not found: Can't resolve '@/components/ui/button'
[0m [90m 24 |[39m   [33mCardTitle[39m[33m,[39m
 [90m 25 |[39m } [36mfrom[39m [32m'@/components/ui/card'[39m[33m;[39m
[31m[1m>[22m[39m[90m 26 |[39m [36mimport[39m { [33mButton[39m } [36mfrom[39m [32m'@/components/ui/button'[39m[33m;[39m
 [90m    |[39m [31m[1m^[22m[39m[31m[1m^[22m[39m[31m[1m^[22m[39m[31m[1m^[22m[39m[31m[1m^[22m[39m[31m[1m^[22m[3
9m[31m[1m^[22m[39m[31m[1m^[22m[39m[31m[1m^[22m[39m[31m[1m^[22m[39m[31m[1m^[22m[39m[31m[1m^[22m[39m[31m[1m^[2
2m[39m[31m[1m^[22m[39m[31m[1m^[22m[39m[31m[1m^[22m[39m[31m[1m^[22m[39m[31m[1m^[22m[39m[31m[1m^[22m[39m[31m[1
m^[22m[39m[31m[1m^[22m[39m[31m[1m^[22m[39m[31m[1m^[22m[39m[31m[1m^[22m[39m[31m[1m^[22m[39m[31m[1m^[22m[39m[3
1m[1m^[22m[39m[31m[1m^[22m[39m[31m[1m^[22m[39m[31m[1m^[22m[39m[31m[1m^[22m[39m[31m[1m^[22m[39m[31m[1m^[22m[3
9m[31m[1m^[22m[39m[31m[1m^[22m[39m[31m[1m^[22m[39m[31m[1m^[22m[39m[31m[1m^[22m[39m[31m[1m^[22m[39m[31m[1m^[2
2m[39m[31m[1m^[22m[39m[31m[1m^[22m[39m[31m[1m^[22m[39m[31m[1m^[22m[39m[31m[1m^[22m[39m[31m[1m^[22m[39m[31m[1
m^[22m[39m[31m[1m^[22m[39m
 [90m 27 |[39m [36mimport[39m { [33mBadge[39m } [36mfrom[39m [32m'@/components/ui/badge'[39m[33m;[39m
 [90m 28 |[39m [36mimport[39m { [33mCheckbox[39m } [36mfrom[39m [32m'@/components/ui/checkbox'[39m[33m;[39m
 [90m 29 |[39m [36mimport[39m { [33mTextarea[39m } [36mfrom[39m [32m'@/components/ui/textarea'[39m[33m;[39m[0m

Import map: aliased to relative './components/ui/button' inside of [project]/


Import trace:
  Server Component:
    ./components/admin/payouts/BatchPayoutManager.tsx
    ./app/admin/payouts/batch/page.tsx

https://nextjs.org/docs/messages/module-not-found


./components/forms/JobPostingWizard.tsx:6:36
Module not found: Can't resolve '@/components/ui/button'
[0m [90m  4 |[39m [36mimport[39m { useRouter } [36mfrom[39m [32m'next/navigation'[39m[33m;[39m
 [90m  5 |[39m [36mimport[39m { toast } [36mfrom[39m [32m'sonner'[39m[33m;[39m
[31m[1m>[22m[39m[90m  6 |[39m [36mimport[39m { [33mCheck[39m } [36mfrom[39m [32m'lucide-react'[39m[33m;[39m
 [90m    |[39m                                    [31m[1m^[22m[39m[31m[1m^[22m[39m
[31m[1m>[22m[39m[90m  7 |[39m [36mimport[39m { [33mButton[39m } [36mfrom[39m [32m'@/components/ui/button'[39m[33m;[39m
 [90m    |[39m [31m[1m^[22m[39m[31m[1m^[22m[39m[31m[1m^[22m[39m[31m[1m^[22m[39m[31m[1m^[22m[39m[31m[1m^[22m[3
9m[31m[1m^[22m[39m[31m[1m^[22m[39m[31m[1m^[22m[39m[31m[1m^[22m[39m[31m[1m^[22m[39m[31m[1m^[22m[39m[31m[1m^[2
2m[39m[31m[1m^[22m[39m[31m[1m^[22m[39m[31m[1m^[22m[39m[31m[1m^[22m[39m[31m[1m^[22m[39m[31m[1m^[22m[39m[31m[1
m^[22m[39m[31m[1m^[22m[39m[31m[1m^[22m[39m[31m[1m^[22m[39m[31m[1m^[22m[39m[31m[1m^[22m[39m[31m[1m^[22m[39m[3
1m[1m^[22m[39m[31m[1m^[22m[39m[31m[1m^[22m[39m[31m[1m^[22m[39m[31m[1m^[22m[39m[31m[1m^[22m[39m[31m[1m^[22m[3
9m[31m[1m^[22m[39m[31m[1m^[22m[39m[31m[1m^[22m[39m[31m[1m^[22m[39m[31m[1m^[22m[39m[31m[1m^[22m[39m[31m[1m^[2
2m[39m[31m[1m^[22m[39m[31m[1m^[22m[39m[31m[1m^[22m[39m[31m[1m^[22m[39m[31m[1m^[22m[39m[31m[1m^[22m[39m
 [90m  8 |[39m [36mimport[39m { [33mCard[39m[33m,[39m [33mCardContent[39m[33m,[39m [33mCardHeader[39m[33m,[39m [33mCar
dTitle[39m } [36mfrom[39m [32m'@/components/ui/card'[39m[33m;[39m
 [90m  9 |[39m [36mimport[39m { [33mBadge[39m } [36mfrom[39m [32m'@/components/ui/badge'[39m[33m;[39m
 [90m 10 |[39m [36mimport[39m { cn } [36mfrom[39m [32m'@/lib/utils'[39m[33m;[39m[0m

Import map: aliased to relative './components/ui/button' inside of [project]/


Import traces:
  #1 [Client Component Browser]:
    ./components/forms/JobPostingWizard.tsx [Client Component Browser]
    ./app/marketplace/jobs/create/page.tsx [Client Component Browser]
    ./app/marketplace/jobs/create/page.tsx [Server Component]

  #2 [Client Component SSR]:
    ./components/forms/JobPostingWizard.tsx [Client Component SSR]
    ./app/marketplace/jobs/create/page.tsx [Client Component SSR]
    ./app/marketplace/jobs/create/page.tsx [Server Component]

  #3 [Server Component]:
    ./components/forms/JobPostingWizard.tsx
    ./components/forms/index.ts
    ./app/(auth)/verify-email/page.tsx

  #4 [Client Component Browser]:
    ./components/forms/JobPostingWizard.tsx [Client Component Browser]
    ./components/forms/index.ts [Client Component Browser]
    ./app/marketplace/jobs/create/page.tsx [Client Component Browser]
    ./app/marketplace/jobs/create/page.tsx [Server Component]

https://nextjs.org/docs/messages/module-not-found


./components/admin/payouts/BatchPayoutManager.tsx:19:1
Module not found: Can't resolve '@/components/ui/card'
[0m [90m 17 |[39m
 [90m 18 |[39m [36mimport[39m [33mReact[39m[33m,[39m { useState[33m,[39m useEffect } [36mfrom[39m [32m'react'[39m[33m;[
39m
[31m[1m>[22m[39m[90m 19 |[39m [36mimport[39m {
 [90m    |[39m [31m[1m^[22m[39m[31m[1m^[22m[39m[31m[1m^[22m[39m[31m[1m^[22m[39m[31m[1m^[22m[39m[31m[1m^[22m[3
9m[31m[1m^[22m[39m[31m[1m^[22m[39m
[31m[1m>[22m[39m[90m 20 |[39m   [33mCard[39m[33m,[39m
 [90m    |[39m [31m[1m^[22m[39m[31m[1m^[22m[39m[31m[1m^[22m[39m[31m[1m^[22m[39m[31m[1m^[22m[39m[31m[1m^[22m[3
9m[31m[1m^[22m[39m
[31m[1m>[22m[39m[90m 21 |[39m   [33mCardContent[39m[33m,[39m
 [90m    |[39m [31m[1m^[22m[39m[31m[1m^[22m[39m[31m[1m^[22m[39m[31m[1m^[22m[39m[31m[1m^[22m[39m[31m[1m^[22m[3
9m[31m[1m^[22m[39m
[31m[1m>[22m[39m[90m 22 |[39m   [33mCardDescription[39m[33m,[39m
 [90m    |[39m [31m[1m^[22m[39m[31m[1m^[22m[39m[31m[1m^[22m[39m[31m[1m^[22m[39m[31m[1m^[22m[39m[31m[1m^[22m[3
9m[31m[1m^[22m[39m
[31m[1m>[22m[39m[90m 23 |[39m   [33mCardHeader[39m[33m,[39m
 [90m    |[39m [31m[1m^[22m[39m[31m[1m^[22m[39m[31m[1m^[22m[39m[31m[1m^[22m[39m[31m[1m^[22m[39m[31m[1m^[22m[3
9m[31m[1m^[22m[39m
[31m[1m>[22m[39m[90m 24 |[39m   [33mCardTitle[39m[33m,[39m
 [90m    |[39m [31m[1m^[22m[39m[31m[1m^[22m[39m[31m[1m^[22m[39m[31m[1m^[22m[39m[31m[1m^[22m[39m[31m[1m^[22m[3
9m[31m[1m^[22m[39m
[31m[1m>[22m[39m[90m 25 |[39m } [36mfrom[39m [32m'@/components/ui/card'[39m[33m;[39m
 [90m    |[39m [31m[1m^[22m[39m[31m[1m^[22m[39m[31m[1m^[22m[39m[31m[1m^[22m[39m[31m[1m^[22m[39m[31m[1m^[22m[3
9m[31m[1m^[22m[39m[31m[1m^[22m[39m[31m[1m^[22m[39m[31m[1m^[22m[39m[31m[1m^[22m[39m[31m[1m^[22m[39m[31m[1m^[2
2m[39m[31m[1m^[22m[39m[31m[1m^[22m[39m[31m[1m^[22m[39m[31m[1m^[22m[39m[31m[1m^[22m[39m[31m[1m^[22m[39m[31m[1
m^[22m[39m[31m[1m^[22m[39m[31m[1m^[22m[39m[31m[1m^[22m[39m[31m[1m^[22m[39m[31m[1m^[22m[39m[31m[1m^[22m[39m[3
1m[1m^[22m[39m[31m[1m^[22m[39m[31m[1m^[22m[39m[31m[1m^[22m[39m[31m[1m^[22m[39m
 [90m 26 |[39m [36mimport[39m { [33mButton[39m } [36mfrom[39m [32m'@/components/ui/button'[39m[33m;[39m
 [90m 27 |[39m [36mimport[39m { [33mBadge[39m } [36mfrom[39m [32m'@/components/ui/badge'[39m[33m;[39m
 [90m 28 |[39m [36mimport[39m { [33mCheckbox[39m } [36mfrom[39m [32m'@/components/ui/checkbox'[39m[33m;[39m[0m

Import map: aliased to relative './components/ui/card' inside of [project]/


Import trace:
  Server Component:
    ./components/admin/payouts/BatchPayoutManager.tsx
    ./app/admin/payouts/batch/page.tsx

https://nextjs.org/docs/messages/module-not-found


./components/forms/JobPostingWizard.tsx:7:47
Module not found: Can't resolve '@/components/ui/card'
[0m [90m  5 |[39m [36mimport[39m { toast } [36mfrom[39m [32m'sonner'[39m[33m;[39m
 [90m  6 |[39m [36mimport[39m { [33mCheck[39m } [36mfrom[39m [32m'lucide-react'[39m[33m;[39m
[31m[1m>[22m[39m[90m  7 |[39m [36mimport[39m { [33mButton[39m } [36mfrom[39m [32m'@/components/ui/button'[39m[33m;[39m
 [90m    |[39m                                               [31m[1m^[22m[39m[31m[1m^[22m[39m
[31m[1m>[22m[39m[90m  8 |[39m [36mimport[39m { [33mCard[39m[33m,[39m [33mCardContent[39m[33m,[39m [33mCardHeader[39m
[33m,[39m [33mCardTitle[39m } [36mfrom[39m [32m'@/components/ui/card'[39m[33m;[39m
 [90m    |[39m [31m[1m^[22m[39m[31m[1m^[22m[39m[31m[1m^[22m[39m[31m[1m^[22m[39m[31m[1m^[22m[39m[31m[1m^[22m[3
9m[31m[1m^[22m[39m[31m[1m^[22m[39m[31m[1m^[22m[39m[31m[1m^[22m[39m[31m[1m^[22m[39m[31m[1m^[22m[39m[31m[1m^[2
2m[39m[31m[1m^[22m[39m[31m[1m^[22m[39m[31m[1m^[22m[39m[31m[1m^[22m[39m[31m[1m^[22m[39m[31m[1m^[22m[39m[31m[1
m^[22m[39m[31m[1m^[22m[39m[31m[1m^[22m[39m[31m[1m^[22m[39m[31m[1m^[22m[39m[31m[1m^[22m[39m[31m[1m^[22m[39m[3
1m[1m^[22m[39m[31m[1m^[22m[39m[31m[1m^[22m[39m[31m[1m^[22m[39m[31m[1m^[22m[39m[31m[1m^[22m[39m[31m[1m^[22m[3
9m[31m[1m^[22m[39m[31m[1m^[22m[39m[31m[1m^[22m[39m[31m[1m^[22m[39m[31m[1m^[22m[39m[31m[1m^[22m[39m[31m[1m^[2
2m[39m[31m[1m^[22m[39m[31m[1m^[22m[39m[31m[1m^[22m[39m[31m[1m^[22m[39m[31m[1m^[22m[39m[31m[1m^[22m[39m[31m[1
m^[22m[39m[31m[1m^[22m[39m[31m[1m^[22m[39m[31m[1m^[22m[39m[31m[1m^[22m[39m[31m[1m^[22m[39m[31m[1m^[22m[39m[3
1m[1m^[22m[39m[31m[1m^[22m[39m[31m[1m^[22m[39m[31m[1m^[22m[39m[31m[1m^[22m[39m[31m[1m^[22m[39m[31m[1m^[22m[3
9m[31m[1m^[22m[39m[31m[1m^[22m[39m[31m[1m^[22m[39m[31m[1m^[22m[39m[31m[1m^[22m[39m[31m[1m^[22m[39m[31m[1m^[2
2m[39m[31m[1m^[22m[39m[31m[1m^[22m[39m[31m[1m^[22m[39m[31m[1m^[22m[39m[31m[1m^[22m[39m[31m[1m^[22m[39m[31m[1
m^[22m[39m[31m[1m^[22m[39m[31m[1m^[22m[39m[31m[1m^[22m[39m[31m[1m^[22m[39m
 [90m  9 |[39m [36mimport[39m { [33mBadge[39m } [36mfrom[39m [32m'@/components/ui/badge'[39m[33m;[39m
 [90m 10 |[39m [36mimport[39m { cn } [36mfrom[39m [32m'@/lib/utils'[39m[33m;[39m
 [90m 11 |[39m [36mimport[39m {[0m

Import map: aliased to relative './components/ui/card' inside of [project]/


Import traces:
  #1 [Client Component Browser]:
    ./components/forms/JobPostingWizard.tsx [Client Component Browser]
    ./app/marketplace/jobs/create/page.tsx [Client Component Browser]
    ./app/marketplace/jobs/create/page.tsx [Server Component]

  #2 [Client Component SSR]:
    ./components/forms/JobPostingWizard.tsx [Client Component SSR]
    ./app/marketplace/jobs/create/page.tsx [Client Component SSR]
    ./app/marketplace/jobs/create/page.tsx [Server Component]

  #3 [Server Component]:
    ./components/forms/JobPostingWizard.tsx
    ./components/forms/index.ts
    ./app/(auth)/verify-email/page.tsx

  #4 [Client Component Browser]:
    ./components/forms/JobPostingWizard.tsx [Client Component Browser]
    ./components/forms/index.ts [Client Component Browser]
    ./app/marketplace/jobs/create/page.tsx [Client Component Browser]
    ./app/marketplace/jobs/create/page.tsx [Server Component]

https://nextjs.org/docs/messages/module-not-found


./components/admin/payouts/BatchPayoutManager.tsx:28:1
Module not found: Can't resolve '@/components/ui/checkbox'
[0m [90m 26 |[39m [36mimport[39m { [33mButton[39m } [36mfrom[39m [32m'@/components/ui/button'[39m[33m;[39m
 [90m 27 |[39m [36mimport[39m { [33mBadge[39m } [36mfrom[39m [32m'@/components/ui/badge'[39m[33m;[39m
[31m[1m>[22m[39m[90m 28 |[39m [36mimport[39m { [33mCheckbox[39m } [36mfrom[39m [32m'@/components/ui/checkbox'[39m[33m;[
39m
 [90m    |[39m [31m[1m^[22m[39m[31m[1m^[22m[39m[31m[1m^[22m[39m[31m[1m^[22m[39m[31m[1m^[22m[39m[31m[1m^[22m[3
9m[31m[1m^[22m[39m[31m[1m^[22m[39m[31m[1m^[22m[39m[31m[1m^[22m[39m[31m[1m^[22m[39m[31m[1m^[22m[39m[31m[1m^[2
2m[39m[31m[1m^[22m[39m[31m[1m^[22m[39m[31m[1m^[22m[39m[31m[1m^[22m[39m[31m[1m^[22m[39m[31m[1m^[22m[39m[31m[1
m^[22m[39m[31m[1m^[22m[39m[31m[1m^[22m[39m[31m[1m^[22m[39m[31m[1m^[22m[39m[31m[1m^[22m[39m[31m[1m^[22m[39m[3
1m[1m^[22m[39m[31m[1m^[22m[39m[31m[1m^[22m[39m[31m[1m^[22m[39m[31m[1m^[22m[39m[31m[1m^[22m[39m[31m[1m^[22m[3
9m[31m[1m^[22m[39m[31m[1m^[22m[39m[31m[1m^[22m[39m[31m[1m^[22m[39m[31m[1m^[22m[39m[31m[1m^[22m[39m[31m[1m^[2
2m[39m[31m[1m^[22m[39m[31m[1m^[22m[39m[31m[1m^[22m[39m[31m[1m^[22m[39m[31m[1m^[22m[39m[31m[1m^[22m[39m[31m[1
m^[22m[39m[31m[1m^[22m[39m[31m[1m^[22m[39m[31m[1m^[22m[39m[31m[1m^[22m[39m[31m[1m^[22m[39m
 [90m 29 |[39m [36mimport[39m { [33mTextarea[39m } [36mfrom[39m [32m'@/components/ui/textarea'[39m[33m;[39m
 [90m 30 |[39m [36mimport[39m { [33mLabel[39m } [36mfrom[39m [32m'@/components/ui/label'[39m[33m;[39m
 [90m 31 |[39m [36mimport[39m { [33mAlert[39m[33m,[39m [33mAlertDescription[39m[33m,[39m [33mAlertTitle[39m } [36mfrom[
39m [32m'@/components/ui/alert'[39m[33m;[39m[0m

Import map: aliased to relative './components/ui/checkbox' inside of [project]/


Import trace:
  Server Component:
    ./components/admin/payouts/BatchPayoutManager.tsx
    ./app/admin/payouts/batch/page.tsx

https://nextjs.org/docs/messages/module-not-found


./components/admin/payouts/BatchPayoutManager.tsx:30:1
Module not found: Can't resolve '@/components/ui/label'
[0m [90m 28 |[39m [36mimport[39m { [33mCheckbox[39m } [36mfrom[39m [32m'@/components/ui/checkbox'[39m[33m;[39m
 [90m 29 |[39m [36mimport[39m { [33mTextarea[39m } [36mfrom[39m [32m'@/components/ui/textarea'[39m[33m;[39m
[31m[1m>[22m[39m[90m 30 |[39m [36mimport[39m { [33mLabel[39m } [36mfrom[39m [32m'@/components/ui/label'[39m[33m;[39m
 [90m    |[39m [31m[1m^[22m[39m[31m[1m^[22m[39m[31m[1m^[22m[39m[31m[1m^[22m[39m[31m[1m^[22m[39m[31m[1m^[22m[3
9m[31m[1m^[22m[39m[31m[1m^[22m[39m[31m[1m^[22m[39m[31m[1m^[22m[39m[31m[1m^[22m[39m[31m[1m^[22m[39m[31m[1m^[2
2m[39m[31m[1m^[22m[39m[31m[1m^[22m[39m[31m[1m^[22m[39m[31m[1m^[22m[39m[31m[1m^[22m[39m[31m[1m^[22m[39m[31m[1
m^[22m[39m[31m[1m^[22m[39m[31m[1m^[22m[39m[31m[1m^[22m[39m[31m[1m^[22m[39m[31m[1m^[22m[39m[31m[1m^[22m[39m[3
1m[1m^[22m[39m[31m[1m^[22m[39m[31m[1m^[22m[39m[31m[1m^[22m[39m[31m[1m^[22m[39m[31m[1m^[22m[39m[31m[1m^[22m[3
9m[31m[1m^[22m[39m[31m[1m^[22m[39m[31m[1m^[22m[39m[31m[1m^[22m[39m[31m[1m^[22m[39m[31m[1m^[22m[39m[31m[1m^[2
2m[39m[31m[1m^[22m[39m[31m[1m^[22m[39m[31m[1m^[22m[39m[31m[1m^[22m[39m[31m[1m^[22m[39m[31m[1m^[22m[39m
 [90m 31 |[39m [36mimport[39m { [33mAlert[39m[33m,[39m [33mAlertDescription[39m[33m,[39m [33mAlertTitle[39m } [36mfrom[
39m [32m'@/components/ui/alert'[39m[33m;[39m
 [90m 32 |[39m [36mimport[39m {
 [90m 33 |[39m   [33mTable[39m[33m,[39m[0m

Import map: aliased to relative './components/ui/label' inside of [project]/


Import trace:
  Server Component:
    ./components/admin/payouts/BatchPayoutManager.tsx
    ./app/admin/payouts/batch/page.tsx

https://nextjs.org/docs/messages/module-not-found


./app/admin/payments/failed/page.tsx:28:1
Module not found: Can't resolve '@/components/ui/table'
[0m [90m 26 |[39m [36mimport[39m { [33mBadge[39m } [36mfrom[39m [32m'@/components/ui/Badge'[39m[33m;[39m
 [90m 27 |[39m [36mimport[39m { [33mInput[39m } [36mfrom[39m [32m'@/components/ui/Input'[39m[33m;[39m
[31m[1m>[22m[39m[90m 28 |[39m [36mimport[39m {
 [90m    |[39m [31m[1m^[22m[39m[31m[1m^[22m[39m[31m[1m^[22m[39m[31m[1m^[22m[39m[31m[1m^[22m[39m[31m[1m^[22m[3
9m[31m[1m^[22m[39m[31m[1m^[22m[39m
[31m[1m>[22m[39m[90m 29 |[39m   [33mTable[39m[33m,[39m
 [90m    |[39m [31m[1m^[22m[39m[31m[1m^[22m[39m[31m[1m^[22m[39m[31m[1m^[22m[39m[31m[1m^[22m[39m[31m[1m^[22m[3
9m[31m[1m^[22m[39m[31m[1m^[22m[39m
[31m[1m>[22m[39m[90m 30 |[39m   [33mTableBody[39m[33m,[39m
 [90m    |[39m [31m[1m^[22m[39m[31m[1m^[22m[39m[31m[1m^[22m[39m[31m[1m^[22m[39m[31m[1m^[22m[39m[31m[1m^[22m[3
9m[31m[1m^[22m[39m[31m[1m^[22m[39m
[31m[1m>[22m[39m[90m 31 |[39m   [33mTableCell[39m[33m,[39m
 [90m    |[39m [31m[1m^[22m[39m[31m[1m^[22m[39m[31m[1m^[22m[39m[31m[1m^[22m[39m[31m[1m^[22m[39m[31m[1m^[22m[3
9m[31m[1m^[22m[39m[31m[1m^[22m[39m
[31m[1m>[22m[39m[90m 32 |[39m   [33mTableHead[39m[33m,[39m
 [90m    |[39m [31m[1m^[22m[39m[31m[1m^[22m[39m[31m[1m^[22m[39m[31m[1m^[22m[39m[31m[1m^[22m[39m[31m[1m^[22m[3
9m[31m[1m^[22m[39m[31m[1m^[22m[39m
[31m[1m>[22m[39m[90m 33 |[39m   [33mTableHeader[39m[33m,[39m
 [90m    |[39m [31m[1m^[22m[39m[31m[1m^[22m[39m[31m[1m^[22m[39m[31m[1m^[22m[39m[31m[1m^[22m[39m[31m[1m^[22m[3
9m[31m[1m^[22m[39m[31m[1m^[22m[39m
[31m[1m>[22m[39m[90m 34 |[39m   [33mTableRow[39m[33m,[39m
 [90m    |[39m [31m[1m^[22m[39m[31m[1m^[22m[39m[31m[1m^[22m[39m[31m[1m^[22m[39m[31m[1m^[22m[39m[31m[1m^[22m[3
9m[31m[1m^[22m[39m[31m[1m^[22m[39m
[31m[1m>[22m[39m[90m 35 |[39m } [36mfrom[39m [32m'@/components/ui/table'[39m[33m;[39m
 [90m    |[39m [31m[1m^[22m[39m[31m[1m^[22m[39m[31m[1m^[22m[39m[31m[1m^[22m[39m[31m[1m^[22m[39m[31m[1m^[22m[3
9m[31m[1m^[22m[39m[31m[1m^[22m[39m[31m[1m^[22m[39m[31m[1m^[22m[39m[31m[1m^[22m[39m[31m[1m^[22m[39m[31m[1m^[2
2m[39m[31m[1m^[22m[39m[31m[1m^[22m[39m[31m[1m^[22m[39m[31m[1m^[22m[39m[31m[1m^[22m[39m[31m[1m^[22m[39m[31m[1
m^[22m[39m[31m[1m^[22m[39m[31m[1m^[22m[39m[31m[1m^[22m[39m[31m[1m^[22m[39m[31m[1m^[22m[39m[31m[1m^[22m[39m[3
1m[1m^[22m[39m[31m[1m^[22m[39m[31m[1m^[22m[39m[31m[1m^[22m[39m[31m[1m^[22m[39m[31m[1m^[22m[39m
 [90m 36 |[39m [36mimport[39m {
 [90m 37 |[39m   [33mAlertCircle[39m[33m,[39m
 [90m 38 |[39m   [33mCheckCircle2[39m[33m,[39m[0m

Import map: aliased to relative './components/ui/table' inside of [project]/


Import traces:
  Client Component Browser:
    ./app/admin/payments/failed/page.tsx [Client Component Browser]
    ./app/admin/payments/failed/page.tsx [Server Component]

  Client Component SSR:
    ./app/admin/payments/failed/page.tsx [Client Component SSR]
    ./app/admin/payments/failed/page.tsx [Server Component]

https://nextjs.org/docs/messages/module-not-found


./app/dashboard/refunds/page.tsx:19:1
Module not found: Can't resolve '@/components/ui/table'
[0m [90m 17 |[39m [36mimport[39m { [33mButton[39m } [36mfrom[39m [32m'@/components/ui'[39m[33m;[39m
 [90m 18 |[39m [36mimport[39m { [33mStatusBadge[39m } [36mfrom[39m [32m'@/components/shared/StatusBadge'[39m[33m;[39m
[31m[1m>[22m[39m[90m 19 |[39m [36mimport[39m {
 [90m    |[39m [31m[1m^[22m[39m[31m[1m^[22m[39m[31m[1m^[22m[39m[31m[1m^[22m[39m[31m[1m^[22m[39m[31m[1m^[22m[3
9m[31m[1m^[22m[39m[31m[1m^[22m[39m
[31m[1m>[22m[39m[90m 20 |[39m   [33mTable[39m[33m,[39m
 [90m    |[39m [31m[1m^[22m[39m[31m[1m^[22m[39m[31m[1m^[22m[39m[31m[1m^[22m[39m[31m[1m^[22m[39m[31m[1m^[22m[3
9m[31m[1m^[22m[39m[31m[1m^[22m[39m
[31m[1m>[22m[39m[90m 21 |[39m   [33mTableBody[39m[33m,[39m
 [90m    |[39m [31m[1m^[22m[39m[31m[1m^[22m[39m[31m[1m^[22m[39m[31m[1m^[22m[39m[31m[1m^[22m[39m[31m[1m^[22m[3
9m[31m[1m^[22m[39m[31m[1m^[22m[39m
[31m[1m>[22m[39m[90m 22 |[39m   [33mTableCell[39m[33m,[39m
 [90m    |[39m [31m[1m^[22m[39m[31m[1m^[22m[39m[31m[1m^[22m[39m[31m[1m^[22m[39m[31m[1m^[22m[39m[31m[1m^[22m[3
9m[31m[1m^[22m[39m[31m[1m^[22m[39m
[31m[1m>[22m[39m[90m 23 |[39m   [33mTableHead[39m[33m,[39m
 [90m    |[39m [31m[1m^[22m[39m[31m[1m^[22m[39m[31m[1m^[22m[39m[31m[1m^[22m[39m[31m[1m^[22m[39m[31m[1m^[22m[3
9m[31m[1m^[22m[39m[31m[1m^[22m[39m
[31m[1m>[22m[39m[90m 24 |[39m   [33mTableHeader[39m[33m,[39m
 [90m    |[39m [31m[1m^[22m[39m[31m[1m^[22m[39m[31m[1m^[22m[39m[31m[1m^[22m[39m[31m[1m^[22m[39m[31m[1m^[22m[3
9m[31m[1m^[22m[39m[31m[1m^[22m[39m
[31m[1m>[22m[39m[90m 25 |[39m   [33mTableRow[39m[33m,[39m
 [90m    |[39m [31m[1m^[22m[39m[31m[1m^[22m[39m[31m[1m^[22m[39m[31m[1m^[22m[39m[31m[1m^[22m[39m[31m[1m^[22m[3
9m[31m[1m^[22m[39m[31m[1m^[22m[39m
[31m[1m>[22m[39m[90m 26 |[39m } [36mfrom[39m [32m'@/components/ui/table'[39m[33m;[39m
 [90m    |[39m [31m[1m^[22m[39m[31m[1m^[22m[39m[31m[1m^[22m[39m[31m[1m^[22m[39m[31m[1m^[22m[39m[31m[1m^[22m[3
9m[31m[1m^[22m[39m[31m[1m^[22m[39m[31m[1m^[22m[39m[31m[1m^[22m[39m[31m[1m^[22m[39m[31m[1m^[22m[39m[31m[1m^[2
2m[39m[31m[1m^[22m[39m[31m[1m^[22m[39m[31m[1m^[22m[39m[31m[1m^[22m[39m[31m[1m^[22m[39m[31m[1m^[22m[39m[31m[1
m^[22m[39m[31m[1m^[22m[39m[31m[1m^[22m[39m[31m[1m^[22m[39m[31m[1m^[22m[39m[31m[1m^[22m[39m[31m[1m^[22m[39m[3
1m[1m^[22m[39m[31m[1m^[22m[39m[31m[1m^[22m[39m[31m[1m^[22m[39m[31m[1m^[22m[39m[31m[1m^[22m[39m
 [90m 27 |[39m [36mimport[39m {
 [90m 28 |[39m   getMyRefunds[33m,[39m
 [90m 29 |[39m   cancelRefund[33m,[39m[0m

Import map: aliased to relative './components/ui/table' inside of [project]/


Import traces:
  Client Component Browser:
    ./app/dashboard/refunds/page.tsx [Client Component Browser]
    ./app/dashboard/refunds/page.tsx [Server Component]

  Client Component SSR:
    ./app/dashboard/refunds/page.tsx [Client Component SSR]
    ./app/dashboard/refunds/page.tsx [Server Component]

https://nextjs.org/docs/messages/module-not-found


./components/admin/payouts/BatchPayoutManager.tsx:32:1
Module not found: Can't resolve '@/components/ui/table'
[0m [90m 30 |[39m [36mimport[39m { [33mLabel[39m } [36mfrom[39m [32m'@/components/ui/label'[39m[33m;[39m
 [90m 31 |[39m [36mimport[39m { [33mAlert[39m[33m,[39m [33mAlertDescription[39m[33m,[39m [33mAlertTitle[39m } [36mfrom[
39m [32m'@/components/ui/alert'[39m[33m;[39m
[31m[1m>[22m[39m[90m 32 |[39m [36mimport[39m {
 [90m    |[39m [31m[1m^[22m[39m[31m[1m^[22m[39m[31m[1m^[22m[39m[31m[1m^[22m[39m[31m[1m^[22m[39m[31m[1m^[22m[3
9m[31m[1m^[22m[39m[31m[1m^[22m[39m
[31m[1m>[22m[39m[90m 33 |[39m   [33mTable[39m[33m,[39m
 [90m    |[39m [31m[1m^[22m[39m[31m[1m^[22m[39m[31m[1m^[22m[39m[31m[1m^[22m[39m[31m[1m^[22m[39m[31m[1m^[22m[3
9m[31m[1m^[22m[39m[31m[1m^[22m[39m
[31m[1m>[22m[39m[90m 34 |[39m   [33mTableBody[39m[33m,[39m
 [90m    |[39m [31m[1m^[22m[39m[31m[1m^[22m[39m[31m[1m^[22m[39m[31m[1m^[22m[39m[31m[1m^[22m[39m[31m[1m^[22m[3
9m[31m[1m^[22m[39m[31m[1m^[22m[39m
[31m[1m>[22m[39m[90m 35 |[39m   [33mTableCell[39m[33m,[39m
 [90m    |[39m [31m[1m^[22m[39m[31m[1m^[22m[39m[31m[1m^[22m[39m[31m[1m^[22m[39m[31m[1m^[22m[39m[31m[1m^[22m[3
9m[31m[1m^[22m[39m[31m[1m^[22m[39m
[31m[1m>[22m[39m[90m 36 |[39m   [33mTableHead[39m[33m,[39m
 [90m    |[39m [31m[1m^[22m[39m[31m[1m^[22m[39m[31m[1m^[22m[39m[31m[1m^[22m[39m[31m[1m^[22m[39m[31m[1m^[22m[3
9m[31m[1m^[22m[39m[31m[1m^[22m[39m
[31m[1m>[22m[39m[90m 37 |[39m   [33mTableHeader[39m[33m,[39m
 [90m    |[39m [31m[1m^[22m[39m[31m[1m^[22m[39m[31m[1m^[22m[39m[31m[1m^[22m[39m[31m[1m^[22m[39m[31m[1m^[22m[3
9m[31m[1m^[22m[39m[31m[1m^[22m[39m
[31m[1m>[22m[39m[90m 38 |[39m   [33mTableRow[39m[33m,[39m
 [90m    |[39m [31m[1m^[22m[39m[31m[1m^[22m[39m[31m[1m^[22m[39m[31m[1m^[22m[39m[31m[1m^[22m[39m[31m[1m^[22m[3
9m[31m[1m^[22m[39m[31m[1m^[22m[39m
[31m[1m>[22m[39m[90m 39 |[39m } [36mfrom[39m [32m'@/components/ui/table'[39m[33m;[39m
 [90m    |[39m [31m[1m^[22m[39m[31m[1m^[22m[39m[31m[1m^[22m[39m[31m[1m^[22m[39m[31m[1m^[22m[39m[31m[1m^[22m[3
9m[31m[1m^[22m[39m[31m[1m^[22m[39m[31m[1m^[22m[39m[31m[1m^[22m[39m[31m[1m^[22m[39m[31m[1m^[22m[39m[31m[1m^[2
2m[39m[31m[1m^[22m[39m[31m[1m^[22m[39m[31m[1m^[22m[39m[31m[1m^[22m[39m[31m[1m^[22m[39m[31m[1m^[22m[39m[31m[1
m^[22m[39m[31m[1m^[22m[39m[31m[1m^[22m[39m[31m[1m^[22m[39m[31m[1m^[22m[39m[31m[1m^[22m[39m[31m[1m^[22m[39m[3
1m[1m^[22m[39m[31m[1m^[22m[39m[31m[1m^[22m[39m[31m[1m^[22m[39m[31m[1m^[22m[39m[31m[1m^[22m[39m
 [90m 40 |[39m [36mimport[39m {
 [90m 41 |[39m   [33mCheckCircle2[39m[33m,[39m
 [90m 42 |[39m   [33mXCircle[39m[33m,[39m[0m

Import map: aliased to relative './components/ui/table' inside of [project]/


Import trace:
  Server Component:
    ./components/admin/payouts/BatchPayoutManager.tsx
    ./app/admin/payouts/batch/page.tsx

https://nextjs.org/docs/messages/module-not-found


./components/domains/admin/moderation/ContentModerationQueue.tsx:10:1
Module not found: Can't resolve '@/components/ui/table'
[0m [90m  8 |[39m [36mimport[39m { [33mInput[39m } [36mfrom[39m [32m'@/components/ui/Input'[39m[33m;[39m
 [90m  9 |[39m [36mimport[39m { [33mCard[39m[33m,[39m [33mCardContent[39m[33m,[39m [33mCardHeader[39m[33m,[39m [33mCar
dTitle[39m } [36mfrom[39m [32m'@/components/ui/Card'[39m[33m;[39m
[31m[1m>[22m[39m[90m 10 |[39m [36mimport[39m {
 [90m    |[39m [31m[1m^[22m[39m[31m[1m^[22m[39m[31m[1m^[22m[39m[31m[1m^[22m[39m[31m[1m^[22m[39m[31m[1m^[22m[3
9m[31m[1m^[22m[39m[31m[1m^[22m[39m
[31m[1m>[22m[39m[90m 11 |[39m   [33mTable[39m[33m,[39m
 [90m    |[39m [31m[1m^[22m[39m[31m[1m^[22m[39m[31m[1m^[22m[39m[31m[1m^[22m[39m[31m[1m^[22m[39m[31m[1m^[22m[3
9m[31m[1m^[22m[39m[31m[1m^[22m[39m
[31m[1m>[22m[39m[90m 12 |[39m   [33mTableBody[39m[33m,[39m
 [90m    |[39m [31m[1m^[22m[39m[31m[1m^[22m[39m[31m[1m^[22m[39m[31m[1m^[22m[39m[31m[1m^[22m[39m[31m[1m^[22m[3
9m[31m[1m^[22m[39m[31m[1m^[22m[39m
[31m[1m>[22m[39m[90m 13 |[39m   [33mTableCell[39m[33m,[39m
 [90m    |[39m [31m[1m^[22m[39m[31m[1m^[22m[39m[31m[1m^[22m[39m[31m[1m^[22m[39m[31m[1m^[22m[39m[31m[1m^[22m[3
9m[31m[1m^[22m[39m[31m[1m^[22m[39m
[31m[1m>[22m[39m[90m 14 |[39m   [33mTableHead[39m[33m,[39m
 [90m    |[39m [31m[1m^[22m[39m[31m[1m^[22m[39m[31m[1m^[22m[39m[31m[1m^[22m[39m[31m[1m^[22m[39m[31m[1m^[22m[3
9m[31m[1m^[22m[39m[31m[1m^[22m[39m
[31m[1m>[22m[39m[90m 15 |[39m   [33mTableHeader[39m[33m,[39m
 [90m    |[39m [31m[1m^[22m[39m[31m[1m^[22m[39m[31m[1m^[22m[39m[31m[1m^[22m[39m[31m[1m^[22m[39m[31m[1m^[22m[3
9m[31m[1m^[22m[39m[31m[1m^[22m[39m
[31m[1m>[22m[39m[90m 16 |[39m   [33mTableRow[39m[33m,[39m
 [90m    |[39m [31m[1m^[22m[39m[31m[1m^[22m[39m[31m[1m^[22m[39m[31m[1m^[22m[39m[31m[1m^[22m[39m[31m[1m^[22m[3
9m[31m[1m^[22m[39m[31m[1m^[22m[39m
[31m[1m>[22m[39m[90m 17 |[39m } [36mfrom[39m [32m'@/components/ui/table'[39m[33m;[39m
 [90m    |[39m [31m[1m^[22m[39m[31m[1m^[22m[39m[31m[1m^[22m[39m[31m[1m^[22m[39m[31m[1m^[22m[39m[31m[1m^[22m[3
9m[31m[1m^[22m[39m[31m[1m^[22m[39m[31m[1m^[22m[39m[31m[1m^[22m[39m[31m[1m^[22m[39m[31m[1m^[22m[39m[31m[1m^[2
2m[39m[31m[1m^[22m[39m[31m[1m^[22m[39m[31m[1m^[22m[39m[31m[1m^[22m[39m[31m[1m^[22m[39m[31m[1m^[22m[39m[31m[1
m^[22m[39m[31m[1m^[22m[39m[31m[1m^[22m[39m[31m[1m^[22m[39m[31m[1m^[22m[39m[31m[1m^[22m[39m[31m[1m^[22m[39m[3
1m[1m^[22m[39m[31m[1m^[22m[39m[31m[1m^[22m[39m[31m[1m^[22m[39m[31m[1m^[22m[39m[31m[1m^[22m[39m
 [90m 18 |[39m [36mimport[39m {
 [90m 19 |[39m   [33mDropdownMenu[39m[33m,[39m
 [90m 20 |[39m   [33mDropdownMenuContent[39m[33m,[39m[0m

Import map: aliased to relative './components/ui/table' inside of [project]/


Import traces:
  Client Component Browser:
    ./components/domains/admin/moderation/ContentModerationQueue.tsx [Client Component Browser]
    ./components/domains/admin/index.ts [Client Component Browser]
    ./app/admin/users/page.tsx [Client Component Browser]
    ./app/admin/users/page.tsx [Server Component]

  Client Component SSR:
    ./components/domains/admin/moderation/ContentModerationQueue.tsx [Client Component SSR]
    ./components/domains/admin/index.ts [Client Component SSR]
    ./app/admin/users/page.tsx [Client Component SSR]
    ./app/admin/users/page.tsx [Server Component]

https://nextjs.org/docs/messages/module-not-found


./components/domains/admin/moderation/moderation/components/ModerationRow.tsx:22:1
Module not found: Can't resolve '@/components/ui/table'
[0m [90m 20 |[39m   [33mDropdownMenuTrigger[39m[33m,[39m
 [90m 21 |[39m } [36mfrom[39m [32m'@/components/ui/DropdownMenu'[39m[33m;[39m
[31m[1m>[22m[39m[90m 22 |[39m [36mimport[39m { [33mTableRow[39m[33m,[39m [33mTableCell[39m } [36mfrom[39m [32m'@/compo
nents/ui/table'[39m[33m;[39m
 [90m    |[39m [31m[1m^[22m[39m[31m[1m^[22m[39m[31m[1m^[22m[39m[31m[1m^[22m[39m[31m[1m^[22m[39m[31m[1m^[22m[3
9m[31m[1m^[22m[39m[31m[1m^[22m[39m[31m[1m^[22m[39m[31m[1m^[22m[39m[31m[1m^[22m[39m[31m[1m^[22m[39m[31m[1m^[2
2m[39m[31m[1m^[22m[39m[31m[1m^[22m[39m[31m[1m^[22m[39m[31m[1m^[22m[39m[31m[1m^[22m[39m[31m[1m^[22m[39m[31m[1
m^[22m[39m[31m[1m^[22m[39m[31m[1m^[22m[39m[31m[1m^[22m[39m[31m[1m^[22m[39m[31m[1m^[22m[39m[31m[1m^[22m[39m[3
1m[1m^[22m[39m[31m[1m^[22m[39m[31m[1m^[22m[39m[31m[1m^[22m[39m[31m[1m^[22m[39m[31m[1m^[22m[39m[31m[1m^[22m[3
9m[31m[1m^[22m[39m[31m[1m^[22m[39m[31m[1m^[22m[39m[31m[1m^[22m[39m[31m[1m^[22m[39m[31m[1m^[22m[39m[31m[1m^[2
2m[39m[31m[1m^[22m[39m[31m[1m^[22m[39m[31m[1m^[22m[39m[31m[1m^[22m[39m[31m[1m^[22m[39m[31m[1m^[22m[39m[31m[1
m^[22m[39m[31m[1m^[22m[39m[31m[1m^[22m[39m[31m[1m^[22m[39m[31m[1m^[22m[39m[31m[1m^[22m[39m[31m[1m^[22m[39m[3
1m[1m^[22m[39m[31m[1m^[22m[39m[31m[1m^[22m[39m[31m[1m^[22m[39m[31m[1m^[22m[39m[31m[1m^[22m[39m[31m[1m^[22m[3
9m
 [90m 23 |[39m [36mimport[39m {
 [90m 24 |[39m   getStatusColor[33m,[39m
 [90m 25 |[39m   getPriorityColor[33m,[39m[0m

Import map: aliased to relative './components/ui/table' inside of [project]/


Import traces:
  Client Component Browser:
    ./components/domains/admin/moderation/moderation/components/ModerationRow.tsx [Client Component Browser]
    ./components/domains/admin/moderation/moderation/components/ModerationTable.tsx [Client Component Browser]
    ./components/domains/admin/moderation/AdminModeration.tsx [Client Component Browser]
    ./components/domains/admin/index.ts [Client Component Browser]
    ./app/admin/users/page.tsx [Client Component Browser]
    ./app/admin/users/page.tsx [Server Component]

  Client Component SSR:
    ./components/domains/admin/moderation/moderation/components/ModerationRow.tsx [Client Component SSR]
    ./components/domains/admin/moderation/moderation/components/ModerationTable.tsx [Client Component SSR]
    ./components/domains/admin/moderation/AdminModeration.tsx [Client Component SSR]
    ./components/domains/admin/index.ts [Client Component SSR]
    ./app/admin/users/page.tsx [Client Component SSR]
    ./app/admin/users/page.tsx [Server Component]

https://nextjs.org/docs/messages/module-not-found


./components/domains/admin/moderation/moderation/components/ModerationTable.tsx:9:1
Module not found: Can't resolve '@/components/ui/table'
[0m [90m  7 |[39m [36mimport[39m { [33mRefreshCw[39m } [36mfrom[39m [32m'lucide-react'[39m[33m;[39m
 [90m  8 |[39m [36mimport[39m { [33mCard[39m[33m,[39m [33mCardContent[39m } [36mfrom[39m [32m'@/components/ui/Card'[39m[
33m;[39m
[31m[1m>[22m[39m[90m  9 |[39m [36mimport[39m {
 [90m    |[39m [31m[1m^[22m[39m[31m[1m^[22m[39m[31m[1m^[22m[39m[31m[1m^[22m[39m[31m[1m^[22m[39m[31m[1m^[22m[3
9m[31m[1m^[22m[39m[31m[1m^[22m[39m
[31m[1m>[22m[39m[90m 10 |[39m   [33mTable[39m[33m,[39m
 [90m    |[39m [31m[1m^[22m[39m[31m[1m^[22m[39m[31m[1m^[22m[39m[31m[1m^[22m[39m[31m[1m^[22m[39m[31m[1m^[22m[3
9m[31m[1m^[22m[39m[31m[1m^[22m[39m
[31m[1m>[22m[39m[90m 11 |[39m   [33mTableBody[39m[33m,[39m
 [90m    |[39m [31m[1m^[22m[39m[31m[1m^[22m[39m[31m[1m^[22m[39m[31m[1m^[22m[39m[31m[1m^[22m[39m[31m[1m^[22m[3
9m[31m[1m^[22m[39m[31m[1m^[22m[39m
[31m[1m>[22m[39m[90m 12 |[39m   [33mTableCell[39m[33m,[39m
 [90m    |[39m [31m[1m^[22m[39m[31m[1m^[22m[39m[31m[1m^[22m[39m[31m[1m^[22m[39m[31m[1m^[22m[39m[31m[1m^[22m[3
9m[31m[1m^[22m[39m[31m[1m^[22m[39m
[31m[1m>[22m[39m[90m 13 |[39m   [33mTableHead[39m[33m,[39m
 [90m    |[39m [31m[1m^[22m[39m[31m[1m^[22m[39m[31m[1m^[22m[39m[31m[1m^[22m[39m[31m[1m^[22m[39m[31m[1m^[22m[3
9m[31m[1m^[22m[39m[31m[1m^[22m[39m
[31m[1m>[22m[39m[90m 14 |[39m   [33mTableHeader[39m[33m,[39m
 [90m    |[39m [31m[1m^[22m[39m[31m[1m^[22m[39m[31m[1m^[22m[39m[31m[1m^[22m[39m[31m[1m^[22m[39m[31m[1m^[22m[3
9m[31m[1m^[22m[39m[31m[1m^[22m[39m
[31m[1m>[22m[39m[90m 15 |[39m   [33mTableRow[39m[33m,[39m
 [90m    |[39m [31m[1m^[22m[39m[31m[1m^[22m[39m[31m[1m^[22m[39m[31m[1m^[22m[39m[31m[1m^[22m[39m[31m[1m^[22m[3
9m[31m[1m^[22m[39m[31m[1m^[22m[39m
[31m[1m>[22m[39m[90m 16 |[39m } [36mfrom[39m [32m'@/components/ui/table'[39m[33m;[39m
 [90m    |[39m [31m[1m^[22m[39m[31m[1m^[22m[39m[31m[1m^[22m[39m[31m[1m^[22m[39m[31m[1m^[22m[39m[31m[1m^[22m[3
9m[31m[1m^[22m[39m[31m[1m^[22m[39m[31m[1m^[22m[39m[31m[1m^[22m[39m[31m[1m^[22m[39m[31m[1m^[22m[39m[31m[1m^[2
2m[39m[31m[1m^[22m[39m[31m[1m^[22m[39m[31m[1m^[22m[39m[31m[1m^[22m[39m[31m[1m^[22m[39m[31m[1m^[22m[39m[31m[1
m^[22m[39m[31m[1m^[22m[39m[31m[1m^[22m[39m[31m[1m^[22m[39m[31m[1m^[22m[39m[31m[1m^[22m[39m[31m[1m^[22m[39m[3
1m[1m^[22m[39m[31m[1m^[22m[39m[31m[1m^[22m[39m[31m[1m^[22m[39m[31m[1m^[22m[39m[31m[1m^[22m[39m
 [90m 17 |[39m [36mimport[39m { [33mModerationRow[39m } [36mfrom[39m [32m'./ModerationRow'[39m[33m;[39m
 [90m 18 |[39m [36mimport[39m type { [33mModerationTableProps[39m } [36mfrom[39m [32m'../types/moderationTypes'[39m[33m;[39
m
 [90m 19 |[39m[0m

Import map: aliased to relative './components/ui/table' inside of [project]/


Import traces:
  Client Component Browser:
    ./components/domains/admin/moderation/moderation/components/ModerationTable.tsx [Client Component Browser]
    ./components/domains/admin/moderation/AdminModeration.tsx [Client Component Browser]
    ./components/domains/admin/index.ts [Client Component Browser]
    ./app/admin/users/page.tsx [Client Component Browser]
    ./app/admin/users/page.tsx [Server Component]

  Client Component SSR:
    ./components/domains/admin/moderation/moderation/components/ModerationTable.tsx [Client Component SSR]
    ./components/domains/admin/moderation/AdminModeration.tsx [Client Component SSR]
    ./components/domains/admin/index.ts [Client Component SSR]
    ./app/admin/users/page.tsx [Client Component SSR]
    ./app/admin/users/page.tsx [Server Component]

https://nextjs.org/docs/messages/module-not-found


./components/domains/admin/refunds/RefundApprovalQueue.tsx:20:1
Module not found: Can't resolve '@/components/ui/table'
[0m [90m 18 |[39m [36mimport[39m { format } [36mfrom[39m [32m'date-fns'[39m[33m;[39m
 [90m 19 |[39m [36mimport[39m { tr } [36mfrom[39m [32m'date-fns/locale'[39m[33m;[39m
[31m[1m>[22m[39m[90m 20 |[39m [36mimport[39m {
 [90m    |[39m [31m[1m^[22m[39m[31m[1m^[22m[39m[31m[1m^[22m[39m[31m[1m^[22m[39m[31m[1m^[22m[39m[31m[1m^[22m[3
9m[31m[1m^[22m[39m[31m[1m^[22m[39m
[31m[1m>[22m[39m[90m 21 |[39m   [33mTable[39m[33m,[39m
 [90m    |[39m [31m[1m^[22m[39m[31m[1m^[22m[39m[31m[1m^[22m[39m[31m[1m^[22m[39m[31m[1m^[22m[39m[31m[1m^[22m[3
9m[31m[1m^[22m[39m[31m[1m^[22m[39m
[31m[1m>[22m[39m[90m 22 |[39m   [33mTableBody[39m[33m,[39m
 [90m    |[39m [31m[1m^[22m[39m[31m[1m^[22m[39m[31m[1m^[22m[39m[31m[1m^[22m[39m[31m[1m^[22m[39m[31m[1m^[22m[3
9m[31m[1m^[22m[39m[31m[1m^[22m[39m
[31m[1m>[22m[39m[90m 23 |[39m   [33mTableCell[39m[33m,[39m
 [90m    |[39m [31m[1m^[22m[39m[31m[1m^[22m[39m[31m[1m^[22m[39m[31m[1m^[22m[39m[31m[1m^[22m[39m[31m[1m^[22m[3
9m[31m[1m^[22m[39m[31m[1m^[22m[39m
[31m[1m>[22m[39m[90m 24 |[39m   [33mTableHead[39m[33m,[39m
 [90m    |[39m [31m[1m^[22m[39m[31m[1m^[22m[39m[31m[1m^[22m[39m[31m[1m^[22m[39m[31m[1m^[22m[39m[31m[1m^[22m[3
9m[31m[1m^[22m[39m[31m[1m^[22m[39m
[31m[1m>[22m[39m[90m 25 |[39m   [33mTableHeader[39m[33m,[39m
 [90m    |[39m [31m[1m^[22m[39m[31m[1m^[22m[39m[31m[1m^[22m[39m[31m[1m^[22m[39m[31m[1m^[22m[39m[31m[1m^[22m[3
9m[31m[1m^[22m[39m[31m[1m^[22m[39m
[31m[1m>[22m[39m[90m 26 |[39m   [33mTableRow[39m[33m,[39m
 [90m    |[39m [31m[1m^[22m[39m[31m[1m^[22m[39m[31m[1m^[22m[39m[31m[1m^[22m[39m[31m[1m^[22m[39m[31m[1m^[22m[3
9m[31m[1m^[22m[39m[31m[1m^[22m[39m
[31m[1m>[22m[39m[90m 27 |[39m } [36mfrom[39m [32m'@/components/ui/table'[39m[33m;[39m
 [90m    |[39m [31m[1m^[22m[39m[31m[1m^[22m[39m[31m[1m^[22m[39m[31m[1m^[22m[39m[31m[1m^[22m[39m[31m[1m^[22m[3
9m[31m[1m^[22m[39m[31m[1m^[22m[39m[31m[1m^[22m[39m[31m[1m^[22m[39m[31m[1m^[22m[39m[31m[1m^[22m[39m[31m[1m^[2
2m[39m[31m[1m^[22m[39m[31m[1m^[22m[39m[31m[1m^[22m[39m[31m[1m^[22m[39m[31m[1m^[22m[39m[31m[1m^[22m[39m[31m[1
m^[22m[39m[31m[1m^[22m[39m[31m[1m^[22m[39m[31m[1m^[22m[39m[31m[1m^[22m[39m[31m[1m^[22m[39m[31m[1m^[22m[39m[3
1m[1m^[22m[39m[31m[1m^[22m[39m[31m[1m^[22m[39m[31m[1m^[22m[39m[31m[1m^[22m[39m[31m[1m^[22m[39m
 [90m 28 |[39m [36mimport[39m { [33mButton[39m } [36mfrom[39m [32m'@/components/ui'[39m[33m;[39m
 [90m 29 |[39m [36mimport[39m { [33mInput[39m } [36mfrom[39m [32m'@/components/ui/Input'[39m[33m;[39m
 [90m 30 |[39m [36mimport[39m { [33mCheckbox[39m } [36mfrom[39m [32m'@/components/ui/Checkbox'[39m[33m;[39m[0m

Import map: aliased to relative './components/ui/table' inside of [project]/


Import traces:
  Client Component Browser:
    ./components/domains/admin/refunds/RefundApprovalQueue.tsx [Client Component Browser]
    ./app/admin/refunds/page.tsx [Client Component Browser]
    ./app/admin/refunds/page.tsx [Server Component]

  Client Component SSR:
    ./components/domains/admin/refunds/RefundApprovalQueue.tsx [Client Component SSR]
    ./app/admin/refunds/page.tsx [Client Component SSR]
    ./app/admin/refunds/page.tsx [Server Component]

https://nextjs.org/docs/messages/module-not-found


./components/domains/admin/users/UserTable.tsx:20:1
Module not found: Can't resolve '@/components/ui/table'
[0m [90m 18 |[39m [36mimport[39m logger [36mfrom[39m [32m'@/lib/infrastructure/monitoring/logger'[39m[33m;[39m
 [90m 19 |[39m [36mimport[39m { [33mCard[39m[33m,[39m [33mCardContent[39m[33m,[39m [33mCardHeader[39m } [36mfrom[39m [
32m'@/components/ui/Card'[39m[33m;[39m
[31m[1m>[22m[39m[90m 20 |[39m [36mimport[39m {
 [90m    |[39m [31m[1m^[22m[39m[31m[1m^[22m[39m[31m[1m^[22m[39m[31m[1m^[22m[39m[31m[1m^[22m[39m[31m[1m^[22m[3
9m[31m[1m^[22m[39m[31m[1m^[22m[39m
[31m[1m>[22m[39m[90m 21 |[39m   [33mTable[39m[33m,[39m
 [90m    |[39m [31m[1m^[22m[39m[31m[1m^[22m[39m[31m[1m^[22m[39m[31m[1m^[22m[39m[31m[1m^[22m[39m[31m[1m^[22m[3
9m[31m[1m^[22m[39m[31m[1m^[22m[39m
[31m[1m>[22m[39m[90m 22 |[39m   [33mTableBody[39m[33m,[39m
 [90m    |[39m [31m[1m^[22m[39m[31m[1m^[22m[39m[31m[1m^[22m[39m[31m[1m^[22m[39m[31m[1m^[22m[39m[31m[1m^[22m[3
9m[31m[1m^[22m[39m[31m[1m^[22m[39m
[31m[1m>[22m[39m[90m 23 |[39m   [33mTableCell[39m[33m,[39m
 [90m    |[39m [31m[1m^[22m[39m[31m[1m^[22m[39m[31m[1m^[22m[39m[31m[1m^[22m[39m[31m[1m^[22m[39m[31m[1m^[22m[3
9m[31m[1m^[22m[39m[31m[1m^[22m[39m
[31m[1m>[22m[39m[90m 24 |[39m   [33mTableHead[39m[33m,[39m
 [90m    |[39m [31m[1m^[22m[39m[31m[1m^[22m[39m[31m[1m^[22m[39m[31m[1m^[22m[39m[31m[1m^[22m[39m[31m[1m^[22m[3
9m[31m[1m^[22m[39m[31m[1m^[22m[39m
[31m[1m>[22m[39m[90m 25 |[39m   [33mTableHeader[39m [36mas[39m [33mTableHeaderComponent[39m[33m,[39m
 [90m    |[39m [31m[1m^[22m[39m[31m[1m^[22m[39m[31m[1m^[22m[39m[31m[1m^[22m[39m[31m[1m^[22m[39m[31m[1m^[22m[3
9m[31m[1m^[22m[39m[31m[1m^[22m[39m
[31m[1m>[22m[39m[90m 26 |[39m   [33mTableRow[39m[33m,[39m
 [90m    |[39m [31m[1m^[22m[39m[31m[1m^[22m[39m[31m[1m^[22m[39m[31m[1m^[22m[39m[31m[1m^[22m[39m[31m[1m^[22m[3
9m[31m[1m^[22m[39m[31m[1m^[22m[39m
[31m[1m>[22m[39m[90m 27 |[39m } [36mfrom[39m [32m'@/components/ui/table'[39m[33m;[39m
 [90m    |[39m [31m[1m^[22m[39m[31m[1m^[22m[39m[31m[1m^[22m[39m[31m[1m^[22m[39m[31m[1m^[22m[39m[31m[1m^[22m[3
9m[31m[1m^[22m[39m[31m[1m^[22m[39m[31m[1m^[22m[39m[31m[1m^[22m[39m[31m[1m^[22m[39m[31m[1m^[22m[39m[31m[1m^[2
2m[39m[31m[1m^[22m[39m[31m[1m^[22m[39m[31m[1m^[22m[39m[31m[1m^[22m[39m[31m[1m^[22m[39m[31m[1m^[22m[39m[31m[1
m^[22m[39m[31m[1m^[22m[39m[31m[1m^[22m[39m[31m[1m^[22m[39m[31m[1m^[22m[39m[31m[1m^[22m[39m[31m[1m^[22m[39m[3
1m[1m^[22m[39m[31m[1m^[22m[39m[31m[1m^[22m[39m[31m[1m^[22m[39m[31m[1m^[22m[39m[31m[1m^[22m[39m
 [90m 28 |[39m [36mimport[39m {
 [90m 29 |[39m   [33mAlertDialog[39m[33m,[39m
 [90m 30 |[39m   [33mAlertDialogAction[39m[33m,[39m[0m

Import map: aliased to relative './components/ui/table' inside of [project]/


Import traces:
  Client Component Browser:
    ./components/domains/admin/users/UserTable.tsx [Client Component Browser]
    ./app/admin/users/page.tsx [Client Component Browser]
    ./app/admin/users/page.tsx [Server Component]

  Client Component SSR:
    ./components/domains/admin/users/UserTable.tsx [Client Component SSR]
    ./app/admin/users/page.tsx [Client Component SSR]
    ./app/admin/users/page.tsx [Server Component]

https://nextjs.org/docs/messages/module-not-found


./components/domains/admin/users/userTable/components/UserRow.tsx:10:1
Module not found: Can't resolve '@/components/ui/table'
[0m [90m  8 |[39m
 [90m  9 |[39m [36mimport[39m [33mReact[39m [36mfrom[39m [32m'react'[39m[33m;[39m
[31m[1m>[22m[39m[90m 10 |[39m [36mimport[39m { [33mTableRow[39m[33m,[39m [33mTableCell[39m } [36mfrom[39m [32m'@/compo
nents/ui/table'[39m[33m;[39m
 [90m    |[39m [31m[1m^[22m[39m[31m[1m^[22m[39m[31m[1m^[22m[39m[31m[1m^[22m[39m[31m[1m^[22m[39m[31m[1m^[22m[3
9m[31m[1m^[22m[39m[31m[1m^[22m[39m[31m[1m^[22m[39m[31m[1m^[22m[39m[31m[1m^[22m[39m[31m[1m^[22m[39m[31m[1m^[2
2m[39m[31m[1m^[22m[39m[31m[1m^[22m[39m[31m[1m^[22m[39m[31m[1m^[22m[39m[31m[1m^[22m[39m[31m[1m^[22m[39m[31m[1
m^[22m[39m[31m[1m^[22m[39m[31m[1m^[22m[39m[31m[1m^[22m[39m[31m[1m^[22m[39m[31m[1m^[22m[39m[31m[1m^[22m[39m[3
1m[1m^[22m[39m[31m[1m^[22m[39m[31m[1m^[22m[39m[31m[1m^[22m[39m[31m[1m^[22m[39m[31m[1m^[22m[39m[31m[1m^[22m[3
9m[31m[1m^[22m[39m[31m[1m^[22m[39m[31m[1m^[22m[39m[31m[1m^[22m[39m[31m[1m^[22m[39m[31m[1m^[22m[39m[31m[1m^[2
2m[39m[31m[1m^[22m[39m[31m[1m^[22m[39m[31m[1m^[22m[39m[31m[1m^[22m[39m[31m[1m^[22m[39m[31m[1m^[22m[39m[31m[1
m^[22m[39m[31m[1m^[22m[39m[31m[1m^[22m[39m[31m[1m^[22m[39m[31m[1m^[22m[39m[31m[1m^[22m[39m[31m[1m^[22m[39m[3
1m[1m^[22m[39m[31m[1m^[22m[39m[31m[1m^[22m[39m[31m[1m^[22m[39m[31m[1m^[22m[39m[31m[1m^[22m[39m[31m[1m^[22m[3
9m
 [90m 11 |[39m [36mimport[39m { [33mBadge[39m } [36mfrom[39m [32m'@/components/ui/Badge'[39m[33m;[39m
 [90m 12 |[39m [36mimport[39m { [33mCheckbox[39m } [36mfrom[39m [32m'@/components/ui/Checkbox'[39m[33m;[39m
 [90m 13 |[39m [36mimport[39m { [33mUserCheck[39m } [36mfrom[39m [32m'lucide-react'[39m[33m;[39m[0m

Import map: aliased to relative './components/ui/table' inside of [project]/


Import traces:
  Client Component Browser:
    ./components/domains/admin/users/userTable/components/UserRow.tsx [Client Component Browser]
    ./components/domains/admin/users/UserTable.tsx [Client Component Browser]
    ./app/admin/users/page.tsx [Client Component Browser]
    ./app/admin/users/page.tsx [Server Component]

  Client Component SSR:
    ./components/domains/admin/users/userTable/components/UserRow.tsx [Client Component SSR]
    ./components/domains/admin/users/UserTable.tsx [Client Component SSR]
    ./app/admin/users/page.tsx [Client Component SSR]
    ./app/admin/users/page.tsx [Server Component]

https://nextjs.org/docs/messages/module-not-found


./components/domains/disputes/core/UnifiedDisputeList.tsx:49:1
Module not found: Can't resolve '@/components/ui/table'
[0m [90m 47 |[39m   [33mSelectTrigger[39m[33m,[39m
 [90m 48 |[39m } [36mfrom[39m [32m'@/components/ui/Select'[39m[33m;[39m
[31m[1m>[22m[39m[90m 49 |[39m [36mimport[39m {
 [90m    |[39m [31m[1m^[22m[39m[31m[1m^[22m[39m[31m[1m^[22m[39m[31m[1m^[22m[39m[31m[1m^[22m[39m[31m[1m^[22m[3
9m[31m[1m^[22m[39m[31m[1m^[22m[39m
[31m[1m>[22m[39m[90m 50 |[39m   [33mTable[39m[33m,[39m
 [90m    |[39m [31m[1m^[22m[39m[31m[1m^[22m[39m[31m[1m^[22m[39m[31m[1m^[22m[39m[31m[1m^[22m[39m[31m[1m^[22m[3
9m[31m[1m^[22m[39m[31m[1m^[22m[39m
[31m[1m>[22m[39m[90m 51 |[39m   [33mTableBody[39m[33m,[39m
 [90m    |[39m [31m[1m^[22m[39m[31m[1m^[22m[39m[31m[1m^[22m[39m[31m[1m^[22m[39m[31m[1m^[22m[39m[31m[1m^[22m[3
9m[31m[1m^[22m[39m[31m[1m^[22m[39m
[31m[1m>[22m[39m[90m 52 |[39m   [33mTableCell[39m[33m,[39m
 [90m    |[39m [31m[1m^[22m[39m[31m[1m^[22m[39m[31m[1m^[22m[39m[31m[1m^[22m[39m[31m[1m^[22m[39m[31m[1m^[22m[3
9m[31m[1m^[22m[39m[31m[1m^[22m[39m
[31m[1m>[22m[39m[90m 53 |[39m   [33mTableHead[39m[33m,[39m
 [90m    |[39m [31m[1m^[22m[39m[31m[1m^[22m[39m[31m[1m^[22m[39m[31m[1m^[22m[39m[31m[1m^[22m[39m[31m[1m^[22m[3
9m[31m[1m^[22m[39m[31m[1m^[22m[39m
[31m[1m>[22m[39m[90m 54 |[39m   [33mTableHeader[39m[33m,[39m
 [90m    |[39m [31m[1m^[22m[39m[31m[1m^[22m[39m[31m[1m^[22m[39m[31m[1m^[22m[39m[31m[1m^[22m[39m[31m[1m^[22m[3
9m[31m[1m^[22m[39m[31m[1m^[22m[39m
[31m[1m>[22m[39m[90m 55 |[39m   [33mTableRow[39m[33m,[39m
 [90m    |[39m [31m[1m^[22m[39m[31m[1m^[22m[39m[31m[1m^[22m[39m[31m[1m^[22m[39m[31m[1m^[22m[39m[31m[1m^[22m[3
9m[31m[1m^[22m[39m[31m[1m^[22m[39m
[31m[1m>[22m[39m[90m 56 |[39m } [36mfrom[39m [32m'@/components/ui/table'[39m[33m;[39m
 [90m    |[39m [31m[1m^[22m[39m[31m[1m^[22m[39m[31m[1m^[22m[39m[31m[1m^[22m[39m[31m[1m^[22m[39m[31m[1m^[22m[3
9m[31m[1m^[22m[39m[31m[1m^[22m[39m[31m[1m^[22m[39m[31m[1m^[22m[39m[31m[1m^[22m[39m[31m[1m^[22m[39m[31m[1m^[2
2m[39m[31m[1m^[22m[39m[31m[1m^[22m[39m[31m[1m^[22m[39m[31m[1m^[22m[39m[31m[1m^[22m[39m[31m[1m^[22m[39m[31m[1
m^[22m[39m[31m[1m^[22m[39m[31m[1m^[22m[39m[31m[1m^[22m[39m[31m[1m^[22m[39m[31m[1m^[22m[39m[31m[1m^[22m[39m[3
1m[1m^[22m[39m[31m[1m^[22m[39m[31m[1m^[22m[39m[31m[1m^[22m[39m[31m[1m^[22m[39m[31m[1m^[22m[39m
 [90m 57 |[39m [36mimport[39m { [33mTableSkeleton[39m } [36mfrom[39m [32m'@/components/ui/loading/TableSkeleton'[39m[33m;[3
9m
 [90m 58 |[39m [36mimport[39m { [33mListSkeleton[39m } [36mfrom[39m [32m'@/components/ui/loading/ListSkeleton'[39m[33m;[39m
 [90m 59 |[39m[0m

Import map: aliased to relative './components/ui/table' inside of [project]/


Import traces:
  Client Component Browser:
    ./components/domains/disputes/core/UnifiedDisputeList.tsx [Client Component Browser]
    ./components/domains/disputes/core/index.ts [Client Component Browser]
    ./components/domains/disputes/index.ts [Client Component Browser]
    ./app/admin/disputes/page.tsx [Client Component Browser]
    ./app/admin/disputes/page.tsx [Server Component]

  Client Component SSR:
    ./components/domains/disputes/core/UnifiedDisputeList.tsx [Client Component SSR]
    ./components/domains/disputes/core/index.ts [Client Component SSR]
    ./components/domains/disputes/index.ts [Client Component SSR]
    ./app/admin/disputes/page.tsx [Client Component SSR]
    ./app/admin/disputes/page.tsx [Server Component]

https://nextjs.org/docs/messages/module-not-found


./components/domains/refunds/RefundHistoryList.tsx:4:1
Module not found: Can't resolve '@/components/ui/table'
[0m [90m  2 |[39m
 [90m  3 |[39m [36mimport[39m [33mReact[39m[33m,[39m { useState[33m,[39m useEffect } [36mfrom[39m [32m'react'[39m[33m;[
39m
[31m[1m>[22m[39m[90m  4 |[39m [36mimport[39m {
 [90m    |[39m [31m[1m^[22m[39m[31m[1m^[22m[39m[31m[1m^[22m[39m[31m[1m^[22m[39m[31m[1m^[22m[39m[31m[1m^[22m[3
9m[31m[1m^[22m[39m[31m[1m^[22m[39m
[31m[1m>[22m[39m[90m  5 |[39m   [33mTable[39m[33m,[39m
 [90m    |[39m [31m[1m^[22m[39m[31m[1m^[22m[39m[31m[1m^[22m[39m[31m[1m^[22m[39m[31m[1m^[22m[39m[31m[1m^[22m[3
9m[31m[1m^[22m[39m[31m[1m^[22m[39m
[31m[1m>[22m[39m[90m  6 |[39m   [33mTableBody[39m[33m,[39m
 [90m    |[39m [31m[1m^[22m[39m[31m[1m^[22m[39m[31m[1m^[22m[39m[31m[1m^[22m[39m[31m[1m^[22m[39m[31m[1m^[22m[3
9m[31m[1m^[22m[39m[31m[1m^[22m[39m
[31m[1m>[22m[39m[90m  7 |[39m   [33mTableCell[39m[33m,[39m
 [90m    |[39m [31m[1m^[22m[39m[31m[1m^[22m[39m[31m[1m^[22m[39m[31m[1m^[22m[39m[31m[1m^[22m[39m[31m[1m^[22m[3
9m[31m[1m^[22m[39m[31m[1m^[22m[39m
[31m[1m>[22m[39m[90m  8 |[39m   [33mTableHead[39m[33m,[39m
 [90m    |[39m [31m[1m^[22m[39m[31m[1m^[22m[39m[31m[1m^[22m[39m[31m[1m^[22m[39m[31m[1m^[22m[39m[31m[1m^[22m[3
9m[31m[1m^[22m[39m[31m[1m^[22m[39m
[31m[1m>[22m[39m[90m  9 |[39m   [33mTableHeader[39m[33m,[39m
 [90m    |[39m [31m[1m^[22m[39m[31m[1m^[22m[39m[31m[1m^[22m[39m[31m[1m^[22m[39m[31m[1m^[22m[39m[31m[1m^[22m[3
9m[31m[1m^[22m[39m[31m[1m^[22m[39m
[31m[1m>[22m[39m[90m 10 |[39m   [33mTableRow[39m[33m,[39m
 [90m    |[39m [31m[1m^[22m[39m[31m[1m^[22m[39m[31m[1m^[22m[39m[31m[1m^[22m[39m[31m[1m^[22m[39m[31m[1m^[22m[3
9m[31m[1m^[22m[39m[31m[1m^[22m[39m
[31m[1m>[22m[39m[90m 11 |[39m } [36mfrom[39m [32m'@/components/ui/table'[39m[33m;[39m
 [90m    |[39m [31m[1m^[22m[39m[31m[1m^[22m[39m[31m[1m^[22m[39m[31m[1m^[22m[39m[31m[1m^[22m[39m[31m[1m^[22m[3
9m[31m[1m^[22m[39m[31m[1m^[22m[39m[31m[1m^[22m[39m[31m[1m^[22m[39m[31m[1m^[22m[39m[31m[1m^[22m[39m[31m[1m^[2
2m[39m[31m[1m^[22m[39m[31m[1m^[22m[39m[31m[1m^[22m[39m[31m[1m^[22m[39m[31m[1m^[22m[39m[31m[1m^[22m[39m[31m[1
m^[22m[39m[31m[1m^[22m[39m[31m[1m^[22m[39m[31m[1m^[22m[39m[31m[1m^[22m[39m[31m[1m^[22m[39m[31m[1m^[22m[39m[3
1m[1m^[22m[39m[31m[1m^[22m[39m[31m[1m^[22m[39m[31m[1m^[22m[39m[31m[1m^[22m[39m[31m[1m^[22m[39m
 [90m 12 |[39m [36mimport[39m { [33mBadge[39m } [36mfrom[39m [32m'@/components/ui/Badge'[39m[33m;[39m
 [90m 13 |[39m [36mimport[39m { [33mCard[39m[33m,[39m [33mCardContent[39m[33m,[39m [33mCardHeader[39m[33m,[39m [33mCar
dTitle[39m } [36mfrom[39m [32m'@/components/ui/Card'[39m[33m;[39m
 [90m 14 |[39m [36mimport[39m {[0m

Import map: aliased to relative './components/ui/table' inside of [project]/


Import traces:
  Client Component Browser:
    ./components/domains/refunds/RefundHistoryList.tsx [Client Component Browser]
    ./components/domains/refunds/index.ts [Client Component Browser]
    ./app/dashboard/orders/[id]/page.tsx [Client Component Browser]
    ./app/dashboard/orders/[id]/page.tsx [Server Component]

  Client Component SSR:
    ./components/domains/refunds/RefundHistoryList.tsx [Client Component SSR]
    ./components/domains/refunds/index.ts [Client Component SSR]
    ./app/dashboard/orders/[id]/page.tsx [Client Component SSR]
    ./app/dashboard/orders/[id]/page.tsx [Server Component]

https://nextjs.org/docs/messages/module-not-found


./components/admin/payouts/BatchPayoutManager.tsx:29:1
Module not found: Can't resolve '@/components/ui/textarea'
[0m [90m 27 |[39m [36mimport[39m { [33mBadge[39m } [36mfrom[39m [32m'@/components/ui/badge'[39m[33m;[39m
 [90m 28 |[39m [36mimport[39m { [33mCheckbox[39m } [36mfrom[39m [32m'@/components/ui/checkbox'[39m[33m;[39m
[31m[1m>[22m[39m[90m 29 |[39m [36mimport[39m { [33mTextarea[39m } [36mfrom[39m [32m'@/components/ui/textarea'[39m[33m;[
39m
 [90m    |[39m [31m[1m^[22m[39m[31m[1m^[22m[39m[31m[1m^[22m[39m[31m[1m^[22m[39m[31m[1m^[22m[39m[31m[1m^[22m[3
9m[31m[1m^[22m[39m[31m[1m^[22m[39m[31m[1m^[22m[39m[31m[1m^[22m[39m[31m[1m^[22m[39m[31m[1m^[22m[39m[31m[1m^[2
2m[39m[31m[1m^[22m[39m[31m[1m^[22m[39m[31m[1m^[22m[39m[31m[1m^[22m[39m[31m[1m^[22m[39m[31m[1m^[22m[39m[31m[1
m^[22m[39m[31m[1m^[22m[39m[31m[1m^[22m[39m[31m[1m^[22m[39m[31m[1m^[22m[39m[31m[1m^[22m[39m[31m[1m^[22m[39m[3
1m[1m^[22m[39m[31m[1m^[22m[39m[31m[1m^[22m[39m[31m[1m^[22m[39m[31m[1m^[22m[39m[31m[1m^[22m[39m[31m[1m^[22m[3
9m[31m[1m^[22m[39m[31m[1m^[22m[39m[31m[1m^[22m[39m[31m[1m^[22m[39m[31m[1m^[22m[39m[31m[1m^[22m[39m[31m[1m^[2
2m[39m[31m[1m^[22m[39m[31m[1m^[22m[39m[31m[1m^[22m[39m[31m[1m^[22m[39m[31m[1m^[22m[39m[31m[1m^[22m[39m[31m[1
m^[22m[39m[31m[1m^[22m[39m[31m[1m^[22m[39m[31m[1m^[22m[39m[31m[1m^[22m[39m[31m[1m^[22m[39m
 [90m 30 |[39m [36mimport[39m { [33mLabel[39m } [36mfrom[39m [32m'@/components/ui/label'[39m[33m;[39m
 [90m 31 |[39m [36mimport[39m { [33mAlert[39m[33m,[39m [33mAlertDescription[39m[33m,[39m [33mAlertTitle[39m } [36mfrom[
39m [32m'@/components/ui/alert'[39m[33m;[39m
 [90m 32 |[39m [36mimport[39m {[0m

Import map: aliased to relative './components/ui/textarea' inside of [project]/


Import trace:
  Server Component:
    ./components/admin/payouts/BatchPayoutManager.tsx
    ./app/admin/payouts/batch/page.tsx

https://nextjs.org/docs/messages/module-not-found


./components/admin/payouts/BatchPayoutManager.tsx:51:1
Module not found: Can't resolve '@/hooks/use-toast'
[0m [90m 49 |[39m   [33mSend[39m[33m,[39m
 [90m 50 |[39m } [36mfrom[39m [32m'lucide-react'[39m[33m;[39m
[31m[1m>[22m[39m[90m 51 |[39m [36mimport[39m { useToast } [36mfrom[39m [32m'@/hooks/use-toast'[39m[33m;[39m
 [90m    |[39m [31m[1m^[22m[39m[31m[1m^[22m[39m[31m[1m^[22m[39m[31m[1m^[22m[39m[31m[1m^[22m[39m[31m[1m^[22m[3
9m[31m[1m^[22m[39m[31m[1m^[22m[39m[31m[1m^[22m[39m[31m[1m^[22m[39m[31m[1m^[22m[39m[31m[1m^[22m[39m[31m[1m^[2
2m[39m[31m[1m^[22m[39m[31m[1m^[22m[39m[31m[1m^[22m[39m[31m[1m^[22m[39m[31m[1m^[22m[39m[31m[1m^[22m[39m[31m[1
m^[22m[39m[31m[1m^[22m[39m[31m[1m^[22m[39m[31m[1m^[22m[39m[31m[1m^[22m[39m[31m[1m^[22m[39m[31m[1m^[22m[39m[3
1m[1m^[22m[39m[31m[1m^[22m[39m[31m[1m^[22m[39m[31m[1m^[22m[39m[31m[1m^[22m[39m[31m[1m^[22m[39m[31m[1m^[22m[3
9m[31m[1m^[22m[39m[31m[1m^[22m[39m[31m[1m^[22m[39m[31m[1m^[22m[39m[31m[1m^[22m[39m[31m[1m^[22m[39m[31m[1m^[2
2m[39m[31m[1m^[22m[39m[31m[1m^[22m[39m[31m[1m^[22m[39m[31m[1m^[22m[39m[31m[1m^[22m[39m
 [90m 52 |[39m [36mimport[39m { formatCurrency } [36mfrom[39m [32m'@/lib/utils'[39m[33m;[39m
 [90m 53 |[39m
 [90m 54 |[39m [90m// Types[39m[0m

Import map: aliased to relative './hooks/use-toast' inside of [project]/


Import trace:
  Server Component:
    ./components/admin/payouts/BatchPayoutManager.tsx
    ./app/admin/payouts/batch/page.tsx

https://nextjs.org/docs/messages/module-not-found


./components/domains/admin/moderation/reviews/ModerationStats.tsx:16:1
Module not found: Can't resolve '@/lib/api/admin/moderation'
[0m [90m 14 |[39m
 [90m 15 |[39m [36mimport[39m { useState[33m,[39m useEffect } [36mfrom[39m [32m'react'[39m[33m;[39m
[31m[1m>[22m[39m[90m 16 |[39m [36mimport[39m {
 [90m    |[39m [31m[1m^[22m[39m[31m[1m^[22m[39m[31m[1m^[22m[39m[31m[1m^[22m[39m[31m[1m^[22m[39m[31m[1m^[22m[3
9m[31m[1m^[22m[39m[31m[1m^[22m[39m
[31m[1m>[22m[39m[90m 17 |[39m   type [33mPlatformReviewStats[39m[33m,[39m
 [90m    |[39m [31m[1m^[22m[39m[31m[1m^[22m[39m[31m[1m^[22m[39m[31m[1m^[22m[39m[31m[1m^[22m[39m[31m[1m^[22m[3
9m[31m[1m^[22m[39m[31m[1m^[22m[39m[31m[1m^[22m[39m[31m[1m^[22m[39m[31m[1m^[22m[39m[31m[1m^[22m[39m[31m[1m^[2
2m[39m[31m[1m^[22m[39m[31m[1m^[22m[39m[31m[1m^[22m[39m[31m[1m^[22m[39m[31m[1m^[22m[39m[31m[1m^[22m[39m[31m[1
m^[22m[39m[31m[1m^[22m[39m[31m[1m^[22m[39m[31m[1m^[22m[39m[31m[1m^[22m[39m[31m[1m^[22m[39m[31m[1m^[22m[39m[3
1m[1m^[22m[39m
[31m[1m>[22m[39m[90m 18 |[39m   adminModerationApi[33m,[39m
 [90m    |[39m [31m[1m^[22m[39m[31m[1m^[22m[39m[31m[1m^[22m[39m[31m[1m^[22m[39m[31m[1m^[22m[39m[31m[1m^[22m[3
9m[31m[1m^[22m[39m[31m[1m^[22m[39m[31m[1m^[22m[39m[31m[1m^[22m[39m[31m[1m^[22m[39m[31m[1m^[22m[39m[31m[1m^[2
2m[39m[31m[1m^[22m[39m[31m[1m^[22m[39m[31m[1m^[22m[39m[31m[1m^[22m[39m[31m[1m^[22m[39m[31m[1m^[22m[39m[31m[1
m^[22m[39m[31m[1m^[22m[39m[31m[1m^[22m[39m[31m[1m^[22m[39m[31m[1m^[22m[39m[31m[1m^[22m[39m[31m[1m^[22m[39m[3
1m[1m^[22m[39m
[31m[1m>[22m[39m[90m 19 |[39m } [36mfrom[39m [32m'@/lib/api/admin/moderation'[39m[33m;[39m
 [90m    |[39m [31m[1m^[22m[39m[31m[1m^[22m[39m[31m[1m^[22m[39m[31m[1m^[22m[39m[31m[1m^[22m[39m[31m[1m^[22m[3
9m[31m[1m^[22m[39m[31m[1m^[22m[39m[31m[1m^[22m[39m[31m[1m^[22m[39m[31m[1m^[22m[39m[31m[1m^[22m[39m[31m[1m^[2
2m[39m[31m[1m^[22m[39m[31m[1m^[22m[39m[31m[1m^[22m[39m[31m[1m^[22m[39m[31m[1m^[22m[39m[31m[1m^[22m[39m[31m[1
m^[22m[39m[31m[1m^[22m[39m[31m[1m^[22m[39m[31m[1m^[22m[39m[31m[1m^[22m[39m[31m[1m^[22m[39m[31m[1m^[22m[39m[3
1m[1m^[22m[39m[31m[1m^[22m[39m[31m[1m^[22m[39m[31m[1m^[22m[39m[31m[1m^[22m[39m[31m[1m^[22m[39m[31m[1m^[22m[3
9m[31m[1m^[22m[39m[31m[1m^[22m[39m[31m[1m^[22m[39m[31m[1m^[22m[39m
 [90m 20 |[39m [36mimport[39m logger [36mfrom[39m [32m'@/lib/infrastructure/monitoring/logger'[39m[33m;[39m
 [90m 21 |[39m [36mimport[39m {
 [90m 22 |[39m   [33mCheckCircle[39m[33m,[39m[0m

Import map: aliased to relative './lib/api/admin/moderation' inside of [project]/


Import traces:
  Client Component Browser:
    ./components/domains/admin/moderation/reviews/ModerationStats.tsx [Client Component Browser]
    ./components/domains/admin/moderation/review-moderation-exports.ts [Client Component Browser]
    ./components/domains/admin/index.ts [Client Component Browser]
    ./app/admin/users/page.tsx [Client Component Browser]
    ./app/admin/users/page.tsx [Server Component]

  Client Component SSR:
    ./components/domains/admin/moderation/reviews/ModerationStats.tsx [Client Component SSR]
    ./components/domains/admin/moderation/review-moderation-exports.ts [Client Component SSR]
    ./components/domains/admin/index.ts [Client Component SSR]
    ./app/admin/users/page.tsx [Client Component SSR]
    ./app/admin/users/page.tsx [Server Component]

https://nextjs.org/docs/messages/module-not-found


./components/domains/moderation/shared/UnifiedReviewQueue.tsx:31:1
Module not found: Can't resolve '@/lib/api/admin/moderation'
[0m [90m 29 |[39m [36mimport[39m { [33mUnifiedReviewModerationCard[39m } [36mfrom[39m [32m'./UnifiedReviewModerationCard'[39
m[33m;[39m
 [90m 30 |[39m [36mimport[39m { useReviewModeration } [36mfrom[39m [32m'@/hooks/business/moderation/useReviewModeration'[39m[3
3m;[39m
[31m[1m>[22m[39m[90m 31 |[39m [36mimport[39m { adminModerationApi } [36mfrom[39m [32m'@/lib/api/admin/moderation'[39m[33m;
[39m
 [90m    |[39m [31m[1m^[22m[39m[31m[1m^[22m[39m[31m[1m^[22m[39m[31m[1m^[22m[39m[31m[1m^[22m[39m[31m[1m^[22m[3
9m[31m[1m^[22m[39m[31m[1m^[22m[39m[31m[1m^[22m[39m[31m[1m^[22m[39m[31m[1m^[22m[39m[31m[1m^[22m[39m[31m[1m^[2
2m[39m[31m[1m^[22m[39m[31m[1m^[22m[39m[31m[1m^[22m[39m[31m[1m^[22m[39m[31m[1m^[22m[39m[31m[1m^[22m[39m[31m[1
m^[22m[39m[31m[1m^[22m[39m[31m[1m^[22m[39m[31m[1m^[22m[39m[31m[1m^[22m[39m[31m[1m^[22m[39m[31m[1m^[22m[39m[3
1m[1m^[22m[39m[31m[1m^[22m[39m[31m[1m^[22m[39m[31m[1m^[22m[39m[31m[1m^[22m[39m[31m[1m^[22m[39m[31m[1m^[22m[3
9m[31m[1m^[22m[39m[31m[1m^[22m[39m[31m[1m^[22m[39m[31m[1m^[22m[39m[31m[1m^[22m[39m[31m[1m^[22m[39m[31m[1m^[2
2m[39m[31m[1m^[22m[39m[31m[1m^[22m[39m[31m[1m^[22m[39m[31m[1m^[22m[39m[31m[1m^[22m[39m[31m[1m^[22m[39m[31m[1
m^[22m[39m[31m[1m^[22m[39m[31m[1m^[22m[39m[31m[1m^[22m[39m[31m[1m^[22m[39m[31m[1m^[22m[39m[31m[1m^[22m[39m[3
1m[1m^[22m[39m[31m[1m^[22m[39m[31m[1m^[22m[39m[31m[1m^[22m[39m[31m[1m^[22m[39m[31m[1m^[22m[39m[31m[1m^[22m[3
9m[31m[1m^[22m[39m[31m[1m^[22m[39m[31m[1m^[22m[39m[31m[1m^[22m[39m
 [90m 32 |[39m [36mimport[39m type { [33mReviewResponse[39m } [36mfrom[39m [32m'@/lib/api/admin/moderation'[39m[33m;[39m
 [90m 33 |[39m [36mimport[39m type { [33mUserRole[39m } [36mfrom[39m [32m'./UnifiedReviewModerationCard'[39m[33m;[39m
 [90m 34 |[39m[0m

Import map: aliased to relative './lib/api/admin/moderation' inside of [project]/


Import traces:
  Client Component Browser:
    ./components/domains/moderation/shared/UnifiedReviewQueue.tsx [Client Component Browser]
    ./app/moderator/reviews/page.tsx [Client Component Browser]
    ./app/moderator/reviews/page.tsx [Server Component]

  Client Component SSR:
    ./components/domains/moderation/shared/UnifiedReviewQueue.tsx [Client Component SSR]
    ./app/moderator/reviews/page.tsx [Client Component SSR]
    ./app/moderator/reviews/page.tsx [Server Component]

https://nextjs.org/docs/messages/module-not-found


./app/admin/payouts/batch/page.tsx:3:1
Module not found: Can't resolve '@/lib/auth'
[0m [90m 1 |[39m [36mimport[39m { [33mMetadata[39m } [36mfrom[39m [32m'next'[39m[33m;[39m
 [90m 2 |[39m [36mimport[39m { redirect } [36mfrom[39m [32m'next/navigation'[39m[33m;[39m
[31m[1m>[22m[39m[90m 3 |[39m [36mimport[39m { auth } [36mfrom[39m [32m'@/lib/auth'[39m[33m;[39m
 [90m   |[39m [31m[1m^[22m[39m[31m[1m^[22m[39m[31m[1m^[22m[39m[31m[1m^[22m[39m[31m[1m^[22m[39m[31m[1m^[22m[39
m[31m[1m^[22m[39m[31m[1m^[22m[39m[31m[1m^[22m[39m[31m[1m^[22m[39m[31m[1m^[22m[39m[31m[1m^[22m[39m[31m[1m^[22
m[39m[31m[1m^[22m[39m[31m[1m^[22m[39m[31m[1m^[22m[39m[31m[1m^[22m[39m[31m[1m^[22m[39m[31m[1m^[22m[39m[31m[1m
^[22m[39m[31m[1m^[22m[39m[31m[1m^[22m[39m[31m[1m^[22m[39m[31m[1m^[22m[39m[31m[1m^[22m[39m[31m[1m^[22m[39m[31
m[1m^[22m[39m[31m[1m^[22m[39m[31m[1m^[22m[39m[31m[1m^[22m[39m[31m[1m^[22m[39m[31m[1m^[22m[39m[31m[1m^[22m[39
m[31m[1m^[22m[39m
 [90m 4 |[39m [36mimport[39m [33mBatchPayoutManager[39m [36mfrom[39m [32m'@/components/admin/payouts/BatchPayoutManager'[39m
[33m;[39m
 [90m 5 |[39m
 [90m 6 |[39m [36mexport[39m [36mconst[39m metadata[33m:[39m [33mMetadata[39m [33m=[39m {[0m

Import map: aliased to relative './lib/auth' inside of [project]/


https://nextjs.org/docs/messages/module-not-found


./hooks/business/wallet/useBankAccounts.ts:24:1
Module not found: Can't resolve '@/lib/infrastructure/api/client/apiClient'
[0m [90m 22 |[39m [36mimport[39m { useState } [36mfrom[39m [32m'react'[39m[33m;[39m
 [90m 23 |[39m [36mimport[39m useSWR [36mfrom[39m [32m'swr'[39m[33m;[39m
[31m[1m>[22m[39m[90m 24 |[39m [36mimport[39m { apiClient } [36mfrom[39m [32m'@/lib/infrastructure/api/client/apiClient'[39m
[33m;[39m
 [90m    |[39m [31m[1m^[22m[39m[31m[1m^[22m[39m[31m[1m^[22m[39m[31m[1m^[22m[39m[31m[1m^[22m[39m[31m[1m^[22m[3
9m[31m[1m^[22m[39m[31m[1m^[22m[39m[31m[1m^[22m[39m[31m[1m^[22m[39m[31m[1m^[22m[39m[31m[1m^[22m[39m[31m[1m^[2
2m[39m[31m[1m^[22m[39m[31m[1m^[22m[39m[31m[1m^[22m[39m[31m[1m^[22m[39m[31m[1m^[22m[39m[31m[1m^[22m[39m[31m[1
m^[22m[39m[31m[1m^[22m[39m[31m[1m^[22m[39m[31m[1m^[22m[39m[31m[1m^[22m[39m[31m[1m^[22m[39m[31m[1m^[22m[39m[3
1m[1m^[22m[39m[31m[1m^[22m[39m[31m[1m^[22m[39m[31m[1m^[22m[39m[31m[1m^[22m[39m[31m[1m^[22m[39m[31m[1m^[22m[3
9m[31m[1m^[22m[39m[31m[1m^[22m[39m[31m[1m^[22m[39m[31m[1m^[22m[39m[31m[1m^[22m[39m[31m[1m^[22m[39m[31m[1m^[2
2m[39m[31m[1m^[22m[39m[31m[1m^[22m[39m[31m[1m^[22m[39m[31m[1m^[22m[39m[31m[1m^[22m[39m[31m[1m^[22m[39m[31m[1
m^[22m[39m[31m[1m^[22m[39m[31m[1m^[22m[39m[31m[1m^[22m[39m[31m[1m^[22m[39m[31m[1m^[22m[39m[31m[1m^[22m[39m[3
1m[1m^[22m[39m[31m[1m^[22m[39m[31m[1m^[22m[39m[31m[1m^[22m[39m[31m[1m^[22m[39m[31m[1m^[22m[39m[31m[1m^[22m[3
9m[31m[1m^[22m[39m[31m[1m^[22m[39m[31m[1m^[22m[39m[31m[1m^[22m[39m[31m[1m^[22m[39m[31m[1m^[22m[39m[31m[1m^[2
2m[39m[31m[1m^[22m[39m[31m[1m^[22m[39m[31m[1m^[22m[39m
 [90m 25 |[39m [36mimport[39m type { [33mApiResponse[39m } [36mfrom[39m [32m'@/lib/infrastructure/api/types'[39m[33m;[39m
 [90m 26 |[39m [36mimport[39m { toast } [36mfrom[39m [32m'sonner'[39m[33m;[39m
 [90m 27 |[39m[0m

Import map: aliased to relative './lib/infrastructure/api/client/apiClient' inside of [project]/


Import traces:
  Client Component Browser:
    ./hooks/business/wallet/useBankAccounts.ts [Client Component Browser]
    ./components/domains/wallet/WalletDashboard.tsx [Client Component Browser]
    ./components/domains/wallet/index.ts [Client Component Browser]
    ./app/dashboard/wallet/payouts/page.tsx [Client Component Browser]
    ./app/dashboard/wallet/payouts/page.tsx [Server Component]

  Client Component SSR:
    ./hooks/business/wallet/useBankAccounts.ts [Client Component SSR]
    ./components/domains/wallet/WalletDashboard.tsx [Client Component SSR]
    ./components/domains/wallet/index.ts [Client Component SSR]
    ./app/dashboard/wallet/payouts/page.tsx [Client Component SSR]
    ./app/dashboard/wallet/payouts/page.tsx [Server Component]

https://nextjs.org/docs/messages/module-not-found


./hooks/business/wallet/useWalletConfig.ts:20:1
Module not found: Can't resolve '@/lib/infrastructure/api/client/apiClient'
[0m [90m 18 |[39m
 [90m 19 |[39m [36mimport[39m useSWR [36mfrom[39m [32m'swr'[39m[33m;[39m
[31m[1m>[22m[39m[90m 20 |[39m [36mimport[39m { apiClient } [36mfrom[39m [32m'@/lib/infrastructure/api/client/apiClient'[39m
[33m;[39m
 [90m    |[39m [31m[1m^[22m[39m[31m[1m^[22m[39m[31m[1m^[22m[39m[31m[1m^[22m[39m[31m[1m^[22m[39m[31m[1m^[22m[3
9m[31m[1m^[22m[39m[31m[1m^[22m[39m[31m[1m^[22m[39m[31m[1m^[22m[39m[31m[1m^[22m[39m[31m[1m^[22m[39m[31m[1m^[2
2m[39m[31m[1m^[22m[39m[31m[1m^[22m[39m[31m[1m^[22m[39m[31m[1m^[22m[39m[31m[1m^[22m[39m[31m[1m^[22m[39m[31m[1
m^[22m[39m[31m[1m^[22m[39m[31m[1m^[22m[39m[31m[1m^[22m[39m[31m[1m^[22m[39m[31m[1m^[22m[39m[31m[1m^[22m[39m[3
1m[1m^[22m[39m[31m[1m^[22m[39m[31m[1m^[22m[39m[31m[1m^[22m[39m[31m[1m^[22m[39m[31m[1m^[22m[39m[31m[1m^[22m[3
9m[31m[1m^[22m[39m[31m[1m^[22m[39m[31m[1m^[22m[39m[31m[1m^[22m[39m[31m[1m^[22m[39m[31m[1m^[22m[39m[31m[1m^[2
2m[39m[31m[1m^[22m[39m[31m[1m^[22m[39m[31m[1m^[22m[39m[31m[1m^[22m[39m[31m[1m^[22m[39m[31m[1m^[22m[39m[31m[1
m^[22m[39m[31m[1m^[22m[39m[31m[1m^[22m[39m[31m[1m^[22m[39m[31m[1m^[22m[39m[31m[1m^[22m[39m[31m[1m^[22m[39m[3
1m[1m^[22m[39m[31m[1m^[22m[39m[31m[1m^[22m[39m[31m[1m^[22m[39m[31m[1m^[22m[39m[31m[1m^[22m[39m[31m[1m^[22m[3
9m[31m[1m^[22m[39m[31m[1m^[22m[39m[31m[1m^[22m[39m[31m[1m^[22m[39m[31m[1m^[22m[39m[31m[1m^[22m[39m[31m[1m^[2
2m[39m[31m[1m^[22m[39m[31m[1m^[22m[39m[31m[1m^[22m[39m
 [90m 21 |[39m [36mimport[39m type { [33mApiResponse[39m } [36mfrom[39m [32m'@/lib/infrastructure/api/types'[39m[33m;[39m
 [90m 22 |[39m
 [90m 23 |[39m [90m/**[39m[0m

Import map: aliased to relative './lib/infrastructure/api/client/apiClient' inside of [project]/


Import traces:
  Client Component Browser:
    ./hooks/business/wallet/useWalletConfig.ts [Client Component Browser]
    ./components/domains/wallet/WalletDashboard.tsx [Client Component Browser]
    ./components/domains/wallet/index.ts [Client Component Browser]
    ./app/dashboard/wallet/bank-accounts/add/page.tsx [Client Component Browser]
    ./app/dashboard/wallet/bank-accounts/add/page.tsx [Server Component]

  Client Component SSR:
    ./hooks/business/wallet/useWalletConfig.ts [Client Component SSR]
    ./components/domains/wallet/WalletDashboard.tsx [Client Component SSR]
    ./components/domains/wallet/index.ts [Client Component SSR]
    ./app/dashboard/wallet/bank-accounts/add/page.tsx [Client Component SSR]
    ./app/dashboard/wallet/bank-accounts/add/page.tsx [Server Component]

https://nextjs.org/docs/messages/module-not-found


./app/blog/[slug]/page.tsx:42:1
Module not found: Can't resolve '@/lib/shared/utils/logger'
[0m [90m 40 |[39m   type [33mBlogPostSummary[39m[33m,[39m
 [90m 41 |[39m } [36mfrom[39m [32m'@/lib/api/blog'[39m[33m;[39m
[31m[1m>[22m[39m[90m 42 |[39m [36mimport[39m { logger } [36mfrom[39m [32m'@/lib/shared/utils/logger'[39m[33m;[39m
 [90m    |[39m [31m[1m^[22m[39m[31m[1m^[22m[39m[31m[1m^[22m[39m[31m[1m^[22m[39m[31m[1m^[22m[39m[31m[1m^[22m[3
9m[31m[1m^[22m[39m[31m[1m^[22m[39m[31m[1m^[22m[39m[31m[1m^[22m[39m[31m[1m^[22m[39m[31m[1m^[22m[39m[31m[1m^[2
2m[39m[31m[1m^[22m[39m[31m[1m^[22m[39m[31m[1m^[22m[39m[31m[1m^[22m[39m[31m[1m^[22m[39m[31m[1m^[22m[39m[31m[1
m^[22m[39m[31m[1m^[22m[39m[31m[1m^[22m[39m[31m[1m^[22m[39m[31m[1m^[22m[39m[31m[1m^[22m[39m[31m[1m^[22m[39m[3
1m[1m^[22m[39m[31m[1m^[22m[39m[31m[1m^[22m[39m[31m[1m^[22m[39m[31m[1m^[22m[39m[31m[1m^[22m[39m[31m[1m^[22m[3
9m[31m[1m^[22m[39m[31m[1m^[22m[39m[31m[1m^[22m[39m[31m[1m^[22m[39m[31m[1m^[22m[39m[31m[1m^[22m[39m[31m[1m^[2
2m[39m[31m[1m^[22m[39m[31m[1m^[22m[39m[31m[1m^[22m[39m[31m[1m^[22m[39m[31m[1m^[22m[39m[31m[1m^[22m[39m[31m[1
m^[22m[39m[31m[1m^[22m[39m[31m[1m^[22m[39m[31m[1m^[22m[39m[31m[1m^[22m[39m
 [90m 43 |[39m
 [90m 44 |[39m [90m// Dynamic rendering[39m
 [90m 45 |[39m [36mexport[39m [36mconst[39m dynamicParams [33m=[39m [36mtrue[39m[33m;[39m[0m

Import map: aliased to relative './lib/shared/utils/logger' inside of [project]/


https://nextjs.org/docs/messages/module-not-found


./components/domains/moderator/ModeratorActivityTimeline.tsx:44:1
Module not found: Can't resolve 'lucide-react/dist/esm/icons/headphones-icon'
[0m [90m 42 |[39m [36mimport[39m { useState[33m,[39m useCallback[33m,[39m memo } [36mfrom[39m [32m'react'[39m[33m;[39m
 [90m 43 |[39m [36mimport[39m [33mLink[39m [36mfrom[39m [32m'next/link'[39m[33m;[39m
[31m[1m>[22m[39m[90m 44 |[39m [36mimport[39m {
 [90m    |[39m [31m[1m^[22m[39m[31m[1m^[22m[39m[31m[1m^[22m[39m[31m[1m^[22m[39m[31m[1m^[22m[39m[31m[1m^[22m[3
9m[31m[1m^[22m[39m[31m[1m^[22m[39m
[31m[1m>[22m[39m[90m 45 |[39m   [33mCheckCircle[39m[33m,[39m
 [90m    |[39m [31m[1m^[22m[39m[31m[1m^[22m[39m[31m[1m^[22m[39m[31m[1m^[22m[39m[31m[1m^[22m[39m[31m[1m^[22m[3
9m[31m[1m^[22m[39m[31m[1m^[22m[39m[31m[1m^[22m[39m[31m[1m^[22m[39m[31m[1m^[22m[39m[31m[1m^[22m[39m[31m[1m^[2
2m[39m[31m[1m^[22m[39m
[31m[1m>[22m[39m[90m 46 |[39m   [33mXCircle[39m[33m,[39m
 [90m    |[39m [31m[1m^[22m[39m[31m[1m^[22m[39m[31m[1m^[22m[39m[31m[1m^[22m[39m[31m[1m^[22m[39m[31m[1m^[22m[3
9m[31m[1m^[22m[39m[31m[1m^[22m[39m[31m[1m^[22m[39m[31m[1m^[22m[39m[31m[1m^[22m[39m[31m[1m^[22m[39m[31m[1m^[2
2m[39m[31m[1m^[22m[39m
[31m[1m>[22m[39m[90m 47 |[39m   [33mFlag[39m[33m,[39m
 [90m    |[39m [31m[1m^[22m[39m[31m[1m^[22m[39m[31m[1m^[22m[39m[31m[1m^[22m[39m[31m[1m^[22m[39m[31m[1m^[22m[3
9m[31m[1m^[22m[39m[31m[1m^[22m[39m[31m[1m^[22m[39m[31m[1m^[22m[39m[31m[1m^[22m[39m[31m[1m^[22m[39m[31m[1m^[2
2m[39m[31m[1m^[22m[39m
[31m[1m>[22m[39m[90m 48 |[39m   [33mShield[39m[33m,[39m
 [90m    |[39m [31m[1m^[22m[39m[31m[1m^[22m[39m[31m[1m^[22m[39m[31m[1m^[22m[39m[31m[1m^[22m[39m[31m[1m^[22m[3
9m[31m[1m^[22m[39m[31m[1m^[22m[39m[31m[1m^[22m[39m[31m[1m^[22m[39m[31m[1m^[22m[39m[31m[1m^[22m[39m[31m[1m^[2
2m[39m[31m[1m^[22m[39m
[31m[1m>[22m[39m[90m 49 |[39m   [33mBan[39m[33m,[39m
 [90m    |[39m [31m[1m^[22m[39m[31m[1m^[22m[39m[31m[1m^[22m[39m[31m[1m^[22m[39m[31m[1m^[22m[39m[31m[1m^[22m[3
9m[31m[1m^[22m[39m[31m[1m^[22m[39m[31m[1m^[22m[39m[31m[1m^[22m[39m[31m[1m^[22m[39m[31m[1m^[22m[39m[31m[1m^[2
2m[39m[31m[1m^[22m[39m
[31m[1m>[22m[39m[90m 50 |[39m   [33mMessageSquare[39m[33m,[39m
 [90m    |[39m [31m[1m^[22m[39m[31m[1m^[22m[39m[31m[1m^[22m[39m[31m[1m^[22m[39m[31m[1m^[22m[39m[31m[1m^[22m[3
9m[31m[1m^[22m[39m[31m[1m^[22m[39m[31m[1m^[22m[39m[31m[1m^[22m[39m[31m[1m^[22m[39m[31m[1m^[22m[39m[31m[1m^[2
2m[39m[31m[1m^[22m[39m
[31m[1m>[22m[39m[90m 51 |[39m   [33mStar[39m[33m,[39m
 [90m    |[39m [31m[1m^[22m[39m[31m[1m^[22m[39m[31m[1m^[22m[39m[31m[1m^[22m[39m[31m[1m^[22m[39m[31m[1m^[22m[3
9m[31m[1m^[22m[39m[31m[1m^[22m[39m[31m[1m^[22m[39m[31m[1m^[22m[39m[31m[1m^[22m[39m[31m[1m^[22m[39m[31m[1m^[2
2m[39m[31m[1m^[22m[39m
[31m[1m>[22m[39m[90m 52 |[39m   [33mHeadphonesIcon[39m[33m,[39m
 [90m    |[39m [31m[1m^[22m[39m[31m[1m^[22m[39m[31m[1m^[22m[39m[31m[1m^[22m[39m[31m[1m^[22m[39m[31m[1m^[22m[3
9m[31m[1m^[22m[39m[31m[1m^[22m[39m[31m[1m^[22m[39m[31m[1m^[22m[39m[31m[1m^[22m[39m[31m[1m^[22m[39m[31m[1m^[2
2m[39m[31m[1m^[22m[39m
[31m[1m>[22m[39m[90m 53 |[39m   [33mUser[39m[33m,[39m
 [90m    |[39m [31m[1m^[22m[39m[31m[1m^[22m[39m[31m[1m^[22m[39m[31m[1m^[22m[39m[31m[1m^[22m[39m[31m[1m^[22m[3
9m[31m[1m^[22m[39m[31m[1m^[22m[39m[31m[1m^[22m[39m[31m[1m^[22m[39m[31m[1m^[22m[39m[31m[1m^[22m[39m[31m[1m^[2
2m[39m[31m[1m^[22m[39m
[31m[1m>[22m[39m[90m 54 |[39m   [33mClock[39m[33m,[39m
 [90m    |[39m [31m[1m^[22m[39m[31m[1m^[22m[39m[31m[1m^[22m[39m[31m[1m^[22m[39m[31m[1m^[22m[39m[31m[1m^[22m[3
9m[31m[1m^[22m[39m[31m[1m^[22m[39m[31m[1m^[22m[39m[31m[1m^[22m[39m[31m[1m^[22m[39m[31m[1m^[22m[39m[31m[1m^[2
2m[39m[31m[1m^[22m[39m
[31m[1m>[22m[39m[90m 55 |[39m   [33mChevronRight[39m[33m,[39m
 [90m    |[39m [31m[1m^[22m[39m[31m[1m^[22m[39m[31m[1m^[22m[39m[31m[1m^[22m[39m[31m[1m^[22m[39m[31m[1m^[22m[3
9m[31m[1m^[22m[39m[31m[1m^[22m[39m[31m[1m^[22m[39m[31m[1m^[22m[39m[31m[1m^[22m[39m[31m[1m^[22m[39m[31m[1m^[2
2m[39m[31m[1m^[22m[39m
[31m[1m>[22m[39m[90m 56 |[39m   [33mAlertTriangle[39m[33m,[39m
 [90m    |[39m [31m[1m^[22m[39m[31m[1m^[22m[39m[31m[1m^[22m[39m[31m[1m^[22m[39m[31m[1m^[22m[39m[31m[1m^[22m[3
9m[31m[1m^[22m[39m[31m[1m^[22m[39m[31m[1m^[22m[39m[31m[1m^[22m[39m[31m[1m^[22m[39m[31m[1m^[22m[39m[31m[1m^[2
2m[39m[31m[1m^[22m[39m
[31m[1m>[22m[39m[90m 57 |[39m   [33mExternalLink[39m[33m,[39m
 [90m    |[39m [31m[1m^[22m[39m[31m[1m^[22m[39m[31m[1m^[22m[39m[31m[1m^[22m[39m[31m[1m^[22m[39m[31m[1m^[22m[3
9m[31m[1m^[22m[39m[31m[1m^[22m[39m[31m[1m^[22m[39m[31m[1m^[22m[39m[31m[1m^[22m[39m[31m[1m^[22m[39m[31m[1m^[2
2m[39m[31m[1m^[22m[39m
[31m[1m>[22m[39m[90m 58 |[39m   [33mRefreshCw[39m[33m,[39m
 [90m    |[39m [31m[1m^[22m[39m[31m[1m^[22m[39m[31m[1m^[22m[39m[31m[1m^[22m[39m[31m[1m^[22m[39m[31m[1m^[22m[3
9m[31m[1m^[22m[39m[31m[1m^[22m[39m[31m[1m^[22m[39m[31m[1m^[22m[39m[31m[1m^[22m[39m[31m[1m^[22m[39m[31m[1m^[2
2m[39m[31m[1m^[22m[39m
[31m[1m>[22m[39m[90m 59 |[39m   [33mAlertCircle[39m[33m,[39m
 [90m    |[39m [31m[1m^[22m[39m[31m[1m^[22m[39m[31m[1m^[22m[39m[31m[1m^[22m[39m[31m[1m^[22m[39m[31m[1m^[22m[3
9m[31m[1m^[22m[39m[31m[1m^[22m[39m[31m[1m^[22m[39m[31m[1m^[22m[39m[31m[1m^[22m[39m[31m[1m^[22m[39m[31m[1m^[2
2m[39m[31m[1m^[22m[39m
[31m[1m>[22m[39m[90m 60 |[39m } [36mfrom[39m [32m'lucide-react'[39m[33m;[39m
 [90m    |[39m [31m[1m^[22m[39m[31m[1m^[22m[39m[31m[1m^[22m[39m[31m[1m^[22m[39m[31m[1m^[22m[39m[31m[1m^[22m[3
9m[31m[1m^[22m[39m[31m[1m^[22m[39m[31m[1m^[22m[39m[31m[1m^[22m[39m[31m[1m^[22m[39m[31m[1m^[22m[39m[31m[1m^[2
2m[39m[31m[1m^[22m[39m[31m[1m^[22m[39m[31m[1m^[22m[39m[31m[1m^[22m[39m[31m[1m^[22m[39m[31m[1m^[22m[39m[31m[1
m^[22m[39m[31m[1m^[22m[39m[31m[1m^[22m[39m[31m[1m^[22m[39m
 [90m 61 |[39m [36mimport[39m { [33mCard[39m[33m,[39m [33mBadge[39m[33m,[39m [33mUnifiedButton[39m } [36mfrom[39m [32m
'@/components/ui'[39m[33m;[39m
 [90m 62 |[39m [36mimport[39m { useRecentActivities } [36mfrom[39m [32m'@/hooks/business/useModeration'[39m[33m;[39m
 [90m 63 |[39m [36mimport[39m { formatRelativeTime } [36mfrom[39m [32m'@/lib/shared/formatters'[39m[33m;[39m[0m



Import traces:
  Client Component Browser:
    ./components/domains/moderator/ModeratorActivityTimeline.tsx [Client Component Browser]
    ./app/moderator/activity/page.tsx [Client Component Browser]
    ./app/moderator/activity/page.tsx [Server Component]

  Client Component SSR:
    ./components/domains/moderator/ModeratorActivityTimeline.tsx [Client Component SSR]
    ./app/moderator/activity/page.tsx [Client Component SSR]
    ./app/moderator/activity/page.tsx [Server Component]

https://nextjs.org/docs/messages/module-not-found


./app/admin/disputes/[id]/page.tsx:51:1
Module not found: Can't resolve 'lucide-react/dist/esm/icons/image-icon'
[0m [90m 49 |[39m [36mimport[39m [33mDisputeResolutionModal[39m [36mfrom[39m [32m'@/components/admin/disputes/DisputeResoluti
onModal'[39m[33m;[39m
 [90m 50 |[39m [36mimport[39m [33mDisputeMessages[39m [36mfrom[39m [32m'@/components/domains/disputes/DisputeMessages'[39m[3
3m;[39m
[31m[1m>[22m[39m[90m 51 |[39m [36mimport[39m {
 [90m    |[39m [31m[1m^[22m[39m[31m[1m^[22m[39m[31m[1m^[22m[39m[31m[1m^[22m[39m[31m[1m^[22m[39m[31m[1m^[22m[3
9m[31m[1m^[22m[39m[31m[1m^[22m[39m
[31m[1m>[22m[39m[90m 52 |[39m   [33mArrowLeft[39m[33m,[39m
 [90m    |[39m [31m[1m^[22m[39m[31m[1m^[22m[39m[31m[1m^[22m[39m[31m[1m^[22m[39m[31m[1m^[22m[39m[31m[1m^[22m[3
9m[31m[1m^[22m[39m[31m[1m^[22m[39m[31m[1m^[22m[39m[31m[1m^[22m[39m[31m[1m^[22m[39m[31m[1m^[22m[39m
[31m[1m>[22m[39m[90m 53 |[39m   [33mCalendar[39m[33m,[39m
 [90m    |[39m [31m[1m^[22m[39m[31m[1m^[22m[39m[31m[1m^[22m[39m[31m[1m^[22m[39m[31m[1m^[22m[39m[31m[1m^[22m[3
9m[31m[1m^[22m[39m[31m[1m^[22m[39m[31m[1m^[22m[39m[31m[1m^[22m[39m[31m[1m^[22m[39m[31m[1m^[22m[39m
[31m[1m>[22m[39m[90m 54 |[39m   [33mUser[39m[33m,[39m
 [90m    |[39m [31m[1m^[22m[39m[31m[1m^[22m[39m[31m[1m^[22m[39m[31m[1m^[22m[39m[31m[1m^[22m[39m[31m[1m^[22m[3
9m[31m[1m^[22m[39m[31m[1m^[22m[39m[31m[1m^[22m[39m[31m[1m^[22m[39m[31m[1m^[22m[39m[31m[1m^[22m[39m
[31m[1m>[22m[39m[90m 55 |[39m   [33mPackage[39m[33m,[39m
 [90m    |[39m [31m[1m^[22m[39m[31m[1m^[22m[39m[31m[1m^[22m[39m[31m[1m^[22m[39m[31m[1m^[22m[39m[31m[1m^[22m[3
9m[31m[1m^[22m[39m[31m[1m^[22m[39m[31m[1m^[22m[39m[31m[1m^[22m[39m[31m[1m^[22m[39m[31m[1m^[22m[39m
[31m[1m>[22m[39m[90m 56 |[39m   [33mFileText[39m[33m,[39m
 [90m    |[39m [31m[1m^[22m[39m[31m[1m^[22m[39m[31m[1m^[22m[39m[31m[1m^[22m[39m[31m[1m^[22m[39m[31m[1m^[22m[3
9m[31m[1m^[22m[39m[31m[1m^[22m[39m[31m[1m^[22m[39m[31m[1m^[22m[39m[31m[1m^[22m[39m[31m[1m^[22m[39m
[31m[1m>[22m[39m[90m 57 |[39m   [33mDownload[39m[33m,[39m
 [90m    |[39m [31m[1m^[22m[39m[31m[1m^[22m[39m[31m[1m^[22m[39m[31m[1m^[22m[39m[31m[1m^[22m[39m[31m[1m^[22m[3
9m[31m[1m^[22m[39m[31m[1m^[22m[39m[31m[1m^[22m[39m[31m[1m^[22m[39m[31m[1m^[22m[39m[31m[1m^[22m[39m
[31m[1m>[22m[39m[90m 58 |[39m   [33mExternalLink[39m[33m,[39m
 [90m    |[39m [31m[1m^[22m[39m[31m[1m^[22m[39m[31m[1m^[22m[39m[31m[1m^[22m[39m[31m[1m^[22m[39m[31m[1m^[22m[3
9m[31m[1m^[22m[39m[31m[1m^[22m[39m[31m[1m^[22m[39m[31m[1m^[22m[39m[31m[1m^[22m[39m[31m[1m^[22m[39m
[31m[1m>[22m[39m[90m 59 |[39m   [33mClock[39m[33m,[39m
 [90m    |[39m [31m[1m^[22m[39m[31m[1m^[22m[39m[31m[1m^[22m[39m[31m[1m^[22m[39m[31m[1m^[22m[39m[31m[1m^[22m[3
9m[31m[1m^[22m[39m[31m[1m^[22m[39m[31m[1m^[22m[39m[31m[1m^[22m[39m[31m[1m^[22m[39m[31m[1m^[22m[39m
[31m[1m>[22m[39m[90m 60 |[39m   [33mCheckCircle[39m[33m,[39m
 [90m    |[39m [31m[1m^[22m[39m[31m[1m^[22m[39m[31m[1m^[22m[39m[31m[1m^[22m[39m[31m[1m^[22m[39m[31m[1m^[22m[3
9m[31m[1m^[22m[39m[31m[1m^[22m[39m[31m[1m^[22m[39m[31m[1m^[22m[39m[31m[1m^[22m[39m[31m[1m^[22m[39m
[31m[1m>[22m[39m[90m 61 |[39m   [33mAlertCircle[39m[33m,[39m
 [90m    |[39m [31m[1m^[22m[39m[31m[1m^[22m[39m[31m[1m^[22m[39m[31m[1m^[22m[39m[31m[1m^[22m[39m[31m[1m^[22m[3
9m[31m[1m^[22m[39m[31m[1m^[22m[39m[31m[1m^[22m[39m[31m[1m^[22m[39m[31m[1m^[22m[39m[31m[1m^[22m[39m
[31m[1m>[22m[39m[90m 62 |[39m   [33mShield[39m[33m,[39m
 [90m    |[39m [31m[1m^[22m[39m[31m[1m^[22m[39m[31m[1m^[22m[39m[31m[1m^[22m[39m[31m[1m^[22m[39m[31m[1m^[22m[3
9m[31m[1m^[22m[39m[31m[1m^[22m[39m[31m[1m^[22m[39m[31m[1m^[22m[39m[31m[1m^[22m[39m[31m[1m^[22m[39m
[31m[1m>[22m[39m[90m 63 |[39m   [33mImageIcon[39m[33m,[39m
 [90m    |[39m [31m[1m^[22m[39m[31m[1m^[22m[39m[31m[1m^[22m[39m[31m[1m^[22m[39m[31m[1m^[22m[39m[31m[1m^[22m[3
9m[31m[1m^[22m[39m[31m[1m^[22m[39m[31m[1m^[22m[39m[31m[1m^[22m[39m[31m[1m^[22m[39m[31m[1m^[22m[39m
[31m[1m>[22m[39m[90m 64 |[39m   [33mMessageSquare[39m[33m,[39m
 [90m    |[39m [31m[1m^[22m[39m[31m[1m^[22m[39m[31m[1m^[22m[39m[31m[1m^[22m[39m[31m[1m^[22m[39m[31m[1m^[22m[3
9m[31m[1m^[22m[39m[31m[1m^[22m[39m[31m[1m^[22m[39m[31m[1m^[22m[39m[31m[1m^[22m[39m[31m[1m^[22m[39m
[31m[1m>[22m[39m[90m 65 |[39m } [36mfrom[39m [32m'lucide-react'[39m[33m;[39m
 [90m    |[39m [31m[1m^[22m[39m[31m[1m^[22m[39m[31m[1m^[22m[39m[31m[1m^[22m[39m[31m[1m^[22m[39m[31m[1m^[22m[3
9m[31m[1m^[22m[39m[31m[1m^[22m[39m[31m[1m^[22m[39m[31m[1m^[22m[39m[31m[1m^[22m[39m[31m[1m^[22m[39m[31m[1m^[2
2m[39m[31m[1m^[22m[39m[31m[1m^[22m[39m[31m[1m^[22m[39m[31m[1m^[22m[39m[31m[1m^[22m[39m[31m[1m^[22m[39m[31m[1
m^[22m[39m[31m[1m^[22m[39m[31m[1m^[22m[39m[31m[1m^[22m[39m
 [90m 66 |[39m [36mimport[39m { formatDistanceToNow } [36mfrom[39m [32m'date-fns'[39m[33m;[39m
 [90m 67 |[39m [36mimport[39m { tr } [36mfrom[39m [32m'date-fns/locale'[39m[33m;[39m
 [90m 68 |[39m [36mimport[39m { formatCurrency[33m,[39m formatDate } [36mfrom[39m [32m'@/lib/shared/formatters'[39m[33m;[39
m[0m



Import traces:
  Client Component Browser:
    ./app/admin/disputes/[id]/page.tsx [Client Component Browser]
    ./app/admin/disputes/[id]/page.tsx [Server Component]

  Client Component SSR:
    ./app/admin/disputes/[id]/page.tsx [Client Component SSR]
    ./app/admin/disputes/[id]/page.tsx [Server Component]

https://nextjs.org/docs/messages/module-not-found


./components/domains/dashboard/views/AdminDashboardView.tsx:50:1
Export formatCurrency doesn't exist in target module
[0m [90m 48 |[39m
 [90m 49 |[39m [90m// Utils[39m
[31m[1m>[22m[39m[90m 50 |[39m [36mimport[39m {
 [90m    |[39m [31m[1m^[22m[39m[31m[1m^[22m[39m[31m[1m^[22m[39m[31m[1m^[22m[39m[31m[1m^[22m[39m[31m[1m^[22m[3
9m[31m[1m^[22m[39m[31m[1m^[22m[39m
[31m[1m>[22m[39m[90m 51 |[39m   formatCurrency[33m,[39m
 [90m    |[39m [31m[1m^[22m[39m[31m[1m^[22m[39m[31m[1m^[22m[39m[31m[1m^[22m[39m[31m[1m^[22m[39m[31m[1m^[22m[3
9m[31m[1m^[22m[39m[31m[1m^[22m[39m[31m[1m^[22m[39m[31m[1m^[22m[39m[31m[1m^[22m[39m[31m[1m^[22m[39m[31m[1m^[2
2m[39m[31m[1m^[22m[39m[31m[1m^[22m[39m[31m[1m^[22m[39m[31m[1m^[22m[39m
[31m[1m>[22m[39m[90m 52 |[39m   formatCompactNumber[33m,[39m
 [90m    |[39m [31m[1m^[22m[39m[31m[1m^[22m[39m[31m[1m^[22m[39m[31m[1m^[22m[39m[31m[1m^[22m[39m[31m[1m^[22m[3
9m[31m[1m^[22m[39m[31m[1m^[22m[39m[31m[1m^[22m[39m[31m[1m^[22m[39m[31m[1m^[22m[39m[31m[1m^[22m[39m[31m[1m^[2
2m[39m[31m[1m^[22m[39m[31m[1m^[22m[39m[31m[1m^[22m[39m[31m[1m^[22m[39m
[31m[1m>[22m[39m[90m 53 |[39m   formatPercentage[33m,[39m
 [90m    |[39m [31m[1m^[22m[39m[31m[1m^[22m[39m[31m[1m^[22m[39m[31m[1m^[22m[39m[31m[1m^[22m[39m[31m[1m^[22m[3
9m[31m[1m^[22m[39m[31m[1m^[22m[39m[31m[1m^[22m[39m[31m[1m^[22m[39m[31m[1m^[22m[39m[31m[1m^[22m[39m[31m[1m^[2
2m[39m[31m[1m^[22m[39m[31m[1m^[22m[39m[31m[1m^[22m[39m[31m[1m^[22m[39m
[31m[1m>[22m[39m[90m 54 |[39m } [36mfrom[39m [32m'../utils'[39m[33m;[39m
 [90m    |[39m [31m[1m^[22m[39m[31m[1m^[22m[39m[31m[1m^[22m[39m[31m[1m^[22m[39m[31m[1m^[22m[39m[31m[1m^[22m[3
9m[31m[1m^[22m[39m[31m[1m^[22m[39m[31m[1m^[22m[39m[31m[1m^[22m[39m[31m[1m^[22m[39m[31m[1m^[22m[39m[31m[1m^[2
2m[39m[31m[1m^[22m[39m[31m[1m^[22m[39m[31m[1m^[22m[39m[31m[1m^[22m[39m[31m[1m^[22m[39m[31m[1m^[22m[39m
 [90m 55 |[39m
 [90m 56 |[39m [90m// ============================================================================[39m
 [90m 57 |[39m [90m// TYPES[39m[0m

The export formatCurrency was not found in module [project]/components/domains/dashboard/utils/index.ts [app-client] (ecmascript).
Did you mean to import formatCompactNumber?
All exports of the module are statically known (It doesn't have dynamic exports). So it's known statically that the requested export do
esn't exist.

Import traces:
  Client Component Browser:
    ./components/domains/dashboard/views/AdminDashboardView.tsx [Client Component Browser]
    ./components/domains/dashboard/index.ts [Client Component Browser]
    ./app/dashboard/page.tsx [Client Component Browser]
    ./app/dashboard/page.tsx [Server Component]

  Client Component SSR:
    ./components/domains/dashboard/views/AdminDashboardView.tsx [Client Component SSR]
    ./components/domains/dashboard/index.ts [Client Component SSR]
    ./app/dashboard/page.tsx [Client Component SSR]
    ./app/dashboard/page.tsx [Server Component]

  Server Component:
    ./components/domains/dashboard/views/AdminDashboardView.tsx
    ./components/domains/dashboard/views/index.ts
    ./components/domains/dashboard/index.ts
    ./app/dashboard/layout.tsx


./components/domains/dashboard/views/AdminDashboardView.tsx:50:1
Export formatCurrency doesn't exist in target module
[0m [90m 48 |[39m
 [90m 49 |[39m [90m// Utils[39m
[31m[1m>[22m[39m[90m 50 |[39m [36mimport[39m {
 [90m    |[39m [31m[1m^[22m[39m[31m[1m^[22m[39m[31m[1m^[22m[39m[31m[1m^[22m[39m[31m[1m^[22m[39m[31m[1m^[22m[3
9m[31m[1m^[22m[39m[31m[1m^[22m[39m
[31m[1m>[22m[39m[90m 51 |[39m   formatCurrency[33m,[39m
 [90m    |[39m [31m[1m^[22m[39m[31m[1m^[22m[39m[31m[1m^[22m[39m[31m[1m^[22m[39m[31m[1m^[22m[39m[31m[1m^[22m[3
9m[31m[1m^[22m[39m[31m[1m^[22m[39m[31m[1m^[22m[39m[31m[1m^[22m[39m[31m[1m^[22m[39m[31m[1m^[22m[39m[31m[1m^[2
2m[39m[31m[1m^[22m[39m[31m[1m^[22m[39m[31m[1m^[22m[39m[31m[1m^[22m[39m
[31m[1m>[22m[39m[90m 52 |[39m   formatCompactNumber[33m,[39m
 [90m    |[39m [31m[1m^[22m[39m[31m[1m^[22m[39m[31m[1m^[22m[39m[31m[1m^[22m[39m[31m[1m^[22m[39m[31m[1m^[22m[3
9m[31m[1m^[22m[39m[31m[1m^[22m[39m[31m[1m^[22m[39m[31m[1m^[22m[39m[31m[1m^[22m[39m[31m[1m^[22m[39m[31m[1m^[2
2m[39m[31m[1m^[22m[39m[31m[1m^[22m[39m[31m[1m^[22m[39m[31m[1m^[22m[39m
[31m[1m>[22m[39m[90m 53 |[39m   formatPercentage[33m,[39m
 [90m    |[39m [31m[1m^[22m[39m[31m[1m^[22m[39m[31m[1m^[22m[39m[31m[1m^[22m[39m[31m[1m^[22m[39m[31m[1m^[22m[3
9m[31m[1m^[22m[39m[31m[1m^[22m[39m[31m[1m^[22m[39m[31m[1m^[22m[39m[31m[1m^[22m[39m[31m[1m^[22m[39m[31m[1m^[2
2m[39m[31m[1m^[22m[39m[31m[1m^[22m[39m[31m[1m^[22m[39m[31m[1m^[22m[39m
[31m[1m>[22m[39m[90m 54 |[39m } [36mfrom[39m [32m'../utils'[39m[33m;[39m
 [90m    |[39m [31m[1m^[22m[39m[31m[1m^[22m[39m[31m[1m^[22m[39m[31m[1m^[22m[39m[31m[1m^[22m[39m[31m[1m^[22m[3
9m[31m[1m^[22m[39m[31m[1m^[22m[39m[31m[1m^[22m[39m[31m[1m^[22m[39m[31m[1m^[22m[39m[31m[1m^[22m[39m[31m[1m^[2
2m[39m[31m[1m^[22m[39m[31m[1m^[22m[39m[31m[1m^[22m[39m[31m[1m^[22m[39m[31m[1m^[22m[39m[31m[1m^[22m[39m
 [90m 55 |[39m
 [90m 56 |[39m [90m// ============================================================================[39m
 [90m 57 |[39m [90m// TYPES[39m[0m

The export formatCurrency was not found in module [project]/components/domains/dashboard/utils/index.ts [app-rsc] (ecmascript).
Did you mean to import formatCompactNumber?
All exports of the module are statically known (It doesn't have dynamic exports). So it's known statically that the requested export do
esn't exist.

Import traces:
  Client Component Browser:
    ./components/domains/dashboard/views/AdminDashboardView.tsx [Client Component Browser]
    ./components/domains/dashboard/index.ts [Client Component Browser]
    ./app/dashboard/page.tsx [Client Component Browser]
    ./app/dashboard/page.tsx [Server Component]

  Client Component SSR:
    ./components/domains/dashboard/views/AdminDashboardView.tsx [Client Component SSR]
    ./components/domains/dashboard/index.ts [Client Component SSR]
    ./app/dashboard/page.tsx [Client Component SSR]
    ./app/dashboard/page.tsx [Server Component]

  Server Component:
    ./components/domains/dashboard/views/AdminDashboardView.tsx
    ./components/domains/dashboard/views/index.ts
    ./components/domains/dashboard/index.ts
    ./app/dashboard/layout.tsx


./components/domains/dashboard/views/AdminDashboardView.tsx:50:1
Export formatCurrency doesn't exist in target module
[0m [90m 48 |[39m
 [90m 49 |[39m [90m// Utils[39m
[31m[1m>[22m[39m[90m 50 |[39m [36mimport[39m {
 [90m    |[39m [31m[1m^[22m[39m[31m[1m^[22m[39m[31m[1m^[22m[39m[31m[1m^[22m[39m[31m[1m^[22m[39m[31m[1m^[22m[3
9m[31m[1m^[22m[39m[31m[1m^[22m[39m
[31m[1m>[22m[39m[90m 51 |[39m   formatCurrency[33m,[39m
 [90m    |[39m [31m[1m^[22m[39m[31m[1m^[22m[39m[31m[1m^[22m[39m[31m[1m^[22m[39m[31m[1m^[22m[39m[31m[1m^[22m[3
9m[31m[1m^[22m[39m[31m[1m^[22m[39m[31m[1m^[22m[39m[31m[1m^[22m[39m[31m[1m^[22m[39m[31m[1m^[22m[39m[31m[1m^[2
2m[39m[31m[1m^[22m[39m[31m[1m^[22m[39m[31m[1m^[22m[39m[31m[1m^[22m[39m
[31m[1m>[22m[39m[90m 52 |[39m   formatCompactNumber[33m,[39m
 [90m    |[39m [31m[1m^[22m[39m[31m[1m^[22m[39m[31m[1m^[22m[39m[31m[1m^[22m[39m[31m[1m^[22m[39m[31m[1m^[22m[3
9m[31m[1m^[22m[39m[31m[1m^[22m[39m[31m[1m^[22m[39m[31m[1m^[22m[39m[31m[1m^[22m[39m[31m[1m^[22m[39m[31m[1m^[2
2m[39m[31m[1m^[22m[39m[31m[1m^[22m[39m[31m[1m^[22m[39m[31m[1m^[22m[39m
[31m[1m>[22m[39m[90m 53 |[39m   formatPercentage[33m,[39m
 [90m    |[39m [31m[1m^[22m[39m[31m[1m^[22m[39m[31m[1m^[22m[39m[31m[1m^[22m[39m[31m[1m^[22m[39m[31m[1m^[22m[3
9m[31m[1m^[22m[39m[31m[1m^[22m[39m[31m[1m^[22m[39m[31m[1m^[22m[39m[31m[1m^[22m[39m[31m[1m^[22m[39m[31m[1m^[2
2m[39m[31m[1m^[22m[39m[31m[1m^[22m[39m[31m[1m^[22m[39m[31m[1m^[22m[39m
[31m[1m>[22m[39m[90m 54 |[39m } [36mfrom[39m [32m'../utils'[39m[33m;[39m
 [90m    |[39m [31m[1m^[22m[39m[31m[1m^[22m[39m[31m[1m^[22m[39m[31m[1m^[22m[39m[31m[1m^[22m[39m[31m[1m^[22m[3
9m[31m[1m^[22m[39m[31m[1m^[22m[39m[31m[1m^[22m[39m[31m[1m^[22m[39m[31m[1m^[22m[39m[31m[1m^[22m[39m[31m[1m^[2
2m[39m[31m[1m^[22m[39m[31m[1m^[22m[39m[31m[1m^[22m[39m[31m[1m^[22m[39m[31m[1m^[22m[39m[31m[1m^[22m[39m
 [90m 55 |[39m
 [90m 56 |[39m [90m// ============================================================================[39m
 [90m 57 |[39m [90m// TYPES[39m[0m

The export formatCurrency was not found in module [project]/components/domains/dashboard/utils/index.ts [app-ssr] (ecmascript).
Did you mean to import formatCompactNumber?
All exports of the module are statically known (It doesn't have dynamic exports). So it's known statically that the requested export do
esn't exist.

Import traces:
  Client Component Browser:
    ./components/domains/dashboard/views/AdminDashboardView.tsx [Client Component Browser]
    ./components/domains/dashboard/index.ts [Client Component Browser]
    ./app/dashboard/page.tsx [Client Component Browser]
    ./app/dashboard/page.tsx [Server Component]

  Client Component SSR:
    ./components/domains/dashboard/views/AdminDashboardView.tsx [Client Component SSR]
    ./components/domains/dashboard/index.ts [Client Component SSR]
    ./app/dashboard/page.tsx [Client Component SSR]
    ./app/dashboard/page.tsx [Server Component]

  Server Component:
    ./components/domains/dashboard/views/AdminDashboardView.tsx
    ./components/domains/dashboard/views/index.ts
    ./components/domains/dashboard/index.ts
    ./app/dashboard/layout.tsx


./components/domains/dashboard/views/EmployerDashboardView.tsx:47:1
Export formatCurrency doesn't exist in target module
[0m [90m 45 |[39m } [36mfrom[39m [32m'../widgets'[39m[33m;[39m
 [90m 46 |[39m [36mimport[39m type { [33mEmployerDashboard[39m } [36mfrom[39m [32m'../types/dashboard.types'[39m[33m;[39m
[31m[1m>[22m[39m[90m 47 |[39m [36mimport[39m { formatCurrency[33m,[39m formatCompactNumber } [36mfrom[39m [32m'../utils'[
39m[33m;[39m
 [90m    |[39m [31m[1m^[22m[39m[31m[1m^[22m[39m[31m[1m^[22m[39m[31m[1m^[22m[39m[31m[1m^[22m[39m[31m[1m^[22m[3
9m[31m[1m^[22m[39m[31m[1m^[22m[39m[31m[1m^[22m[39m[31m[1m^[22m[39m[31m[1m^[22m[39m[31m[1m^[22m[39m[31m[1m^[2
2m[39m[31m[1m^[22m[39m[31m[1m^[22m[39m[31m[1m^[22m[39m[31m[1m^[22m[39m[31m[1m^[22m[39m[31m[1m^[22m[39m[31m[1
m^[22m[39m[31m[1m^[22m[39m[31m[1m^[22m[39m[31m[1m^[22m[39m[31m[1m^[22m[39m[31m[1m^[22m[39m[31m[1m^[22m[39m[3
1m[1m^[22m[39m[31m[1m^[22m[39m[31m[1m^[22m[39m[31m[1m^[22m[39m[31m[1m^[22m[39m[31m[1m^[22m[39m[31m[1m^[22m[3
9m[31m[1m^[22m[39m[31m[1m^[22m[39m[31m[1m^[22m[39m[31m[1m^[22m[39m[31m[1m^[22m[39m[31m[1m^[22m[39m[31m[1m^[2
2m[39m[31m[1m^[22m[39m[31m[1m^[22m[39m[31m[1m^[22m[39m[31m[1m^[22m[39m[31m[1m^[22m[39m[31m[1m^[22m[39m[31m[1
m^[22m[39m[31m[1m^[22m[39m[31m[1m^[22m[39m[31m[1m^[22m[39m[31m[1m^[22m[39m[31m[1m^[22m[39m[31m[1m^[22m[39m[3
1m[1m^[22m[39m[31m[1m^[22m[39m[31m[1m^[22m[39m[31m[1m^[22m[39m[31m[1m^[22m[39m[31m[1m^[22m[39m[31m[1m^[22m[3
9m[31m[1m^[22m[39m[31m[1m^[22m[39m[31m[1m^[22m[39m
 [90m 48 |[39m
 [90m 49 |[39m [90m// ============================================================================[39m
 [90m 50 |[39m [90m// TYPES[39m[0m

The export formatCurrency was not found in module [project]/components/domains/dashboard/utils/index.ts [app-client] (ecmascript).
Did you mean to import formatCompactNumber?
All exports of the module are statically known (It doesn't have dynamic exports). So it's known statically that the requested export do
esn't exist.

Import trace:
  Server Component:
    ./components/domains/dashboard/views/EmployerDashboardView.tsx
    ./components/domains/dashboard/views/index.ts
    ./components/domains/dashboard/index.ts
    ./app/dashboard/layout.tsx


./components/domains/dashboard/views/EmployerDashboardView.tsx:47:1
Export formatCurrency doesn't exist in target module
[0m [90m 45 |[39m } [36mfrom[39m [32m'../widgets'[39m[33m;[39m
 [90m 46 |[39m [36mimport[39m type { [33mEmployerDashboard[39m } [36mfrom[39m [32m'../types/dashboard.types'[39m[33m;[39m
[31m[1m>[22m[39m[90m 47 |[39m [36mimport[39m { formatCurrency[33m,[39m formatCompactNumber } [36mfrom[39m [32m'../utils'[
39m[33m;[39m
 [90m    |[39m [31m[1m^[22m[39m[31m[1m^[22m[39m[31m[1m^[22m[39m[31m[1m^[22m[39m[31m[1m^[22m[39m[31m[1m^[22m[3
9m[31m[1m^[22m[39m[31m[1m^[22m[39m[31m[1m^[22m[39m[31m[1m^[22m[39m[31m[1m^[22m[39m[31m[1m^[22m[39m[31m[1m^[2
2m[39m[31m[1m^[22m[39m[31m[1m^[22m[39m[31m[1m^[22m[39m[31m[1m^[22m[39m[31m[1m^[22m[39m[31m[1m^[22m[39m[31m[1
m^[22m[39m[31m[1m^[22m[39m[31m[1m^[22m[39m[31m[1m^[22m[39m[31m[1m^[22m[39m[31m[1m^[22m[39m[31m[1m^[22m[39m[3
1m[1m^[22m[39m[31m[1m^[22m[39m[31m[1m^[22m[39m[31m[1m^[22m[39m[31m[1m^[22m[39m[31m[1m^[22m[39m[31m[1m^[22m[3
9m[31m[1m^[22m[39m[31m[1m^[22m[39m[31m[1m^[22m[39m[31m[1m^[22m[39m[31m[1m^[22m[39m[31m[1m^[22m[39m[31m[1m^[2
2m[39m[31m[1m^[22m[39m[31m[1m^[22m[39m[31m[1m^[22m[39m[31m[1m^[22m[39m[31m[1m^[22m[39m[31m[1m^[22m[39m[31m[1
m^[22m[39m[31m[1m^[22m[39m[31m[1m^[22m[39m[31m[1m^[22m[39m[31m[1m^[22m[39m[31m[1m^[22m[39m[31m[1m^[22m[39m[3
1m[1m^[22m[39m[31m[1m^[22m[39m[31m[1m^[22m[39m[31m[1m^[22m[39m[31m[1m^[22m[39m[31m[1m^[22m[39m[31m[1m^[22m[3
9m[31m[1m^[22m[39m[31m[1m^[22m[39m[31m[1m^[22m[39m
 [90m 48 |[39m
 [90m 49 |[39m [90m// ============================================================================[39m
 [90m 50 |[39m [90m// TYPES[39m[0m

The export formatCurrency was not found in module [project]/components/domains/dashboard/utils/index.ts [app-ssr] (ecmascript).
Did you mean to import formatCompactNumber?
All exports of the module are statically known (It doesn't have dynamic exports). So it's known statically that the requested export do
esn't exist.

Import trace:
  Server Component:
    ./components/domains/dashboard/views/EmployerDashboardView.tsx
    ./components/domains/dashboard/views/index.ts
    ./components/domains/dashboard/index.ts
    ./app/dashboard/layout.tsx


./components/domains/dashboard/views/FreelancerDashboardView.tsx:50:1
Export formatCurrency doesn't exist in target module
[0m [90m 48 |[39m } [36mfrom[39m [32m'../widgets'[39m[33m;[39m
 [90m 49 |[39m [36mimport[39m type { [33mFreelancerDashboard[39m } [36mfrom[39m [32m'../types/dashboard.types'[39m[33m;[39m
[31m[1m>[22m[39m[90m 50 |[39m [36mimport[39m { formatCurrency[33m,[39m formatCompactNumber } [36mfrom[39m [32m'../utils'[
39m[33m;[39m
 [90m    |[39m [31m[1m^[22m[39m[31m[1m^[22m[39m[31m[1m^[22m[39m[31m[1m^[22m[39m[31m[1m^[22m[39m[31m[1m^[22m[3
9m[31m[1m^[22m[39m[31m[1m^[22m[39m[31m[1m^[22m[39m[31m[1m^[22m[39m[31m[1m^[22m[39m[31m[1m^[22m[39m[31m[1m^[2
2m[39m[31m[1m^[22m[39m[31m[1m^[22m[39m[31m[1m^[22m[39m[31m[1m^[22m[39m[31m[1m^[22m[39m[31m[1m^[22m[39m[31m[1
m^[22m[39m[31m[1m^[22m[39m[31m[1m^[22m[39m[31m[1m^[22m[39m[31m[1m^[22m[39m[31m[1m^[22m[39m[31m[1m^[22m[39m[3
1m[1m^[22m[39m[31m[1m^[22m[39m[31m[1m^[22m[39m[31m[1m^[22m[39m[31m[1m^[22m[39m[31m[1m^[22m[39m[31m[1m^[22m[3
9m[31m[1m^[22m[39m[31m[1m^[22m[39m[31m[1m^[22m[39m[31m[1m^[22m[39m[31m[1m^[22m[39m[31m[1m^[22m[39m[31m[1m^[2
2m[39m[31m[1m^[22m[39m[31m[1m^[22m[39m[31m[1m^[22m[39m[31m[1m^[22m[39m[31m[1m^[22m[39m[31m[1m^[22m[39m[31m[1
m^[22m[39m[31m[1m^[22m[39m[31m[1m^[22m[39m[31m[1m^[22m[39m[31m[1m^[22m[39m[31m[1m^[22m[39m[31m[1m^[22m[39m[3
1m[1m^[22m[39m[31m[1m^[22m[39m[31m[1m^[22m[39m[31m[1m^[22m[39m[31m[1m^[22m[39m[31m[1m^[22m[39m[31m[1m^[22m[3
9m[31m[1m^[22m[39m[31m[1m^[22m[39m[31m[1m^[22m[39m
 [90m 51 |[39m
 [90m 52 |[39m [90m// ============================================================================[39m
 [90m 53 |[39m [90m// TYPES[39m[0m

The export formatCurrency was not found in module [project]/components/domains/dashboard/utils/index.ts [app-client] (ecmascript).
Did you mean to import formatCompactNumber?
All exports of the module are statically known (It doesn't have dynamic exports). So it's known statically that the requested export do
esn't exist.

Import trace:
  Server Component:
    ./components/domains/dashboard/views/FreelancerDashboardView.tsx
    ./components/domains/dashboard/views/index.ts
    ./components/domains/dashboard/index.ts
    ./app/dashboard/layout.tsx


./components/domains/dashboard/views/FreelancerDashboardView.tsx:50:1
Export formatCurrency doesn't exist in target module
[0m [90m 48 |[39m } [36mfrom[39m [32m'../widgets'[39m[33m;[39m
 [90m 49 |[39m [36mimport[39m type { [33mFreelancerDashboard[39m } [36mfrom[39m [32m'../types/dashboard.types'[39m[33m;[39m
[31m[1m>[22m[39m[90m 50 |[39m [36mimport[39m { formatCurrency[33m,[39m formatCompactNumber } [36mfrom[39m [32m'../utils'[
39m[33m;[39m
 [90m    |[39m [31m[1m^[22m[39m[31m[1m^[22m[39m[31m[1m^[22m[39m[31m[1m^[22m[39m[31m[1m^[22m[39m[31m[1m^[22m[3
9m[31m[1m^[22m[39m[31m[1m^[22m[39m[31m[1m^[22m[39m[31m[1m^[22m[39m[31m[1m^[22m[39m[31m[1m^[22m[39m[31m[1m^[2
2m[39m[31m[1m^[22m[39m[31m[1m^[22m[39m[31m[1m^[22m[39m[31m[1m^[22m[39m[31m[1m^[22m[39m[31m[1m^[22m[39m[31m[1
m^[22m[39m[31m[1m^[22m[39m[31m[1m^[22m[39m[31m[1m^[22m[39m[31m[1m^[22m[39m[31m[1m^[22m[39m[31m[1m^[22m[39m[3
1m[1m^[22m[39m[31m[1m^[22m[39m[31m[1m^[22m[39m[31m[1m^[22m[39m[31m[1m^[22m[39m[31m[1m^[22m[39m[31m[1m^[22m[3
9m[31m[1m^[22m[39m[31m[1m^[22m[39m[31m[1m^[22m[39m[31m[1m^[22m[39m[31m[1m^[22m[39m[31m[1m^[22m[39m[31m[1m^[2
2m[39m[31m[1m^[22m[39m[31m[1m^[22m[39m[31m[1m^[22m[39m[31m[1m^[22m[39m[31m[1m^[22m[39m[31m[1m^[22m[39m[31m[1
m^[22m[39m[31m[1m^[22m[39m[31m[1m^[22m[39m[31m[1m^[22m[39m[31m[1m^[22m[39m[31m[1m^[22m[39m[31m[1m^[22m[39m[3
1m[1m^[22m[39m[31m[1m^[22m[39m[31m[1m^[22m[39m[31m[1m^[22m[39m[31m[1m^[22m[39m[31m[1m^[22m[39m[31m[1m^[22m[3
9m[31m[1m^[22m[39m[31m[1m^[22m[39m[31m[1m^[22m[39m
 [90m 51 |[39m
 [90m 52 |[39m [90m// ============================================================================[39m
 [90m 53 |[39m [90m// TYPES[39m[0m

The export formatCurrency was not found in module [project]/components/domains/dashboard/utils/index.ts [app-ssr] (ecmascript).
Did you mean to import formatCompactNumber?
All exports of the module are statically known (It doesn't have dynamic exports). So it's known statically that the requested export do
esn't exist.

Import trace:
  Server Component:
    ./components/domains/dashboard/views/FreelancerDashboardView.tsx
    ./components/domains/dashboard/views/index.ts
    ./components/domains/dashboard/index.ts
    ./app/dashboard/layout.tsx


./components/domains/wallet/EarningsChart.tsx:20:1
Export formatCurrency doesn't exist in target module
[0m [90m 18 |[39m [36mimport[39m { [33mTrendingUp[39m[33m,[39m [33mTrendingDown[39m[33m,[39m [33mCalendar[39m } [36mfro
m[39m [32m'lucide-react'[39m[33m;[39m
 [90m 19 |[39m [36mimport[39m { useTransactions } [36mfrom[39m [32m'@/hooks/business/wallet'[39m[33m;[39m
[31m[1m>[22m[39m[90m 20 |[39m [36mimport[39m {
 [90m    |[39m [31m[1m^[22m[39m[31m[1m^[22m[39m[31m[1m^[22m[39m[31m[1m^[22m[39m[31m[1m^[22m[39m[31m[1m^[22m[3
9m[31m[1m^[22m[39m[31m[1m^[22m[39m
[31m[1m>[22m[39m[90m 21 |[39m   [33mTransactionType[39m[33m,[39m
 [90m    |[39m [31m[1m^[22m[39m[31m[1m^[22m[39m[31m[1m^[22m[39m[31m[1m^[22m[39m[31m[1m^[22m[39m[31m[1m^[22m[3
9m[31m[1m^[22m[39m[31m[1m^[22m[39m[31m[1m^[22m[39m[31m[1m^[22m[39m[31m[1m^[22m[39m[31m[1m^[22m[39m[31m[1m^[2
2m[39m[31m[1m^[22m[39m[31m[1m^[22m[39m[31m[1m^[22m[39m[31m[1m^[22m[39m[31m[1m^[22m[39m
[31m[1m>[22m[39m[90m 22 |[39m   formatCurrency[33m,[39m
 [90m    |[39m [31m[1m^[22m[39m[31m[1m^[22m[39m[31m[1m^[22m[39m[31m[1m^[22m[39m[31m[1m^[22m[39m[31m[1m^[22m[3
9m[31m[1m^[22m[39m[31m[1m^[22m[39m[31m[1m^[22m[39m[31m[1m^[22m[39m[31m[1m^[22m[39m[31m[1m^[22m[39m[31m[1m^[2
2m[39m[31m[1m^[22m[39m[31m[1m^[22m[39m[31m[1m^[22m[39m[31m[1m^[22m[39m[31m[1m^[22m[39m
[31m[1m>[22m[39m[90m 23 |[39m } [36mfrom[39m [32m'@/types/business/features/wallet'[39m[33m;[39m
 [90m    |[39m [31m[1m^[22m[39m[31m[1m^[22m[39m[31m[1m^[22m[39m[31m[1m^[22m[39m[31m[1m^[22m[39m[31m[1m^[22m[3
9m[31m[1m^[22m[39m[31m[1m^[22m[39m[31m[1m^[22m[39m[31m[1m^[22m[39m[31m[1m^[22m[39m[31m[1m^[22m[39m[31m[1m^[2
2m[39m[31m[1m^[22m[39m[31m[1m^[22m[39m[31m[1m^[22m[39m[31m[1m^[22m[39m[31m[1m^[22m[39m[31m[1m^[22m[39m[31m[1
m^[22m[39m[31m[1m^[22m[39m[31m[1m^[22m[39m[31m[1m^[22m[39m[31m[1m^[22m[39m[31m[1m^[22m[39m[31m[1m^[22m[39m[3
1m[1m^[22m[39m[31m[1m^[22m[39m[31m[1m^[22m[39m[31m[1m^[22m[39m[31m[1m^[22m[39m[31m[1m^[22m[39m[31m[1m^[22m[3
9m[31m[1m^[22m[39m[31m[1m^[22m[39m[31m[1m^[22m[39m[31m[1m^[22m[39m[31m[1m^[22m[39m[31m[1m^[22m[39m[31m[1m^[2
2m[39m[31m[1m^[22m[39m[31m[1m^[22m[39m[31m[1m^[22m[39m
 [90m 24 |[39m
 [90m 25 |[39m [90m// ================================================[39m
 [90m 26 |[39m [90m// TYPES[39m[0m

The export formatCurrency was not found in module [project]/types/business/features/wallet.ts [app-client] (ecmascript).
Did you mean to import canCancelPayout?
All exports of the module are statically known (It doesn't have dynamic exports). So it's known statically that the requested export do
esn't exist.

Import traces:
  Server Component:
    ./components/domains/wallet/EarningsChart.tsx
    ./components/domains/wallet/index.ts
    ./app/dashboard/wallet/escrow/[orderId]/page.tsx

  Client Component Browser:
    ./components/domains/wallet/EarningsChart.tsx [Client Component Browser]
    ./components/domains/wallet/index.ts [Client Component Browser]
    ./app/dashboard/wallet/bank-accounts/page.tsx [Client Component Browser]
    ./app/dashboard/wallet/bank-accounts/page.tsx [Server Component]

  Client Component SSR:
    ./components/domains/wallet/EarningsChart.tsx [Client Component SSR]
    ./components/domains/wallet/index.ts [Client Component SSR]
    ./app/dashboard/wallet/bank-accounts/page.tsx [Client Component SSR]
    ./app/dashboard/wallet/bank-accounts/page.tsx [Server Component]


./components/domains/wallet/EarningsChart.tsx:20:1
Export formatCurrency doesn't exist in target module
[0m [90m 18 |[39m [36mimport[39m { [33mTrendingUp[39m[33m,[39m [33mTrendingDown[39m[33m,[39m [33mCalendar[39m } [36mfro
m[39m [32m'lucide-react'[39m[33m;[39m
 [90m 19 |[39m [36mimport[39m { useTransactions } [36mfrom[39m [32m'@/hooks/business/wallet'[39m[33m;[39m
[31m[1m>[22m[39m[90m 20 |[39m [36mimport[39m {
 [90m    |[39m [31m[1m^[22m[39m[31m[1m^[22m[39m[31m[1m^[22m[39m[31m[1m^[22m[39m[31m[1m^[22m[39m[31m[1m^[22m[3
9m[31m[1m^[22m[39m[31m[1m^[22m[39m
[31m[1m>[22m[39m[90m 21 |[39m   [33mTransactionType[39m[33m,[39m
 [90m    |[39m [31m[1m^[22m[39m[31m[1m^[22m[39m[31m[1m^[22m[39m[31m[1m^[22m[39m[31m[1m^[22m[39m[31m[1m^[22m[3
9m[31m[1m^[22m[39m[31m[1m^[22m[39m[31m[1m^[22m[39m[31m[1m^[22m[39m[31m[1m^[22m[39m[31m[1m^[22m[39m[31m[1m^[2
2m[39m[31m[1m^[22m[39m[31m[1m^[22m[39m[31m[1m^[22m[39m[31m[1m^[22m[39m[31m[1m^[22m[39m
[31m[1m>[22m[39m[90m 22 |[39m   formatCurrency[33m,[39m
 [90m    |[39m [31m[1m^[22m[39m[31m[1m^[22m[39m[31m[1m^[22m[39m[31m[1m^[22m[39m[31m[1m^[22m[39m[31m[1m^[22m[3
9m[31m[1m^[22m[39m[31m[1m^[22m[39m[31m[1m^[22m[39m[31m[1m^[22m[39m[31m[1m^[22m[39m[31m[1m^[22m[39m[31m[1m^[2
2m[39m[31m[1m^[22m[39m[31m[1m^[22m[39m[31m[1m^[22m[39m[31m[1m^[22m[39m[31m[1m^[22m[39m
[31m[1m>[22m[39m[90m 23 |[39m } [36mfrom[39m [32m'@/types/business/features/wallet'[39m[33m;[39m
 [90m    |[39m [31m[1m^[22m[39m[31m[1m^[22m[39m[31m[1m^[22m[39m[31m[1m^[22m[39m[31m[1m^[22m[39m[31m[1m^[22m[3
9m[31m[1m^[22m[39m[31m[1m^[22m[39m[31m[1m^[22m[39m[31m[1m^[22m[39m[31m[1m^[22m[39m[31m[1m^[22m[39m[31m[1m^[2
2m[39m[31m[1m^[22m[39m[31m[1m^[22m[39m[31m[1m^[22m[39m[31m[1m^[22m[39m[31m[1m^[22m[39m[31m[1m^[22m[39m[31m[1
m^[22m[39m[31m[1m^[22m[39m[31m[1m^[22m[39m[31m[1m^[22m[39m[31m[1m^[22m[39m[31m[1m^[22m[39m[31m[1m^[22m[39m[3
1m[1m^[22m[39m[31m[1m^[22m[39m[31m[1m^[22m[39m[31m[1m^[22m[39m[31m[1m^[22m[39m[31m[1m^[22m[39m[31m[1m^[22m[3
9m[31m[1m^[22m[39m[31m[1m^[22m[39m[31m[1m^[22m[39m[31m[1m^[22m[39m[31m[1m^[22m[39m[31m[1m^[22m[39m[31m[1m^[2
2m[39m[31m[1m^[22m[39m[31m[1m^[22m[39m[31m[1m^[22m[39m
 [90m 24 |[39m
 [90m 25 |[39m [90m// ================================================[39m
 [90m 26 |[39m [90m// TYPES[39m[0m

The export formatCurrency was not found in module [project]/types/business/features/wallet.ts [app-ssr] (ecmascript).
Did you mean to import canCancelPayout?
All exports of the module are statically known (It doesn't have dynamic exports). So it's known statically that the requested export do
esn't exist.

Import traces:
  Server Component:
    ./components/domains/wallet/EarningsChart.tsx
    ./components/domains/wallet/index.ts
    ./app/dashboard/wallet/escrow/[orderId]/page.tsx

  Client Component Browser:
    ./components/domains/wallet/EarningsChart.tsx [Client Component Browser]
    ./components/domains/wallet/index.ts [Client Component Browser]
    ./app/dashboard/wallet/bank-accounts/page.tsx [Client Component Browser]
    ./app/dashboard/wallet/bank-accounts/page.tsx [Server Component]

  Client Component SSR:
    ./components/domains/wallet/EarningsChart.tsx [Client Component SSR]
    ./components/domains/wallet/index.ts [Client Component SSR]
    ./app/dashboard/wallet/bank-accounts/page.tsx [Client Component SSR]
    ./app/dashboard/wallet/bank-accounts/page.tsx [Server Component]


./lib/shared/utils/index.ts:43:1
Export formatCurrency doesn't exist in target module
[0m [90m 41 |[39m } [36mfrom[39m [32m'./date'[39m[33m;[39m
 [90m 42 |[39m
[31m[1m>[22m[39m[90m 43 |[39m [36mimport[39m {
 [90m    |[39m [31m[1m^[22m[39m[31m[1m^[22m[39m[31m[1m^[22m[39m[31m[1m^[22m[39m[31m[1m^[22m[39m[31m[1m^[22m[3
9m[31m[1m^[22m[39m[31m[1m^[22m[39m
[31m[1m>[22m[39m[90m 44 |[39m   slugify[33m,[39m
 [90m    |[39m [31m[1m^[22m[39m[31m[1m^[22m[39m[31m[1m^[22m[39m[31m[1m^[22m[39m[31m[1m^[22m[39m[31m[1m^[22m[3
9m[31m[1m^[22m[39m[31m[1m^[22m[39m[31m[1m^[22m[39m[31m[1m^[22m[39m
[31m[1m>[22m[39m[90m 45 |[39m   truncateText[33m,[39m
 [90m    |[39m [31m[1m^[22m[39m[31m[1m^[22m[39m[31m[1m^[22m[39m[31m[1m^[22m[39m[31m[1m^[22m[39m[31m[1m^[22m[3
9m[31m[1m^[22m[39m[31m[1m^[22m[39m[31m[1m^[22m[39m[31m[1m^[22m[39m
[31m[1m>[22m[39m[90m 46 |[39m   capitalizeFirst[33m,[39m
 [90m    |[39m [31m[1m^[22m[39m[31m[1m^[22m[39m[31m[1m^[22m[39m[31m[1m^[22m[39m[31m[1m^[22m[39m[31m[1m^[22m[3
9m[31m[1m^[22m[39m[31m[1m^[22m[39m[31m[1m^[22m[39m[31m[1m^[22m[39m
[31m[1m>[22m[39m[90m 47 |[39m   capitalizeWords[33m,[39m
 [90m    |[39m [31m[1m^[22m[39m[31m[1m^[22m[39m[31m[1m^[22m[39m[31m[1m^[22m[39m[31m[1m^[22m[39m[31m[1m^[22m[3
9m[31m[1m^[22m[39m[31m[1m^[22m[39m[31m[1m^[22m[39m[31m[1m^[22m[39m
[31m[1m>[22m[39m[90m 48 |[39m   capitalize[33m,[39m
 [90m    |[39m [31m[1m^[22m[39m[31m[1m^[22m[39m[31m[1m^[22m[39m[31m[1m^[22m[39m[31m[1m^[22m[39m[31m[1m^[22m[3
9m[31m[1m^[22m[39m[31m[1m^[22m[39m[31m[1m^[22m[39m[31m[1m^[22m[39m
[31m[1m>[22m[39m[90m 49 |[39m   camelToKebab[33m,[39m
 [90m    |[39m [31m[1m^[22m[39m[31m[1m^[22m[39m[31m[1m^[22m[39m[31m[1m^[22m[39m[31m[1m^[22m[39m[31m[1m^[22m[3
9m[31m[1m^[22m[39m[31m[1m^[22m[39m[31m[1m^[22m[39m[31m[1m^[22m[39m
[31m[1m>[22m[39m[90m 50 |[39m   kebabToCamel[33m,[39m
 [90m    |[39m [31m[1m^[22m[39m[31m[1m^[22m[39m[31m[1m^[22m[39m[31m[1m^[22m[39m[31m[1m^[22m[39m[31m[1m^[22m[3
9m[31m[1m^[22m[39m[31m[1m^[22m[39m[31m[1m^[22m[39m[31m[1m^[22m[39m
[31m[1m>[22m[39m[90m 51 |[39m   camelToSnake[33m,[39m
 [90m    |[39m [31m[1m^[22m[39m[31m[1m^[22m[39m[31m[1m^[22m[39m[31m[1m^[22m[39m[31m[1m^[22m[39m[31m[1m^[22m[3
9m[31m[1m^[22m[39m[31m[1m^[22m[39m[31m[1m^[22m[39m[31m[1m^[22m[39m
[31m[1m>[22m[39m[90m 52 |[39m   snakeToCamel[33m,[39m
 [90m    |[39m [31m[1m^[22m[39m[31m[1m^[22m[39m[31m[1m^[22m[39m[31m[1m^[22m[39m[31m[1m^[22m[39m[31m[1m^[22m[3
9m[31m[1m^[22m[39m[31m[1m^[22m[39m[31m[1m^[22m[39m[31m[1m^[22m[39m
[31m[1m>[22m[39m[90m 53 |[39m   removeHtmlTags[33m,[39m
 [90m    |[39m [31m[1m^[22m[39m[31m[1m^[22m[39m[31m[1m^[22m[39m[31m[1m^[22m[39m[31m[1m^[22m[39m[31m[1m^[22m[3
9m[31m[1m^[22m[39m[31m[1m^[22m[39m[31m[1m^[22m[39m[31m[1m^[22m[39m
[31m[1m>[22m[39m[90m 54 |[39m   removeHTML[33m,[39m
 [90m    |[39m [31m[1m^[22m[39m[31m[1m^[22m[39m[31m[1m^[22m[39m[31m[1m^[22m[39m[31m[1m^[22m[39m[31m[1m^[22m[3
9m[31m[1m^[22m[39m[31m[1m^[22m[39m[31m[1m^[22m[39m[31m[1m^[22m[39m
[31m[1m>[22m[39m[90m 55 |[39m   escapeHTML[33m,[39m
 [90m    |[39m [31m[1m^[22m[39m[31m[1m^[22m[39m[31m[1m^[22m[39m[31m[1m^[22m[39m[31m[1m^[22m[39m[31m[1m^[22m[3
9m[31m[1m^[22m[39m[31m[1m^[22m[39m[31m[1m^[22m[39m[31m[1m^[22m[39m
[31m[1m>[22m[39m[90m 56 |[39m   unescapeHTML[33m,[39m
 [90m    |[39m [31m[1m^[22m[39m[31m[1m^[22m[39m[31m[1m^[22m[39m[31m[1m^[22m[39m[31m[1m^[22m[39m[31m[1m^[22m[3
9m[31m[1m^[22m[39m[31m[1m^[22m[39m[31m[1m^[22m[39m[31m[1m^[22m[39m
[31m[1m>[22m[39m[90m 57 |[39m   formatCurrency[33m,[39m
 [90m    |[39m [31m[1m^[22m[39m[31m[1m^[22m[39m[31m[1m^[22m[39m[31m[1m^[22m[39m[31m[1m^[22m[39m[31m[1m^[22m[3
9m[31m[1m^[22m[39m[31m[1m^[22m[39m[31m[1m^[22m[39m[31m[1m^[22m[39m
[31m[1m>[22m[39m[90m 58 |[39m   formatNumber[33m,[39m
 [90m    |[39m [31m[1m^[22m[39m[31m[1m^[22m[39m[31m[1m^[22m[39m[31m[1m^[22m[39m[31m[1m^[22m[39m[31m[1m^[22m[3
9m[31m[1m^[22m[39m[31m[1m^[22m[39m[31m[1m^[22m[39m[31m[1m^[22m[39m
[31m[1m>[22m[39m[90m 59 |[39m   formatBytes[33m,[39m
 [90m    |[39m [31m[1m^[22m[39m[31m[1m^[22m[39m[31m[1m^[22m[39m[31m[1m^[22m[39m[31m[1m^[22m[39m[31m[1m^[22m[3
9m[31m[1m^[22m[39m[31m[1m^[22m[39m[31m[1m^[22m[39m[31m[1m^[22m[39m
[31m[1m>[22m[39m[90m 60 |[39m   formatPercentage[33m,[39m
 [90m    |[39m [31m[1m^[22m[39m[31m[1m^[22m[39m[31m[1m^[22m[39m[31m[1m^[22m[39m[31m[1m^[22m[39m[31m[1m^[22m[3
9m[31m[1m^[22m[39m[31m[1m^[22m[39m[31m[1m^[22m[39m[31m[1m^[22m[39m
[31m[1m>[22m[39m[90m 61 |[39m   formatCompactNumber[33m,[39m
 [90m    |[39m [31m[1m^[22m[39m[31m[1m^[22m[39m[31m[1m^[22m[39m[31m[1m^[22m[39m[31m[1m^[22m[39m[31m[1m^[22m[3
9m[31m[1m^[22m[39m[31m[1m^[22m[39m[31m[1m^[22m[39m[31m[1m^[22m[39m
[31m[1m>[22m[39m[90m 62 |[39m   extractInitials[33m,[39m
 [90m    |[39m [31m[1m^[22m[39m[31m[1m^[22m[39m[31m[1m^[22m[39m[31m[1m^[22m[39m[31m[1m^[22m[39m[31m[1m^[22m[3
9m[31m[1m^[22m[39m[31m[1m^[22m[39m[31m[1m^[22m[39m[31m[1m^[22m[39m
[31m[1m>[22m[39m[90m 63 |[39m   formatPhoneNumber[33m,[39m
 [90m    |[39m [31m[1m^[22m[39m[31m[1m^[22m[39m[31m[1m^[22m[39m[31m[1m^[22m[39m[31m[1m^[22m[39m[31m[1m^[22m[3
9m[31m[1m^[22m[39m[31m[1m^[22m[39m[31m[1m^[22m[39m[31m[1m^[22m[39m
[31m[1m>[22m[39m[90m 64 |[39m   formatEmailDomain[33m,[39m
 [90m    |[39m [31m[1m^[22m[39m[31m[1m^[22m[39m[31m[1m^[22m[39m[31m[1m^[22m[39m[31m[1m^[22m[39m[31m[1m^[22m[3
9m[31m[1m^[22m[39m[31m[1m^[22m[39m[31m[1m^[22m[39m[31m[1m^[22m[39m
[31m[1m>[22m[39m[90m 65 |[39m   formatCreditCard[33m,[39m
 [90m    |[39m [31m[1m^[22m[39m[31m[1m^[22m[39m[31m[1m^[22m[39m[31m[1m^[22m[39m[31m[1m^[22m[39m[31m[1m^[22m[3
9m[31m[1m^[22m[39m[31m[1m^[22m[39m[31m[1m^[22m[39m[31m[1m^[22m[39m
[31m[1m>[22m[39m[90m 66 |[39m   maskString[33m,[39m
 [90m    |[39m [31m[1m^[22m[39m[31m[1m^[22m[39m[31m[1m^[22m[39m[31m[1m^[22m[39m[31m[1m^[22m[39m[31m[1m^[22m[3
9m[31m[1m^[22m[39m[31m[1m^[22m[39m[31m[1m^[22m[39m[31m[1m^[22m[39m
[31m[1m>[22m[39m[90m 67 |[39m   removeExtraSpaces[33m,[39m
 [90m    |[39m [31m[1m^[22m[39m[31m[1m^[22m[39m[31m[1m^[22m[39m[31m[1m^[22m[39m[31m[1m^[22m[39m[31m[1m^[22m[3
9m[31m[1m^[22m[39m[31m[1m^[22m[39m[31m[1m^[22m[39m[31m[1m^[22m[39m
[31m[1m>[22m[39m[90m 68 |[39m   reverseString[33m,[39m
 [90m    |[39m [31m[1m^[22m[39m[31m[1m^[22m[39m[31m[1m^[22m[39m[31m[1m^[22m[39m[31m[1m^[22m[39m[31m[1m^[22m[3
9m[31m[1m^[22m[39m[31m[1m^[22m[39m[31m[1m^[22m[39m[31m[1m^[22m[39m
[31m[1m>[22m[39m[90m 69 |[39m   shuffleString[33m,[39m
 [90m    |[39m [31m[1m^[22m[39m[31m[1m^[22m[39m[31m[1m^[22m[39m[31m[1m^[22m[39m[31m[1m^[22m[39m[31m[1m^[22m[3
9m[31m[1m^[22m[39m[31m[1m^[22m[39m[31m[1m^[22m[39m[31m[1m^[22m[39m
[31m[1m>[22m[39m[90m 70 |[39m   getWordCount[33m,[39m
 [90m    |[39m [31m[1m^[22m[39m[31m[1m^[22m[39m[31m[1m^[22m[39m[31m[1m^[22m[39m[31m[1m^[22m[39m[31m[1m^[22m[3
9m[31m[1m^[22m[39m[31m[1m^[22m[39m[31m[1m^[22m[39m[31m[1m^[22m[39m
[31m[1m>[22m[39m[90m 71 |[39m   getCharacterCount[33m,[39m
 [90m    |[39m [31m[1m^[22m[39m[31m[1m^[22m[39m[31m[1m^[22m[39m[31m[1m^[22m[39m[31m[1m^[22m[39m[31m[1m^[22m[3
9m[31m[1m^[22m[39m[31m[1m^[22m[39m[31m[1m^[22m[39m[31m[1m^[22m[39m
[31m[1m>[22m[39m[90m 72 |[39m   [33mFormatUtils[39m[33m,[39m
 [90m    |[39m [31m[1m^[22m[39m[31m[1m^[22m[39m[31m[1m^[22m[39m[31m[1m^[22m[39m[31m[1m^[22m[39m[31m[1m^[22m[3
9m[31m[1m^[22m[39m[31m[1m^[22m[39m[31m[1m^[22m[39m[31m[1m^[22m[39m
[31m[1m>[22m[39m[90m 73 |[39m } [36mfrom[39m [32m'./format'[39m[33m;[39m
 [90m    |[39m [31m[1m^[22m[39m[31m[1m^[22m[39m[31m[1m^[22m[39m[31m[1m^[22m[39m[31m[1m^[22m[39m[31m[1m^[22m[3
9m[31m[1m^[22m[39m[31m[1m^[22m[39m[31m[1m^[22m[39m[31m[1m^[22m[39m[31m[1m^[22m[39m[31m[1m^[22m[39m[31m[1m^[2
2m[39m[31m[1m^[22m[39m[31m[1m^[22m[39m[31m[1m^[22m[39m[31m[1m^[22m[39m[31m[1m^[22m[39m[31m[1m^[22m[39m
 [90m 74 |[39m
 [90m 75 |[39m [36mimport[39m {
 [90m 76 |[39m   isEmail[33m,[39m[0m

The export formatCurrency was not found in module [project]/lib/shared/utils/format.ts [app-client] (ecmascript).
Did you mean to import formatCreditCard?
All exports of the module are statically known (It doesn't have dynamic exports). So it's known statically that the requested export do
esn't exist.

Import traces:
  #1 [Server Component]:
    ./lib/shared/utils/index.ts
    ./lib/utils.ts
    ./components/ui/Input.tsx
    ./app/info/contact/page.tsx

  #2 [Client Component Browser]:
    ./lib/shared/utils/index.ts [Client Component Browser]
    ./components/domains/jobs/JobDetail.tsx [Client Component Browser]
    ./components/shared/features/index.ts [Client Component Browser]
    ./app/profile/edit/page.tsx [Client Component Browser]
    ./app/profile/edit/page.tsx [Server Component]

  #3 [Client Component SSR]:
    ./lib/shared/utils/index.ts [Client Component SSR]
    ./components/domains/jobs/JobDetail.tsx [Client Component SSR]
    ./components/shared/features/index.ts [Client Component SSR]
    ./app/profile/edit/page.tsx [Client Component SSR]
    ./app/profile/edit/page.tsx [Server Component]

  #4 [Client Component SSR]:
    ./lib/shared/utils/index.ts [Client Component SSR]
    ./lib/utils.ts [Client Component SSR]
    ./components/domains/admin/layout/AdminLayout.tsx [Client Component SSR]
    ./components/domains/admin/index.ts [Client Component SSR]
    ./app/admin/users/page.tsx [Client Component SSR]
    ./app/admin/users/page.tsx [Server Component]

  #5 [Client Component Browser]:
    ./lib/shared/utils/index.ts [Client Component Browser]
    ./lib/utils.ts [Client Component Browser]
    ./components/ui/UnifiedButton.tsx [Client Component Browser]
    ./components/ui/UnifiedErrorBoundary.tsx [Client Component Browser]
    ./components/providers/MonitoringProvider.tsx [Client Component Browser]
    ./components/providers/MonitoringProvider.tsx [Server Component]
    ./app/layout.tsx [Server Component]


./lib/shared/utils/index.ts:43:1
Export formatCurrency doesn't exist in target module
[0m [90m 41 |[39m } [36mfrom[39m [32m'./date'[39m[33m;[39m
 [90m 42 |[39m
[31m[1m>[22m[39m[90m 43 |[39m [36mimport[39m {
 [90m    |[39m [31m[1m^[22m[39m[31m[1m^[22m[39m[31m[1m^[22m[39m[31m[1m^[22m[39m[31m[1m^[22m[39m[31m[1m^[22m[3
9m[31m[1m^[22m[39m[31m[1m^[22m[39m
[31m[1m>[22m[39m[90m 44 |[39m   slugify[33m,[39m
 [90m    |[39m [31m[1m^[22m[39m[31m[1m^[22m[39m[31m[1m^[22m[39m[31m[1m^[22m[39m[31m[1m^[22m[39m[31m[1m^[22m[3
9m[31m[1m^[22m[39m[31m[1m^[22m[39m[31m[1m^[22m[39m[31m[1m^[22m[39m
[31m[1m>[22m[39m[90m 45 |[39m   truncateText[33m,[39m
 [90m    |[39m [31m[1m^[22m[39m[31m[1m^[22m[39m[31m[1m^[22m[39m[31m[1m^[22m[39m[31m[1m^[22m[39m[31m[1m^[22m[3
9m[31m[1m^[22m[39m[31m[1m^[22m[39m[31m[1m^[22m[39m[31m[1m^[22m[39m
[31m[1m>[22m[39m[90m 46 |[39m   capitalizeFirst[33m,[39m
 [90m    |[39m [31m[1m^[22m[39m[31m[1m^[22m[39m[31m[1m^[22m[39m[31m[1m^[22m[39m[31m[1m^[22m[39m[31m[1m^[22m[3
9m[31m[1m^[22m[39m[31m[1m^[22m[39m[31m[1m^[22m[39m[31m[1m^[22m[39m
[31m[1m>[22m[39m[90m 47 |[39m   capitalizeWords[33m,[39m
 [90m    |[39m [31m[1m^[22m[39m[31m[1m^[22m[39m[31m[1m^[22m[39m[31m[1m^[22m[39m[31m[1m^[22m[39m[31m[1m^[22m[3
9m[31m[1m^[22m[39m[31m[1m^[22m[39m[31m[1m^[22m[39m[31m[1m^[22m[39m
[31m[1m>[22m[39m[90m 48 |[39m   capitalize[33m,[39m
 [90m    |[39m [31m[1m^[22m[39m[31m[1m^[22m[39m[31m[1m^[22m[39m[31m[1m^[22m[39m[31m[1m^[22m[39m[31m[1m^[22m[3
9m[31m[1m^[22m[39m[31m[1m^[22m[39m[31m[1m^[22m[39m[31m[1m^[22m[39m
[31m[1m>[22m[39m[90m 49 |[39m   camelToKebab[33m,[39m
 [90m    |[39m [31m[1m^[22m[39m[31m[1m^[22m[39m[31m[1m^[22m[39m[31m[1m^[22m[39m[31m[1m^[22m[39m[31m[1m^[22m[3
9m[31m[1m^[22m[39m[31m[1m^[22m[39m[31m[1m^[22m[39m[31m[1m^[22m[39m
[31m[1m>[22m[39m[90m 50 |[39m   kebabToCamel[33m,[39m
 [90m    |[39m [31m[1m^[22m[39m[31m[1m^[22m[39m[31m[1m^[22m[39m[31m[1m^[22m[39m[31m[1m^[22m[39m[31m[1m^[22m[3
9m[31m[1m^[22m[39m[31m[1m^[22m[39m[31m[1m^[22m[39m[31m[1m^[22m[39m
[31m[1m>[22m[39m[90m 51 |[39m   camelToSnake[33m,[39m
 [90m    |[39m [31m[1m^[22m[39m[31m[1m^[22m[39m[31m[1m^[22m[39m[31m[1m^[22m[39m[31m[1m^[22m[39m[31m[1m^[22m[3
9m[31m[1m^[22m[39m[31m[1m^[22m[39m[31m[1m^[22m[39m[31m[1m^[22m[39m
[31m[1m>[22m[39m[90m 52 |[39m   snakeToCamel[33m,[39m
 [90m    |[39m [31m[1m^[22m[39m[31m[1m^[22m[39m[31m[1m^[22m[39m[31m[1m^[22m[39m[31m[1m^[22m[39m[31m[1m^[22m[3
9m[31m[1m^[22m[39m[31m[1m^[22m[39m[31m[1m^[22m[39m[31m[1m^[22m[39m
[31m[1m>[22m[39m[90m 53 |[39m   removeHtmlTags[33m,[39m
 [90m    |[39m [31m[1m^[22m[39m[31m[1m^[22m[39m[31m[1m^[22m[39m[31m[1m^[22m[39m[31m[1m^[22m[39m[31m[1m^[22m[3
9m[31m[1m^[22m[39m[31m[1m^[22m[39m[31m[1m^[22m[39m[31m[1m^[22m[39m
[31m[1m>[22m[39m[90m 54 |[39m   removeHTML[33m,[39m
 [90m    |[39m [31m[1m^[22m[39m[31m[1m^[22m[39m[31m[1m^[22m[39m[31m[1m^[22m[39m[31m[1m^[22m[39m[31m[1m^[22m[3
9m[31m[1m^[22m[39m[31m[1m^[22m[39m[31m[1m^[22m[39m[31m[1m^[22m[39m
[31m[1m>[22m[39m[90m 55 |[39m   escapeHTML[33m,[39m
 [90m    |[39m [31m[1m^[22m[39m[31m[1m^[22m[39m[31m[1m^[22m[39m[31m[1m^[22m[39m[31m[1m^[22m[39m[31m[1m^[22m[3
9m[31m[1m^[22m[39m[31m[1m^[22m[39m[31m[1m^[22m[39m[31m[1m^[22m[39m
[31m[1m>[22m[39m[90m 56 |[39m   unescapeHTML[33m,[39m
 [90m    |[39m [31m[1m^[22m[39m[31m[1m^[22m[39m[31m[1m^[22m[39m[31m[1m^[22m[39m[31m[1m^[22m[39m[31m[1m^[22m[3
9m[31m[1m^[22m[39m[31m[1m^[22m[39m[31m[1m^[22m[39m[31m[1m^[22m[39m
[31m[1m>[22m[39m[90m 57 |[39m   formatCurrency[33m,[39m
 [90m    |[39m [31m[1m^[22m[39m[31m[1m^[22m[39m[31m[1m^[22m[39m[31m[1m^[22m[39m[31m[1m^[22m[39m[31m[1m^[22m[3
9m[31m[1m^[22m[39m[31m[1m^[22m[39m[31m[1m^[22m[39m[31m[1m^[22m[39m
[31m[1m>[22m[39m[90m 58 |[39m   formatNumber[33m,[39m
 [90m    |[39m [31m[1m^[22m[39m[31m[1m^[22m[39m[31m[1m^[22m[39m[31m[1m^[22m[39m[31m[1m^[22m[39m[31m[1m^[22m[3
9m[31m[1m^[22m[39m[31m[1m^[22m[39m[31m[1m^[22m[39m[31m[1m^[22m[39m
[31m[1m>[22m[39m[90m 59 |[39m   formatBytes[33m,[39m
 [90m    |[39m [31m[1m^[22m[39m[31m[1m^[22m[39m[31m[1m^[22m[39m[31m[1m^[22m[39m[31m[1m^[22m[39m[31m[1m^[22m[3
9m[31m[1m^[22m[39m[31m[1m^[22m[39m[31m[1m^[22m[39m[31m[1m^[22m[39m
[31m[1m>[22m[39m[90m 60 |[39m   formatPercentage[33m,[39m
 [90m    |[39m [31m[1m^[22m[39m[31m[1m^[22m[39m[31m[1m^[22m[39m[31m[1m^[22m[39m[31m[1m^[22m[39m[31m[1m^[22m[3
9m[31m[1m^[22m[39m[31m[1m^[22m[39m[31m[1m^[22m[39m[31m[1m^[22m[39m
[31m[1m>[22m[39m[90m 61 |[39m   formatCompactNumber[33m,[39m
 [90m    |[39m [31m[1m^[22m[39m[31m[1m^[22m[39m[31m[1m^[22m[39m[31m[1m^[22m[39m[31m[1m^[22m[39m[31m[1m^[22m[3
9m[31m[1m^[22m[39m[31m[1m^[22m[39m[31m[1m^[22m[39m[31m[1m^[22m[39m
[31m[1m>[22m[39m[90m 62 |[39m   extractInitials[33m,[39m
 [90m    |[39m [31m[1m^[22m[39m[31m[1m^[22m[39m[31m[1m^[22m[39m[31m[1m^[22m[39m[31m[1m^[22m[39m[31m[1m^[22m[3
9m[31m[1m^[22m[39m[31m[1m^[22m[39m[31m[1m^[22m[39m[31m[1m^[22m[39m
[31m[1m>[22m[39m[90m 63 |[39m   formatPhoneNumber[33m,[39m
 [90m    |[39m [31m[1m^[22m[39m[31m[1m^[22m[39m[31m[1m^[22m[39m[31m[1m^[22m[39m[31m[1m^[22m[39m[31m[1m^[22m[3
9m[31m[1m^[22m[39m[31m[1m^[22m[39m[31m[1m^[22m[39m[31m[1m^[22m[39m
[31m[1m>[22m[39m[90m 64 |[39m   formatEmailDomain[33m,[39m
 [90m    |[39m [31m[1m^[22m[39m[31m[1m^[22m[39m[31m[1m^[22m[39m[31m[1m^[22m[39m[31m[1m^[22m[39m[31m[1m^[22m[3
9m[31m[1m^[22m[39m[31m[1m^[22m[39m[31m[1m^[22m[39m[31m[1m^[22m[39m
[31m[1m>[22m[39m[90m 65 |[39m   formatCreditCard[33m,[39m
 [90m    |[39m [31m[1m^[22m[39m[31m[1m^[22m[39m[31m[1m^[22m[39m[31m[1m^[22m[39m[31m[1m^[22m[39m[31m[1m^[22m[3
9m[31m[1m^[22m[39m[31m[1m^[22m[39m[31m[1m^[22m[39m[31m[1m^[22m[39m
[31m[1m>[22m[39m[90m 66 |[39m   maskString[33m,[39m
 [90m    |[39m [31m[1m^[22m[39m[31m[1m^[22m[39m[31m[1m^[22m[39m[31m[1m^[22m[39m[31m[1m^[22m[39m[31m[1m^[22m[3
9m[31m[1m^[22m[39m[31m[1m^[22m[39m[31m[1m^[22m[39m[31m[1m^[22m[39m
[31m[1m>[22m[39m[90m 67 |[39m   removeExtraSpaces[33m,[39m
 [90m    |[39m [31m[1m^[22m[39m[31m[1m^[22m[39m[31m[1m^[22m[39m[31m[1m^[22m[39m[31m[1m^[22m[39m[31m[1m^[22m[3
9m[31m[1m^[22m[39m[31m[1m^[22m[39m[31m[1m^[22m[39m[31m[1m^[22m[39m
[31m[1m>[22m[39m[90m 68 |[39m   reverseString[33m,[39m
 [90m    |[39m [31m[1m^[22m[39m[31m[1m^[22m[39m[31m[1m^[22m[39m[31m[1m^[22m[39m[31m[1m^[22m[39m[31m[1m^[22m[3
9m[31m[1m^[22m[39m[31m[1m^[22m[39m[31m[1m^[22m[39m[31m[1m^[22m[39m
[31m[1m>[22m[39m[90m 69 |[39m   shuffleString[33m,[39m
 [90m    |[39m [31m[1m^[22m[39m[31m[1m^[22m[39m[31m[1m^[22m[39m[31m[1m^[22m[39m[31m[1m^[22m[39m[31m[1m^[22m[3
9m[31m[1m^[22m[39m[31m[1m^[22m[39m[31m[1m^[22m[39m[31m[1m^[22m[39m
[31m[1m>[22m[39m[90m 70 |[39m   getWordCount[33m,[39m
 [90m    |[39m [31m[1m^[22m[39m[31m[1m^[22m[39m[31m[1m^[22m[39m[31m[1m^[22m[39m[31m[1m^[22m[39m[31m[1m^[22m[3
9m[31m[1m^[22m[39m[31m[1m^[22m[39m[31m[1m^[22m[39m[31m[1m^[22m[39m
[31m[1m>[22m[39m[90m 71 |[39m   getCharacterCount[33m,[39m
 [90m    |[39m [31m[1m^[22m[39m[31m[1m^[22m[39m[31m[1m^[22m[39m[31m[1m^[22m[39m[31m[1m^[22m[39m[31m[1m^[22m[3
9m[31m[1m^[22m[39m[31m[1m^[22m[39m[31m[1m^[22m[39m[31m[1m^[22m[39m
[31m[1m>[22m[39m[90m 72 |[39m   [33mFormatUtils[39m[33m,[39m
 [90m    |[39m [31m[1m^[22m[39m[31m[1m^[22m[39m[31m[1m^[22m[39m[31m[1m^[22m[39m[31m[1m^[22m[39m[31m[1m^[22m[3
9m[31m[1m^[22m[39m[31m[1m^[22m[39m[31m[1m^[22m[39m[31m[1m^[22m[39m
[31m[1m>[22m[39m[90m 73 |[39m } [36mfrom[39m [32m'./format'[39m[33m;[39m
 [90m    |[39m [31m[1m^[22m[39m[31m[1m^[22m[39m[31m[1m^[22m[39m[31m[1m^[22m[39m[31m[1m^[22m[39m[31m[1m^[22m[3
9m[31m[1m^[22m[39m[31m[1m^[22m[39m[31m[1m^[22m[39m[31m[1m^[22m[39m[31m[1m^[22m[39m[31m[1m^[22m[39m[31m[1m^[2
2m[39m[31m[1m^[22m[39m[31m[1m^[22m[39m[31m[1m^[22m[39m[31m[1m^[22m[39m[31m[1m^[22m[39m[31m[1m^[22m[39m
 [90m 74 |[39m
 [90m 75 |[39m [36mimport[39m {
 [90m 76 |[39m   isEmail[33m,[39m[0m

The export formatCurrency was not found in module [project]/lib/shared/utils/format.ts [app-rsc] (ecmascript).
Did you mean to import formatCreditCard?
All exports of the module are statically known (It doesn't have dynamic exports). So it's known statically that the requested export do
esn't exist.

Import traces:
  #1 [Server Component]:
    ./lib/shared/utils/index.ts
    ./lib/utils.ts
    ./components/ui/Input.tsx
    ./app/info/contact/page.tsx

  #2 [Client Component Browser]:
    ./lib/shared/utils/index.ts [Client Component Browser]
    ./components/domains/jobs/JobDetail.tsx [Client Component Browser]
    ./components/shared/features/index.ts [Client Component Browser]
    ./app/profile/edit/page.tsx [Client Component Browser]
    ./app/profile/edit/page.tsx [Server Component]

  #3 [Client Component SSR]:
    ./lib/shared/utils/index.ts [Client Component SSR]
    ./components/domains/jobs/JobDetail.tsx [Client Component SSR]
    ./components/shared/features/index.ts [Client Component SSR]
    ./app/profile/edit/page.tsx [Client Component SSR]
    ./app/profile/edit/page.tsx [Server Component]

  #4 [Client Component SSR]:
    ./lib/shared/utils/index.ts [Client Component SSR]
    ./lib/utils.ts [Client Component SSR]
    ./components/domains/admin/layout/AdminLayout.tsx [Client Component SSR]
    ./components/domains/admin/index.ts [Client Component SSR]
    ./app/admin/users/page.tsx [Client Component SSR]
    ./app/admin/users/page.tsx [Server Component]

  #5 [Client Component Browser]:
    ./lib/shared/utils/index.ts [Client Component Browser]
    ./lib/utils.ts [Client Component Browser]
    ./components/ui/UnifiedButton.tsx [Client Component Browser]
    ./components/ui/UnifiedErrorBoundary.tsx [Client Component Browser]
    ./components/providers/MonitoringProvider.tsx [Client Component Browser]
    ./components/providers/MonitoringProvider.tsx [Server Component]
    ./app/layout.tsx [Server Component]


./lib/shared/utils/index.ts:43:1
Export formatCurrency doesn't exist in target module
[0m [90m 41 |[39m } [36mfrom[39m [32m'./date'[39m[33m;[39m
 [90m 42 |[39m
[31m[1m>[22m[39m[90m 43 |[39m [36mimport[39m {
 [90m    |[39m [31m[1m^[22m[39m[31m[1m^[22m[39m[31m[1m^[22m[39m[31m[1m^[22m[39m[31m[1m^[22m[39m[31m[1m^[22m[3
9m[31m[1m^[22m[39m[31m[1m^[22m[39m
[31m[1m>[22m[39m[90m 44 |[39m   slugify[33m,[39m
 [90m    |[39m [31m[1m^[22m[39m[31m[1m^[22m[39m[31m[1m^[22m[39m[31m[1m^[22m[39m[31m[1m^[22m[39m[31m[1m^[22m[3
9m[31m[1m^[22m[39m[31m[1m^[22m[39m[31m[1m^[22m[39m[31m[1m^[22m[39m
[31m[1m>[22m[39m[90m 45 |[39m   truncateText[33m,[39m
 [90m    |[39m [31m[1m^[22m[39m[31m[1m^[22m[39m[31m[1m^[22m[39m[31m[1m^[22m[39m[31m[1m^[22m[39m[31m[1m^[22m[3
9m[31m[1m^[22m[39m[31m[1m^[22m[39m[31m[1m^[22m[39m[31m[1m^[22m[39m
[31m[1m>[22m[39m[90m 46 |[39m   capitalizeFirst[33m,[39m
 [90m    |[39m [31m[1m^[22m[39m[31m[1m^[22m[39m[31m[1m^[22m[39m[31m[1m^[22m[39m[31m[1m^[22m[39m[31m[1m^[22m[3
9m[31m[1m^[22m[39m[31m[1m^[22m[39m[31m[1m^[22m[39m[31m[1m^[22m[39m
[31m[1m>[22m[39m[90m 47 |[39m   capitalizeWords[33m,[39m
 [90m    |[39m [31m[1m^[22m[39m[31m[1m^[22m[39m[31m[1m^[22m[39m[31m[1m^[22m[39m[31m[1m^[22m[39m[31m[1m^[22m[3
9m[31m[1m^[22m[39m[31m[1m^[22m[39m[31m[1m^[22m[39m[31m[1m^[22m[39m
[31m[1m>[22m[39m[90m 48 |[39m   capitalize[33m,[39m
 [90m    |[39m [31m[1m^[22m[39m[31m[1m^[22m[39m[31m[1m^[22m[39m[31m[1m^[22m[39m[31m[1m^[22m[39m[31m[1m^[22m[3
9m[31m[1m^[22m[39m[31m[1m^[22m[39m[31m[1m^[22m[39m[31m[1m^[22m[39m
[31m[1m>[22m[39m[90m 49 |[39m   camelToKebab[33m,[39m
 [90m    |[39m [31m[1m^[22m[39m[31m[1m^[22m[39m[31m[1m^[22m[39m[31m[1m^[22m[39m[31m[1m^[22m[39m[31m[1m^[22m[3
9m[31m[1m^[22m[39m[31m[1m^[22m[39m[31m[1m^[22m[39m[31m[1m^[22m[39m
[31m[1m>[22m[39m[90m 50 |[39m   kebabToCamel[33m,[39m
 [90m    |[39m [31m[1m^[22m[39m[31m[1m^[22m[39m[31m[1m^[22m[39m[31m[1m^[22m[39m[31m[1m^[22m[39m[31m[1m^[22m[3
9m[31m[1m^[22m[39m[31m[1m^[22m[39m[31m[1m^[22m[39m[31m[1m^[22m[39m
[31m[1m>[22m[39m[90m 51 |[39m   camelToSnake[33m,[39m
 [90m    |[39m [31m[1m^[22m[39m[31m[1m^[22m[39m[31m[1m^[22m[39m[31m[1m^[22m[39m[31m[1m^[22m[39m[31m[1m^[22m[3
9m[31m[1m^[22m[39m[31m[1m^[22m[39m[31m[1m^[22m[39m[31m[1m^[22m[39m
[31m[1m>[22m[39m[90m 52 |[39m   snakeToCamel[33m,[39m
 [90m    |[39m [31m[1m^[22m[39m[31m[1m^[22m[39m[31m[1m^[22m[39m[31m[1m^[22m[39m[31m[1m^[22m[39m[31m[1m^[22m[3
9m[31m[1m^[22m[39m[31m[1m^[22m[39m[31m[1m^[22m[39m[31m[1m^[22m[39m
[31m[1m>[22m[39m[90m 53 |[39m   removeHtmlTags[33m,[39m
 [90m    |[39m [31m[1m^[22m[39m[31m[1m^[22m[39m[31m[1m^[22m[39m[31m[1m^[22m[39m[31m[1m^[22m[39m[31m[1m^[22m[3
9m[31m[1m^[22m[39m[31m[1m^[22m[39m[31m[1m^[22m[39m[31m[1m^[22m[39m
[31m[1m>[22m[39m[90m 54 |[39m   removeHTML[33m,[39m
 [90m    |[39m [31m[1m^[22m[39m[31m[1m^[22m[39m[31m[1m^[22m[39m[31m[1m^[22m[39m[31m[1m^[22m[39m[31m[1m^[22m[3
9m[31m[1m^[22m[39m[31m[1m^[22m[39m[31m[1m^[22m[39m[31m[1m^[22m[39m
[31m[1m>[22m[39m[90m 55 |[39m   escapeHTML[33m,[39m
 [90m    |[39m [31m[1m^[22m[39m[31m[1m^[22m[39m[31m[1m^[22m[39m[31m[1m^[22m[39m[31m[1m^[22m[39m[31m[1m^[22m[3
9m[31m[1m^[22m[39m[31m[1m^[22m[39m[31m[1m^[22m[39m[31m[1m^[22m[39m
[31m[1m>[22m[39m[90m 56 |[39m   unescapeHTML[33m,[39m
 [90m    |[39m [31m[1m^[22m[39m[31m[1m^[22m[39m[31m[1m^[22m[39m[31m[1m^[22m[39m[31m[1m^[22m[39m[31m[1m^[22m[3
9m[31m[1m^[22m[39m[31m[1m^[22m[39m[31m[1m^[22m[39m[31m[1m^[22m[39m
[31m[1m>[22m[39m[90m 57 |[39m   formatCurrency[33m,[39m
 [90m    |[39m [31m[1m^[22m[39m[31m[1m^[22m[39m[31m[1m^[22m[39m[31m[1m^[22m[39m[31m[1m^[22m[39m[31m[1m^[22m[3
9m[31m[1m^[22m[39m[31m[1m^[22m[39m[31m[1m^[22m[39m[31m[1m^[22m[39m
[31m[1m>[22m[39m[90m 58 |[39m   formatNumber[33m,[39m
 [90m    |[39m [31m[1m^[22m[39m[31m[1m^[22m[39m[31m[1m^[22m[39m[31m[1m^[22m[39m[31m[1m^[22m[39m[31m[1m^[22m[3
9m[31m[1m^[22m[39m[31m[1m^[22m[39m[31m[1m^[22m[39m[31m[1m^[22m[39m
[31m[1m>[22m[39m[90m 59 |[39m   formatBytes[33m,[39m
 [90m    |[39m [31m[1m^[22m[39m[31m[1m^[22m[39m[31m[1m^[22m[39m[31m[1m^[22m[39m[31m[1m^[22m[39m[31m[1m^[22m[3
9m[31m[1m^[22m[39m[31m[1m^[22m[39m[31m[1m^[22m[39m[31m[1m^[22m[39m
[31m[1m>[22m[39m[90m 60 |[39m   formatPercentage[33m,[39m
 [90m    |[39m [31m[1m^[22m[39m[31m[1m^[22m[39m[31m[1m^[22m[39m[31m[1m^[22m[39m[31m[1m^[22m[39m[31m[1m^[22m[3
9m[31m[1m^[22m[39m[31m[1m^[22m[39m[31m[1m^[22m[39m[31m[1m^[22m[39m
[31m[1m>[22m[39m[90m 61 |[39m   formatCompactNumber[33m,[39m
 [90m    |[39m [31m[1m^[22m[39m[31m[1m^[22m[39m[31m[1m^[22m[39m[31m[1m^[22m[39m[31m[1m^[22m[39m[31m[1m^[22m[3
9m[31m[1m^[22m[39m[31m[1m^[22m[39m[31m[1m^[22m[39m[31m[1m^[22m[39m
[31m[1m>[22m[39m[90m 62 |[39m   extractInitials[33m,[39m
 [90m    |[39m [31m[1m^[22m[39m[31m[1m^[22m[39m[31m[1m^[22m[39m[31m[1m^[22m[39m[31m[1m^[22m[39m[31m[1m^[22m[3
9m[31m[1m^[22m[39m[31m[1m^[22m[39m[31m[1m^[22m[39m[31m[1m^[22m[39m
[31m[1m>[22m[39m[90m 63 |[39m   formatPhoneNumber[33m,[39m
 [90m    |[39m [31m[1m^[22m[39m[31m[1m^[22m[39m[31m[1m^[22m[39m[31m[1m^[22m[39m[31m[1m^[22m[39m[31m[1m^[22m[3
9m[31m[1m^[22m[39m[31m[1m^[22m[39m[31m[1m^[22m[39m[31m[1m^[22m[39m
[31m[1m>[22m[39m[90m 64 |[39m   formatEmailDomain[33m,[39m
 [90m    |[39m [31m[1m^[22m[39m[31m[1m^[22m[39m[31m[1m^[22m[39m[31m[1m^[22m[39m[31m[1m^[22m[39m[31m[1m^[22m[3
9m[31m[1m^[22m[39m[31m[1m^[22m[39m[31m[1m^[22m[39m[31m[1m^[22m[39m
[31m[1m>[22m[39m[90m 65 |[39m   formatCreditCard[33m,[39m
 [90m    |[39m [31m[1m^[22m[39m[31m[1m^[22m[39m[31m[1m^[22m[39m[31m[1m^[22m[39m[31m[1m^[22m[39m[31m[1m^[22m[3
9m[31m[1m^[22m[39m[31m[1m^[22m[39m[31m[1m^[22m[39m[31m[1m^[22m[39m
[31m[1m>[22m[39m[90m 66 |[39m   maskString[33m,[39m
 [90m    |[39m [31m[1m^[22m[39m[31m[1m^[22m[39m[31m[1m^[22m[39m[31m[1m^[22m[39m[31m[1m^[22m[39m[31m[1m^[22m[3
9m[31m[1m^[22m[39m[31m[1m^[22m[39m[31m[1m^[22m[39m[31m[1m^[22m[39m
[31m[1m>[22m[39m[90m 67 |[39m   removeExtraSpaces[33m,[39m
 [90m    |[39m [31m[1m^[22m[39m[31m[1m^[22m[39m[31m[1m^[22m[39m[31m[1m^[22m[39m[31m[1m^[22m[39m[31m[1m^[22m[3
9m[31m[1m^[22m[39m[31m[1m^[22m[39m[31m[1m^[22m[39m[31m[1m^[22m[39m
[31m[1m>[22m[39m[90m 68 |[39m   reverseString[33m,[39m
 [90m    |[39m [31m[1m^[22m[39m[31m[1m^[22m[39m[31m[1m^[22m[39m[31m[1m^[22m[39m[31m[1m^[22m[39m[31m[1m^[22m[3
9m[31m[1m^[22m[39m[31m[1m^[22m[39m[31m[1m^[22m[39m[31m[1m^[22m[39m
[31m[1m>[22m[39m[90m 69 |[39m   shuffleString[33m,[39m
 [90m    |[39m [31m[1m^[22m[39m[31m[1m^[22m[39m[31m[1m^[22m[39m[31m[1m^[22m[39m[31m[1m^[22m[39m[31m[1m^[22m[3
9m[31m[1m^[22m[39m[31m[1m^[22m[39m[31m[1m^[22m[39m[31m[1m^[22m[39m
[31m[1m>[22m[39m[90m 70 |[39m   getWordCount[33m,[39m
 [90m    |[39m [31m[1m^[22m[39m[31m[1m^[22m[39m[31m[1m^[22m[39m[31m[1m^[22m[39m[31m[1m^[22m[39m[31m[1m^[22m[3
9m[31m[1m^[22m[39m[31m[1m^[22m[39m[31m[1m^[22m[39m[31m[1m^[22m[39m
[31m[1m>[22m[39m[90m 71 |[39m   getCharacterCount[33m,[39m
 [90m    |[39m [31m[1m^[22m[39m[31m[1m^[22m[39m[31m[1m^[22m[39m[31m[1m^[22m[39m[31m[1m^[22m[39m[31m[1m^[22m[3
9m[31m[1m^[22m[39m[31m[1m^[22m[39m[31m[1m^[22m[39m[31m[1m^[22m[39m
[31m[1m>[22m[39m[90m 72 |[39m   [33mFormatUtils[39m[33m,[39m
 [90m    |[39m [31m[1m^[22m[39m[31m[1m^[22m[39m[31m[1m^[22m[39m[31m[1m^[22m[39m[31m[1m^[22m[39m[31m[1m^[22m[3
9m[31m[1m^[22m[39m[31m[1m^[22m[39m[31m[1m^[22m[39m[31m[1m^[22m[39m
[31m[1m>[22m[39m[90m 73 |[39m } [36mfrom[39m [32m'./format'[39m[33m;[39m
 [90m    |[39m [31m[1m^[22m[39m[31m[1m^[22m[39m[31m[1m^[22m[39m[31m[1m^[22m[39m[31m[1m^[22m[39m[31m[1m^[22m[3
9m[31m[1m^[22m[39m[31m[1m^[22m[39m[31m[1m^[22m[39m[31m[1m^[22m[39m[31m[1m^[22m[39m[31m[1m^[22m[39m[31m[1m^[2
2m[39m[31m[1m^[22m[39m[31m[1m^[22m[39m[31m[1m^[22m[39m[31m[1m^[22m[39m[31m[1m^[22m[39m[31m[1m^[22m[39m
 [90m 74 |[39m
 [90m 75 |[39m [36mimport[39m {
 [90m 76 |[39m   isEmail[33m,[39m[0m

The export formatCurrency was not found in module [project]/lib/shared/utils/format.ts [app-ssr] (ecmascript).
Did you mean to import formatCreditCard?
All exports of the module are statically known (It doesn't have dynamic exports). So it's known statically that the requested export do
esn't exist.

Import traces:
  #1 [Server Component]:
    ./lib/shared/utils/index.ts
    ./lib/utils.ts
    ./components/ui/Input.tsx
    ./app/info/contact/page.tsx

  #2 [Client Component Browser]:
    ./lib/shared/utils/index.ts [Client Component Browser]
    ./components/domains/jobs/JobDetail.tsx [Client Component Browser]
    ./components/shared/features/index.ts [Client Component Browser]
    ./app/profile/edit/page.tsx [Client Component Browser]
    ./app/profile/edit/page.tsx [Server Component]

  #3 [Client Component SSR]:
    ./lib/shared/utils/index.ts [Client Component SSR]
    ./components/domains/jobs/JobDetail.tsx [Client Component SSR]
    ./components/shared/features/index.ts [Client Component SSR]
    ./app/profile/edit/page.tsx [Client Component SSR]
    ./app/profile/edit/page.tsx [Server Component]

  #4 [Client Component SSR]:
    ./lib/shared/utils/index.ts [Client Component SSR]
    ./lib/utils.ts [Client Component SSR]
    ./components/domains/admin/layout/AdminLayout.tsx [Client Component SSR]
    ./components/domains/admin/index.ts [Client Component SSR]
    ./app/admin/users/page.tsx [Client Component SSR]
    ./app/admin/users/page.tsx [Server Component]

  #5 [Client Component Browser]:
    ./lib/shared/utils/index.ts [Client Component Browser]
    ./lib/utils.ts [Client Component Browser]
    ./components/ui/UnifiedButton.tsx [Client Component Browser]
    ./components/ui/UnifiedErrorBoundary.tsx [Client Component Browser]
    ./components/providers/MonitoringProvider.tsx [Client Component Browser]
    ./components/providers/MonitoringProvider.tsx [Server Component]
    ./app/layout.tsx [Server Component]


./components/domains/admin/moderation/moderation/components/ModerationRow.tsx:23:1
Export formatDate doesn't exist in target module
[0m [90m 21 |[39m } [36mfrom[39m [32m'@/components/ui/DropdownMenu'[39m[33m;[39m
 [90m 22 |[39m [36mimport[39m { [33mTableRow[39m[33m,[39m [33mTableCell[39m } [36mfrom[39m [32m'@/components/ui/table'[39
m[33m;[39m
[31m[1m>[22m[39m[90m 23 |[39m [36mimport[39m {
 [90m    |[39m [31m[1m^[22m[39m[31m[1m^[22m[39m[31m[1m^[22m[39m[31m[1m^[22m[39m[31m[1m^[22m[39m[31m[1m^[22m[3
9m[31m[1m^[22m[39m[31m[1m^[22m[39m
[31m[1m>[22m[39m[90m 24 |[39m   getStatusColor[33m,[39m
 [90m    |[39m [31m[1m^[22m[39m[31m[1m^[22m[39m[31m[1m^[22m[39m[31m[1m^[22m[39m[31m[1m^[22m[39m[31m[1m^[22m[3
9m[31m[1m^[22m[39m[31m[1m^[22m[39m[31m[1m^[22m[39m[31m[1m^[22m[39m[31m[1m^[22m[39m[31m[1m^[22m[39m[31m[1m^[2
2m[39m[31m[1m^[22m[39m[31m[1m^[22m[39m[31m[1m^[22m[39m[31m[1m^[22m[39m
[31m[1m>[22m[39m[90m 25 |[39m   getPriorityColor[33m,[39m
 [90m    |[39m [31m[1m^[22m[39m[31m[1m^[22m[39m[31m[1m^[22m[39m[31m[1m^[22m[39m[31m[1m^[22m[39m[31m[1m^[22m[3
9m[31m[1m^[22m[39m[31m[1m^[22m[39m[31m[1m^[22m[39m[31m[1m^[22m[39m[31m[1m^[22m[39m[31m[1m^[22m[39m[31m[1m^[2
2m[39m[31m[1m^[22m[39m[31m[1m^[22m[39m[31m[1m^[22m[39m[31m[1m^[22m[39m
[31m[1m>[22m[39m[90m 26 |[39m   getTypeIconComponent[33m,[39m
 [90m    |[39m [31m[1m^[22m[39m[31m[1m^[22m[39m[31m[1m^[22m[39m[31m[1m^[22m[39m[31m[1m^[22m[39m[31m[1m^[22m[3
9m[31m[1m^[22m[39m[31m[1m^[22m[39m[31m[1m^[22m[39m[31m[1m^[22m[39m[31m[1m^[22m[39m[31m[1m^[22m[39m[31m[1m^[2
2m[39m[31m[1m^[22m[39m[31m[1m^[22m[39m[31m[1m^[22m[39m[31m[1m^[22m[39m
[31m[1m>[22m[39m[90m 27 |[39m   formatDate[33m,[39m
 [90m    |[39m [31m[1m^[22m[39m[31m[1m^[22m[39m[31m[1m^[22m[39m[31m[1m^[22m[39m[31m[1m^[22m[39m[31m[1m^[22m[3
9m[31m[1m^[22m[39m[31m[1m^[22m[39m[31m[1m^[22m[39m[31m[1m^[22m[39m[31m[1m^[22m[39m[31m[1m^[22m[39m[31m[1m^[2
2m[39m[31m[1m^[22m[39m[31m[1m^[22m[39m[31m[1m^[22m[39m[31m[1m^[22m[39m
[31m[1m>[22m[39m[90m 28 |[39m   formatStatusLabel[33m,[39m
 [90m    |[39m [31m[1m^[22m[39m[31m[1m^[22m[39m[31m[1m^[22m[39m[31m[1m^[22m[39m[31m[1m^[22m[39m[31m[1m^[22m[3
9m[31m[1m^[22m[39m[31m[1m^[22m[39m[31m[1m^[22m[39m[31m[1m^[22m[39m[31m[1m^[22m[39m[31m[1m^[22m[39m[31m[1m^[2
2m[39m[31m[1m^[22m[39m[31m[1m^[22m[39m[31m[1m^[22m[39m[31m[1m^[22m[39m
[31m[1m>[22m[39m[90m 29 |[39m   formatPriorityLabel[33m,[39m
 [90m    |[39m [31m[1m^[22m[39m[31m[1m^[22m[39m[31m[1m^[22m[39m[31m[1m^[22m[39m[31m[1m^[22m[39m[31m[1m^[22m[3
9m[31m[1m^[22m[39m[31m[1m^[22m[39m[31m[1m^[22m[39m[31m[1m^[22m[39m[31m[1m^[22m[39m[31m[1m^[22m[39m[31m[1m^[2
2m[39m[31m[1m^[22m[39m[31m[1m^[22m[39m[31m[1m^[22m[39m[31m[1m^[22m[39m
[31m[1m>[22m[39m[90m 30 |[39m   getReporterFullName[33m,[39m
 [90m    |[39m [31m[1m^[22m[39m[31m[1m^[22m[39m[31m[1m^[22m[39m[31m[1m^[22m[39m[31m[1m^[22m[39m[31m[1m^[22m[3
9m[31m[1m^[22m[39m[31m[1m^[22m[39m[31m[1m^[22m[39m[31m[1m^[22m[39m[31m[1m^[22m[39m[31m[1m^[22m[39m[31m[1m^[2
2m[39m[31m[1m^[22m[39m[31m[1m^[22m[39m[31m[1m^[22m[39m[31m[1m^[22m[39m
[31m[1m>[22m[39m[90m 31 |[39m   formatReason[33m,[39m
 [90m    |[39m [31m[1m^[22m[39m[31m[1m^[22m[39m[31m[1m^[22m[39m[31m[1m^[22m[39m[31m[1m^[22m[39m[31m[1m^[22m[3
9m[31m[1m^[22m[39m[31m[1m^[22m[39m[31m[1m^[22m[39m[31m[1m^[22m[39m[31m[1m^[22m[39m[31m[1m^[22m[39m[31m[1m^[2
2m[39m[31m[1m^[22m[39m[31m[1m^[22m[39m[31m[1m^[22m[39m[31m[1m^[22m[39m
[31m[1m>[22m[39m[90m 32 |[39m   truncateText[33m,[39m
 [90m    |[39m [31m[1m^[22m[39m[31m[1m^[22m[39m[31m[1m^[22m[39m[31m[1m^[22m[39m[31m[1m^[22m[39m[31m[1m^[22m[3
9m[31m[1m^[22m[39m[31m[1m^[22m[39m[31m[1m^[22m[39m[31m[1m^[22m[39m[31m[1m^[22m[39m[31m[1m^[22m[39m[31m[1m^[2
2m[39m[31m[1m^[22m[39m[31m[1m^[22m[39m[31m[1m^[22m[39m[31m[1m^[22m[39m
[31m[1m>[22m[39m[90m 33 |[39m   hasAutomatedFlags[33m,[39m
 [90m    |[39m [31m[1m^[22m[39m[31m[1m^[22m[39m[31m[1m^[22m[39m[31m[1m^[22m[39m[31m[1m^[22m[39m[31m[1m^[22m[3
9m[31m[1m^[22m[39m[31m[1m^[22m[39m[31m[1m^[22m[39m[31m[1m^[22m[39m[31m[1m^[22m[39m[31m[1m^[22m[39m[31m[1m^[2
2m[39m[31m[1m^[22m[39m[31m[1m^[22m[39m[31m[1m^[22m[39m[31m[1m^[22m[39m
[31m[1m>[22m[39m[90m 34 |[39m   getAutomatedFlagsCount[33m,[39m
 [90m    |[39m [31m[1m^[22m[39m[31m[1m^[22m[39m[31m[1m^[22m[39m[31m[1m^[22m[39m[31m[1m^[22m[39m[31m[1m^[22m[3
9m[31m[1m^[22m[39m[31m[1m^[22m[39m[31m[1m^[22m[39m[31m[1m^[22m[39m[31m[1m^[22m[39m[31m[1m^[22m[39m[31m[1m^[2
2m[39m[31m[1m^[22m[39m[31m[1m^[22m[39m[31m[1m^[22m[39m[31m[1m^[22m[39m
[31m[1m>[22m[39m[90m 35 |[39m } [36mfrom[39m [32m'../utils/moderationHelpers'[39m[33m;[39m
 [90m    |[39m [31m[1m^[22m[39m[31m[1m^[22m[39m[31m[1m^[22m[39m[31m[1m^[22m[39m[31m[1m^[22m[39m[31m[1m^[22m[3
9m[31m[1m^[22m[39m[31m[1m^[22m[39m[31m[1m^[22m[39m[31m[1m^[22m[39m[31m[1m^[22m[39m[31m[1m^[22m[39m[31m[1m^[2
2m[39m[31m[1m^[22m[39m[31m[1m^[22m[39m[31m[1m^[22m[39m[31m[1m^[22m[39m[31m[1m^[22m[39m[31m[1m^[22m[39m[31m[1
m^[22m[39m[31m[1m^[22m[39m[31m[1m^[22m[39m[31m[1m^[22m[39m[31m[1m^[22m[39m[31m[1m^[22m[39m[31m[1m^[22m[39m[3
1m[1m^[22m[39m[31m[1m^[22m[39m[31m[1m^[22m[39m[31m[1m^[22m[39m[31m[1m^[22m[39m[31m[1m^[22m[39m[31m[1m^[22m[3
9m[31m[1m^[22m[39m[31m[1m^[22m[39m[31m[1m^[22m[39m[31m[1m^[22m[39m
 [90m 36 |[39m [36mimport[39m type { [33mModerationRowProps[39m } [36mfrom[39m [32m'../types/moderationTypes'[39m[33m;[39m
 [90m 37 |[39m
 [90m 38 |[39m [36mexport[39m [36mfunction[39m [33mModerationRow[39m({[0m

The export formatDate was not found in module [project]/components/domains/admin/moderation/moderation/utils/moderationHelpers.ts [app-
client] (ecmascript).
Did you mean to import formatReason?
All exports of the module are statically known (It doesn't have dynamic exports). So it's known statically that the requested export do
esn't exist.

Import traces:
  Client Component Browser:
    ./components/domains/admin/moderation/moderation/components/ModerationRow.tsx [Client Component Browser]
    ./components/domains/admin/moderation/moderation/components/ModerationTable.tsx [Client Component Browser]
    ./components/domains/admin/moderation/AdminModeration.tsx [Client Component Browser]
    ./components/domains/admin/index.ts [Client Component Browser]
    ./app/admin/users/page.tsx [Client Component Browser]
    ./app/admin/users/page.tsx [Server Component]

  Client Component SSR:
    ./components/domains/admin/moderation/moderation/components/ModerationRow.tsx [Client Component SSR]
    ./components/domains/admin/moderation/moderation/components/ModerationTable.tsx [Client Component SSR]
    ./components/domains/admin/moderation/AdminModeration.tsx [Client Component SSR]
    ./components/domains/admin/index.ts [Client Component SSR]
    ./app/admin/users/page.tsx [Client Component SSR]
    ./app/admin/users/page.tsx [Server Component]


./components/domains/admin/moderation/moderation/components/ModerationRow.tsx:23:1
Export formatDate doesn't exist in target module
[0m [90m 21 |[39m } [36mfrom[39m [32m'@/components/ui/DropdownMenu'[39m[33m;[39m
 [90m 22 |[39m [36mimport[39m { [33mTableRow[39m[33m,[39m [33mTableCell[39m } [36mfrom[39m [32m'@/components/ui/table'[39
m[33m;[39m
[31m[1m>[22m[39m[90m 23 |[39m [36mimport[39m {
 [90m    |[39m [31m[1m^[22m[39m[31m[1m^[22m[39m[31m[1m^[22m[39m[31m[1m^[22m[39m[31m[1m^[22m[39m[31m[1m^[22m[3
9m[31m[1m^[22m[39m[31m[1m^[22m[39m
[31m[1m>[22m[39m[90m 24 |[39m   getStatusColor[33m,[39m
 [90m    |[39m [31m[1m^[22m[39m[31m[1m^[22m[39m[31m[1m^[22m[39m[31m[1m^[22m[39m[31m[1m^[22m[39m[31m[1m^[22m[3
9m[31m[1m^[22m[39m[31m[1m^[22m[39m[31m[1m^[22m[39m[31m[1m^[22m[39m[31m[1m^[22m[39m[31m[1m^[22m[39m[31m[1m^[2
2m[39m[31m[1m^[22m[39m[31m[1m^[22m[39m[31m[1m^[22m[39m[31m[1m^[22m[39m
[31m[1m>[22m[39m[90m 25 |[39m   getPriorityColor[33m,[39m
 [90m    |[39m [31m[1m^[22m[39m[31m[1m^[22m[39m[31m[1m^[22m[39m[31m[1m^[22m[39m[31m[1m^[22m[39m[31m[1m^[22m[3
9m[31m[1m^[22m[39m[31m[1m^[22m[39m[31m[1m^[22m[39m[31m[1m^[22m[39m[31m[1m^[22m[39m[31m[1m^[22m[39m[31m[1m^[2
2m[39m[31m[1m^[22m[39m[31m[1m^[22m[39m[31m[1m^[22m[39m[31m[1m^[22m[39m
[31m[1m>[22m[39m[90m 26 |[39m   getTypeIconComponent[33m,[39m
 [90m    |[39m [31m[1m^[22m[39m[31m[1m^[22m[39m[31m[1m^[22m[39m[31m[1m^[22m[39m[31m[1m^[22m[39m[31m[1m^[22m[3
9m[31m[1m^[22m[39m[31m[1m^[22m[39m[31m[1m^[22m[39m[31m[1m^[22m[39m[31m[1m^[22m[39m[31m[1m^[22m[39m[31m[1m^[2
2m[39m[31m[1m^[22m[39m[31m[1m^[22m[39m[31m[1m^[22m[39m[31m[1m^[22m[39m
[31m[1m>[22m[39m[90m 27 |[39m   formatDate[33m,[39m
 [90m    |[39m [31m[1m^[22m[39m[31m[1m^[22m[39m[31m[1m^[22m[39m[31m[1m^[22m[39m[31m[1m^[22m[39m[31m[1m^[22m[3
9m[31m[1m^[22m[39m[31m[1m^[22m[39m[31m[1m^[22m[39m[31m[1m^[22m[39m[31m[1m^[22m[39m[31m[1m^[22m[39m[31m[1m^[2
2m[39m[31m[1m^[22m[39m[31m[1m^[22m[39m[31m[1m^[22m[39m[31m[1m^[22m[39m
[31m[1m>[22m[39m[90m 28 |[39m   formatStatusLabel[33m,[39m
 [90m    |[39m [31m[1m^[22m[39m[31m[1m^[22m[39m[31m[1m^[22m[39m[31m[1m^[22m[39m[31m[1m^[22m[39m[31m[1m^[22m[3
9m[31m[1m^[22m[39m[31m[1m^[22m[39m[31m[1m^[22m[39m[31m[1m^[22m[39m[31m[1m^[22m[39m[31m[1m^[22m[39m[31m[1m^[2
2m[39m[31m[1m^[22m[39m[31m[1m^[22m[39m[31m[1m^[22m[39m[31m[1m^[22m[39m
[31m[1m>[22m[39m[90m 29 |[39m   formatPriorityLabel[33m,[39m
 [90m    |[39m [31m[1m^[22m[39m[31m[1m^[22m[39m[31m[1m^[22m[39m[31m[1m^[22m[39m[31m[1m^[22m[39m[31m[1m^[22m[3
9m[31m[1m^[22m[39m[31m[1m^[22m[39m[31m[1m^[22m[39m[31m[1m^[22m[39m[31m[1m^[22m[39m[31m[1m^[22m[39m[31m[1m^[2
2m[39m[31m[1m^[22m[39m[31m[1m^[22m[39m[31m[1m^[22m[39m[31m[1m^[22m[39m
[31m[1m>[22m[39m[90m 30 |[39m   getReporterFullName[33m,[39m
 [90m    |[39m [31m[1m^[22m[39m[31m[1m^[22m[39m[31m[1m^[22m[39m[31m[1m^[22m[39m[31m[1m^[22m[39m[31m[1m^[22m[3
9m[31m[1m^[22m[39m[31m[1m^[22m[39m[31m[1m^[22m[39m[31m[1m^[22m[39m[31m[1m^[22m[39m[31m[1m^[22m[39m[31m[1m^[2
2m[39m[31m[1m^[22m[39m[31m[1m^[22m[39m[31m[1m^[22m[39m[31m[1m^[22m[39m
[31m[1m>[22m[39m[90m 31 |[39m   formatReason[33m,[39m
 [90m    |[39m [31m[1m^[22m[39m[31m[1m^[22m[39m[31m[1m^[22m[39m[31m[1m^[22m[39m[31m[1m^[22m[39m[31m[1m^[22m[3
9m[31m[1m^[22m[39m[31m[1m^[22m[39m[31m[1m^[22m[39m[31m[1m^[22m[39m[31m[1m^[22m[39m[31m[1m^[22m[39m[31m[1m^[2
2m[39m[31m[1m^[22m[39m[31m[1m^[22m[39m[31m[1m^[22m[39m[31m[1m^[22m[39m
[31m[1m>[22m[39m[90m 32 |[39m   truncateText[33m,[39m
 [90m    |[39m [31m[1m^[22m[39m[31m[1m^[22m[39m[31m[1m^[22m[39m[31m[1m^[22m[39m[31m[1m^[22m[39m[31m[1m^[22m[3
9m[31m[1m^[22m[39m[31m[1m^[22m[39m[31m[1m^[22m[39m[31m[1m^[22m[39m[31m[1m^[22m[39m[31m[1m^[22m[39m[31m[1m^[2
2m[39m[31m[1m^[22m[39m[31m[1m^[22m[39m[31m[1m^[22m[39m[31m[1m^[22m[39m
[31m[1m>[22m[39m[90m 33 |[39m   hasAutomatedFlags[33m,[39m
 [90m    |[39m [31m[1m^[22m[39m[31m[1m^[22m[39m[31m[1m^[22m[39m[31m[1m^[22m[39m[31m[1m^[22m[39m[31m[1m^[22m[3
9m[31m[1m^[22m[39m[31m[1m^[22m[39m[31m[1m^[22m[39m[31m[1m^[22m[39m[31m[1m^[22m[39m[31m[1m^[22m[39m[31m[1m^[2
2m[39m[31m[1m^[22m[39m[31m[1m^[22m[39m[31m[1m^[22m[39m[31m[1m^[22m[39m
[31m[1m>[22m[39m[90m 34 |[39m   getAutomatedFlagsCount[33m,[39m
 [90m    |[39m [31m[1m^[22m[39m[31m[1m^[22m[39m[31m[1m^[22m[39m[31m[1m^[22m[39m[31m[1m^[22m[39m[31m[1m^[22m[3
9m[31m[1m^[22m[39m[31m[1m^[22m[39m[31m[1m^[22m[39m[31m[1m^[22m[39m[31m[1m^[22m[39m[31m[1m^[22m[39m[31m[1m^[2
2m[39m[31m[1m^[22m[39m[31m[1m^[22m[39m[31m[1m^[22m[39m[31m[1m^[22m[39m
[31m[1m>[22m[39m[90m 35 |[39m } [36mfrom[39m [32m'../utils/moderationHelpers'[39m[33m;[39m
 [90m    |[39m [31m[1m^[22m[39m[31m[1m^[22m[39m[31m[1m^[22m[39m[31m[1m^[22m[39m[31m[1m^[22m[39m[31m[1m^[22m[3
9m[31m[1m^[22m[39m[31m[1m^[22m[39m[31m[1m^[22m[39m[31m[1m^[22m[39m[31m[1m^[22m[39m[31m[1m^[22m[39m[31m[1m^[2
2m[39m[31m[1m^[22m[39m[31m[1m^[22m[39m[31m[1m^[22m[39m[31m[1m^[22m[39m[31m[1m^[22m[39m[31m[1m^[22m[39m[31m[1
m^[22m[39m[31m[1m^[22m[39m[31m[1m^[22m[39m[31m[1m^[22m[39m[31m[1m^[22m[39m[31m[1m^[22m[39m[31m[1m^[22m[39m[3
1m[1m^[22m[39m[31m[1m^[22m[39m[31m[1m^[22m[39m[31m[1m^[22m[39m[31m[1m^[22m[39m[31m[1m^[22m[39m[31m[1m^[22m[3
9m[31m[1m^[22m[39m[31m[1m^[22m[39m[31m[1m^[22m[39m[31m[1m^[22m[39m
 [90m 36 |[39m [36mimport[39m type { [33mModerationRowProps[39m } [36mfrom[39m [32m'../types/moderationTypes'[39m[33m;[39m
 [90m 37 |[39m
 [90m 38 |[39m [36mexport[39m [36mfunction[39m [33mModerationRow[39m({[0m

The export formatDate was not found in module [project]/components/domains/admin/moderation/moderation/utils/moderationHelpers.ts [app-
ssr] (ecmascript).
Did you mean to import formatReason?
All exports of the module are statically known (It doesn't have dynamic exports). So it's known statically that the requested export do
esn't exist.

Import traces:
  Client Component Browser:
    ./components/domains/admin/moderation/moderation/components/ModerationRow.tsx [Client Component Browser]
    ./components/domains/admin/moderation/moderation/components/ModerationTable.tsx [Client Component Browser]
    ./components/domains/admin/moderation/AdminModeration.tsx [Client Component Browser]
    ./components/domains/admin/index.ts [Client Component Browser]
    ./app/admin/users/page.tsx [Client Component Browser]
    ./app/admin/users/page.tsx [Server Component]

  Client Component SSR:
    ./components/domains/admin/moderation/moderation/components/ModerationRow.tsx [Client Component SSR]
    ./components/domains/admin/moderation/moderation/components/ModerationTable.tsx [Client Component SSR]
    ./components/domains/admin/moderation/AdminModeration.tsx [Client Component SSR]
    ./components/domains/admin/index.ts [Client Component SSR]
    ./app/admin/users/page.tsx [Client Component SSR]
    ./app/admin/users/page.tsx [Server Component]


./components/domains/admin/users/userTable/components/UserRow.tsx:16:1
Export formatDate doesn't exist in target module
[0m [90m 14 |[39m [36mimport[39m { cn } [36mfrom[39m [32m'@/lib/utils'[39m[33m;[39m
 [90m 15 |[39m [36mimport[39m { [33mUserRowProps[39m } [36mfrom[39m [32m'../types/userTableTypes'[39m[33m;[39m
[31m[1m>[22m[39m[90m 16 |[39m [36mimport[39m {
 [90m    |[39m [31m[1m^[22m[39m[31m[1m^[22m[39m[31m[1m^[22m[39m[31m[1m^[22m[39m[31m[1m^[22m[39m[31m[1m^[22m[3
9m[31m[1m^[22m[39m[31m[1m^[22m[39m
[31m[1m>[22m[39m[90m 17 |[39m   formatUserName[33m,[39m
 [90m    |[39m [31m[1m^[22m[39m[31m[1m^[22m[39m[31m[1m^[22m[39m[31m[1m^[22m[39m[31m[1m^[22m[39m[31m[1m^[22m[3
9m[31m[1m^[22m[39m[31m[1m^[22m[39m[31m[1m^[22m[39m[31m[1m^[22m[39m[31m[1m^[22m[39m[31m[1m^[22m[39m[31m[1m^[2
2m[39m[31m[1m^[22m[39m[31m[1m^[22m[39m[31m[1m^[22m[39m[31m[1m^[22m[39m
[31m[1m>[22m[39m[90m 18 |[39m   getUserInitial[33m,[39m
 [90m    |[39m [31m[1m^[22m[39m[31m[1m^[22m[39m[31m[1m^[22m[39m[31m[1m^[22m[39m[31m[1m^[22m[39m[31m[1m^[22m[3
9m[31m[1m^[22m[39m[31m[1m^[22m[39m[31m[1m^[22m[39m[31m[1m^[22m[39m[31m[1m^[22m[39m[31m[1m^[22m[39m[31m[1m^[2
2m[39m[31m[1m^[22m[39m[31m[1m^[22m[39m[31m[1m^[22m[39m[31m[1m^[22m[39m
[31m[1m>[22m[39m[90m 19 |[39m   formatDate[33m,[39m
 [90m    |[39m [31m[1m^[22m[39m[31m[1m^[22m[39m[31m[1m^[22m[39m[31m[1m^[22m[39m[31m[1m^[22m[39m[31m[1m^[22m[3
9m[31m[1m^[22m[39m[31m[1m^[22m[39m[31m[1m^[22m[39m[31m[1m^[22m[39m[31m[1m^[22m[39m[31m[1m^[22m[39m[31m[1m^[2
2m[39m[31m[1m^[22m[39m[31m[1m^[22m[39m[31m[1m^[22m[39m[31m[1m^[22m[39m
[31m[1m>[22m[39m[90m 20 |[39m   formatRelativeTime[33m,[39m
 [90m    |[39m [31m[1m^[22m[39m[31m[1m^[22m[39m[31m[1m^[22m[39m[31m[1m^[22m[39m[31m[1m^[22m[39m[31m[1m^[22m[3
9m[31m[1m^[22m[39m[31m[1m^[22m[39m[31m[1m^[22m[39m[31m[1m^[22m[39m[31m[1m^[22m[39m[31m[1m^[22m[39m[31m[1m^[2
2m[39m[31m[1m^[22m[39m[31m[1m^[22m[39m[31m[1m^[22m[39m[31m[1m^[22m[39m
[31m[1m>[22m[39m[90m 21 |[39m   getStatusColor[33m,[39m
 [90m    |[39m [31m[1m^[22m[39m[31m[1m^[22m[39m[31m[1m^[22m[39m[31m[1m^[22m[39m[31m[1m^[22m[39m[31m[1m^[22m[3
9m[31m[1m^[22m[39m[31m[1m^[22m[39m[31m[1m^[22m[39m[31m[1m^[22m[39m[31m[1m^[22m[39m[31m[1m^[22m[39m[31m[1m^[2
2m[39m[31m[1m^[22m[39m[31m[1m^[22m[39m[31m[1m^[22m[39m[31m[1m^[22m[39m
[31m[1m>[22m[39m[90m 22 |[39m   getStatusDotColor[33m,[39m
 [90m    |[39m [31m[1m^[22m[39m[31m[1m^[22m[39m[31m[1m^[22m[39m[31m[1m^[22m[39m[31m[1m^[22m[39m[31m[1m^[22m[3
9m[31m[1m^[22m[39m[31m[1m^[22m[39m[31m[1m^[22m[39m[31m[1m^[22m[39m[31m[1m^[22m[39m[31m[1m^[22m[39m[31m[1m^[2
2m[39m[31m[1m^[22m[39m[31m[1m^[22m[39m[31m[1m^[22m[39m[31m[1m^[22m[39m
[31m[1m>[22m[39m[90m 23 |[39m   getRoleColor[33m,[39m
 [90m    |[39m [31m[1m^[22m[39m[31m[1m^[22m[39m[31m[1m^[22m[39m[31m[1m^[22m[39m[31m[1m^[22m[39m[31m[1m^[22m[3
9m[31m[1m^[22m[39m[31m[1m^[22m[39m[31m[1m^[22m[39m[31m[1m^[22m[39m[31m[1m^[22m[39m[31m[1m^[22m[39m[31m[1m^[2
2m[39m[31m[1m^[22m[39m[31m[1m^[22m[39m[31m[1m^[22m[39m[31m[1m^[22m[39m
[31m[1m>[22m[39m[90m 24 |[39m } [36mfrom[39m [32m'../utils/userTableHelpers'[39m[33m;[39m
 [90m    |[39m [31m[1m^[22m[39m[31m[1m^[22m[39m[31m[1m^[22m[39m[31m[1m^[22m[39m[31m[1m^[22m[39m[31m[1m^[22m[3
9m[31m[1m^[22m[39m[31m[1m^[22m[39m[31m[1m^[22m[39m[31m[1m^[22m[39m[31m[1m^[22m[39m[31m[1m^[22m[39m[31m[1m^[2
2m[39m[31m[1m^[22m[39m[31m[1m^[22m[39m[31m[1m^[22m[39m[31m[1m^[22m[39m[31m[1m^[22m[39m[31m[1m^[22m[39m[31m[1
m^[22m[39m[31m[1m^[22m[39m[31m[1m^[22m[39m[31m[1m^[22m[39m[31m[1m^[22m[39m[31m[1m^[22m[39m[31m[1m^[22m[39m[3
1m[1m^[22m[39m[31m[1m^[22m[39m[31m[1m^[22m[39m[31m[1m^[22m[39m[31m[1m^[22m[39m[31m[1m^[22m[39m[31m[1m^[22m[3
9m[31m[1m^[22m[39m[31m[1m^[22m[39m[31m[1m^[22m[39m
 [90m 25 |[39m [36mimport[39m { [33mActionMenu[39m } [36mfrom[39m [32m'./ActionMenu'[39m[33m;[39m
 [90m 26 |[39m
 [90m 27 |[39m [36mexport[39m [36mfunction[39m [33mUserRow[39m({[0m

The export formatDate was not found in module [project]/components/domains/admin/users/userTable/utils/userTableHelpers.ts [app-client]
 (ecmascript).
Did you mean to import formatRelativeTime?
All exports of the module are statically known (It doesn't have dynamic exports). So it's known statically that the requested export do
esn't exist.

Import traces:
  Client Component Browser:
    ./components/domains/admin/users/userTable/components/UserRow.tsx [Client Component Browser]
    ./components/domains/admin/users/UserTable.tsx [Client Component Browser]
    ./app/admin/users/page.tsx [Client Component Browser]
    ./app/admin/users/page.tsx [Server Component]

  Client Component SSR:
    ./components/domains/admin/users/userTable/components/UserRow.tsx [Client Component SSR]
    ./components/domains/admin/users/UserTable.tsx [Client Component SSR]
    ./app/admin/users/page.tsx [Client Component SSR]
    ./app/admin/users/page.tsx [Server Component]


./components/domains/admin/users/userTable/components/UserRow.tsx:16:1
Export formatDate doesn't exist in target module
[0m [90m 14 |[39m [36mimport[39m { cn } [36mfrom[39m [32m'@/lib/utils'[39m[33m;[39m
 [90m 15 |[39m [36mimport[39m { [33mUserRowProps[39m } [36mfrom[39m [32m'../types/userTableTypes'[39m[33m;[39m
[31m[1m>[22m[39m[90m 16 |[39m [36mimport[39m {
 [90m    |[39m [31m[1m^[22m[39m[31m[1m^[22m[39m[31m[1m^[22m[39m[31m[1m^[22m[39m[31m[1m^[22m[39m[31m[1m^[22m[3
9m[31m[1m^[22m[39m[31m[1m^[22m[39m
[31m[1m>[22m[39m[90m 17 |[39m   formatUserName[33m,[39m
 [90m    |[39m [31m[1m^[22m[39m[31m[1m^[22m[39m[31m[1m^[22m[39m[31m[1m^[22m[39m[31m[1m^[22m[39m[31m[1m^[22m[3
9m[31m[1m^[22m[39m[31m[1m^[22m[39m[31m[1m^[22m[39m[31m[1m^[22m[39m[31m[1m^[22m[39m[31m[1m^[22m[39m[31m[1m^[2
2m[39m[31m[1m^[22m[39m[31m[1m^[22m[39m[31m[1m^[22m[39m[31m[1m^[22m[39m
[31m[1m>[22m[39m[90m 18 |[39m   getUserInitial[33m,[39m
 [90m    |[39m [31m[1m^[22m[39m[31m[1m^[22m[39m[31m[1m^[22m[39m[31m[1m^[22m[39m[31m[1m^[22m[39m[31m[1m^[22m[3
9m[31m[1m^[22m[39m[31m[1m^[22m[39m[31m[1m^[22m[39m[31m[1m^[22m[39m[31m[1m^[22m[39m[31m[1m^[22m[39m[31m[1m^[2
2m[39m[31m[1m^[22m[39m[31m[1m^[22m[39m[31m[1m^[22m[39m[31m[1m^[22m[39m
[31m[1m>[22m[39m[90m 19 |[39m   formatDate[33m,[39m
 [90m    |[39m [31m[1m^[22m[39m[31m[1m^[22m[39m[31m[1m^[22m[39m[31m[1m^[22m[39m[31m[1m^[22m[39m[31m[1m^[22m[3
9m[31m[1m^[22m[39m[31m[1m^[22m[39m[31m[1m^[22m[39m[31m[1m^[22m[39m[31m[1m^[22m[39m[31m[1m^[22m[39m[31m[1m^[2
2m[39m[31m[1m^[22m[39m[31m[1m^[22m[39m[31m[1m^[22m[39m[31m[1m^[22m[39m
[31m[1m>[22m[39m[90m 20 |[39m   formatRelativeTime[33m,[39m
 [90m    |[39m [31m[1m^[22m[39m[31m[1m^[22m[39m[31m[1m^[22m[39m[31m[1m^[22m[39m[31m[1m^[22m[39m[31m[1m^[22m[3
9m[31m[1m^[22m[39m[31m[1m^[22m[39m[31m[1m^[22m[39m[31m[1m^[22m[39m[31m[1m^[22m[39m[31m[1m^[22m[39m[31m[1m^[2
2m[39m[31m[1m^[22m[39m[31m[1m^[22m[39m[31m[1m^[22m[39m[31m[1m^[22m[39m
[31m[1m>[22m[39m[90m 21 |[39m   getStatusColor[33m,[39m
 [90m    |[39m [31m[1m^[22m[39m[31m[1m^[22m[39m[31m[1m^[22m[39m[31m[1m^[22m[39m[31m[1m^[22m[39m[31m[1m^[22m[3
9m[31m[1m^[22m[39m[31m[1m^[22m[39m[31m[1m^[22m[39m[31m[1m^[22m[39m[31m[1m^[22m[39m[31m[1m^[22m[39m[31m[1m^[2
2m[39m[31m[1m^[22m[39m[31m[1m^[22m[39m[31m[1m^[22m[39m[31m[1m^[22m[39m
[31m[1m>[22m[39m[90m 22 |[39m   getStatusDotColor[33m,[39m
 [90m    |[39m [31m[1m^[22m[39m[31m[1m^[22m[39m[31m[1m^[22m[39m[31m[1m^[22m[39m[31m[1m^[22m[39m[31m[1m^[22m[3
9m[31m[1m^[22m[39m[31m[1m^[22m[39m[31m[1m^[22m[39m[31m[1m^[22m[39m[31m[1m^[22m[39m[31m[1m^[22m[39m[31m[1m^[2
2m[39m[31m[1m^[22m[39m[31m[1m^[22m[39m[31m[1m^[22m[39m[31m[1m^[22m[39m
[31m[1m>[22m[39m[90m 23 |[39m   getRoleColor[33m,[39m
 [90m    |[39m [31m[1m^[22m[39m[31m[1m^[22m[39m[31m[1m^[22m[39m[31m[1m^[22m[39m[31m[1m^[22m[39m[31m[1m^[22m[3
9m[31m[1m^[22m[39m[31m[1m^[22m[39m[31m[1m^[22m[39m[31m[1m^[22m[39m[31m[1m^[22m[39m[31m[1m^[22m[39m[31m[1m^[2
2m[39m[31m[1m^[22m[39m[31m[1m^[22m[39m[31m[1m^[22m[39m[31m[1m^[22m[39m
[31m[1m>[22m[39m[90m 24 |[39m } [36mfrom[39m [32m'../utils/userTableHelpers'[39m[33m;[39m
 [90m    |[39m [31m[1m^[22m[39m[31m[1m^[22m[39m[31m[1m^[22m[39m[31m[1m^[22m[39m[31m[1m^[22m[39m[31m[1m^[22m[3
9m[31m[1m^[22m[39m[31m[1m^[22m[39m[31m[1m^[22m[39m[31m[1m^[22m[39m[31m[1m^[22m[39m[31m[1m^[22m[39m[31m[1m^[2
2m[39m[31m[1m^[22m[39m[31m[1m^[22m[39m[31m[1m^[22m[39m[31m[1m^[22m[39m[31m[1m^[22m[39m[31m[1m^[22m[39m[31m[1
m^[22m[39m[31m[1m^[22m[39m[31m[1m^[22m[39m[31m[1m^[22m[39m[31m[1m^[22m[39m[31m[1m^[22m[39m[31m[1m^[22m[39m[3
1m[1m^[22m[39m[31m[1m^[22m[39m[31m[1m^[22m[39m[31m[1m^[22m[39m[31m[1m^[22m[39m[31m[1m^[22m[39m[31m[1m^[22m[3
9m[31m[1m^[22m[39m[31m[1m^[22m[39m[31m[1m^[22m[39m
 [90m 25 |[39m [36mimport[39m { [33mActionMenu[39m } [36mfrom[39m [32m'./ActionMenu'[39m[33m;[39m
 [90m 26 |[39m
 [90m 27 |[39m [36mexport[39m [36mfunction[39m [33mUserRow[39m({[0m

The export formatDate was not found in module [project]/components/domains/admin/users/userTable/utils/userTableHelpers.ts [app-ssr] (e
cmascript).
Did you mean to import formatRelativeTime?
All exports of the module are statically known (It doesn't have dynamic exports). So it's known statically that the requested export do
esn't exist.

Import traces:
  Client Component Browser:
    ./components/domains/admin/users/userTable/components/UserRow.tsx [Client Component Browser]
    ./components/domains/admin/users/UserTable.tsx [Client Component Browser]
    ./app/admin/users/page.tsx [Client Component Browser]
    ./app/admin/users/page.tsx [Server Component]

  Client Component SSR:
    ./components/domains/admin/users/userTable/components/UserRow.tsx [Client Component SSR]
    ./components/domains/admin/users/UserTable.tsx [Client Component SSR]
    ./app/admin/users/page.tsx [Client Component SSR]
    ./app/admin/users/page.tsx [Server Component]


./components/domains/admin/moderation/analytics/components/AnalyticsCards.tsx:10:1
Export formatNumber doesn't exist in target module
[0m [90m  8 |[39m [36mimport[39m { [33mActivity[39m[33m,[39m [33mClock[39m[33m,[39m [33mTarget[39m[33m,[39m [33mAlert
Triangle[39m } [36mfrom[39m [32m'lucide-react'[39m[33m;[39m
 [90m  9 |[39m [36mimport[39m type { [33mAnalyticsOverview[39m } [36mfrom[39m [32m'../types/moderationAnalytics'[39m[33m;[3
9m
[31m[1m>[22m[39m[90m 10 |[39m [36mimport[39m {
 [90m    |[39m [31m[1m^[22m[39m[31m[1m^[22m[39m[31m[1m^[22m[39m[31m[1m^[22m[39m[31m[1m^[22m[39m[31m[1m^[22m[3
9m[31m[1m^[22m[39m[31m[1m^[22m[39m
[31m[1m>[22m[39m[90m 11 |[39m   getTrendIcon[33m,[39m
 [90m    |[39m [31m[1m^[22m[39m[31m[1m^[22m[39m[31m[1m^[22m[39m[31m[1m^[22m[39m[31m[1m^[22m[39m[31m[1m^[22m[3
9m[31m[1m^[22m[39m[31m[1m^[22m[39m[31m[1m^[22m[39m[31m[1m^[22m[39m[31m[1m^[22m[39m[31m[1m^[22m[39m[31m[1m^[2
2m[39m[31m[1m^[22m[39m[31m[1m^[22m[39m
[31m[1m>[22m[39m[90m 12 |[39m   getTrendColor[33m,[39m
 [90m    |[39m [31m[1m^[22m[39m[31m[1m^[22m[39m[31m[1m^[22m[39m[31m[1m^[22m[39m[31m[1m^[22m[39m[31m[1m^[22m[3
9m[31m[1m^[22m[39m[31m[1m^[22m[39m[31m[1m^[22m[39m[31m[1m^[22m[39m[31m[1m^[22m[39m[31m[1m^[22m[39m[31m[1m^[2
2m[39m[31m[1m^[22m[39m[31m[1m^[22m[39m
[31m[1m>[22m[39m[90m 13 |[39m   formatNumber[33m,[39m
 [90m    |[39m [31m[1m^[22m[39m[31m[1m^[22m[39m[31m[1m^[22m[39m[31m[1m^[22m[39m[31m[1m^[22m[39m[31m[1m^[22m[3
9m[31m[1m^[22m[39m[31m[1m^[22m[39m[31m[1m^[22m[39m[31m[1m^[22m[39m[31m[1m^[22m[39m[31m[1m^[22m[39m[31m[1m^[2
2m[39m[31m[1m^[22m[39m[31m[1m^[22m[39m
[31m[1m>[22m[39m[90m 14 |[39m   formatDuration[33m,[39m
 [90m    |[39m [31m[1m^[22m[39m[31m[1m^[22m[39m[31m[1m^[22m[39m[31m[1m^[22m[39m[31m[1m^[22m[39m[31m[1m^[22m[3
9m[31m[1m^[22m[39m[31m[1m^[22m[39m[31m[1m^[22m[39m[31m[1m^[22m[39m[31m[1m^[22m[39m[31m[1m^[22m[39m[31m[1m^[2
2m[39m[31m[1m^[22m[39m[31m[1m^[22m[39m
[31m[1m>[22m[39m[90m 15 |[39m } [36mfrom[39m [32m'../utils/analyticsHelpers'[39m[33m;[39m
 [90m    |[39m [31m[1m^[22m[39m[31m[1m^[22m[39m[31m[1m^[22m[39m[31m[1m^[22m[39m[31m[1m^[22m[39m[31m[1m^[22m[3
9m[31m[1m^[22m[39m[31m[1m^[22m[39m[31m[1m^[22m[39m[31m[1m^[22m[39m[31m[1m^[22m[39m[31m[1m^[22m[39m[31m[1m^[2
2m[39m[31m[1m^[22m[39m[31m[1m^[22m[39m[31m[1m^[22m[39m[31m[1m^[22m[39m[31m[1m^[22m[39m[31m[1m^[22m[39m[31m[1
m^[22m[39m[31m[1m^[22m[39m[31m[1m^[22m[39m[31m[1m^[22m[39m[31m[1m^[22m[39m[31m[1m^[22m[39m[31m[1m^[22m[39m[3
1m[1m^[22m[39m[31m[1m^[22m[39m[31m[1m^[22m[39m[31m[1m^[22m[39m[31m[1m^[22m[39m[31m[1m^[22m[39m[31m[1m^[22m[3
9m[31m[1m^[22m[39m[31m[1m^[22m[39m[31m[1m^[22m[39m
 [90m 16 |[39m
 [90m 17 |[39m [36minterface[39m [33mAnalyticsCardsProps[39m {
 [90m 18 |[39m   overview[33m:[39m [33mAnalyticsOverview[39m[33m;[39m[0m

The export formatNumber was not found in module [project]/components/domains/admin/moderation/analytics/utils/analyticsHelpers.ts [app-
client] (ecmascript).
Did you mean to import formatDuration?
All exports of the module are statically known (It doesn't have dynamic exports). So it's known statically that the requested export do
esn't exist.

Import traces:
  Client Component Browser:
    ./components/domains/admin/moderation/analytics/components/AnalyticsCards.tsx [Client Component Browser]
    ./components/domains/admin/moderation/ModerationAnalytics.tsx [Client Component Browser]
    ./components/domains/admin/index.ts [Client Component Browser]
    ./app/admin/users/page.tsx [Client Component Browser]
    ./app/admin/users/page.tsx [Server Component]

  Client Component SSR:
    ./components/domains/admin/moderation/analytics/components/AnalyticsCards.tsx [Client Component SSR]
    ./components/domains/admin/moderation/ModerationAnalytics.tsx [Client Component SSR]
    ./components/domains/admin/index.ts [Client Component SSR]
    ./app/admin/users/page.tsx [Client Component SSR]
    ./app/admin/users/page.tsx [Server Component]


./components/domains/admin/moderation/analytics/components/AnalyticsCards.tsx:10:1
Export formatNumber doesn't exist in target module
[0m [90m  8 |[39m [36mimport[39m { [33mActivity[39m[33m,[39m [33mClock[39m[33m,[39m [33mTarget[39m[33m,[39m [33mAlert
Triangle[39m } [36mfrom[39m [32m'lucide-react'[39m[33m;[39m
 [90m  9 |[39m [36mimport[39m type { [33mAnalyticsOverview[39m } [36mfrom[39m [32m'../types/moderationAnalytics'[39m[33m;[3
9m
[31m[1m>[22m[39m[90m 10 |[39m [36mimport[39m {
 [90m    |[39m [31m[1m^[22m[39m[31m[1m^[22m[39m[31m[1m^[22m[39m[31m[1m^[22m[39m[31m[1m^[22m[39m[31m[1m^[22m[3
9m[31m[1m^[22m[39m[31m[1m^[22m[39m
[31m[1m>[22m[39m[90m 11 |[39m   getTrendIcon[33m,[39m
 [90m    |[39m [31m[1m^[22m[39m[31m[1m^[22m[39m[31m[1m^[22m[39m[31m[1m^[22m[39m[31m[1m^[22m[39m[31m[1m^[22m[3
9m[31m[1m^[22m[39m[31m[1m^[22m[39m[31m[1m^[22m[39m[31m[1m^[22m[39m[31m[1m^[22m[39m[31m[1m^[22m[39m[31m[1m^[2
2m[39m[31m[1m^[22m[39m[31m[1m^[22m[39m
[31m[1m>[22m[39m[90m 12 |[39m   getTrendColor[33m,[39m
 [90m    |[39m [31m[1m^[22m[39m[31m[1m^[22m[39m[31m[1m^[22m[39m[31m[1m^[22m[39m[31m[1m^[22m[39m[31m[1m^[22m[3
9m[31m[1m^[22m[39m[31m[1m^[22m[39m[31m[1m^[22m[39m[31m[1m^[22m[39m[31m[1m^[22m[39m[31m[1m^[22m[39m[31m[1m^[2
2m[39m[31m[1m^[22m[39m[31m[1m^[22m[39m
[31m[1m>[22m[39m[90m 13 |[39m   formatNumber[33m,[39m
 [90m    |[39m [31m[1m^[22m[39m[31m[1m^[22m[39m[31m[1m^[22m[39m[31m[1m^[22m[39m[31m[1m^[22m[39m[31m[1m^[22m[3
9m[31m[1m^[22m[39m[31m[1m^[22m[39m[31m[1m^[22m[39m[31m[1m^[22m[39m[31m[1m^[22m[39m[31m[1m^[22m[39m[31m[1m^[2
2m[39m[31m[1m^[22m[39m[31m[1m^[22m[39m
[31m[1m>[22m[39m[90m 14 |[39m   formatDuration[33m,[39m
 [90m    |[39m [31m[1m^[22m[39m[31m[1m^[22m[39m[31m[1m^[22m[39m[31m[1m^[22m[39m[31m[1m^[22m[39m[31m[1m^[22m[3
9m[31m[1m^[22m[39m[31m[1m^[22m[39m[31m[1m^[22m[39m[31m[1m^[22m[39m[31m[1m^[22m[39m[31m[1m^[22m[39m[31m[1m^[2
2m[39m[31m[1m^[22m[39m[31m[1m^[22m[39m
[31m[1m>[22m[39m[90m 15 |[39m } [36mfrom[39m [32m'../utils/analyticsHelpers'[39m[33m;[39m
 [90m    |[39m [31m[1m^[22m[39m[31m[1m^[22m[39m[31m[1m^[22m[39m[31m[1m^[22m[39m[31m[1m^[22m[39m[31m[1m^[22m[3
9m[31m[1m^[22m[39m[31m[1m^[22m[39m[31m[1m^[22m[39m[31m[1m^[22m[39m[31m[1m^[22m[39m[31m[1m^[22m[39m[31m[1m^[2
2m[39m[31m[1m^[22m[39m[31m[1m^[22m[39m[31m[1m^[22m[39m[31m[1m^[22m[39m[31m[1m^[22m[39m[31m[1m^[22m[39m[31m[1
m^[22m[39m[31m[1m^[22m[39m[31m[1m^[22m[39m[31m[1m^[22m[39m[31m[1m^[22m[39m[31m[1m^[22m[39m[31m[1m^[22m[39m[3
1m[1m^[22m[39m[31m[1m^[22m[39m[31m[1m^[22m[39m[31m[1m^[22m[39m[31m[1m^[22m[39m[31m[1m^[22m[39m[31m[1m^[22m[3
9m[31m[1m^[22m[39m[31m[1m^[22m[39m[31m[1m^[22m[39m
 [90m 16 |[39m
 [90m 17 |[39m [36minterface[39m [33mAnalyticsCardsProps[39m {
 [90m 18 |[39m   overview[33m:[39m [33mAnalyticsOverview[39m[33m;[39m[0m

The export formatNumber was not found in module [project]/components/domains/admin/moderation/analytics/utils/analyticsHelpers.ts [app-
ssr] (ecmascript).
Did you mean to import formatDuration?
All exports of the module are statically known (It doesn't have dynamic exports). So it's known statically that the requested export do
esn't exist.

Import traces:
  Client Component Browser:
    ./components/domains/admin/moderation/analytics/components/AnalyticsCards.tsx [Client Component Browser]
    ./components/domains/admin/moderation/ModerationAnalytics.tsx [Client Component Browser]
    ./components/domains/admin/index.ts [Client Component Browser]
    ./app/admin/users/page.tsx [Client Component Browser]
    ./app/admin/users/page.tsx [Server Component]

  Client Component SSR:
    ./components/domains/admin/moderation/analytics/components/AnalyticsCards.tsx [Client Component SSR]
    ./components/domains/admin/moderation/ModerationAnalytics.tsx [Client Component SSR]
    ./components/domains/admin/index.ts [Client Component SSR]
    ./app/admin/users/page.tsx [Client Component SSR]
    ./app/admin/users/page.tsx [Server Component]


./components/domains/marketplace/category-card/components/CategoryStats.tsx:8:1
Export formatNumber doesn't exist in target module
[0m [90m  6 |[39m
 [90m  7 |[39m [36mimport[39m { [33mClock[39m } [36mfrom[39m [32m'lucide-react'[39m[33m;[39m
[31m[1m>[22m[39m[90m  8 |[39m [36mimport[39m { formatNumber[33m,[39m formatPrice } [36mfrom[39m [32m'../utils/categoryCard
Helpers'[39m[33m;[39m
 [90m    |[39m [31m[1m^[22m[39m[31m[1m^[22m[39m[31m[1m^[22m[39m[31m[1m^[22m[39m[31m[1m^[22m[39m[31m[1m^[22m[3
9m[31m[1m^[22m[39m[31m[1m^[22m[39m[31m[1m^[22m[39m[31m[1m^[22m[39m[31m[1m^[22m[39m[31m[1m^[22m[39m[31m[1m^[2
2m[39m[31m[1m^[22m[39m[31m[1m^[22m[39m[31m[1m^[22m[39m[31m[1m^[22m[39m[31m[1m^[22m[39m[31m[1m^[22m[39m[31m[1
m^[22m[39m[31m[1m^[22m[39m[31m[1m^[22m[39m[31m[1m^[22m[39m[31m[1m^[22m[39m[31m[1m^[22m[39m[31m[1m^[22m[39m[3
1m[1m^[22m[39m[31m[1m^[22m[39m[31m[1m^[22m[39m[31m[1m^[22m[39m[31m[1m^[22m[39m[31m[1m^[22m[39m[31m[1m^[22m[3
9m[31m[1m^[22m[39m[31m[1m^[22m[39m[31m[1m^[22m[39m[31m[1m^[22m[39m[31m[1m^[22m[39m[31m[1m^[22m[39m[31m[1m^[2
2m[39m[31m[1m^[22m[39m[31m[1m^[22m[39m[31m[1m^[22m[39m[31m[1m^[22m[39m[31m[1m^[22m[39m[31m[1m^[22m[39m[31m[1
m^[22m[39m[31m[1m^[22m[39m[31m[1m^[22m[39m[31m[1m^[22m[39m[31m[1m^[22m[39m[31m[1m^[22m[39m[31m[1m^[22m[39m[3
1m[1m^[22m[39m[31m[1m^[22m[39m[31m[1m^[22m[39m[31m[1m^[22m[39m[31m[1m^[22m[39m[31m[1m^[22m[39m[31m[1m^[22m[3
9m[31m[1m^[22m[39m[31m[1m^[22m[39m[31m[1m^[22m[39m[31m[1m^[22m[39m[31m[1m^[22m[39m[31m[1m^[22m[39m[31m[1m^[2
2m[39m[31m[1m^[22m[39m[31m[1m^[22m[39m[31m[1m^[22m[39m[31m[1m^[22m[39m[31m[1m^[22m[39m[31m[1m^[22m[39m
 [90m  9 |[39m [36mimport[39m type { [33mCategoryStatsProps[39m } [36mfrom[39m [32m'../types/categoryCardTypes'[39m[33m;[39
m
 [90m 10 |[39m
 [90m 11 |[39m [36mexport[39m [36mfunction[39m [33mCategoryStats[39m({[0m

The export formatNumber was not found in module [project]/components/domains/marketplace/category-card/utils/categoryCardHelpers.ts [ap
p-client] (ecmascript).
Did you mean to import hasSubcategories?
All exports of the module are statically known (It doesn't have dynamic exports). So it's known statically that the requested export do
esn't exist.

Import traces:
  Client Component Browser:
    ./components/domains/marketplace/category-card/components/CategoryStats.tsx [Client Component Browser]
    ./components/domains/marketplace/category-card/components/variants/CategoryCardDefault.tsx [Client Component Browser]
    ./components/domains/marketplace/CategoryCard.tsx [Client Component Browser]
    ./components/domains/marketplace/CategoriesPageClient.tsx [Client Component Browser]
    ./components/domains/marketplace/CategoriesPageClient.tsx [Server Component]
    ./app/marketplace/categories/page.tsx [Server Component]

  Client Component SSR:
    ./components/domains/marketplace/category-card/components/CategoryStats.tsx [Client Component SSR]
    ./components/domains/marketplace/category-card/components/variants/CategoryCardDefault.tsx [Client Component SSR]
    ./components/domains/marketplace/CategoryCard.tsx [Client Component SSR]
    ./components/domains/marketplace/CategoriesPageClient.tsx [Client Component SSR]
    ./components/domains/marketplace/CategoriesPageClient.tsx [Server Component]
    ./app/marketplace/categories/page.tsx [Server Component]


./components/domains/marketplace/category-card/components/CategoryStats.tsx:8:1
Export formatNumber doesn't exist in target module
[0m [90m  6 |[39m
 [90m  7 |[39m [36mimport[39m { [33mClock[39m } [36mfrom[39m [32m'lucide-react'[39m[33m;[39m
[31m[1m>[22m[39m[90m  8 |[39m [36mimport[39m { formatNumber[33m,[39m formatPrice } [36mfrom[39m [32m'../utils/categoryCard
Helpers'[39m[33m;[39m
 [90m    |[39m [31m[1m^[22m[39m[31m[1m^[22m[39m[31m[1m^[22m[39m[31m[1m^[22m[39m[31m[1m^[22m[39m[31m[1m^[22m[3
9m[31m[1m^[22m[39m[31m[1m^[22m[39m[31m[1m^[22m[39m[31m[1m^[22m[39m[31m[1m^[22m[39m[31m[1m^[22m[39m[31m[1m^[2
2m[39m[31m[1m^[22m[39m[31m[1m^[22m[39m[31m[1m^[22m[39m[31m[1m^[22m[39m[31m[1m^[22m[39m[31m[1m^[22m[39m[31m[1
m^[22m[39m[31m[1m^[22m[39m[31m[1m^[22m[39m[31m[1m^[22m[39m[31m[1m^[22m[39m[31m[1m^[22m[39m[31m[1m^[22m[39m[3
1m[1m^[22m[39m[31m[1m^[22m[39m[31m[1m^[22m[39m[31m[1m^[22m[39m[31m[1m^[22m[39m[31m[1m^[22m[39m[31m[1m^[22m[3
9m[31m[1m^[22m[39m[31m[1m^[22m[39m[31m[1m^[22m[39m[31m[1m^[22m[39m[31m[1m^[22m[39m[31m[1m^[22m[39m[31m[1m^[2
2m[39m[31m[1m^[22m[39m[31m[1m^[22m[39m[31m[1m^[22m[39m[31m[1m^[22m[39m[31m[1m^[22m[39m[31m[1m^[22m[39m[31m[1
m^[22m[39m[31m[1m^[22m[39m[31m[1m^[22m[39m[31m[1m^[22m[39m[31m[1m^[22m[39m[31m[1m^[22m[39m[31m[1m^[22m[39m[3
1m[1m^[22m[39m[31m[1m^[22m[39m[31m[1m^[22m[39m[31m[1m^[22m[39m[31m[1m^[22m[39m[31m[1m^[22m[39m[31m[1m^[22m[3
9m[31m[1m^[22m[39m[31m[1m^[22m[39m[31m[1m^[22m[39m[31m[1m^[22m[39m[31m[1m^[22m[39m[31m[1m^[22m[39m[31m[1m^[2
2m[39m[31m[1m^[22m[39m[31m[1m^[22m[39m[31m[1m^[22m[39m[31m[1m^[22m[39m[31m[1m^[22m[39m[31m[1m^[22m[39m
 [90m  9 |[39m [36mimport[39m type { [33mCategoryStatsProps[39m } [36mfrom[39m [32m'../types/categoryCardTypes'[39m[33m;[39
m
 [90m 10 |[39m
 [90m 11 |[39m [36mexport[39m [36mfunction[39m [33mCategoryStats[39m({[0m

The export formatNumber was not found in module [project]/components/domains/marketplace/category-card/utils/categoryCardHelpers.ts [ap
p-ssr] (ecmascript).
Did you mean to import hasSubcategories?
All exports of the module are statically known (It doesn't have dynamic exports). So it's known statically that the requested export do
esn't exist.

Import traces:
  Client Component Browser:
    ./components/domains/marketplace/category-card/components/CategoryStats.tsx [Client Component Browser]
    ./components/domains/marketplace/category-card/components/variants/CategoryCardDefault.tsx [Client Component Browser]
    ./components/domains/marketplace/CategoryCard.tsx [Client Component Browser]
    ./components/domains/marketplace/CategoriesPageClient.tsx [Client Component Browser]
    ./components/domains/marketplace/CategoriesPageClient.tsx [Server Component]
    ./app/marketplace/categories/page.tsx [Server Component]

  Client Component SSR:
    ./components/domains/marketplace/category-card/components/CategoryStats.tsx [Client Component SSR]
    ./components/domains/marketplace/category-card/components/variants/CategoryCardDefault.tsx [Client Component SSR]
    ./components/domains/marketplace/CategoryCard.tsx [Client Component SSR]
    ./components/domains/marketplace/CategoriesPageClient.tsx [Client Component SSR]
    ./components/domains/marketplace/CategoriesPageClient.tsx [Server Component]
    ./app/marketplace/categories/page.tsx [Server Component]


./components/domains/marketplace/category-card/components/variants/CategoryCardCompact.tsx:12:1
Export formatNumber doesn't exist in target module
[0m [90m 10 |[39m [36mimport[39m { [33mCategoryHeader[39m } [36mfrom[39m [32m'../CategoryHeader'[39m[33m;[39m
 [90m 11 |[39m [36mimport[39m { [33mCARD_VARIANTS[39m } [36mfrom[39m [32m'../../utils/categoryCardConstants'[39m[33m;[39m
[31m[1m>[22m[39m[90m 12 |[39m [36mimport[39m { formatNumber } [36mfrom[39m [32m'../../utils/categoryCardHelpers'[39m[33m;
[39m
 [90m    |[39m [31m[1m^[22m[39m[31m[1m^[22m[39m[31m[1m^[22m[39m[31m[1m^[22m[39m[31m[1m^[22m[39m[31m[1m^[22m[3
9m[31m[1m^[22m[39m[31m[1m^[22m[39m[31m[1m^[22m[39m[31m[1m^[22m[39m[31m[1m^[22m[39m[31m[1m^[22m[39m[31m[1m^[2
2m[39m[31m[1m^[22m[39m[31m[1m^[22m[39m[31m[1m^[22m[39m[31m[1m^[22m[39m[31m[1m^[22m[39m[31m[1m^[22m[39m[31m[1
m^[22m[39m[31m[1m^[22m[39m[31m[1m^[22m[39m[31m[1m^[22m[39m[31m[1m^[22m[39m[31m[1m^[22m[39m[31m[1m^[22m[39m[3
1m[1m^[22m[39m[31m[1m^[22m[39m[31m[1m^[22m[39m[31m[1m^[22m[39m[31m[1m^[22m[39m[31m[1m^[22m[39m[31m[1m^[22m[3
9m[31m[1m^[22m[39m[31m[1m^[22m[39m[31m[1m^[22m[39m[31m[1m^[22m[39m[31m[1m^[22m[39m[31m[1m^[22m[39m[31m[1m^[2
2m[39m[31m[1m^[22m[39m[31m[1m^[22m[39m[31m[1m^[22m[39m[31m[1m^[22m[39m[31m[1m^[22m[39m[31m[1m^[22m[39m[31m[1
m^[22m[39m[31m[1m^[22m[39m[31m[1m^[22m[39m[31m[1m^[22m[39m[31m[1m^[22m[39m[31m[1m^[22m[39m[31m[1m^[22m[39m[3
1m[1m^[22m[39m[31m[1m^[22m[39m[31m[1m^[22m[39m[31m[1m^[22m[39m[31m[1m^[22m[39m[31m[1m^[22m[39m[31m[1m^[22m[3
9m[31m[1m^[22m[39m[31m[1m^[22m[39m[31m[1m^[22m[39m
 [90m 13 |[39m [36mimport[39m type { [33mCategoryCardProps[39m } [36mfrom[39m [32m'../../types/categoryCardTypes'[39m[33m;[
39m
 [90m 14 |[39m
 [90m 15 |[39m [36mexport[39m [36mfunction[39m [33mCategoryCardCompact[39m({[0m

The export formatNumber was not found in module [project]/components/domains/marketplace/category-card/utils/categoryCardHelpers.ts [ap
p-client] (ecmascript).
Did you mean to import hasSubcategories?
All exports of the module are statically known (It doesn't have dynamic exports). So it's known statically that the requested export do
esn't exist.

Import traces:
  Client Component Browser:
    ./components/domains/marketplace/category-card/components/variants/CategoryCardCompact.tsx [Client Component Browser]
    ./components/domains/marketplace/CategoryCard.tsx [Client Component Browser]
    ./components/domains/marketplace/CategoriesPageClient.tsx [Client Component Browser]
    ./components/domains/marketplace/CategoriesPageClient.tsx [Server Component]
    ./app/marketplace/categories/page.tsx [Server Component]

  Client Component SSR:
    ./components/domains/marketplace/category-card/components/variants/CategoryCardCompact.tsx [Client Component SSR]
    ./components/domains/marketplace/CategoryCard.tsx [Client Component SSR]
    ./components/domains/marketplace/CategoriesPageClient.tsx [Client Component SSR]
    ./components/domains/marketplace/CategoriesPageClient.tsx [Server Component]
    ./app/marketplace/categories/page.tsx [Server Component]


./components/domains/marketplace/category-card/components/variants/CategoryCardCompact.tsx:12:1
Export formatNumber doesn't exist in target module
[0m [90m 10 |[39m [36mimport[39m { [33mCategoryHeader[39m } [36mfrom[39m [32m'../CategoryHeader'[39m[33m;[39m
 [90m 11 |[39m [36mimport[39m { [33mCARD_VARIANTS[39m } [36mfrom[39m [32m'../../utils/categoryCardConstants'[39m[33m;[39m
[31m[1m>[22m[39m[90m 12 |[39m [36mimport[39m { formatNumber } [36mfrom[39m [32m'../../utils/categoryCardHelpers'[39m[33m;
[39m
 [90m    |[39m [31m[1m^[22m[39m[31m[1m^[22m[39m[31m[1m^[22m[39m[31m[1m^[22m[39m[31m[1m^[22m[39m[31m[1m^[22m[3
9m[31m[1m^[22m[39m[31m[1m^[22m[39m[31m[1m^[22m[39m[31m[1m^[22m[39m[31m[1m^[22m[39m[31m[1m^[22m[39m[31m[1m^[2
2m[39m[31m[1m^[22m[39m[31m[1m^[22m[39m[31m[1m^[22m[39m[31m[1m^[22m[39m[31m[1m^[22m[39m[31m[1m^[22m[39m[31m[1
m^[22m[39m[31m[1m^[22m[39m[31m[1m^[22m[39m[31m[1m^[22m[39m[31m[1m^[22m[39m[31m[1m^[22m[39m[31m[1m^[22m[39m[3
1m[1m^[22m[39m[31m[1m^[22m[39m[31m[1m^[22m[39m[31m[1m^[22m[39m[31m[1m^[22m[39m[31m[1m^[22m[39m[31m[1m^[22m[3
9m[31m[1m^[22m[39m[31m[1m^[22m[39m[31m[1m^[22m[39m[31m[1m^[22m[39m[31m[1m^[22m[39m[31m[1m^[22m[39m[31m[1m^[2
2m[39m[31m[1m^[22m[39m[31m[1m^[22m[39m[31m[1m^[22m[39m[31m[1m^[22m[39m[31m[1m^[22m[39m[31m[1m^[22m[39m[31m[1
m^[22m[39m[31m[1m^[22m[39m[31m[1m^[22m[39m[31m[1m^[22m[39m[31m[1m^[22m[39m[31m[1m^[22m[39m[31m[1m^[22m[39m[3
1m[1m^[22m[39m[31m[1m^[22m[39m[31m[1m^[22m[39m[31m[1m^[22m[39m[31m[1m^[22m[39m[31m[1m^[22m[39m[31m[1m^[22m[3
9m[31m[1m^[22m[39m[31m[1m^[22m[39m[31m[1m^[22m[39m
 [90m 13 |[39m [36mimport[39m type { [33mCategoryCardProps[39m } [36mfrom[39m [32m'../../types/categoryCardTypes'[39m[33m;[
39m
 [90m 14 |[39m
 [90m 15 |[39m [36mexport[39m [36mfunction[39m [33mCategoryCardCompact[39m({[0m

The export formatNumber was not found in module [project]/components/domains/marketplace/category-card/utils/categoryCardHelpers.ts [ap
p-ssr] (ecmascript).
Did you mean to import hasSubcategories?
All exports of the module are statically known (It doesn't have dynamic exports). So it's known statically that the requested export do
esn't exist.

Import traces:
  Client Component Browser:
    ./components/domains/marketplace/category-card/components/variants/CategoryCardCompact.tsx [Client Component Browser]
    ./components/domains/marketplace/CategoryCard.tsx [Client Component Browser]
    ./components/domains/marketplace/CategoriesPageClient.tsx [Client Component Browser]
    ./components/domains/marketplace/CategoriesPageClient.tsx [Server Component]
    ./app/marketplace/categories/page.tsx [Server Component]

  Client Component SSR:
    ./components/domains/marketplace/category-card/components/variants/CategoryCardCompact.tsx [Client Component SSR]
    ./components/domains/marketplace/CategoryCard.tsx [Client Component SSR]
    ./components/domains/marketplace/CategoriesPageClient.tsx [Client Component SSR]
    ./components/domains/marketplace/CategoriesPageClient.tsx [Server Component]
    ./app/marketplace/categories/page.tsx [Server Component]


./lib/shared/utils/index.ts:43:1
Export formatNumber doesn't exist in target module
[0m [90m 41 |[39m } [36mfrom[39m [32m'./date'[39m[33m;[39m
 [90m 42 |[39m
[31m[1m>[22m[39m[90m 43 |[39m [36mimport[39m {
 [90m    |[39m [31m[1m^[22m[39m[31m[1m^[22m[39m[31m[1m^[22m[39m[31m[1m^[22m[39m[31m[1m^[22m[39m[31m[1m^[22m[3
9m[31m[1m^[22m[39m[31m[1m^[22m[39m
[31m[1m>[22m[39m[90m 44 |[39m   slugify[33m,[39m
 [90m    |[39m [31m[1m^[22m[39m[31m[1m^[22m[39m[31m[1m^[22m[39m[31m[1m^[22m[39m[31m[1m^[22m[39m[31m[1m^[22m[3
9m[31m[1m^[22m[39m[31m[1m^[22m[39m[31m[1m^[22m[39m[31m[1m^[22m[39m
[31m[1m>[22m[39m[90m 45 |[39m   truncateText[33m,[39m
 [90m    |[39m [31m[1m^[22m[39m[31m[1m^[22m[39m[31m[1m^[22m[39m[31m[1m^[22m[39m[31m[1m^[22m[39m[31m[1m^[22m[3
9m[31m[1m^[22m[39m[31m[1m^[22m[39m[31m[1m^[22m[39m[31m[1m^[22m[39m
[31m[1m>[22m[39m[90m 46 |[39m   capitalizeFirst[33m,[39m
 [90m    |[39m [31m[1m^[22m[39m[31m[1m^[22m[39m[31m[1m^[22m[39m[31m[1m^[22m[39m[31m[1m^[22m[39m[31m[1m^[22m[3
9m[31m[1m^[22m[39m[31m[1m^[22m[39m[31m[1m^[22m[39m[31m[1m^[22m[39m
[31m[1m>[22m[39m[90m 47 |[39m   capitalizeWords[33m,[39m
 [90m    |[39m [31m[1m^[22m[39m[31m[1m^[22m[39m[31m[1m^[22m[39m[31m[1m^[22m[39m[31m[1m^[22m[39m[31m[1m^[22m[3
9m[31m[1m^[22m[39m[31m[1m^[22m[39m[31m[1m^[22m[39m[31m[1m^[22m[39m
[31m[1m>[22m[39m[90m 48 |[39m   capitalize[33m,[39m
 [90m    |[39m [31m[1m^[22m[39m[31m[1m^[22m[39m[31m[1m^[22m[39m[31m[1m^[22m[39m[31m[1m^[22m[39m[31m[1m^[22m[3
9m[31m[1m^[22m[39m[31m[1m^[22m[39m[31m[1m^[22m[39m[31m[1m^[22m[39m
[31m[1m>[22m[39m[90m 49 |[39m   camelToKebab[33m,[39m
 [90m    |[39m [31m[1m^[22m[39m[31m[1m^[22m[39m[31m[1m^[22m[39m[31m[1m^[22m[39m[31m[1m^[22m[39m[31m[1m^[22m[3
9m[31m[1m^[22m[39m[31m[1m^[22m[39m[31m[1m^[22m[39m[31m[1m^[22m[39m
[31m[1m>[22m[39m[90m 50 |[39m   kebabToCamel[33m,[39m
 [90m    |[39m [31m[1m^[22m[39m[31m[1m^[22m[39m[31m[1m^[22m[39m[31m[1m^[22m[39m[31m[1m^[22m[39m[31m[1m^[22m[3
9m[31m[1m^[22m[39m[31m[1m^[22m[39m[31m[1m^[22m[39m[31m[1m^[22m[39m
[31m[1m>[22m[39m[90m 51 |[39m   camelToSnake[33m,[39m
 [90m    |[39m [31m[1m^[22m[39m[31m[1m^[22m[39m[31m[1m^[22m[39m[31m[1m^[22m[39m[31m[1m^[22m[39m[31m[1m^[22m[3
9m[31m[1m^[22m[39m[31m[1m^[22m[39m[31m[1m^[22m[39m[31m[1m^[22m[39m
[31m[1m>[22m[39m[90m 52 |[39m   snakeToCamel[33m,[39m
 [90m    |[39m [31m[1m^[22m[39m[31m[1m^[22m[39m[31m[1m^[22m[39m[31m[1m^[22m[39m[31m[1m^[22m[39m[31m[1m^[22m[3
9m[31m[1m^[22m[39m[31m[1m^[22m[39m[31m[1m^[22m[39m[31m[1m^[22m[39m
[31m[1m>[22m[39m[90m 53 |[39m   removeHtmlTags[33m,[39m
 [90m    |[39m [31m[1m^[22m[39m[31m[1m^[22m[39m[31m[1m^[22m[39m[31m[1m^[22m[39m[31m[1m^[22m[39m[31m[1m^[22m[3
9m[31m[1m^[22m[39m[31m[1m^[22m[39m[31m[1m^[22m[39m[31m[1m^[22m[39m
[31m[1m>[22m[39m[90m 54 |[39m   removeHTML[33m,[39m
 [90m    |[39m [31m[1m^[22m[39m[31m[1m^[22m[39m[31m[1m^[22m[39m[31m[1m^[22m[39m[31m[1m^[22m[39m[31m[1m^[22m[3
9m[31m[1m^[22m[39m[31m[1m^[22m[39m[31m[1m^[22m[39m[31m[1m^[22m[39m
[31m[1m>[22m[39m[90m 55 |[39m   escapeHTML[33m,[39m
 [90m    |[39m [31m[1m^[22m[39m[31m[1m^[22m[39m[31m[1m^[22m[39m[31m[1m^[22m[39m[31m[1m^[22m[39m[31m[1m^[22m[3
9m[31m[1m^[22m[39m[31m[1m^[22m[39m[31m[1m^[22m[39m[31m[1m^[22m[39m
[31m[1m>[22m[39m[90m 56 |[39m   unescapeHTML[33m,[39m
 [90m    |[39m [31m[1m^[22m[39m[31m[1m^[22m[39m[31m[1m^[22m[39m[31m[1m^[22m[39m[31m[1m^[22m[39m[31m[1m^[22m[3
9m[31m[1m^[22m[39m[31m[1m^[22m[39m[31m[1m^[22m[39m[31m[1m^[22m[39m
[31m[1m>[22m[39m[90m 57 |[39m   formatCurrency[33m,[39m
 [90m    |[39m [31m[1m^[22m[39m[31m[1m^[22m[39m[31m[1m^[22m[39m[31m[1m^[22m[39m[31m[1m^[22m[39m[31m[1m^[22m[3
9m[31m[1m^[22m[39m[31m[1m^[22m[39m[31m[1m^[22m[39m[31m[1m^[22m[39m
[31m[1m>[22m[39m[90m 58 |[39m   formatNumber[33m,[39m
 [90m    |[39m [31m[1m^[22m[39m[31m[1m^[22m[39m[31m[1m^[22m[39m[31m[1m^[22m[39m[31m[1m^[22m[39m[31m[1m^[22m[3
9m[31m[1m^[22m[39m[31m[1m^[22m[39m[31m[1m^[22m[39m[31m[1m^[22m[39m
[31m[1m>[22m[39m[90m 59 |[39m   formatBytes[33m,[39m
 [90m    |[39m [31m[1m^[22m[39m[31m[1m^[22m[39m[31m[1m^[22m[39m[31m[1m^[22m[39m[31m[1m^[22m[39m[31m[1m^[22m[3
9m[31m[1m^[22m[39m[31m[1m^[22m[39m[31m[1m^[22m[39m[31m[1m^[22m[39m
[31m[1m>[22m[39m[90m 60 |[39m   formatPercentage[33m,[39m
 [90m    |[39m [31m[1m^[22m[39m[31m[1m^[22m[39m[31m[1m^[22m[39m[31m[1m^[22m[39m[31m[1m^[22m[39m[31m[1m^[22m[3
9m[31m[1m^[22m[39m[31m[1m^[22m[39m[31m[1m^[22m[39m[31m[1m^[22m[39m
[31m[1m>[22m[39m[90m 61 |[39m   formatCompactNumber[33m,[39m
 [90m    |[39m [31m[1m^[22m[39m[31m[1m^[22m[39m[31m[1m^[22m[39m[31m[1m^[22m[39m[31m[1m^[22m[39m[31m[1m^[22m[3
9m[31m[1m^[22m[39m[31m[1m^[22m[39m[31m[1m^[22m[39m[31m[1m^[22m[39m
[31m[1m>[22m[39m[90m 62 |[39m   extractInitials[33m,[39m
 [90m    |[39m [31m[1m^[22m[39m[31m[1m^[22m[39m[31m[1m^[22m[39m[31m[1m^[22m[39m[31m[1m^[22m[39m[31m[1m^[22m[3
9m[31m[1m^[22m[39m[31m[1m^[22m[39m[31m[1m^[22m[39m[31m[1m^[22m[39m
[31m[1m>[22m[39m[90m 63 |[39m   formatPhoneNumber[33m,[39m
 [90m    |[39m [31m[1m^[22m[39m[31m[1m^[22m[39m[31m[1m^[22m[39m[31m[1m^[22m[39m[31m[1m^[22m[39m[31m[1m^[22m[3
9m[31m[1m^[22m[39m[31m[1m^[22m[39m[31m[1m^[22m[39m[31m[1m^[22m[39m
[31m[1m>[22m[39m[90m 64 |[39m   formatEmailDomain[33m,[39m
 [90m    |[39m [31m[1m^[22m[39m[31m[1m^[22m[39m[31m[1m^[22m[39m[31m[1m^[22m[39m[31m[1m^[22m[39m[31m[1m^[22m[3
9m[31m[1m^[22m[39m[31m[1m^[22m[39m[31m[1m^[22m[39m[31m[1m^[22m[39m
[31m[1m>[22m[39m[90m 65 |[39m   formatCreditCard[33m,[39m
 [90m    |[39m [31m[1m^[22m[39m[31m[1m^[22m[39m[31m[1m^[22m[39m[31m[1m^[22m[39m[31m[1m^[22m[39m[31m[1m^[22m[3
9m[31m[1m^[22m[39m[31m[1m^[22m[39m[31m[1m^[22m[39m[31m[1m^[22m[39m
[31m[1m>[22m[39m[90m 66 |[39m   maskString[33m,[39m
 [90m    |[39m [31m[1m^[22m[39m[31m[1m^[22m[39m[31m[1m^[22m[39m[31m[1m^[22m[39m[31m[1m^[22m[39m[31m[1m^[22m[3
9m[31m[1m^[22m[39m[31m[1m^[22m[39m[31m[1m^[22m[39m[31m[1m^[22m[39m
[31m[1m>[22m[39m[90m 67 |[39m   removeExtraSpaces[33m,[39m
 [90m    |[39m [31m[1m^[22m[39m[31m[1m^[22m[39m[31m[1m^[22m[39m[31m[1m^[22m[39m[31m[1m^[22m[39m[31m[1m^[22m[3
9m[31m[1m^[22m[39m[31m[1m^[22m[39m[31m[1m^[22m[39m[31m[1m^[22m[39m
[31m[1m>[22m[39m[90m 68 |[39m   reverseString[33m,[39m
 [90m    |[39m [31m[1m^[22m[39m[31m[1m^[22m[39m[31m[1m^[22m[39m[31m[1m^[22m[39m[31m[1m^[22m[39m[31m[1m^[22m[3
9m[31m[1m^[22m[39m[31m[1m^[22m[39m[31m[1m^[22m[39m[31m[1m^[22m[39m
[31m[1m>[22m[39m[90m 69 |[39m   shuffleString[33m,[39m
 [90m    |[39m [31m[1m^[22m[39m[31m[1m^[22m[39m[31m[1m^[22m[39m[31m[1m^[22m[39m[31m[1m^[22m[39m[31m[1m^[22m[3
9m[31m[1m^[22m[39m[31m[1m^[22m[39m[31m[1m^[22m[39m[31m[1m^[22m[39m
[31m[1m>[22m[39m[90m 70 |[39m   getWordCount[33m,[39m
 [90m    |[39m [31m[1m^[22m[39m[31m[1m^[22m[39m[31m[1m^[22m[39m[31m[1m^[22m[39m[31m[1m^[22m[39m[31m[1m^[22m[3
9m[31m[1m^[22m[39m[31m[1m^[22m[39m[31m[1m^[22m[39m[31m[1m^[22m[39m
[31m[1m>[22m[39m[90m 71 |[39m   getCharacterCount[33m,[39m
 [90m    |[39m [31m[1m^[22m[39m[31m[1m^[22m[39m[31m[1m^[22m[39m[31m[1m^[22m[39m[31m[1m^[22m[39m[31m[1m^[22m[3
9m[31m[1m^[22m[39m[31m[1m^[22m[39m[31m[1m^[22m[39m[31m[1m^[22m[39m
[31m[1m>[22m[39m[90m 72 |[39m   [33mFormatUtils[39m[33m,[39m
 [90m    |[39m [31m[1m^[22m[39m[31m[1m^[22m[39m[31m[1m^[22m[39m[31m[1m^[22m[39m[31m[1m^[22m[39m[31m[1m^[22m[3
9m[31m[1m^[22m[39m[31m[1m^[22m[39m[31m[1m^[22m[39m[31m[1m^[22m[39m
[31m[1m>[22m[39m[90m 73 |[39m } [36mfrom[39m [32m'./format'[39m[33m;[39m
 [90m    |[39m [31m[1m^[22m[39m[31m[1m^[22m[39m[31m[1m^[22m[39m[31m[1m^[22m[39m[31m[1m^[22m[39m[31m[1m^[22m[3
9m[31m[1m^[22m[39m[31m[1m^[22m[39m[31m[1m^[22m[39m[31m[1m^[22m[39m[31m[1m^[22m[39m[31m[1m^[22m[39m[31m[1m^[2
2m[39m[31m[1m^[22m[39m[31m[1m^[22m[39m[31m[1m^[22m[39m[31m[1m^[22m[39m[31m[1m^[22m[39m[31m[1m^[22m[39m
 [90m 74 |[39m
 [90m 75 |[39m [36mimport[39m {
 [90m 76 |[39m   isEmail[33m,[39m[0m

The export formatNumber was not found in module [project]/lib/shared/utils/format.ts [app-client] (ecmascript).
Did you mean to import formatCompactNumber?
All exports of the module are statically known (It doesn't have dynamic exports). So it's known statically that the requested export do
esn't exist.

Import traces:
  #1 [Server Component]:
    ./lib/shared/utils/index.ts
    ./lib/utils.ts
    ./components/ui/Input.tsx
    ./app/info/contact/page.tsx

  #2 [Client Component Browser]:
    ./lib/shared/utils/index.ts [Client Component Browser]
    ./components/domains/jobs/JobDetail.tsx [Client Component Browser]
    ./components/shared/features/index.ts [Client Component Browser]
    ./app/profile/edit/page.tsx [Client Component Browser]
    ./app/profile/edit/page.tsx [Server Component]

  #3 [Client Component SSR]:
    ./lib/shared/utils/index.ts [Client Component SSR]
    ./components/domains/jobs/JobDetail.tsx [Client Component SSR]
    ./components/shared/features/index.ts [Client Component SSR]
    ./app/profile/edit/page.tsx [Client Component SSR]
    ./app/profile/edit/page.tsx [Server Component]

  #4 [Client Component SSR]:
    ./lib/shared/utils/index.ts [Client Component SSR]
    ./lib/utils.ts [Client Component SSR]
    ./components/domains/admin/layout/AdminLayout.tsx [Client Component SSR]
    ./components/domains/admin/index.ts [Client Component SSR]
    ./app/admin/users/page.tsx [Client Component SSR]
    ./app/admin/users/page.tsx [Server Component]

  #5 [Client Component Browser]:
    ./lib/shared/utils/index.ts [Client Component Browser]
    ./lib/utils.ts [Client Component Browser]
    ./components/ui/UnifiedButton.tsx [Client Component Browser]
    ./components/ui/UnifiedErrorBoundary.tsx [Client Component Browser]
    ./components/providers/MonitoringProvider.tsx [Client Component Browser]
    ./components/providers/MonitoringProvider.tsx [Server Component]
    ./app/layout.tsx [Server Component]


./lib/shared/utils/index.ts:43:1
Export formatNumber doesn't exist in target module
[0m [90m 41 |[39m } [36mfrom[39m [32m'./date'[39m[33m;[39m
 [90m 42 |[39m
[31m[1m>[22m[39m[90m 43 |[39m [36mimport[39m {
 [90m    |[39m [31m[1m^[22m[39m[31m[1m^[22m[39m[31m[1m^[22m[39m[31m[1m^[22m[39m[31m[1m^[22m[39m[31m[1m^[22m[3
9m[31m[1m^[22m[39m[31m[1m^[22m[39m
[31m[1m>[22m[39m[90m 44 |[39m   slugify[33m,[39m
 [90m    |[39m [31m[1m^[22m[39m[31m[1m^[22m[39m[31m[1m^[22m[39m[31m[1m^[22m[39m[31m[1m^[22m[39m[31m[1m^[22m[3
9m[31m[1m^[22m[39m[31m[1m^[22m[39m[31m[1m^[22m[39m[31m[1m^[22m[39m
[31m[1m>[22m[39m[90m 45 |[39m   truncateText[33m,[39m
 [90m    |[39m [31m[1m^[22m[39m[31m[1m^[22m[39m[31m[1m^[22m[39m[31m[1m^[22m[39m[31m[1m^[22m[39m[31m[1m^[22m[3
9m[31m[1m^[22m[39m[31m[1m^[22m[39m[31m[1m^[22m[39m[31m[1m^[22m[39m
[31m[1m>[22m[39m[90m 46 |[39m   capitalizeFirst[33m,[39m
 [90m    |[39m [31m[1m^[22m[39m[31m[1m^[22m[39m[31m[1m^[22m[39m[31m[1m^[22m[39m[31m[1m^[22m[39m[31m[1m^[22m[3
9m[31m[1m^[22m[39m[31m[1m^[22m[39m[31m[1m^[22m[39m[31m[1m^[22m[39m
[31m[1m>[22m[39m[90m 47 |[39m   capitalizeWords[33m,[39m
 [90m    |[39m [31m[1m^[22m[39m[31m[1m^[22m[39m[31m[1m^[22m[39m[31m[1m^[22m[39m[31m[1m^[22m[39m[31m[1m^[22m[3
9m[31m[1m^[22m[39m[31m[1m^[22m[39m[31m[1m^[22m[39m[31m[1m^[22m[39m
[31m[1m>[22m[39m[90m 48 |[39m   capitalize[33m,[39m
 [90m    |[39m [31m[1m^[22m[39m[31m[1m^[22m[39m[31m[1m^[22m[39m[31m[1m^[22m[39m[31m[1m^[22m[39m[31m[1m^[22m[3
9m[31m[1m^[22m[39m[31m[1m^[22m[39m[31m[1m^[22m[39m[31m[1m^[22m[39m
[31m[1m>[22m[39m[90m 49 |[39m   camelToKebab[33m,[39m
 [90m    |[39m [31m[1m^[22m[39m[31m[1m^[22m[39m[31m[1m^[22m[39m[31m[1m^[22m[39m[31m[1m^[22m[39m[31m[1m^[22m[3
9m[31m[1m^[22m[39m[31m[1m^[22m[39m[31m[1m^[22m[39m[31m[1m^[22m[39m
[31m[1m>[22m[39m[90m 50 |[39m   kebabToCamel[33m,[39m
 [90m    |[39m [31m[1m^[22m[39m[31m[1m^[22m[39m[31m[1m^[22m[39m[31m[1m^[22m[39m[31m[1m^[22m[39m[31m[1m^[22m[3
9m[31m[1m^[22m[39m[31m[1m^[22m[39m[31m[1m^[22m[39m[31m[1m^[22m[39m
[31m[1m>[22m[39m[90m 51 |[39m   camelToSnake[33m,[39m
 [90m    |[39m [31m[1m^[22m[39m[31m[1m^[22m[39m[31m[1m^[22m[39m[31m[1m^[22m[39m[31m[1m^[22m[39m[31m[1m^[22m[3
9m[31m[1m^[22m[39m[31m[1m^[22m[39m[31m[1m^[22m[39m[31m[1m^[22m[39m
[31m[1m>[22m[39m[90m 52 |[39m   snakeToCamel[33m,[39m
 [90m    |[39m [31m[1m^[22m[39m[31m[1m^[22m[39m[31m[1m^[22m[39m[31m[1m^[22m[39m[31m[1m^[22m[39m[31m[1m^[22m[3
9m[31m[1m^[22m[39m[31m[1m^[22m[39m[31m[1m^[22m[39m[31m[1m^[22m[39m
[31m[1m>[22m[39m[90m 53 |[39m   removeHtmlTags[33m,[39m
 [90m    |[39m [31m[1m^[22m[39m[31m[1m^[22m[39m[31m[1m^[22m[39m[31m[1m^[22m[39m[31m[1m^[22m[39m[31m[1m^[22m[3
9m[31m[1m^[22m[39m[31m[1m^[22m[39m[31m[1m^[22m[39m[31m[1m^[22m[39m
[31m[1m>[22m[39m[90m 54 |[39m   removeHTML[33m,[39m
 [90m    |[39m [31m[1m^[22m[39m[31m[1m^[22m[39m[31m[1m^[22m[39m[31m[1m^[22m[39m[31m[1m^[22m[39m[31m[1m^[22m[3
9m[31m[1m^[22m[39m[31m[1m^[22m[39m[31m[1m^[22m[39m[31m[1m^[22m[39m
[31m[1m>[22m[39m[90m 55 |[39m   escapeHTML[33m,[39m
 [90m    |[39m [31m[1m^[22m[39m[31m[1m^[22m[39m[31m[1m^[22m[39m[31m[1m^[22m[39m[31m[1m^[22m[39m[31m[1m^[22m[3
9m[31m[1m^[22m[39m[31m[1m^[22m[39m[31m[1m^[22m[39m[31m[1m^[22m[39m
[31m[1m>[22m[39m[90m 56 |[39m   unescapeHTML[33m,[39m
 [90m    |[39m [31m[1m^[22m[39m[31m[1m^[22m[39m[31m[1m^[22m[39m[31m[1m^[22m[39m[31m[1m^[22m[39m[31m[1m^[22m[3
9m[31m[1m^[22m[39m[31m[1m^[22m[39m[31m[1m^[22m[39m[31m[1m^[22m[39m
[31m[1m>[22m[39m[90m 57 |[39m   formatCurrency[33m,[39m
 [90m    |[39m [31m[1m^[22m[39m[31m[1m^[22m[39m[31m[1m^[22m[39m[31m[1m^[22m[39m[31m[1m^[22m[39m[31m[1m^[22m[3
9m[31m[1m^[22m[39m[31m[1m^[22m[39m[31m[1m^[22m[39m[31m[1m^[22m[39m
[31m[1m>[22m[39m[90m 58 |[39m   formatNumber[33m,[39m
 [90m    |[39m [31m[1m^[22m[39m[31m[1m^[22m[39m[31m[1m^[22m[39m[31m[1m^[22m[39m[31m[1m^[22m[39m[31m[1m^[22m[3
9m[31m[1m^[22m[39m[31m[1m^[22m[39m[31m[1m^[22m[39m[31m[1m^[22m[39m
[31m[1m>[22m[39m[90m 59 |[39m   formatBytes[33m,[39m
 [90m    |[39m [31m[1m^[22m[39m[31m[1m^[22m[39m[31m[1m^[22m[39m[31m[1m^[22m[39m[31m[1m^[22m[39m[31m[1m^[22m[3
9m[31m[1m^[22m[39m[31m[1m^[22m[39m[31m[1m^[22m[39m[31m[1m^[22m[39m
[31m[1m>[22m[39m[90m 60 |[39m   formatPercentage[33m,[39m
 [90m    |[39m [31m[1m^[22m[39m[31m[1m^[22m[39m[31m[1m^[22m[39m[31m[1m^[22m[39m[31m[1m^[22m[39m[31m[1m^[22m[3
9m[31m[1m^[22m[39m[31m[1m^[22m[39m[31m[1m^[22m[39m[31m[1m^[22m[39m
[31m[1m>[22m[39m[90m 61 |[39m   formatCompactNumber[33m,[39m
 [90m    |[39m [31m[1m^[22m[39m[31m[1m^[22m[39m[31m[1m^[22m[39m[31m[1m^[22m[39m[31m[1m^[22m[39m[31m[1m^[22m[3
9m[31m[1m^[22m[39m[31m[1m^[22m[39m[31m[1m^[22m[39m[31m[1m^[22m[39m
[31m[1m>[22m[39m[90m 62 |[39m   extractInitials[33m,[39m
 [90m    |[39m [31m[1m^[22m[39m[31m[1m^[22m[39m[31m[1m^[22m[39m[31m[1m^[22m[39m[31m[1m^[22m[39m[31m[1m^[22m[3
9m[31m[1m^[22m[39m[31m[1m^[22m[39m[31m[1m^[22m[39m[31m[1m^[22m[39m
[31m[1m>[22m[39m[90m 63 |[39m   formatPhoneNumber[33m,[39m
 [90m    |[39m [31m[1m^[22m[39m[31m[1m^[22m[39m[31m[1m^[22m[39m[31m[1m^[22m[39m[31m[1m^[22m[39m[31m[1m^[22m[3
9m[31m[1m^[22m[39m[31m[1m^[22m[39m[31m[1m^[22m[39m[31m[1m^[22m[39m
[31m[1m>[22m[39m[90m 64 |[39m   formatEmailDomain[33m,[39m
 [90m    |[39m [31m[1m^[22m[39m[31m[1m^[22m[39m[31m[1m^[22m[39m[31m[1m^[22m[39m[31m[1m^[22m[39m[31m[1m^[22m[3
9m[31m[1m^[22m[39m[31m[1m^[22m[39m[31m[1m^[22m[39m[31m[1m^[22m[39m
[31m[1m>[22m[39m[90m 65 |[39m   formatCreditCard[33m,[39m
 [90m    |[39m [31m[1m^[22m[39m[31m[1m^[22m[39m[31m[1m^[22m[39m[31m[1m^[22m[39m[31m[1m^[22m[39m[31m[1m^[22m[3
9m[31m[1m^[22m[39m[31m[1m^[22m[39m[31m[1m^[22m[39m[31m[1m^[22m[39m
[31m[1m>[22m[39m[90m 66 |[39m   maskString[33m,[39m
 [90m    |[39m [31m[1m^[22m[39m[31m[1m^[22m[39m[31m[1m^[22m[39m[31m[1m^[22m[39m[31m[1m^[22m[39m[31m[1m^[22m[3
9m[31m[1m^[22m[39m[31m[1m^[22m[39m[31m[1m^[22m[39m[31m[1m^[22m[39m
[31m[1m>[22m[39m[90m 67 |[39m   removeExtraSpaces[33m,[39m
 [90m    |[39m [31m[1m^[22m[39m[31m[1m^[22m[39m[31m[1m^[22m[39m[31m[1m^[22m[39m[31m[1m^[22m[39m[31m[1m^[22m[3
9m[31m[1m^[22m[39m[31m[1m^[22m[39m[31m[1m^[22m[39m[31m[1m^[22m[39m
[31m[1m>[22m[39m[90m 68 |[39m   reverseString[33m,[39m
 [90m    |[39m [31m[1m^[22m[39m[31m[1m^[22m[39m[31m[1m^[22m[39m[31m[1m^[22m[39m[31m[1m^[22m[39m[31m[1m^[22m[3
9m[31m[1m^[22m[39m[31m[1m^[22m[39m[31m[1m^[22m[39m[31m[1m^[22m[39m
[31m[1m>[22m[39m[90m 69 |[39m   shuffleString[33m,[39m
 [90m    |[39m [31m[1m^[22m[39m[31m[1m^[22m[39m[31m[1m^[22m[39m[31m[1m^[22m[39m[31m[1m^[22m[39m[31m[1m^[22m[3
9m[31m[1m^[22m[39m[31m[1m^[22m[39m[31m[1m^[22m[39m[31m[1m^[22m[39m
[31m[1m>[22m[39m[90m 70 |[39m   getWordCount[33m,[39m
 [90m    |[39m [31m[1m^[22m[39m[31m[1m^[22m[39m[31m[1m^[22m[39m[31m[1m^[22m[39m[31m[1m^[22m[39m[31m[1m^[22m[3
9m[31m[1m^[22m[39m[31m[1m^[22m[39m[31m[1m^[22m[39m[31m[1m^[22m[39m
[31m[1m>[22m[39m[90m 71 |[39m   getCharacterCount[33m,[39m
 [90m    |[39m [31m[1m^[22m[39m[31m[1m^[22m[39m[31m[1m^[22m[39m[31m[1m^[22m[39m[31m[1m^[22m[39m[31m[1m^[22m[3
9m[31m[1m^[22m[39m[31m[1m^[22m[39m[31m[1m^[22m[39m[31m[1m^[22m[39m
[31m[1m>[22m[39m[90m 72 |[39m   [33mFormatUtils[39m[33m,[39m
 [90m    |[39m [31m[1m^[22m[39m[31m[1m^[22m[39m[31m[1m^[22m[39m[31m[1m^[22m[39m[31m[1m^[22m[39m[31m[1m^[22m[3
9m[31m[1m^[22m[39m[31m[1m^[22m[39m[31m[1m^[22m[39m[31m[1m^[22m[39m
[31m[1m>[22m[39m[90m 73 |[39m } [36mfrom[39m [32m'./format'[39m[33m;[39m
 [90m    |[39m [31m[1m^[22m[39m[31m[1m^[22m[39m[31m[1m^[22m[39m[31m[1m^[22m[39m[31m[1m^[22m[39m[31m[1m^[22m[3
9m[31m[1m^[22m[39m[31m[1m^[22m[39m[31m[1m^[22m[39m[31m[1m^[22m[39m[31m[1m^[22m[39m[31m[1m^[22m[39m[31m[1m^[2
2m[39m[31m[1m^[22m[39m[31m[1m^[22m[39m[31m[1m^[22m[39m[31m[1m^[22m[39m[31m[1m^[22m[39m[31m[1m^[22m[39m
 [90m 74 |[39m
 [90m 75 |[39m [36mimport[39m {
 [90m 76 |[39m   isEmail[33m,[39m[0m

The export formatNumber was not found in module [project]/lib/shared/utils/format.ts [app-rsc] (ecmascript).
Did you mean to import formatCompactNumber?
All exports of the module are statically known (It doesn't have dynamic exports). So it's known statically that the requested export do
esn't exist.

Import traces:
  #1 [Server Component]:
    ./lib/shared/utils/index.ts
    ./lib/utils.ts
    ./components/ui/Input.tsx
    ./app/info/contact/page.tsx

  #2 [Client Component Browser]:
    ./lib/shared/utils/index.ts [Client Component Browser]
    ./components/domains/jobs/JobDetail.tsx [Client Component Browser]
    ./components/shared/features/index.ts [Client Component Browser]
    ./app/profile/edit/page.tsx [Client Component Browser]
    ./app/profile/edit/page.tsx [Server Component]

  #3 [Client Component SSR]:
    ./lib/shared/utils/index.ts [Client Component SSR]
    ./components/domains/jobs/JobDetail.tsx [Client Component SSR]
    ./components/shared/features/index.ts [Client Component SSR]
    ./app/profile/edit/page.tsx [Client Component SSR]
    ./app/profile/edit/page.tsx [Server Component]

  #4 [Client Component SSR]:
    ./lib/shared/utils/index.ts [Client Component SSR]
    ./lib/utils.ts [Client Component SSR]
    ./components/domains/admin/layout/AdminLayout.tsx [Client Component SSR]
    ./components/domains/admin/index.ts [Client Component SSR]
    ./app/admin/users/page.tsx [Client Component SSR]
    ./app/admin/users/page.tsx [Server Component]

  #5 [Client Component Browser]:
    ./lib/shared/utils/index.ts [Client Component Browser]
    ./lib/utils.ts [Client Component Browser]
    ./components/ui/UnifiedButton.tsx [Client Component Browser]
    ./components/ui/UnifiedErrorBoundary.tsx [Client Component Browser]
    ./components/providers/MonitoringProvider.tsx [Client Component Browser]
    ./components/providers/MonitoringProvider.tsx [Server Component]
    ./app/layout.tsx [Server Component]


./lib/shared/utils/index.ts:43:1
Export formatNumber doesn't exist in target module
[0m [90m 41 |[39m } [36mfrom[39m [32m'./date'[39m[33m;[39m
 [90m 42 |[39m
[31m[1m>[22m[39m[90m 43 |[39m [36mimport[39m {
 [90m    |[39m [31m[1m^[22m[39m[31m[1m^[22m[39m[31m[1m^[22m[39m[31m[1m^[22m[39m[31m[1m^[22m[39m[31m[1m^[22m[3
9m[31m[1m^[22m[39m[31m[1m^[22m[39m
[31m[1m>[22m[39m[90m 44 |[39m   slugify[33m,[39m
 [90m    |[39m [31m[1m^[22m[39m[31m[1m^[22m[39m[31m[1m^[22m[39m[31m[1m^[22m[39m[31m[1m^[22m[39m[31m[1m^[22m[3
9m[31m[1m^[22m[39m[31m[1m^[22m[39m[31m[1m^[22m[39m[31m[1m^[22m[39m
[31m[1m>[22m[39m[90m 45 |[39m   truncateText[33m,[39m
 [90m    |[39m [31m[1m^[22m[39m[31m[1m^[22m[39m[31m[1m^[22m[39m[31m[1m^[22m[39m[31m[1m^[22m[39m[31m[1m^[22m[3
9m[31m[1m^[22m[39m[31m[1m^[22m[39m[31m[1m^[22m[39m[31m[1m^[22m[39m
[31m[1m>[22m[39m[90m 46 |[39m   capitalizeFirst[33m,[39m
 [90m    |[39m [31m[1m^[22m[39m[31m[1m^[22m[39m[31m[1m^[22m[39m[31m[1m^[22m[39m[31m[1m^[22m[39m[31m[1m^[22m[3
9m[31m[1m^[22m[39m[31m[1m^[22m[39m[31m[1m^[22m[39m[31m[1m^[22m[39m
[31m[1m>[22m[39m[90m 47 |[39m   capitalizeWords[33m,[39m
 [90m    |[39m [31m[1m^[22m[39m[31m[1m^[22m[39m[31m[1m^[22m[39m[31m[1m^[22m[39m[31m[1m^[22m[39m[31m[1m^[22m[3
9m[31m[1m^[22m[39m[31m[1m^[22m[39m[31m[1m^[22m[39m[31m[1m^[22m[39m
[31m[1m>[22m[39m[90m 48 |[39m   capitalize[33m,[39m
 [90m    |[39m [31m[1m^[22m[39m[31m[1m^[22m[39m[31m[1m^[22m[39m[31m[1m^[22m[39m[31m[1m^[22m[39m[31m[1m^[22m[3
9m[31m[1m^[22m[39m[31m[1m^[22m[39m[31m[1m^[22m[39m[31m[1m^[22m[39m
[31m[1m>[22m[39m[90m 49 |[39m   camelToKebab[33m,[39m
 [90m    |[39m [31m[1m^[22m[39m[31m[1m^[22m[39m[31m[1m^[22m[39m[31m[1m^[22m[39m[31m[1m^[22m[39m[31m[1m^[22m[3
9m[31m[1m^[22m[39m[31m[1m^[22m[39m[31m[1m^[22m[39m[31m[1m^[22m[39m
[31m[1m>[22m[39m[90m 50 |[39m   kebabToCamel[33m,[39m
 [90m    |[39m [31m[1m^[22m[39m[31m[1m^[22m[39m[31m[1m^[22m[39m[31m[1m^[22m[39m[31m[1m^[22m[39m[31m[1m^[22m[3
9m[31m[1m^[22m[39m[31m[1m^[22m[39m[31m[1m^[22m[39m[31m[1m^[22m[39m
[31m[1m>[22m[39m[90m 51 |[39m   camelToSnake[33m,[39m
 [90m    |[39m [31m[1m^[22m[39m[31m[1m^[22m[39m[31m[1m^[22m[39m[31m[1m^[22m[39m[31m[1m^[22m[39m[31m[1m^[22m[3
9m[31m[1m^[22m[39m[31m[1m^[22m[39m[31m[1m^[22m[39m[31m[1m^[22m[39m
[31m[1m>[22m[39m[90m 52 |[39m   snakeToCamel[33m,[39m
 [90m    |[39m [31m[1m^[22m[39m[31m[1m^[22m[39m[31m[1m^[22m[39m[31m[1m^[22m[39m[31m[1m^[22m[39m[31m[1m^[22m[3
9m[31m[1m^[22m[39m[31m[1m^[22m[39m[31m[1m^[22m[39m[31m[1m^[22m[39m
[31m[1m>[22m[39m[90m 53 |[39m   removeHtmlTags[33m,[39m
 [90m    |[39m [31m[1m^[22m[39m[31m[1m^[22m[39m[31m[1m^[22m[39m[31m[1m^[22m[39m[31m[1m^[22m[39m[31m[1m^[22m[3
9m[31m[1m^[22m[39m[31m[1m^[22m[39m[31m[1m^[22m[39m[31m[1m^[22m[39m
[31m[1m>[22m[39m[90m 54 |[39m   removeHTML[33m,[39m
 [90m    |[39m [31m[1m^[22m[39m[31m[1m^[22m[39m[31m[1m^[22m[39m[31m[1m^[22m[39m[31m[1m^[22m[39m[31m[1m^[22m[3
9m[31m[1m^[22m[39m[31m[1m^[22m[39m[31m[1m^[22m[39m[31m[1m^[22m[39m
[31m[1m>[22m[39m[90m 55 |[39m   escapeHTML[33m,[39m
 [90m    |[39m [31m[1m^[22m[39m[31m[1m^[22m[39m[31m[1m^[22m[39m[31m[1m^[22m[39m[31m[1m^[22m[39m[31m[1m^[22m[3
9m[31m[1m^[22m[39m[31m[1m^[22m[39m[31m[1m^[22m[39m[31m[1m^[22m[39m
[31m[1m>[22m[39m[90m 56 |[39m   unescapeHTML[33m,[39m
 [90m    |[39m [31m[1m^[22m[39m[31m[1m^[22m[39m[31m[1m^[22m[39m[31m[1m^[22m[39m[31m[1m^[22m[39m[31m[1m^[22m[3
9m[31m[1m^[22m[39m[31m[1m^[22m[39m[31m[1m^[22m[39m[31m[1m^[22m[39m
[31m[1m>[22m[39m[90m 57 |[39m   formatCurrency[33m,[39m
 [90m    |[39m [31m[1m^[22m[39m[31m[1m^[22m[39m[31m[1m^[22m[39m[31m[1m^[22m[39m[31m[1m^[22m[39m[31m[1m^[22m[3
9m[31m[1m^[22m[39m[31m[1m^[22m[39m[31m[1m^[22m[39m[31m[1m^[22m[39m
[31m[1m>[22m[39m[90m 58 |[39m   formatNumber[33m,[39m
 [90m    |[39m [31m[1m^[22m[39m[31m[1m^[22m[39m[31m[1m^[22m[39m[31m[1m^[22m[39m[31m[1m^[22m[39m[31m[1m^[22m[3
9m[31m[1m^[22m[39m[31m[1m^[22m[39m[31m[1m^[22m[39m[31m[1m^[22m[39m
[31m[1m>[22m[39m[90m 59 |[39m   formatBytes[33m,[39m
 [90m    |[39m [31m[1m^[22m[39m[31m[1m^[22m[39m[31m[1m^[22m[39m[31m[1m^[22m[39m[31m[1m^[22m[39m[31m[1m^[22m[3
9m[31m[1m^[22m[39m[31m[1m^[22m[39m[31m[1m^[22m[39m[31m[1m^[22m[39m
[31m[1m>[22m[39m[90m 60 |[39m   formatPercentage[33m,[39m
 [90m    |[39m [31m[1m^[22m[39m[31m[1m^[22m[39m[31m[1m^[22m[39m[31m[1m^[22m[39m[31m[1m^[22m[39m[31m[1m^[22m[3
9m[31m[1m^[22m[39m[31m[1m^[22m[39m[31m[1m^[22m[39m[31m[1m^[22m[39m
[31m[1m>[22m[39m[90m 61 |[39m   formatCompactNumber[33m,[39m
 [90m    |[39m [31m[1m^[22m[39m[31m[1m^[22m[39m[31m[1m^[22m[39m[31m[1m^[22m[39m[31m[1m^[22m[39m[31m[1m^[22m[3
9m[31m[1m^[22m[39m[31m[1m^[22m[39m[31m[1m^[22m[39m[31m[1m^[22m[39m
[31m[1m>[22m[39m[90m 62 |[39m   extractInitials[33m,[39m
 [90m    |[39m [31m[1m^[22m[39m[31m[1m^[22m[39m[31m[1m^[22m[39m[31m[1m^[22m[39m[31m[1m^[22m[39m[31m[1m^[22m[3
9m[31m[1m^[22m[39m[31m[1m^[22m[39m[31m[1m^[22m[39m[31m[1m^[22m[39m
[31m[1m>[22m[39m[90m 63 |[39m   formatPhoneNumber[33m,[39m
 [90m    |[39m [31m[1m^[22m[39m[31m[1m^[22m[39m[31m[1m^[22m[39m[31m[1m^[22m[39m[31m[1m^[22m[39m[31m[1m^[22m[3
9m[31m[1m^[22m[39m[31m[1m^[22m[39m[31m[1m^[22m[39m[31m[1m^[22m[39m
[31m[1m>[22m[39m[90m 64 |[39m   formatEmailDomain[33m,[39m
 [90m    |[39m [31m[1m^[22m[39m[31m[1m^[22m[39m[31m[1m^[22m[39m[31m[1m^[22m[39m[31m[1m^[22m[39m[31m[1m^[22m[3
9m[31m[1m^[22m[39m[31m[1m^[22m[39m[31m[1m^[22m[39m[31m[1m^[22m[39m
[31m[1m>[22m[39m[90m 65 |[39m   formatCreditCard[33m,[39m
 [90m    |[39m [31m[1m^[22m[39m[31m[1m^[22m[39m[31m[1m^[22m[39m[31m[1m^[22m[39m[31m[1m^[22m[39m[31m[1m^[22m[3
9m[31m[1m^[22m[39m[31m[1m^[22m[39m[31m[1m^[22m[39m[31m[1m^[22m[39m
[31m[1m>[22m[39m[90m 66 |[39m   maskString[33m,[39m
 [90m    |[39m [31m[1m^[22m[39m[31m[1m^[22m[39m[31m[1m^[22m[39m[31m[1m^[22m[39m[31m[1m^[22m[39m[31m[1m^[22m[3
9m[31m[1m^[22m[39m[31m[1m^[22m[39m[31m[1m^[22m[39m[31m[1m^[22m[39m
[31m[1m>[22m[39m[90m 67 |[39m   removeExtraSpaces[33m,[39m
 [90m    |[39m [31m[1m^[22m[39m[31m[1m^[22m[39m[31m[1m^[22m[39m[31m[1m^[22m[39m[31m[1m^[22m[39m[31m[1m^[22m[3
9m[31m[1m^[22m[39m[31m[1m^[22m[39m[31m[1m^[22m[39m[31m[1m^[22m[39m
[31m[1m>[22m[39m[90m 68 |[39m   reverseString[33m,[39m
 [90m    |[39m [31m[1m^[22m[39m[31m[1m^[22m[39m[31m[1m^[22m[39m[31m[1m^[22m[39m[31m[1m^[22m[39m[31m[1m^[22m[3
9m[31m[1m^[22m[39m[31m[1m^[22m[39m[31m[1m^[22m[39m[31m[1m^[22m[39m
[31m[1m>[22m[39m[90m 69 |[39m   shuffleString[33m,[39m
 [90m    |[39m [31m[1m^[22m[39m[31m[1m^[22m[39m[31m[1m^[22m[39m[31m[1m^[22m[39m[31m[1m^[22m[39m[31m[1m^[22m[3
9m[31m[1m^[22m[39m[31m[1m^[22m[39m[31m[1m^[22m[39m[31m[1m^[22m[39m
[31m[1m>[22m[39m[90m 70 |[39m   getWordCount[33m,[39m
 [90m    |[39m [31m[1m^[22m[39m[31m[1m^[22m[39m[31m[1m^[22m[39m[31m[1m^[22m[39m[31m[1m^[22m[39m[31m[1m^[22m[3
9m[31m[1m^[22m[39m[31m[1m^[22m[39m[31m[1m^[22m[39m[31m[1m^[22m[39m
[31m[1m>[22m[39m[90m 71 |[39m   getCharacterCount[33m,[39m
 [90m    |[39m [31m[1m^[22m[39m[31m[1m^[22m[39m[31m[1m^[22m[39m[31m[1m^[22m[39m[31m[1m^[22m[39m[31m[1m^[22m[3
9m[31m[1m^[22m[39m[31m[1m^[22m[39m[31m[1m^[22m[39m[31m[1m^[22m[39m
[31m[1m>[22m[39m[90m 72 |[39m   [33mFormatUtils[39m[33m,[39m
 [90m    |[39m [31m[1m^[22m[39m[31m[1m^[22m[39m[31m[1m^[22m[39m[31m[1m^[22m[39m[31m[1m^[22m[39m[31m[1m^[22m[3
9m[31m[1m^[22m[39m[31m[1m^[22m[39m[31m[1m^[22m[39m[31m[1m^[22m[39m
[31m[1m>[22m[39m[90m 73 |[39m } [36mfrom[39m [32m'./format'[39m[33m;[39m
 [90m    |[39m [31m[1m^[22m[39m[31m[1m^[22m[39m[31m[1m^[22m[39m[31m[1m^[22m[39m[31m[1m^[22m[39m[31m[1m^[22m[3
9m[31m[1m^[22m[39m[31m[1m^[22m[39m[31m[1m^[22m[39m[31m[1m^[22m[39m[31m[1m^[22m[39m[31m[1m^[22m[39m[31m[1m^[2
2m[39m[31m[1m^[22m[39m[31m[1m^[22m[39m[31m[1m^[22m[39m[31m[1m^[22m[39m[31m[1m^[22m[39m[31m[1m^[22m[39m
 [90m 74 |[39m
 [90m 75 |[39m [36mimport[39m {
 [90m 76 |[39m   isEmail[33m,[39m[0m

The export formatNumber was not found in module [project]/lib/shared/utils/format.ts [app-ssr] (ecmascript).
Did you mean to import formatCompactNumber?
All exports of the module are statically known (It doesn't have dynamic exports). So it's known statically that the requested export do
esn't exist.

Import traces:
  #1 [Server Component]:
    ./lib/shared/utils/index.ts
    ./lib/utils.ts
    ./components/ui/Input.tsx
    ./app/info/contact/page.tsx

  #2 [Client Component Browser]:
    ./lib/shared/utils/index.ts [Client Component Browser]
    ./components/domains/jobs/JobDetail.tsx [Client Component Browser]
    ./components/shared/features/index.ts [Client Component Browser]
    ./app/profile/edit/page.tsx [Client Component Browser]
    ./app/profile/edit/page.tsx [Server Component]

  #3 [Client Component SSR]:
    ./lib/shared/utils/index.ts [Client Component SSR]
    ./components/domains/jobs/JobDetail.tsx [Client Component SSR]
    ./components/shared/features/index.ts [Client Component SSR]
    ./app/profile/edit/page.tsx [Client Component SSR]
    ./app/profile/edit/page.tsx [Server Component]

  #4 [Client Component SSR]:
    ./lib/shared/utils/index.ts [Client Component SSR]
    ./lib/utils.ts [Client Component SSR]
    ./components/domains/admin/layout/AdminLayout.tsx [Client Component SSR]
    ./components/domains/admin/index.ts [Client Component SSR]
    ./app/admin/users/page.tsx [Client Component SSR]
    ./app/admin/users/page.tsx [Server Component]

  #5 [Client Component Browser]:
    ./lib/shared/utils/index.ts [Client Component Browser]
    ./lib/utils.ts [Client Component Browser]
    ./components/ui/UnifiedButton.tsx [Client Component Browser]
    ./components/ui/UnifiedErrorBoundary.tsx [Client Component Browser]
    ./components/providers/MonitoringProvider.tsx [Client Component Browser]
    ./components/providers/MonitoringProvider.tsx [Server Component]
    ./app/layout.tsx [Server Component]


./components/domains/admin/moderation/reviews/ModeratorAnalyticsDashboard.tsx:45:1
Export formatPercentage doesn't exist in target module
[0m [90m 43 |[39m   [33mTarget[39m[33m,[39m
 [90m 44 |[39m } [36mfrom[39m [32m'lucide-react'[39m[33m;[39m
[31m[1m>[22m[39m[90m 45 |[39m [36mimport[39m {
 [90m    |[39m [31m[1m^[22m[39m[31m[1m^[22m[39m[31m[1m^[22m[39m[31m[1m^[22m[39m[31m[1m^[22m[39m[31m[1m^[22m[3
9m[31m[1m^[22m[39m[31m[1m^[22m[39m
[31m[1m>[22m[39m[90m 46 |[39m   getModerationAnalytics[33m,[39m
 [90m    |[39m [31m[1m^[22m[39m[31m[1m^[22m[39m[31m[1m^[22m[39m[31m[1m^[22m[39m[31m[1m^[22m[39m[31m[1m^[22m[3
9m[31m[1m^[22m[39m[31m[1m^[22m[39m[31m[1m^[22m[39m[31m[1m^[22m[39m[31m[1m^[22m[39m[31m[1m^[22m[39m[31m[1m^[2
2m[39m[31m[1m^[22m[39m[31m[1m^[22m[39m[31m[1m^[22m[39m[31m[1m^[22m[39m[31m[1m^[22m[39m[31m[1m^[22m[39m[31m[1
m^[22m[39m[31m[1m^[22m[39m[31m[1m^[22m[39m[31m[1m^[22m[39m[31m[1m^[22m[39m[31m[1m^[22m[39m
[31m[1m>[22m[39m[90m 47 |[39m   getSLAMetrics[33m,[39m
 [90m    |[39m [31m[1m^[22m[39m[31m[1m^[22m[39m[31m[1m^[22m[39m[31m[1m^[22m[39m[31m[1m^[22m[39m[31m[1m^[22m[3
9m[31m[1m^[22m[39m[31m[1m^[22m[39m[31m[1m^[22m[39m[31m[1m^[22m[39m[31m[1m^[22m[39m[31m[1m^[22m[39m[31m[1m^[2
2m[39m[31m[1m^[22m[39m[31m[1m^[22m[39m[31m[1m^[22m[39m[31m[1m^[22m[39m[31m[1m^[22m[39m[31m[1m^[22m[39m[31m[1
m^[22m[39m[31m[1m^[22m[39m[31m[1m^[22m[39m[31m[1m^[22m[39m[31m[1m^[22m[39m[31m[1m^[22m[39m
[31m[1m>[22m[39m[90m 48 |[39m   getWorkloadDistribution[33m,[39m
 [90m    |[39m [31m[1m^[22m[39m[31m[1m^[22m[39m[31m[1m^[22m[39m[31m[1m^[22m[39m[31m[1m^[22m[39m[31m[1m^[22m[3
9m[31m[1m^[22m[39m[31m[1m^[22m[39m[31m[1m^[22m[39m[31m[1m^[22m[39m[31m[1m^[22m[39m[31m[1m^[22m[39m[31m[1m^[2
2m[39m[31m[1m^[22m[39m[31m[1m^[22m[39m[31m[1m^[22m[39m[31m[1m^[22m[39m[31m[1m^[22m[39m[31m[1m^[22m[39m[31m[1
m^[22m[39m[31m[1m^[22m[39m[31m[1m^[22m[39m[31m[1m^[22m[39m[31m[1m^[22m[39m[31m[1m^[22m[39m
[31m[1m>[22m[39m[90m 49 |[39m   exportAnalyticsReport[33m,[39m
 [90m    |[39m [31m[1m^[22m[39m[31m[1m^[22m[39m[31m[1m^[22m[39m[31m[1m^[22m[39m[31m[1m^[22m[39m[31m[1m^[22m[3
9m[31m[1m^[22m[39m[31m[1m^[22m[39m[31m[1m^[22m[39m[31m[1m^[22m[39m[31m[1m^[22m[39m[31m[1m^[22m[39m[31m[1m^[2
2m[39m[31m[1m^[22m[39m[31m[1m^[22m[39m[31m[1m^[22m[39m[31m[1m^[22m[39m[31m[1m^[22m[39m[31m[1m^[22m[39m[31m[1
m^[22m[39m[31m[1m^[22m[39m[31m[1m^[22m[39m[31m[1m^[22m[39m[31m[1m^[22m[39m[31m[1m^[22m[39m
[31m[1m>[22m[39m[90m 50 |[39m   getPeriodLabel[33m,[39m
 [90m    |[39m [31m[1m^[22m[39m[31m[1m^[22m[39m[31m[1m^[22m[39m[31m[1m^[22m[39m[31m[1m^[22m[39m[31m[1m^[22m[3
9m[31m[1m^[22m[39m[31m[1m^[22m[39m[31m[1m^[22m[39m[31m[1m^[22m[39m[31m[1m^[22m[39m[31m[1m^[22m[39m[31m[1m^[2
2m[39m[31m[1m^[22m[39m[31m[1m^[22m[39m[31m[1m^[22m[39m[31m[1m^[22m[39m[31m[1m^[22m[39m[31m[1m^[22m[39m[31m[1
m^[22m[39m[31m[1m^[22m[39m[31m[1m^[22m[39m[31m[1m^[22m[39m[31m[1m^[22m[39m[31m[1m^[22m[39m
[31m[1m>[22m[39m[90m 51 |[39m   getSLAStatusColor[33m,[39m
 [90m    |[39m [31m[1m^[22m[39m[31m[1m^[22m[39m[31m[1m^[22m[39m[31m[1m^[22m[39m[31m[1m^[22m[39m[31m[1m^[22m[3
9m[31m[1m^[22m[39m[31m[1m^[22m[39m[31m[1m^[22m[39m[31m[1m^[22m[39m[31m[1m^[22m[39m[31m[1m^[22m[39m[31m[1m^[2
2m[39m[31m[1m^[22m[39m[31m[1m^[22m[39m[31m[1m^[22m[39m[31m[1m^[22m[39m[31m[1m^[22m[39m[31m[1m^[22m[39m[31m[1
m^[22m[39m[31m[1m^[22m[39m[31m[1m^[22m[39m[31m[1m^[22m[39m[31m[1m^[22m[39m[31m[1m^[22m[39m
[31m[1m>[22m[39m[90m 52 |[39m   getPerformanceTier[33m,[39m
 [90m    |[39m [31m[1m^[22m[39m[31m[1m^[22m[39m[31m[1m^[22m[39m[31m[1m^[22m[39m[31m[1m^[22m[39m[31m[1m^[22m[3
9m[31m[1m^[22m[39m[31m[1m^[22m[39m[31m[1m^[22m[39m[31m[1m^[22m[39m[31m[1m^[22m[39m[31m[1m^[22m[39m[31m[1m^[2
2m[39m[31m[1m^[22m[39m[31m[1m^[22m[39m[31m[1m^[22m[39m[31m[1m^[22m[39m[31m[1m^[22m[39m[31m[1m^[22m[39m[31m[1
m^[22m[39m[31m[1m^[22m[39m[31m[1m^[22m[39m[31m[1m^[22m[39m[31m[1m^[22m[39m[31m[1m^[22m[39m
[31m[1m>[22m[39m[90m 53 |[39m   formatDuration[33m,[39m
 [90m    |[39m [31m[1m^[22m[39m[31m[1m^[22m[39m[31m[1m^[22m[39m[31m[1m^[22m[39m[31m[1m^[22m[39m[31m[1m^[22m[3
9m[31m[1m^[22m[39m[31m[1m^[22m[39m[31m[1m^[22m[39m[31m[1m^[22m[39m[31m[1m^[22m[39m[31m[1m^[22m[39m[31m[1m^[2
2m[39m[31m[1m^[22m[39m[31m[1m^[22m[39m[31m[1m^[22m[39m[31m[1m^[22m[39m[31m[1m^[22m[39m[31m[1m^[22m[39m[31m[1
m^[22m[39m[31m[1m^[22m[39m[31m[1m^[22m[39m[31m[1m^[22m[39m[31m[1m^[22m[39m[31m[1m^[22m[39m
[31m[1m>[22m[39m[90m 54 |[39m   formatPercentage[33m,[39m
 [90m    |[39m [31m[1m^[22m[39m[31m[1m^[22m[39m[31m[1m^[22m[39m[31m[1m^[22m[39m[31m[1m^[22m[39m[31m[1m^[22m[3
9m[31m[1m^[22m[39m[31m[1m^[22m[39m[31m[1m^[22m[39m[31m[1m^[22m[39m[31m[1m^[22m[39m[31m[1m^[22m[39m[31m[1m^[2
2m[39m[31m[1m^[22m[39m[31m[1m^[22m[39m[31m[1m^[22m[39m[31m[1m^[22m[39m[31m[1m^[22m[39m[31m[1m^[22m[39m[31m[1
m^[22m[39m[31m[1m^[22m[39m[31m[1m^[22m[39m[31m[1m^[22m[39m[31m[1m^[22m[39m[31m[1m^[22m[39m
[31m[1m>[22m[39m[90m 55 |[39m   getWorkloadStatusColor[33m,[39m
 [90m    |[39m [31m[1m^[22m[39m[31m[1m^[22m[39m[31m[1m^[22m[39m[31m[1m^[22m[39m[31m[1m^[22m[39m[31m[1m^[22m[3
9m[31m[1m^[22m[39m[31m[1m^[22m[39m[31m[1m^[22m[39m[31m[1m^[22m[39m[31m[1m^[22m[39m[31m[1m^[22m[39m[31m[1m^[2
2m[39m[31m[1m^[22m[39m[31m[1m^[22m[39m[31m[1m^[22m[39m[31m[1m^[22m[39m[31m[1m^[22m[39m[31m[1m^[22m[39m[31m[1
m^[22m[39m[31m[1m^[22m[39m[31m[1m^[22m[39m[31m[1m^[22m[39m[31m[1m^[22m[39m[31m[1m^[22m[39m
[31m[1m>[22m[39m[90m 56 |[39m   type [33mModerationAnalytics[39m[33m,[39m
 [90m    |[39m [31m[1m^[22m[39m[31m[1m^[22m[39m[31m[1m^[22m[39m[31m[1m^[22m[39m[31m[1m^[22m[39m[31m[1m^[22m[3
9m[31m[1m^[22m[39m[31m[1m^[22m[39m[31m[1m^[22m[39m[31m[1m^[22m[39m[31m[1m^[22m[39m[31m[1m^[22m[39m[31m[1m^[2
2m[39m[31m[1m^[22m[39m[31m[1m^[22m[39m[31m[1m^[22m[39m[31m[1m^[22m[39m[31m[1m^[22m[39m[31m[1m^[22m[39m[31m[1
m^[22m[39m[31m[1m^[22m[39m[31m[1m^[22m[39m[31m[1m^[22m[39m[31m[1m^[22m[39m[31m[1m^[22m[39m
[31m[1m>[22m[39m[90m 57 |[39m   type [33mSLAMetrics[39m[33m,[39m
 [90m    |[39m [31m[1m^[22m[39m[31m[1m^[22m[39m[31m[1m^[22m[39m[31m[1m^[22m[39m[31m[1m^[22m[39m[31m[1m^[22m[3
9m[31m[1m^[22m[39m[31m[1m^[22m[39m[31m[1m^[22m[39m[31m[1m^[22m[39m[31m[1m^[22m[39m[31m[1m^[22m[39m[31m[1m^[2
2m[39m[31m[1m^[22m[39m[31m[1m^[22m[39m[31m[1m^[22m[39m[31m[1m^[22m[39m[31m[1m^[22m[39m[31m[1m^[22m[39m[31m[1
m^[22m[39m[31m[1m^[22m[39m[31m[1m^[22m[39m[31m[1m^[22m[39m[31m[1m^[22m[39m[31m[1m^[22m[39m
[31m[1m>[22m[39m[90m 58 |[39m   type [33mWorkloadDistribution[39m[33m,[39m
 [90m    |[39m [31m[1m^[22m[39m[31m[1m^[22m[39m[31m[1m^[22m[39m[31m[1m^[22m[39m[31m[1m^[22m[39m[31m[1m^[22m[3
9m[31m[1m^[22m[39m[31m[1m^[22m[39m[31m[1m^[22m[39m[31m[1m^[22m[39m[31m[1m^[22m[39m[31m[1m^[22m[39m[31m[1m^[2
2m[39m[31m[1m^[22m[39m[31m[1m^[22m[39m[31m[1m^[22m[39m[31m[1m^[22m[39m[31m[1m^[22m[39m[31m[1m^[22m[39m[31m[1
m^[22m[39m[31m[1m^[22m[39m[31m[1m^[22m[39m[31m[1m^[22m[39m[31m[1m^[22m[39m[31m[1m^[22m[39m
[31m[1m>[22m[39m[90m 59 |[39m   type [33mAnalyticsPeriod[39m[33m,[39m
 [90m    |[39m [31m[1m^[22m[39m[31m[1m^[22m[39m[31m[1m^[22m[39m[31m[1m^[22m[39m[31m[1m^[22m[39m[31m[1m^[22m[3
9m[31m[1m^[22m[39m[31m[1m^[22m[39m[31m[1m^[22m[39m[31m[1m^[22m[39m[31m[1m^[22m[39m[31m[1m^[22m[39m[31m[1m^[2
2m[39m[31m[1m^[22m[39m[31m[1m^[22m[39m[31m[1m^[22m[39m[31m[1m^[22m[39m[31m[1m^[22m[39m[31m[1m^[22m[39m[31m[1
m^[22m[39m[31m[1m^[22m[39m[31m[1m^[22m[39m[31m[1m^[22m[39m[31m[1m^[22m[39m[31m[1m^[22m[39m
[31m[1m>[22m[39m[90m 60 |[39m } [36mfrom[39m [32m'@/lib/api/moderation-analytics'[39m[33m;[39m
 [90m    |[39m [31m[1m^[22m[39m[31m[1m^[22m[39m[31m[1m^[22m[39m[31m[1m^[22m[39m[31m[1m^[22m[39m[31m[1m^[22m[3
9m[31m[1m^[22m[39m[31m[1m^[22m[39m[31m[1m^[22m[39m[31m[1m^[22m[39m[31m[1m^[22m[39m[31m[1m^[22m[39m[31m[1m^[2
2m[39m[31m[1m^[22m[39m[31m[1m^[22m[39m[31m[1m^[22m[39m[31m[1m^[22m[39m[31m[1m^[22m[39m[31m[1m^[22m[39m[31m[1
m^[22m[39m[31m[1m^[22m[39m[31m[1m^[22m[39m[31m[1m^[22m[39m[31m[1m^[22m[39m[31m[1m^[22m[39m[31m[1m^[22m[39m[3
1m[1m^[22m[39m[31m[1m^[22m[39m[31m[1m^[22m[39m[31m[1m^[22m[39m[31m[1m^[22m[39m[31m[1m^[22m[39m[31m[1m^[22m[3
9m[31m[1m^[22m[39m[31m[1m^[22m[39m[31m[1m^[22m[39m[31m[1m^[22m[39m[31m[1m^[22m[39m[31m[1m^[22m[39m[31m[1m^[2
2m[39m[31m[1m^[22m[39m
 [90m 61 |[39m
 [90m 62 |[39m [36mexport[39m [36minterface[39m [33mModeratorAnalyticsDashboardProps[39m {
 [90m 63 |[39m   className[33m?[39m[33m:[39m string[33m;[39m[0m

The export formatPercentage was not found in module [project]/lib/api/moderation-analytics.ts [app-client] (ecmascript).
Did you mean to import formatDuration?
All exports of the module are statically known (It doesn't have dynamic exports). So it's known statically that the requested export do
esn't exist.

Import traces:
  Client Component Browser:
    ./components/domains/admin/moderation/reviews/ModeratorAnalyticsDashboard.tsx [Client Component Browser]
    ./components/domains/admin/moderation/review-moderation-exports.ts [Client Component Browser]
    ./components/domains/admin/index.ts [Client Component Browser]
    ./app/admin/users/page.tsx [Client Component Browser]
    ./app/admin/users/page.tsx [Server Component]

  Client Component SSR:
    ./components/domains/admin/moderation/reviews/ModeratorAnalyticsDashboard.tsx [Client Component SSR]
    ./components/domains/admin/moderation/review-moderation-exports.ts [Client Component SSR]
    ./components/domains/admin/index.ts [Client Component SSR]
    ./app/admin/users/page.tsx [Client Component SSR]
    ./app/admin/users/page.tsx [Server Component]


./components/domains/admin/moderation/reviews/ModeratorAnalyticsDashboard.tsx:45:1
Export formatPercentage doesn't exist in target module
[0m [90m 43 |[39m   [33mTarget[39m[33m,[39m
 [90m 44 |[39m } [36mfrom[39m [32m'lucide-react'[39m[33m;[39m
[31m[1m>[22m[39m[90m 45 |[39m [36mimport[39m {
 [90m    |[39m [31m[1m^[22m[39m[31m[1m^[22m[39m[31m[1m^[22m[39m[31m[1m^[22m[39m[31m[1m^[22m[39m[31m[1m^[22m[3
9m[31m[1m^[22m[39m[31m[1m^[22m[39m
[31m[1m>[22m[39m[90m 46 |[39m   getModerationAnalytics[33m,[39m
 [90m    |[39m [31m[1m^[22m[39m[31m[1m^[22m[39m[31m[1m^[22m[39m[31m[1m^[22m[39m[31m[1m^[22m[39m[31m[1m^[22m[3
9m[31m[1m^[22m[39m[31m[1m^[22m[39m[31m[1m^[22m[39m[31m[1m^[22m[39m[31m[1m^[22m[39m[31m[1m^[22m[39m[31m[1m^[2
2m[39m[31m[1m^[22m[39m[31m[1m^[22m[39m[31m[1m^[22m[39m[31m[1m^[22m[39m[31m[1m^[22m[39m[31m[1m^[22m[39m[31m[1
m^[22m[39m[31m[1m^[22m[39m[31m[1m^[22m[39m[31m[1m^[22m[39m[31m[1m^[22m[39m[31m[1m^[22m[39m
[31m[1m>[22m[39m[90m 47 |[39m   getSLAMetrics[33m,[39m
 [90m    |[39m [31m[1m^[22m[39m[31m[1m^[22m[39m[31m[1m^[22m[39m[31m[1m^[22m[39m[31m[1m^[22m[39m[31m[1m^[22m[3
9m[31m[1m^[22m[39m[31m[1m^[22m[39m[31m[1m^[22m[39m[31m[1m^[22m[39m[31m[1m^[22m[39m[31m[1m^[22m[39m[31m[1m^[2
2m[39m[31m[1m^[22m[39m[31m[1m^[22m[39m[31m[1m^[22m[39m[31m[1m^[22m[39m[31m[1m^[22m[39m[31m[1m^[22m[39m[31m[1
m^[22m[39m[31m[1m^[22m[39m[31m[1m^[22m[39m[31m[1m^[22m[39m[31m[1m^[22m[39m[31m[1m^[22m[39m
[31m[1m>[22m[39m[90m 48 |[39m   getWorkloadDistribution[33m,[39m
 [90m    |[39m [31m[1m^[22m[39m[31m[1m^[22m[39m[31m[1m^[22m[39m[31m[1m^[22m[39m[31m[1m^[22m[39m[31m[1m^[22m[3
9m[31m[1m^[22m[39m[31m[1m^[22m[39m[31m[1m^[22m[39m[31m[1m^[22m[39m[31m[1m^[22m[39m[31m[1m^[22m[39m[31m[1m^[2
2m[39m[31m[1m^[22m[39m[31m[1m^[22m[39m[31m[1m^[22m[39m[31m[1m^[22m[39m[31m[1m^[22m[39m[31m[1m^[22m[39m[31m[1
m^[22m[39m[31m[1m^[22m[39m[31m[1m^[22m[39m[31m[1m^[22m[39m[31m[1m^[22m[39m[31m[1m^[22m[39m
[31m[1m>[22m[39m[90m 49 |[39m   exportAnalyticsReport[33m,[39m
 [90m    |[39m [31m[1m^[22m[39m[31m[1m^[22m[39m[31m[1m^[22m[39m[31m[1m^[22m[39m[31m[1m^[22m[39m[31m[1m^[22m[3
9m[31m[1m^[22m[39m[31m[1m^[22m[39m[31m[1m^[22m[39m[31m[1m^[22m[39m[31m[1m^[22m[39m[31m[1m^[22m[39m[31m[1m^[2
2m[39m[31m[1m^[22m[39m[31m[1m^[22m[39m[31m[1m^[22m[39m[31m[1m^[22m[39m[31m[1m^[22m[39m[31m[1m^[22m[39m[31m[1
m^[22m[39m[31m[1m^[22m[39m[31m[1m^[22m[39m[31m[1m^[22m[39m[31m[1m^[22m[39m[31m[1m^[22m[39m
[31m[1m>[22m[39m[90m 50 |[39m   getPeriodLabel[33m,[39m
 [90m    |[39m [31m[1m^[22m[39m[31m[1m^[22m[39m[31m[1m^[22m[39m[31m[1m^[22m[39m[31m[1m^[22m[39m[31m[1m^[22m[3
9m[31m[1m^[22m[39m[31m[1m^[22m[39m[31m[1m^[22m[39m[31m[1m^[22m[39m[31m[1m^[22m[39m[31m[1m^[22m[39m[31m[1m^[2
2m[39m[31m[1m^[22m[39m[31m[1m^[22m[39m[31m[1m^[22m[39m[31m[1m^[22m[39m[31m[1m^[22m[39m[31m[1m^[22m[39m[31m[1
m^[22m[39m[31m[1m^[22m[39m[31m[1m^[22m[39m[31m[1m^[22m[39m[31m[1m^[22m[39m[31m[1m^[22m[39m
[31m[1m>[22m[39m[90m 51 |[39m   getSLAStatusColor[33m,[39m
 [90m    |[39m [31m[1m^[22m[39m[31m[1m^[22m[39m[31m[1m^[22m[39m[31m[1m^[22m[39m[31m[1m^[22m[39m[31m[1m^[22m[3
9m[31m[1m^[22m[39m[31m[1m^[22m[39m[31m[1m^[22m[39m[31m[1m^[22m[39m[31m[1m^[22m[39m[31m[1m^[22m[39m[31m[1m^[2
2m[39m[31m[1m^[22m[39m[31m[1m^[22m[39m[31m[1m^[22m[39m[31m[1m^[22m[39m[31m[1m^[22m[39m[31m[1m^[22m[39m[31m[1
m^[22m[39m[31m[1m^[22m[39m[31m[1m^[22m[39m[31m[1m^[22m[39m[31m[1m^[22m[39m[31m[1m^[22m[39m
[31m[1m>[22m[39m[90m 52 |[39m   getPerformanceTier[33m,[39m
 [90m    |[39m [31m[1m^[22m[39m[31m[1m^[22m[39m[31m[1m^[22m[39m[31m[1m^[22m[39m[31m[1m^[22m[39m[31m[1m^[22m[3
9m[31m[1m^[22m[39m[31m[1m^[22m[39m[31m[1m^[22m[39m[31m[1m^[22m[39m[31m[1m^[22m[39m[31m[1m^[22m[39m[31m[1m^[2
2m[39m[31m[1m^[22m[39m[31m[1m^[22m[39m[31m[1m^[22m[39m[31m[1m^[22m[39m[31m[1m^[22m[39m[31m[1m^[22m[39m[31m[1
m^[22m[39m[31m[1m^[22m[39m[31m[1m^[22m[39m[31m[1m^[22m[39m[31m[1m^[22m[39m[31m[1m^[22m[39m
[31m[1m>[22m[39m[90m 53 |[39m   formatDuration[33m,[39m
 [90m    |[39m [31m[1m^[22m[39m[31m[1m^[22m[39m[31m[1m^[22m[39m[31m[1m^[22m[39m[31m[1m^[22m[39m[31m[1m^[22m[3
9m[31m[1m^[22m[39m[31m[1m^[22m[39m[31m[1m^[22m[39m[31m[1m^[22m[39m[31m[1m^[22m[39m[31m[1m^[22m[39m[31m[1m^[2
2m[39m[31m[1m^[22m[39m[31m[1m^[22m[39m[31m[1m^[22m[39m[31m[1m^[22m[39m[31m[1m^[22m[39m[31m[1m^[22m[39m[31m[1
m^[22m[39m[31m[1m^[22m[39m[31m[1m^[22m[39m[31m[1m^[22m[39m[31m[1m^[22m[39m[31m[1m^[22m[39m
[31m[1m>[22m[39m[90m 54 |[39m   formatPercentage[33m,[39m
 [90m    |[39m [31m[1m^[22m[39m[31m[1m^[22m[39m[31m[1m^[22m[39m[31m[1m^[22m[39m[31m[1m^[22m[39m[31m[1m^[22m[3
9m[31m[1m^[22m[39m[31m[1m^[22m[39m[31m[1m^[22m[39m[31m[1m^[22m[39m[31m[1m^[22m[39m[31m[1m^[22m[39m[31m[1m^[2
2m[39m[31m[1m^[22m[39m[31m[1m^[22m[39m[31m[1m^[22m[39m[31m[1m^[22m[39m[31m[1m^[22m[39m[31m[1m^[22m[39m[31m[1
m^[22m[39m[31m[1m^[22m[39m[31m[1m^[22m[39m[31m[1m^[22m[39m[31m[1m^[22m[39m[31m[1m^[22m[39m
[31m[1m>[22m[39m[90m 55 |[39m   getWorkloadStatusColor[33m,[39m
 [90m    |[39m [31m[1m^[22m[39m[31m[1m^[22m[39m[31m[1m^[22m[39m[31m[1m^[22m[39m[31m[1m^[22m[39m[31m[1m^[22m[3
9m[31m[1m^[22m[39m[31m[1m^[22m[39m[31m[1m^[22m[39m[31m[1m^[22m[39m[31m[1m^[22m[39m[31m[1m^[22m[39m[31m[1m^[2
2m[39m[31m[1m^[22m[39m[31m[1m^[22m[39m[31m[1m^[22m[39m[31m[1m^[22m[39m[31m[1m^[22m[39m[31m[1m^[22m[39m[31m[1
m^[22m[39m[31m[1m^[22m[39m[31m[1m^[22m[39m[31m[1m^[22m[39m[31m[1m^[22m[39m[31m[1m^[22m[39m
[31m[1m>[22m[39m[90m 56 |[39m   type [33mModerationAnalytics[39m[33m,[39m
 [90m    |[39m [31m[1m^[22m[39m[31m[1m^[22m[39m[31m[1m^[22m[39m[31m[1m^[22m[39m[31m[1m^[22m[39m[31m[1m^[22m[3
9m[31m[1m^[22m[39m[31m[1m^[22m[39m[31m[1m^[22m[39m[31m[1m^[22m[39m[31m[1m^[22m[39m[31m[1m^[22m[39m[31m[1m^[2
2m[39m[31m[1m^[22m[39m[31m[1m^[22m[39m[31m[1m^[22m[39m[31m[1m^[22m[39m[31m[1m^[22m[39m[31m[1m^[22m[39m[31m[1
m^[22m[39m[31m[1m^[22m[39m[31m[1m^[22m[39m[31m[1m^[22m[39m[31m[1m^[22m[39m[31m[1m^[22m[39m
[31m[1m>[22m[39m[90m 57 |[39m   type [33mSLAMetrics[39m[33m,[39m
 [90m    |[39m [31m[1m^[22m[39m[31m[1m^[22m[39m[31m[1m^[22m[39m[31m[1m^[22m[39m[31m[1m^[22m[39m[31m[1m^[22m[3
9m[31m[1m^[22m[39m[31m[1m^[22m[39m[31m[1m^[22m[39m[31m[1m^[22m[39m[31m[1m^[22m[39m[31m[1m^[22m[39m[31m[1m^[2
2m[39m[31m[1m^[22m[39m[31m[1m^[22m[39m[31m[1m^[22m[39m[31m[1m^[22m[39m[31m[1m^[22m[39m[31m[1m^[22m[39m[31m[1
m^[22m[39m[31m[1m^[22m[39m[31m[1m^[22m[39m[31m[1m^[22m[39m[31m[1m^[22m[39m[31m[1m^[22m[39m
[31m[1m>[22m[39m[90m 58 |[39m   type [33mWorkloadDistribution[39m[33m,[39m
 [90m    |[39m [31m[1m^[22m[39m[31m[1m^[22m[39m[31m[1m^[22m[39m[31m[1m^[22m[39m[31m[1m^[22m[39m[31m[1m^[22m[3
9m[31m[1m^[22m[39m[31m[1m^[22m[39m[31m[1m^[22m[39m[31m[1m^[22m[39m[31m[1m^[22m[39m[31m[1m^[22m[39m[31m[1m^[2
2m[39m[31m[1m^[22m[39m[31m[1m^[22m[39m[31m[1m^[22m[39m[31m[1m^[22m[39m[31m[1m^[22m[39m[31m[1m^[22m[39m[31m[1
m^[22m[39m[31m[1m^[22m[39m[31m[1m^[22m[39m[31m[1m^[22m[39m[31m[1m^[22m[39m[31m[1m^[22m[39m
[31m[1m>[22m[39m[90m 59 |[39m   type [33mAnalyticsPeriod[39m[33m,[39m
 [90m    |[39m [31m[1m^[22m[39m[31m[1m^[22m[39m[31m[1m^[22m[39m[31m[1m^[22m[39m[31m[1m^[22m[39m[31m[1m^[22m[3
9m[31m[1m^[22m[39m[31m[1m^[22m[39m[31m[1m^[22m[39m[31m[1m^[22m[39m[31m[1m^[22m[39m[31m[1m^[22m[39m[31m[1m^[2
2m[39m[31m[1m^[22m[39m[31m[1m^[22m[39m[31m[1m^[22m[39m[31m[1m^[22m[39m[31m[1m^[22m[39m[31m[1m^[22m[39m[31m[1
m^[22m[39m[31m[1m^[22m[39m[31m[1m^[22m[39m[31m[1m^[22m[39m[31m[1m^[22m[39m[31m[1m^[22m[39m
[31m[1m>[22m[39m[90m 60 |[39m } [36mfrom[39m [32m'@/lib/api/moderation-analytics'[39m[33m;[39m
 [90m    |[39m [31m[1m^[22m[39m[31m[1m^[22m[39m[31m[1m^[22m[39m[31m[1m^[22m[39m[31m[1m^[22m[39m[31m[1m^[22m[3
9m[31m[1m^[22m[39m[31m[1m^[22m[39m[31m[1m^[22m[39m[31m[1m^[22m[39m[31m[1m^[22m[39m[31m[1m^[22m[39m[31m[1m^[2
2m[39m[31m[1m^[22m[39m[31m[1m^[22m[39m[31m[1m^[22m[39m[31m[1m^[22m[39m[31m[1m^[22m[39m[31m[1m^[22m[39m[31m[1
m^[22m[39m[31m[1m^[22m[39m[31m[1m^[22m[39m[31m[1m^[22m[39m[31m[1m^[22m[39m[31m[1m^[22m[39m[31m[1m^[22m[39m[3
1m[1m^[22m[39m[31m[1m^[22m[39m[31m[1m^[22m[39m[31m[1m^[22m[39m[31m[1m^[22m[39m[31m[1m^[22m[39m[31m[1m^[22m[3
9m[31m[1m^[22m[39m[31m[1m^[22m[39m[31m[1m^[22m[39m[31m[1m^[22m[39m[31m[1m^[22m[39m[31m[1m^[22m[39m[31m[1m^[2
2m[39m[31m[1m^[22m[39m
 [90m 61 |[39m
 [90m 62 |[39m [36mexport[39m [36minterface[39m [33mModeratorAnalyticsDashboardProps[39m {
 [90m 63 |[39m   className[33m?[39m[33m:[39m string[33m;[39m[0m

The export formatPercentage was not found in module [project]/lib/api/moderation-analytics.ts [app-ssr] (ecmascript).
Did you mean to import formatDuration?
All exports of the module are statically known (It doesn't have dynamic exports). So it's known statically that the requested export do
esn't exist.

Import traces:
  Client Component Browser:
    ./components/domains/admin/moderation/reviews/ModeratorAnalyticsDashboard.tsx [Client Component Browser]
    ./components/domains/admin/moderation/review-moderation-exports.ts [Client Component Browser]
    ./components/domains/admin/index.ts [Client Component Browser]
    ./app/admin/users/page.tsx [Client Component Browser]
    ./app/admin/users/page.tsx [Server Component]

  Client Component SSR:
    ./components/domains/admin/moderation/reviews/ModeratorAnalyticsDashboard.tsx [Client Component SSR]
    ./components/domains/admin/moderation/review-moderation-exports.ts [Client Component SSR]
    ./components/domains/admin/index.ts [Client Component SSR]
    ./app/admin/users/page.tsx [Client Component SSR]
    ./app/admin/users/page.tsx [Server Component]


./components/domains/dashboard/views/AdminDashboardView.tsx:50:1
Export formatPercentage doesn't exist in target module
[0m [90m 48 |[39m
 [90m 49 |[39m [90m// Utils[39m
[31m[1m>[22m[39m[90m 50 |[39m [36mimport[39m {
 [90m    |[39m [31m[1m^[22m[39m[31m[1m^[22m[39m[31m[1m^[22m[39m[31m[1m^[22m[39m[31m[1m^[22m[39m[31m[1m^[22m[3
9m[31m[1m^[22m[39m[31m[1m^[22m[39m
[31m[1m>[22m[39m[90m 51 |[39m   formatCurrency[33m,[39m
 [90m    |[39m [31m[1m^[22m[39m[31m[1m^[22m[39m[31m[1m^[22m[39m[31m[1m^[22m[39m[31m[1m^[22m[39m[31m[1m^[22m[3
9m[31m[1m^[22m[39m[31m[1m^[22m[39m[31m[1m^[22m[39m[31m[1m^[22m[39m[31m[1m^[22m[39m[31m[1m^[22m[39m[31m[1m^[2
2m[39m[31m[1m^[22m[39m[31m[1m^[22m[39m[31m[1m^[22m[39m[31m[1m^[22m[39m
[31m[1m>[22m[39m[90m 52 |[39m   formatCompactNumber[33m,[39m
 [90m    |[39m [31m[1m^[22m[39m[31m[1m^[22m[39m[31m[1m^[22m[39m[31m[1m^[22m[39m[31m[1m^[22m[39m[31m[1m^[22m[3
9m[31m[1m^[22m[39m[31m[1m^[22m[39m[31m[1m^[22m[39m[31m[1m^[22m[39m[31m[1m^[22m[39m[31m[1m^[22m[39m[31m[1m^[2
2m[39m[31m[1m^[22m[39m[31m[1m^[22m[39m[31m[1m^[22m[39m[31m[1m^[22m[39m
[31m[1m>[22m[39m[90m 53 |[39m   formatPercentage[33m,[39m
 [90m    |[39m [31m[1m^[22m[39m[31m[1m^[22m[39m[31m[1m^[22m[39m[31m[1m^[22m[39m[31m[1m^[22m[39m[31m[1m^[22m[3
9m[31m[1m^[22m[39m[31m[1m^[22m[39m[31m[1m^[22m[39m[31m[1m^[22m[39m[31m[1m^[22m[39m[31m[1m^[22m[39m[31m[1m^[2
2m[39m[31m[1m^[22m[39m[31m[1m^[22m[39m[31m[1m^[22m[39m[31m[1m^[22m[39m
[31m[1m>[22m[39m[90m 54 |[39m } [36mfrom[39m [32m'../utils'[39m[33m;[39m
 [90m    |[39m [31m[1m^[22m[39m[31m[1m^[22m[39m[31m[1m^[22m[39m[31m[1m^[22m[39m[31m[1m^[22m[39m[31m[1m^[22m[3
9m[31m[1m^[22m[39m[31m[1m^[22m[39m[31m[1m^[22m[39m[31m[1m^[22m[39m[31m[1m^[22m[39m[31m[1m^[22m[39m[31m[1m^[2
2m[39m[31m[1m^[22m[39m[31m[1m^[22m[39m[31m[1m^[22m[39m[31m[1m^[22m[39m[31m[1m^[22m[39m[31m[1m^[22m[39m
 [90m 55 |[39m
 [90m 56 |[39m [90m// ============================================================================[39m
 [90m 57 |[39m [90m// TYPES[39m[0m

The export formatPercentage was not found in module [project]/components/domains/dashboard/utils/index.ts [app-client] (ecmascript).
Did you mean to import formatStatValue?
All exports of the module are statically known (It doesn't have dynamic exports). So it's known statically that the requested export do
esn't exist.

Import traces:
  Client Component Browser:
    ./components/domains/dashboard/views/AdminDashboardView.tsx [Client Component Browser]
    ./components/domains/dashboard/index.ts [Client Component Browser]
    ./app/dashboard/page.tsx [Client Component Browser]
    ./app/dashboard/page.tsx [Server Component]

  Client Component SSR:
    ./components/domains/dashboard/views/AdminDashboardView.tsx [Client Component SSR]
    ./components/domains/dashboard/index.ts [Client Component SSR]
    ./app/dashboard/page.tsx [Client Component SSR]
    ./app/dashboard/page.tsx [Server Component]

  Server Component:
    ./components/domains/dashboard/views/AdminDashboardView.tsx
    ./components/domains/dashboard/views/index.ts
    ./components/domains/dashboard/index.ts
    ./app/dashboard/layout.tsx


./components/domains/dashboard/views/AdminDashboardView.tsx:50:1
Export formatPercentage doesn't exist in target module
[0m [90m 48 |[39m
 [90m 49 |[39m [90m// Utils[39m
[31m[1m>[22m[39m[90m 50 |[39m [36mimport[39m {
 [90m    |[39m [31m[1m^[22m[39m[31m[1m^[22m[39m[31m[1m^[22m[39m[31m[1m^[22m[39m[31m[1m^[22m[39m[31m[1m^[22m[3
9m[31m[1m^[22m[39m[31m[1m^[22m[39m
[31m[1m>[22m[39m[90m 51 |[39m   formatCurrency[33m,[39m
 [90m    |[39m [31m[1m^[22m[39m[31m[1m^[22m[39m[31m[1m^[22m[39m[31m[1m^[22m[39m[31m[1m^[22m[39m[31m[1m^[22m[3
9m[31m[1m^[22m[39m[31m[1m^[22m[39m[31m[1m^[22m[39m[31m[1m^[22m[39m[31m[1m^[22m[39m[31m[1m^[22m[39m[31m[1m^[2
2m[39m[31m[1m^[22m[39m[31m[1m^[22m[39m[31m[1m^[22m[39m[31m[1m^[22m[39m
[31m[1m>[22m[39m[90m 52 |[39m   formatCompactNumber[33m,[39m
 [90m    |[39m [31m[1m^[22m[39m[31m[1m^[22m[39m[31m[1m^[22m[39m[31m[1m^[22m[39m[31m[1m^[22m[39m[31m[1m^[22m[3
9m[31m[1m^[22m[39m[31m[1m^[22m[39m[31m[1m^[22m[39m[31m[1m^[22m[39m[31m[1m^[22m[39m[31m[1m^[22m[39m[31m[1m^[2
2m[39m[31m[1m^[22m[39m[31m[1m^[22m[39m[31m[1m^[22m[39m[31m[1m^[22m[39m
[31m[1m>[22m[39m[90m 53 |[39m   formatPercentage[33m,[39m
 [90m    |[39m [31m[1m^[22m[39m[31m[1m^[22m[39m[31m[1m^[22m[39m[31m[1m^[22m[39m[31m[1m^[22m[39m[31m[1m^[22m[3
9m[31m[1m^[22m[39m[31m[1m^[22m[39m[31m[1m^[22m[39m[31m[1m^[22m[39m[31m[1m^[22m[39m[31m[1m^[22m[39m[31m[1m^[2
2m[39m[31m[1m^[22m[39m[31m[1m^[22m[39m[31m[1m^[22m[39m[31m[1m^[22m[39m
[31m[1m>[22m[39m[90m 54 |[39m } [36mfrom[39m [32m'../utils'[39m[33m;[39m
 [90m    |[39m [31m[1m^[22m[39m[31m[1m^[22m[39m[31m[1m^[22m[39m[31m[1m^[22m[39m[31m[1m^[22m[39m[31m[1m^[22m[3
9m[31m[1m^[22m[39m[31m[1m^[22m[39m[31m[1m^[22m[39m[31m[1m^[22m[39m[31m[1m^[22m[39m[31m[1m^[22m[39m[31m[1m^[2
2m[39m[31m[1m^[22m[39m[31m[1m^[22m[39m[31m[1m^[22m[39m[31m[1m^[22m[39m[31m[1m^[22m[39m[31m[1m^[22m[39m
 [90m 55 |[39m
 [90m 56 |[39m [90m// ============================================================================[39m
 [90m 57 |[39m [90m// TYPES[39m[0m

The export formatPercentage was not found in module [project]/components/domains/dashboard/utils/index.ts [app-rsc] (ecmascript).
Did you mean to import formatStatValue?
All exports of the module are statically known (It doesn't have dynamic exports). So it's known statically that the requested export do
esn't exist.

Import traces:
  Client Component Browser:
    ./components/domains/dashboard/views/AdminDashboardView.tsx [Client Component Browser]
    ./components/domains/dashboard/index.ts [Client Component Browser]
    ./app/dashboard/page.tsx [Client Component Browser]
    ./app/dashboard/page.tsx [Server Component]

  Client Component SSR:
    ./components/domains/dashboard/views/AdminDashboardView.tsx [Client Component SSR]
    ./components/domains/dashboard/index.ts [Client Component SSR]
    ./app/dashboard/page.tsx [Client Component SSR]
    ./app/dashboard/page.tsx [Server Component]

  Server Component:
    ./components/domains/dashboard/views/AdminDashboardView.tsx
    ./components/domains/dashboard/views/index.ts
    ./components/domains/dashboard/index.ts
    ./app/dashboard/layout.tsx


./components/domains/dashboard/views/AdminDashboardView.tsx:50:1
Export formatPercentage doesn't exist in target module
[0m [90m 48 |[39m
 [90m 49 |[39m [90m// Utils[39m
[31m[1m>[22m[39m[90m 50 |[39m [36mimport[39m {
 [90m    |[39m [31m[1m^[22m[39m[31m[1m^[22m[39m[31m[1m^[22m[39m[31m[1m^[22m[39m[31m[1m^[22m[39m[31m[1m^[22m[3
9m[31m[1m^[22m[39m[31m[1m^[22m[39m
[31m[1m>[22m[39m[90m 51 |[39m   formatCurrency[33m,[39m
 [90m    |[39m [31m[1m^[22m[39m[31m[1m^[22m[39m[31m[1m^[22m[39m[31m[1m^[22m[39m[31m[1m^[22m[39m[31m[1m^[22m[3
9m[31m[1m^[22m[39m[31m[1m^[22m[39m[31m[1m^[22m[39m[31m[1m^[22m[39m[31m[1m^[22m[39m[31m[1m^[22m[39m[31m[1m^[2
2m[39m[31m[1m^[22m[39m[31m[1m^[22m[39m[31m[1m^[22m[39m[31m[1m^[22m[39m
[31m[1m>[22m[39m[90m 52 |[39m   formatCompactNumber[33m,[39m
 [90m    |[39m [31m[1m^[22m[39m[31m[1m^[22m[39m[31m[1m^[22m[39m[31m[1m^[22m[39m[31m[1m^[22m[39m[31m[1m^[22m[3
9m[31m[1m^[22m[39m[31m[1m^[22m[39m[31m[1m^[22m[39m[31m[1m^[22m[39m[31m[1m^[22m[39m[31m[1m^[22m[39m[31m[1m^[2
2m[39m[31m[1m^[22m[39m[31m[1m^[22m[39m[31m[1m^[22m[39m[31m[1m^[22m[39m
[31m[1m>[22m[39m[90m 53 |[39m   formatPercentage[33m,[39m
 [90m    |[39m [31m[1m^[22m[39m[31m[1m^[22m[39m[31m[1m^[22m[39m[31m[1m^[22m[39m[31m[1m^[22m[39m[31m[1m^[22m[3
9m[31m[1m^[22m[39m[31m[1m^[22m[39m[31m[1m^[22m[39m[31m[1m^[22m[39m[31m[1m^[22m[39m[31m[1m^[22m[39m[31m[1m^[2
2m[39m[31m[1m^[22m[39m[31m[1m^[22m[39m[31m[1m^[22m[39m[31m[1m^[22m[39m
[31m[1m>[22m[39m[90m 54 |[39m } [36mfrom[39m [32m'../utils'[39m[33m;[39m
 [90m    |[39m [31m[1m^[22m[39m[31m[1m^[22m[39m[31m[1m^[22m[39m[31m[1m^[22m[39m[31m[1m^[22m[39m[31m[1m^[22m[3
9m[31m[1m^[22m[39m[31m[1m^[22m[39m[31m[1m^[22m[39m[31m[1m^[22m[39m[31m[1m^[22m[39m[31m[1m^[22m[39m[31m[1m^[2
2m[39m[31m[1m^[22m[39m[31m[1m^[22m[39m[31m[1m^[22m[39m[31m[1m^[22m[39m[31m[1m^[22m[39m[31m[1m^[22m[39m
 [90m 55 |[39m
 [90m 56 |[39m [90m// ============================================================================[39m
 [90m 57 |[39m [90m// TYPES[39m[0m

The export formatPercentage was not found in module [project]/components/domains/dashboard/utils/index.ts [app-ssr] (ecmascript).
Did you mean to import formatStatValue?
All exports of the module are statically known (It doesn't have dynamic exports). So it's known statically that the requested export do
esn't exist.

Import traces:
  Client Component Browser:
    ./components/domains/dashboard/views/AdminDashboardView.tsx [Client Component Browser]
    ./components/domains/dashboard/index.ts [Client Component Browser]
    ./app/dashboard/page.tsx [Client Component Browser]
    ./app/dashboard/page.tsx [Server Component]

  Client Component SSR:
    ./components/domains/dashboard/views/AdminDashboardView.tsx [Client Component SSR]
    ./components/domains/dashboard/index.ts [Client Component SSR]
    ./app/dashboard/page.tsx [Client Component SSR]
    ./app/dashboard/page.tsx [Server Component]

  Server Component:
    ./components/domains/dashboard/views/AdminDashboardView.tsx
    ./components/domains/dashboard/views/index.ts
    ./components/domains/dashboard/index.ts
    ./app/dashboard/layout.tsx


./components/domains/marketplace/category-card/components/CategoryExpandedContent.tsx:9:1
Export formatPrice doesn't exist in target module
[0m [90m  7 |[39m [36mimport[39m { motion } [36mfrom[39m [32m'framer-motion'[39m[33m;[39m
 [90m  8 |[39m [36mimport[39m { [33mBadge[39m } [36mfrom[39m [32m'@/components/ui'[39m[33m;[39m
[31m[1m>[22m[39m[90m  9 |[39m [36mimport[39m { formatPrice } [36mfrom[39m [32m'../utils/categoryCardHelpers'[39m[33m;[39m
 [90m    |[39m [31m[1m^[22m[39m[31m[1m^[22m[39m[31m[1m^[22m[39m[31m[1m^[22m[39m[31m[1m^[22m[39m[31m[1m^[22m[3
9m[31m[1m^[22m[39m[31m[1m^[22m[39m[31m[1m^[22m[39m[31m[1m^[22m[39m[31m[1m^[22m[39m[31m[1m^[22m[39m[31m[1m^[2
2m[39m[31m[1m^[22m[39m[31m[1m^[22m[39m[31m[1m^[22m[39m[31m[1m^[22m[39m[31m[1m^[22m[39m[31m[1m^[22m[39m[31m[1
m^[22m[39m[31m[1m^[22m[39m[31m[1m^[22m[39m[31m[1m^[22m[39m[31m[1m^[22m[39m[31m[1m^[22m[39m[31m[1m^[22m[39m[3
1m[1m^[22m[39m[31m[1m^[22m[39m[31m[1m^[22m[39m[31m[1m^[22m[39m[31m[1m^[22m[39m[31m[1m^[22m[39m[31m[1m^[22m[3
9m[31m[1m^[22m[39m[31m[1m^[22m[39m[31m[1m^[22m[39m[31m[1m^[22m[39m[31m[1m^[22m[39m[31m[1m^[22m[39m[31m[1m^[2
2m[39m[31m[1m^[22m[39m[31m[1m^[22m[39m[31m[1m^[22m[39m[31m[1m^[22m[39m[31m[1m^[22m[39m[31m[1m^[22m[39m[31m[1
m^[22m[39m[31m[1m^[22m[39m[31m[1m^[22m[39m[31m[1m^[22m[39m[31m[1m^[22m[39m[31m[1m^[22m[39m[31m[1m^[22m[39m[3
1m[1m^[22m[39m[31m[1m^[22m[39m[31m[1m^[22m[39m[31m[1m^[22m[39m[31m[1m^[22m[39m[31m[1m^[22m[39m
 [90m 10 |[39m [36mimport[39m type { [33mCategoryExpandedContentProps[39m } [36mfrom[39m [32m'../types/categoryCardTypes'[39m
[33m;[39m
 [90m 11 |[39m
 [90m 12 |[39m [36mexport[39m [36mfunction[39m [33mCategoryExpandedContent[39m({[0m

The export formatPrice was not found in module [project]/components/domains/marketplace/category-card/utils/categoryCardHelpers.ts [app
-client] (ecmascript).
Did you mean to import hasServices?
All exports of the module are statically known (It doesn't have dynamic exports). So it's known statically that the requested export do
esn't exist.

Import traces:
  Client Component Browser:
    ./components/domains/marketplace/category-card/components/CategoryExpandedContent.tsx [Client Component Browser]
    ./components/domains/marketplace/category-card/components/variants/CategoryCardDefault.tsx [Client Component Browser]
    ./components/domains/marketplace/CategoryCard.tsx [Client Component Browser]
    ./components/domains/marketplace/CategoriesPageClient.tsx [Client Component Browser]
    ./components/domains/marketplace/CategoriesPageClient.tsx [Server Component]
    ./app/marketplace/categories/page.tsx [Server Component]

  Client Component SSR:
    ./components/domains/marketplace/category-card/components/CategoryExpandedContent.tsx [Client Component SSR]
    ./components/domains/marketplace/category-card/components/variants/CategoryCardDefault.tsx [Client Component SSR]
    ./components/domains/marketplace/CategoryCard.tsx [Client Component SSR]
    ./components/domains/marketplace/CategoriesPageClient.tsx [Client Component SSR]
    ./components/domains/marketplace/CategoriesPageClient.tsx [Server Component]
    ./app/marketplace/categories/page.tsx [Server Component]


./components/domains/marketplace/category-card/components/CategoryExpandedContent.tsx:9:1
Export formatPrice doesn't exist in target module
[0m [90m  7 |[39m [36mimport[39m { motion } [36mfrom[39m [32m'framer-motion'[39m[33m;[39m
 [90m  8 |[39m [36mimport[39m { [33mBadge[39m } [36mfrom[39m [32m'@/components/ui'[39m[33m;[39m
[31m[1m>[22m[39m[90m  9 |[39m [36mimport[39m { formatPrice } [36mfrom[39m [32m'../utils/categoryCardHelpers'[39m[33m;[39m
 [90m    |[39m [31m[1m^[22m[39m[31m[1m^[22m[39m[31m[1m^[22m[39m[31m[1m^[22m[39m[31m[1m^[22m[39m[31m[1m^[22m[3
9m[31m[1m^[22m[39m[31m[1m^[22m[39m[31m[1m^[22m[39m[31m[1m^[22m[39m[31m[1m^[22m[39m[31m[1m^[22m[39m[31m[1m^[2
2m[39m[31m[1m^[22m[39m[31m[1m^[22m[39m[31m[1m^[22m[39m[31m[1m^[22m[39m[31m[1m^[22m[39m[31m[1m^[22m[39m[31m[1
m^[22m[39m[31m[1m^[22m[39m[31m[1m^[22m[39m[31m[1m^[22m[39m[31m[1m^[22m[39m[31m[1m^[22m[39m[31m[1m^[22m[39m[3
1m[1m^[22m[39m[31m[1m^[22m[39m[31m[1m^[22m[39m[31m[1m^[22m[39m[31m[1m^[22m[39m[31m[1m^[22m[39m[31m[1m^[22m[3
9m[31m[1m^[22m[39m[31m[1m^[22m[39m[31m[1m^[22m[39m[31m[1m^[22m[39m[31m[1m^[22m[39m[31m[1m^[22m[39m[31m[1m^[2
2m[39m[31m[1m^[22m[39m[31m[1m^[22m[39m[31m[1m^[22m[39m[31m[1m^[22m[39m[31m[1m^[22m[39m[31m[1m^[22m[39m[31m[1
m^[22m[39m[31m[1m^[22m[39m[31m[1m^[22m[39m[31m[1m^[22m[39m[31m[1m^[22m[39m[31m[1m^[22m[39m[31m[1m^[22m[39m[3
1m[1m^[22m[39m[31m[1m^[22m[39m[31m[1m^[22m[39m[31m[1m^[22m[39m[31m[1m^[22m[39m[31m[1m^[22m[39m
 [90m 10 |[39m [36mimport[39m type { [33mCategoryExpandedContentProps[39m } [36mfrom[39m [32m'../types/categoryCardTypes'[39m
[33m;[39m
 [90m 11 |[39m
 [90m 12 |[39m [36mexport[39m [36mfunction[39m [33mCategoryExpandedContent[39m({[0m

The export formatPrice was not found in module [project]/components/domains/marketplace/category-card/utils/categoryCardHelpers.ts [app
-ssr] (ecmascript).
Did you mean to import hasServices?
All exports of the module are statically known (It doesn't have dynamic exports). So it's known statically that the requested export do
esn't exist.

Import traces:
  Client Component Browser:
    ./components/domains/marketplace/category-card/components/CategoryExpandedContent.tsx [Client Component Browser]
    ./components/domains/marketplace/category-card/components/variants/CategoryCardDefault.tsx [Client Component Browser]
    ./components/domains/marketplace/CategoryCard.tsx [Client Component Browser]
    ./components/domains/marketplace/CategoriesPageClient.tsx [Client Component Browser]
    ./components/domains/marketplace/CategoriesPageClient.tsx [Server Component]
    ./app/marketplace/categories/page.tsx [Server Component]

  Client Component SSR:
    ./components/domains/marketplace/category-card/components/CategoryExpandedContent.tsx [Client Component SSR]
    ./components/domains/marketplace/category-card/components/variants/CategoryCardDefault.tsx [Client Component SSR]
    ./components/domains/marketplace/CategoryCard.tsx [Client Component SSR]
    ./components/domains/marketplace/CategoriesPageClient.tsx [Client Component SSR]
    ./components/domains/marketplace/CategoriesPageClient.tsx [Server Component]
    ./app/marketplace/categories/page.tsx [Server Component]


./components/domains/marketplace/category-card/components/CategoryServiceList.tsx:7:1
Export formatPrice doesn't exist in target module
[0m [90m  5 |[39m [90m */[39m
 [90m  6 |[39m
[31m[1m>[22m[39m[90m  7 |[39m [36mimport[39m { formatPrice } [36mfrom[39m [32m'../utils/categoryCardHelpers'[39m[33m;[39m
 [90m    |[39m [31m[1m^[22m[39m[31m[1m^[22m[39m[31m[1m^[22m[39m[31m[1m^[22m[39m[31m[1m^[22m[39m[31m[1m^[22m[3
9m[31m[1m^[22m[39m[31m[1m^[22m[39m[31m[1m^[22m[39m[31m[1m^[22m[39m[31m[1m^[22m[39m[31m[1m^[22m[39m[31m[1m^[2
2m[39m[31m[1m^[22m[39m[31m[1m^[22m[39m[31m[1m^[22m[39m[31m[1m^[22m[39m[31m[1m^[22m[39m[31m[1m^[22m[39m[31m[1
m^[22m[39m[31m[1m^[22m[39m[31m[1m^[22m[39m[31m[1m^[22m[39m[31m[1m^[22m[39m[31m[1m^[22m[39m[31m[1m^[22m[39m[3
1m[1m^[22m[39m[31m[1m^[22m[39m[31m[1m^[22m[39m[31m[1m^[22m[39m[31m[1m^[22m[39m[31m[1m^[22m[39m[31m[1m^[22m[3
9m[31m[1m^[22m[39m[31m[1m^[22m[39m[31m[1m^[22m[39m[31m[1m^[22m[39m[31m[1m^[22m[39m[31m[1m^[22m[39m[31m[1m^[2
2m[39m[31m[1m^[22m[39m[31m[1m^[22m[39m[31m[1m^[22m[39m[31m[1m^[22m[39m[31m[1m^[22m[39m[31m[1m^[22m[39m[31m[1
m^[22m[39m[31m[1m^[22m[39m[31m[1m^[22m[39m[31m[1m^[22m[39m[31m[1m^[22m[39m[31m[1m^[22m[39m[31m[1m^[22m[39m[3
1m[1m^[22m[39m[31m[1m^[22m[39m[31m[1m^[22m[39m[31m[1m^[22m[39m[31m[1m^[22m[39m[31m[1m^[22m[39m
 [90m  8 |[39m [36mimport[39m type { [33mCategoryServiceListProps[39m } [36mfrom[39m [32m'../types/categoryCardTypes'[39m[33
m;[39m
 [90m  9 |[39m
 [90m 10 |[39m [36mexport[39m [36mfunction[39m [33mCategoryServiceList[39m({[0m

The export formatPrice was not found in module [project]/components/domains/marketplace/category-card/utils/categoryCardHelpers.ts [app
-client] (ecmascript).
Did you mean to import hasServices?
All exports of the module are statically known (It doesn't have dynamic exports). So it's known statically that the requested export do
esn't exist.

Import traces:
  Client Component Browser:
    ./components/domains/marketplace/category-card/components/CategoryServiceList.tsx [Client Component Browser]
    ./components/domains/marketplace/category-card/components/variants/CategoryCardDefault.tsx [Client Component Browser]
    ./components/domains/marketplace/CategoryCard.tsx [Client Component Browser]
    ./components/domains/marketplace/CategoriesPageClient.tsx [Client Component Browser]
    ./components/domains/marketplace/CategoriesPageClient.tsx [Server Component]
    ./app/marketplace/categories/page.tsx [Server Component]

  Client Component SSR:
    ./components/domains/marketplace/category-card/components/CategoryServiceList.tsx [Client Component SSR]
    ./components/domains/marketplace/category-card/components/variants/CategoryCardDefault.tsx [Client Component SSR]
    ./components/domains/marketplace/CategoryCard.tsx [Client Component SSR]
    ./components/domains/marketplace/CategoriesPageClient.tsx [Client Component SSR]
    ./components/domains/marketplace/CategoriesPageClient.tsx [Server Component]
    ./app/marketplace/categories/page.tsx [Server Component]


./components/domains/marketplace/category-card/components/CategoryServiceList.tsx:7:1
Export formatPrice doesn't exist in target module
[0m [90m  5 |[39m [90m */[39m
 [90m  6 |[39m
[31m[1m>[22m[39m[90m  7 |[39m [36mimport[39m { formatPrice } [36mfrom[39m [32m'../utils/categoryCardHelpers'[39m[33m;[39m
 [90m    |[39m [31m[1m^[22m[39m[31m[1m^[22m[39m[31m[1m^[22m[39m[31m[1m^[22m[39m[31m[1m^[22m[39m[31m[1m^[22m[3
9m[31m[1m^[22m[39m[31m[1m^[22m[39m[31m[1m^[22m[39m[31m[1m^[22m[39m[31m[1m^[22m[39m[31m[1m^[22m[39m[31m[1m^[2
2m[39m[31m[1m^[22m[39m[31m[1m^[22m[39m[31m[1m^[22m[39m[31m[1m^[22m[39m[31m[1m^[22m[39m[31m[1m^[22m[39m[31m[1
m^[22m[39m[31m[1m^[22m[39m[31m[1m^[22m[39m[31m[1m^[22m[39m[31m[1m^[22m[39m[31m[1m^[22m[39m[31m[1m^[22m[39m[3
1m[1m^[22m[39m[31m[1m^[22m[39m[31m[1m^[22m[39m[31m[1m^[22m[39m[31m[1m^[22m[39m[31m[1m^[22m[39m[31m[1m^[22m[3
9m[31m[1m^[22m[39m[31m[1m^[22m[39m[31m[1m^[22m[39m[31m[1m^[22m[39m[31m[1m^[22m[39m[31m[1m^[22m[39m[31m[1m^[2
2m[39m[31m[1m^[22m[39m[31m[1m^[22m[39m[31m[1m^[22m[39m[31m[1m^[22m[39m[31m[1m^[22m[39m[31m[1m^[22m[39m[31m[1
m^[22m[39m[31m[1m^[22m[39m[31m[1m^[22m[39m[31m[1m^[22m[39m[31m[1m^[22m[39m[31m[1m^[22m[39m[31m[1m^[22m[39m[3
1m[1m^[22m[39m[31m[1m^[22m[39m[31m[1m^[22m[39m[31m[1m^[22m[39m[31m[1m^[22m[39m[31m[1m^[22m[39m
 [90m  8 |[39m [36mimport[39m type { [33mCategoryServiceListProps[39m } [36mfrom[39m [32m'../types/categoryCardTypes'[39m[33
m;[39m
 [90m  9 |[39m
 [90m 10 |[39m [36mexport[39m [36mfunction[39m [33mCategoryServiceList[39m({[0m

The export formatPrice was not found in module [project]/components/domains/marketplace/category-card/utils/categoryCardHelpers.ts [app
-ssr] (ecmascript).
Did you mean to import hasServices?
All exports of the module are statically known (It doesn't have dynamic exports). So it's known statically that the requested export do
esn't exist.

Import traces:
  Client Component Browser:
    ./components/domains/marketplace/category-card/components/CategoryServiceList.tsx [Client Component Browser]
    ./components/domains/marketplace/category-card/components/variants/CategoryCardDefault.tsx [Client Component Browser]
    ./components/domains/marketplace/CategoryCard.tsx [Client Component Browser]
    ./components/domains/marketplace/CategoriesPageClient.tsx [Client Component Browser]
    ./components/domains/marketplace/CategoriesPageClient.tsx [Server Component]
    ./app/marketplace/categories/page.tsx [Server Component]

  Client Component SSR:
    ./components/domains/marketplace/category-card/components/CategoryServiceList.tsx [Client Component SSR]
    ./components/domains/marketplace/category-card/components/variants/CategoryCardDefault.tsx [Client Component SSR]
    ./components/domains/marketplace/CategoryCard.tsx [Client Component SSR]
    ./components/domains/marketplace/CategoriesPageClient.tsx [Client Component SSR]
    ./components/domains/marketplace/CategoriesPageClient.tsx [Server Component]
    ./app/marketplace/categories/page.tsx [Server Component]


./components/domains/marketplace/category-card/components/CategoryStats.tsx:8:1
Export formatPrice doesn't exist in target module
[0m [90m  6 |[39m
 [90m  7 |[39m [36mimport[39m { [33mClock[39m } [36mfrom[39m [32m'lucide-react'[39m[33m;[39m
[31m[1m>[22m[39m[90m  8 |[39m [36mimport[39m { formatNumber[33m,[39m formatPrice } [36mfrom[39m [32m'../utils/categoryCard
Helpers'[39m[33m;[39m
 [90m    |[39m [31m[1m^[22m[39m[31m[1m^[22m[39m[31m[1m^[22m[39m[31m[1m^[22m[39m[31m[1m^[22m[39m[31m[1m^[22m[3
9m[31m[1m^[22m[39m[31m[1m^[22m[39m[31m[1m^[22m[39m[31m[1m^[22m[39m[31m[1m^[22m[39m[31m[1m^[22m[39m[31m[1m^[2
2m[39m[31m[1m^[22m[39m[31m[1m^[22m[39m[31m[1m^[22m[39m[31m[1m^[22m[39m[31m[1m^[22m[39m[31m[1m^[22m[39m[31m[1
m^[22m[39m[31m[1m^[22m[39m[31m[1m^[22m[39m[31m[1m^[22m[39m[31m[1m^[22m[39m[31m[1m^[22m[39m[31m[1m^[22m[39m[3
1m[1m^[22m[39m[31m[1m^[22m[39m[31m[1m^[22m[39m[31m[1m^[22m[39m[31m[1m^[22m[39m[31m[1m^[22m[39m[31m[1m^[22m[3
9m[31m[1m^[22m[39m[31m[1m^[22m[39m[31m[1m^[22m[39m[31m[1m^[22m[39m[31m[1m^[22m[39m[31m[1m^[22m[39m[31m[1m^[2
2m[39m[31m[1m^[22m[39m[31m[1m^[22m[39m[31m[1m^[22m[39m[31m[1m^[22m[39m[31m[1m^[22m[39m[31m[1m^[22m[39m[31m[1
m^[22m[39m[31m[1m^[22m[39m[31m[1m^[22m[39m[31m[1m^[22m[39m[31m[1m^[22m[39m[31m[1m^[22m[39m[31m[1m^[22m[39m[3
1m[1m^[22m[39m[31m[1m^[22m[39m[31m[1m^[22m[39m[31m[1m^[22m[39m[31m[1m^[22m[39m[31m[1m^[22m[39m[31m[1m^[22m[3
9m[31m[1m^[22m[39m[31m[1m^[22m[39m[31m[1m^[22m[39m[31m[1m^[22m[39m[31m[1m^[22m[39m[31m[1m^[22m[39m[31m[1m^[2
2m[39m[31m[1m^[22m[39m[31m[1m^[22m[39m[31m[1m^[22m[39m[31m[1m^[22m[39m[31m[1m^[22m[39m[31m[1m^[22m[39m
 [90m  9 |[39m [36mimport[39m type { [33mCategoryStatsProps[39m } [36mfrom[39m [32m'../types/categoryCardTypes'[39m[33m;[39
m
 [90m 10 |[39m
 [90m 11 |[39m [36mexport[39m [36mfunction[39m [33mCategoryStats[39m({[0m

The export formatPrice was not found in module [project]/components/domains/marketplace/category-card/utils/categoryCardHelpers.ts [app
-client] (ecmascript).
Did you mean to import hasServices?
All exports of the module are statically known (It doesn't have dynamic exports). So it's known statically that the requested export do
esn't exist.

Import traces:
  Client Component Browser:
    ./components/domains/marketplace/category-card/components/CategoryStats.tsx [Client Component Browser]
    ./components/domains/marketplace/category-card/components/variants/CategoryCardDefault.tsx [Client Component Browser]
    ./components/domains/marketplace/CategoryCard.tsx [Client Component Browser]
    ./components/domains/marketplace/CategoriesPageClient.tsx [Client Component Browser]
    ./components/domains/marketplace/CategoriesPageClient.tsx [Server Component]
    ./app/marketplace/categories/page.tsx [Server Component]

  Client Component SSR:
    ./components/domains/marketplace/category-card/components/CategoryStats.tsx [Client Component SSR]
    ./components/domains/marketplace/category-card/components/variants/CategoryCardDefault.tsx [Client Component SSR]
    ./components/domains/marketplace/CategoryCard.tsx [Client Component SSR]
    ./components/domains/marketplace/CategoriesPageClient.tsx [Client Component SSR]
    ./components/domains/marketplace/CategoriesPageClient.tsx [Server Component]
    ./app/marketplace/categories/page.tsx [Server Component]


./components/domains/marketplace/category-card/components/CategoryStats.tsx:8:1
Export formatPrice doesn't exist in target module
[0m [90m  6 |[39m
 [90m  7 |[39m [36mimport[39m { [33mClock[39m } [36mfrom[39m [32m'lucide-react'[39m[33m;[39m
[31m[1m>[22m[39m[90m  8 |[39m [36mimport[39m { formatNumber[33m,[39m formatPrice } [36mfrom[39m [32m'../utils/categoryCard
Helpers'[39m[33m;[39m
 [90m    |[39m [31m[1m^[22m[39m[31m[1m^[22m[39m[31m[1m^[22m[39m[31m[1m^[22m[39m[31m[1m^[22m[39m[31m[1m^[22m[3
9m[31m[1m^[22m[39m[31m[1m^[22m[39m[31m[1m^[22m[39m[31m[1m^[22m[39m[31m[1m^[22m[39m[31m[1m^[22m[39m[31m[1m^[2
2m[39m[31m[1m^[22m[39m[31m[1m^[22m[39m[31m[1m^[22m[39m[31m[1m^[22m[39m[31m[1m^[22m[39m[31m[1m^[22m[39m[31m[1
m^[22m[39m[31m[1m^[22m[39m[31m[1m^[22m[39m[31m[1m^[22m[39m[31m[1m^[22m[39m[31m[1m^[22m[39m[31m[1m^[22m[39m[3
1m[1m^[22m[39m[31m[1m^[22m[39m[31m[1m^[22m[39m[31m[1m^[22m[39m[31m[1m^[22m[39m[31m[1m^[22m[39m[31m[1m^[22m[3
9m[31m[1m^[22m[39m[31m[1m^[22m[39m[31m[1m^[22m[39m[31m[1m^[22m[39m[31m[1m^[22m[39m[31m[1m^[22m[39m[31m[1m^[2
2m[39m[31m[1m^[22m[39m[31m[1m^[22m[39m[31m[1m^[22m[39m[31m[1m^[22m[39m[31m[1m^[22m[39m[31m[1m^[22m[39m[31m[1
m^[22m[39m[31m[1m^[22m[39m[31m[1m^[22m[39m[31m[1m^[22m[39m[31m[1m^[22m[39m[31m[1m^[22m[39m[31m[1m^[22m[39m[3
1m[1m^[22m[39m[31m[1m^[22m[39m[31m[1m^[22m[39m[31m[1m^[22m[39m[31m[1m^[22m[39m[31m[1m^[22m[39m[31m[1m^[22m[3
9m[31m[1m^[22m[39m[31m[1m^[22m[39m[31m[1m^[22m[39m[31m[1m^[22m[39m[31m[1m^[22m[39m[31m[1m^[22m[39m[31m[1m^[2
2m[39m[31m[1m^[22m[39m[31m[1m^[22m[39m[31m[1m^[22m[39m[31m[1m^[22m[39m[31m[1m^[22m[39m[31m[1m^[22m[39m
 [90m  9 |[39m [36mimport[39m type { [33mCategoryStatsProps[39m } [36mfrom[39m [32m'../types/categoryCardTypes'[39m[33m;[39
m
 [90m 10 |[39m
 [90m 11 |[39m [36mexport[39m [36mfunction[39m [33mCategoryStats[39m({[0m

The export formatPrice was not found in module [project]/components/domains/marketplace/category-card/utils/categoryCardHelpers.ts [app
-ssr] (ecmascript).
Did you mean to import hasServices?
All exports of the module are statically known (It doesn't have dynamic exports). So it's known statically that the requested export do
esn't exist.

Import traces:
  Client Component Browser:
    ./components/domains/marketplace/category-card/components/CategoryStats.tsx [Client Component Browser]
    ./components/domains/marketplace/category-card/components/variants/CategoryCardDefault.tsx [Client Component Browser]
    ./components/domains/marketplace/CategoryCard.tsx [Client Component Browser]
    ./components/domains/marketplace/CategoriesPageClient.tsx [Client Component Browser]
    ./components/domains/marketplace/CategoriesPageClient.tsx [Server Component]
    ./app/marketplace/categories/page.tsx [Server Component]

  Client Component SSR:
    ./components/domains/marketplace/category-card/components/CategoryStats.tsx [Client Component SSR]
    ./components/domains/marketplace/category-card/components/variants/CategoryCardDefault.tsx [Client Component SSR]
    ./components/domains/marketplace/CategoryCard.tsx [Client Component SSR]
    ./components/domains/marketplace/CategoriesPageClient.tsx [Client Component SSR]
    ./components/domains/marketplace/CategoriesPageClient.tsx [Server Component]
    ./app/marketplace/categories/page.tsx [Server Component]


./components/domains/marketplace/category-card/components/CategorySubcategoryList.tsx:9:1
Export formatPrice doesn't exist in target module
[0m [90m  7 |[39m [36mimport[39m { motion } [36mfrom[39m [32m'framer-motion'[39m[33m;[39m
 [90m  8 |[39m [36mimport[39m { [33mChevronDown[39m } [36mfrom[39m [32m'lucide-react'[39m[33m;[39m
[31m[1m>[22m[39m[90m  9 |[39m [36mimport[39m { formatPrice } [36mfrom[39m [32m'../utils/categoryCardHelpers'[39m[33m;[39m
 [90m    |[39m [31m[1m^[22m[39m[31m[1m^[22m[39m[31m[1m^[22m[39m[31m[1m^[22m[39m[31m[1m^[22m[39m[31m[1m^[22m[3
9m[31m[1m^[22m[39m[31m[1m^[22m[39m[31m[1m^[22m[39m[31m[1m^[22m[39m[31m[1m^[22m[39m[31m[1m^[22m[39m[31m[1m^[2
2m[39m[31m[1m^[22m[39m[31m[1m^[22m[39m[31m[1m^[22m[39m[31m[1m^[22m[39m[31m[1m^[22m[39m[31m[1m^[22m[39m[31m[1
m^[22m[39m[31m[1m^[22m[39m[31m[1m^[22m[39m[31m[1m^[22m[39m[31m[1m^[22m[39m[31m[1m^[22m[39m[31m[1m^[22m[39m[3
1m[1m^[22m[39m[31m[1m^[22m[39m[31m[1m^[22m[39m[31m[1m^[22m[39m[31m[1m^[22m[39m[31m[1m^[22m[39m[31m[1m^[22m[3
9m[31m[1m^[22m[39m[31m[1m^[22m[39m[31m[1m^[22m[39m[31m[1m^[22m[39m[31m[1m^[22m[39m[31m[1m^[22m[39m[31m[1m^[2
2m[39m[31m[1m^[22m[39m[31m[1m^[22m[39m[31m[1m^[22m[39m[31m[1m^[22m[39m[31m[1m^[22m[39m[31m[1m^[22m[39m[31m[1
m^[22m[39m[31m[1m^[22m[39m[31m[1m^[22m[39m[31m[1m^[22m[39m[31m[1m^[22m[39m[31m[1m^[22m[39m[31m[1m^[22m[39m[3
1m[1m^[22m[39m[31m[1m^[22m[39m[31m[1m^[22m[39m[31m[1m^[22m[39m[31m[1m^[22m[39m[31m[1m^[22m[39m
 [90m 10 |[39m [36mimport[39m type { [33mCategorySubcategoryListProps[39m } [36mfrom[39m [32m'../types/categoryCardTypes'[39m
[33m;[39m
 [90m 11 |[39m
 [90m 12 |[39m [36mexport[39m [36mfunction[39m [33mCategorySubcategoryList[39m({[0m

The export formatPrice was not found in module [project]/components/domains/marketplace/category-card/utils/categoryCardHelpers.ts [app
-client] (ecmascript).
Did you mean to import hasServices?
All exports of the module are statically known (It doesn't have dynamic exports). So it's known statically that the requested export do
esn't exist.

Import traces:
  Client Component Browser:
    ./components/domains/marketplace/category-card/components/CategorySubcategoryList.tsx [Client Component Browser]
    ./components/domains/marketplace/category-card/components/variants/CategoryCardDefault.tsx [Client Component Browser]
    ./components/domains/marketplace/CategoryCard.tsx [Client Component Browser]
    ./components/domains/marketplace/CategoriesPageClient.tsx [Client Component Browser]
    ./components/domains/marketplace/CategoriesPageClient.tsx [Server Component]
    ./app/marketplace/categories/page.tsx [Server Component]

  Client Component SSR:
    ./components/domains/marketplace/category-card/components/CategorySubcategoryList.tsx [Client Component SSR]
    ./components/domains/marketplace/category-card/components/variants/CategoryCardDefault.tsx [Client Component SSR]
    ./components/domains/marketplace/CategoryCard.tsx [Client Component SSR]
    ./components/domains/marketplace/CategoriesPageClient.tsx [Client Component SSR]
    ./components/domains/marketplace/CategoriesPageClient.tsx [Server Component]
    ./app/marketplace/categories/page.tsx [Server Component]


./components/domains/marketplace/category-card/components/CategorySubcategoryList.tsx:9:1
Export formatPrice doesn't exist in target module
[0m [90m  7 |[39m [36mimport[39m { motion } [36mfrom[39m [32m'framer-motion'[39m[33m;[39m
 [90m  8 |[39m [36mimport[39m { [33mChevronDown[39m } [36mfrom[39m [32m'lucide-react'[39m[33m;[39m
[31m[1m>[22m[39m[90m  9 |[39m [36mimport[39m { formatPrice } [36mfrom[39m [32m'../utils/categoryCardHelpers'[39m[33m;[39m
 [90m    |[39m [31m[1m^[22m[39m[31m[1m^[22m[39m[31m[1m^[22m[39m[31m[1m^[22m[39m[31m[1m^[22m[39m[31m[1m^[22m[3
9m[31m[1m^[22m[39m[31m[1m^[22m[39m[31m[1m^[22m[39m[31m[1m^[22m[39m[31m[1m^[22m[39m[31m[1m^[22m[39m[31m[1m^[2
2m[39m[31m[1m^[22m[39m[31m[1m^[22m[39m[31m[1m^[22m[39m[31m[1m^[22m[39m[31m[1m^[22m[39m[31m[1m^[22m[39m[31m[1
m^[22m[39m[31m[1m^[22m[39m[31m[1m^[22m[39m[31m[1m^[22m[39m[31m[1m^[22m[39m[31m[1m^[22m[39m[31m[1m^[22m[39m[3
1m[1m^[22m[39m[31m[1m^[22m[39m[31m[1m^[22m[39m[31m[1m^[22m[39m[31m[1m^[22m[39m[31m[1m^[22m[39m[31m[1m^[22m[3
9m[31m[1m^[22m[39m[31m[1m^[22m[39m[31m[1m^[22m[39m[31m[1m^[22m[39m[31m[1m^[22m[39m[31m[1m^[22m[39m[31m[1m^[2
2m[39m[31m[1m^[22m[39m[31m[1m^[22m[39m[31m[1m^[22m[39m[31m[1m^[22m[39m[31m[1m^[22m[39m[31m[1m^[22m[39m[31m[1
m^[22m[39m[31m[1m^[22m[39m[31m[1m^[22m[39m[31m[1m^[22m[39m[31m[1m^[22m[39m[31m[1m^[22m[39m[31m[1m^[22m[39m[3
1m[1m^[22m[39m[31m[1m^[22m[39m[31m[1m^[22m[39m[31m[1m^[22m[39m[31m[1m^[22m[39m[31m[1m^[22m[39m
 [90m 10 |[39m [36mimport[39m type { [33mCategorySubcategoryListProps[39m } [36mfrom[39m [32m'../types/categoryCardTypes'[39m
[33m;[39m
 [90m 11 |[39m
 [90m 12 |[39m [36mexport[39m [36mfunction[39m [33mCategorySubcategoryList[39m({[0m

The export formatPrice was not found in module [project]/components/domains/marketplace/category-card/utils/categoryCardHelpers.ts [app
-ssr] (ecmascript).
Did you mean to import hasServices?
All exports of the module are statically known (It doesn't have dynamic exports). So it's known statically that the requested export do
esn't exist.

Import traces:
  Client Component Browser:
    ./components/domains/marketplace/category-card/components/CategorySubcategoryList.tsx [Client Component Browser]
    ./components/domains/marketplace/category-card/components/variants/CategoryCardDefault.tsx [Client Component Browser]
    ./components/domains/marketplace/CategoryCard.tsx [Client Component Browser]
    ./components/domains/marketplace/CategoriesPageClient.tsx [Client Component Browser]
    ./components/domains/marketplace/CategoriesPageClient.tsx [Server Component]
    ./app/marketplace/categories/page.tsx [Server Component]

  Client Component SSR:
    ./components/domains/marketplace/category-card/components/CategorySubcategoryList.tsx [Client Component SSR]
    ./components/domains/marketplace/category-card/components/variants/CategoryCardDefault.tsx [Client Component SSR]
    ./components/domains/marketplace/CategoryCard.tsx [Client Component SSR]
    ./components/domains/marketplace/CategoriesPageClient.tsx [Client Component SSR]
    ./components/domains/marketplace/CategoriesPageClient.tsx [Server Component]
    ./app/marketplace/categories/page.tsx [Server Component]


./components/domains/wallet/core/BankSelector.tsx:30:1
Export getAllBanks doesn't exist in target module
[0m [90m 28 |[39m [36mimport[39m { [33mBadge[39m } [36mfrom[39m [32m'@/components/ui/Badge'[39m[33m;[39m
 [90m 29 |[39m [36mimport[39m { [33mBuilding2[39m[33m,[39m [33mSearch[39m[33m,[39m [33mCheck[39m[33m,[39m [33mChevronD
own[39m[33m,[39m [33mX[39m } [36mfrom[39m [32m'lucide-react'[39m[33m;[39m
[31m[1m>[22m[39m[90m 30 |[39m [36mimport[39m {
 [90m    |[39m [31m[1m^[22m[39m[31m[1m^[22m[39m[31m[1m^[22m[39m[31m[1m^[22m[39m[31m[1m^[22m[39m[31m[1m^[22m[3
9m[31m[1m^[22m[39m[31m[1m^[22m[39m
[31m[1m>[22m[39m[90m 31 |[39m   searchBanks[33m,[39m
 [90m    |[39m [31m[1m^[22m[39m[31m[1m^[22m[39m[31m[1m^[22m[39m[31m[1m^[22m[39m[31m[1m^[22m[39m[31m[1m^[22m[3
9m[31m[1m^[22m[39m[31m[1m^[22m[39m[31m[1m^[22m[39m[31m[1m^[22m[39m[31m[1m^[22m[39m[31m[1m^[22m[39m[31m[1m^[2
2m[39m[31m[1m^[22m[39m
[31m[1m>[22m[39m[90m 32 |[39m   getAllBanks[33m,[39m
 [90m    |[39m [31m[1m^[22m[39m[31m[1m^[22m[39m[31m[1m^[22m[39m[31m[1m^[22m[39m[31m[1m^[22m[39m[31m[1m^[22m[3
9m[31m[1m^[22m[39m[31m[1m^[22m[39m[31m[1m^[22m[39m[31m[1m^[22m[39m[31m[1m^[22m[39m[31m[1m^[22m[39m[31m[1m^[2
2m[39m[31m[1m^[22m[39m
[31m[1m>[22m[39m[90m 33 |[39m   type [33mBankInfo[39m[33m,[39m
 [90m    |[39m [31m[1m^[22m[39m[31m[1m^[22m[39m[31m[1m^[22m[39m[31m[1m^[22m[39m[31m[1m^[22m[39m[31m[1m^[22m[3
9m[31m[1m^[22m[39m[31m[1m^[22m[39m[31m[1m^[22m[39m[31m[1m^[22m[39m[31m[1m^[22m[39m[31m[1m^[22m[39m[31m[1m^[2
2m[39m[31m[1m^[22m[39m
[31m[1m>[22m[39m[90m 34 |[39m } [36mfrom[39m [32m'@/lib/services/bank-info-service'[39m[33m;[39m
 [90m    |[39m [31m[1m^[22m[39m[31m[1m^[22m[39m[31m[1m^[22m[39m[31m[1m^[22m[39m[31m[1m^[22m[39m[31m[1m^[22m[3
9m[31m[1m^[22m[39m[31m[1m^[22m[39m[31m[1m^[22m[39m[31m[1m^[22m[39m[31m[1m^[22m[39m[31m[1m^[22m[39m[31m[1m^[2
2m[39m[31m[1m^[22m[39m[31m[1m^[22m[39m[31m[1m^[22m[39m[31m[1m^[22m[39m[31m[1m^[22m[39m[31m[1m^[22m[39m[31m[1
m^[22m[39m[31m[1m^[22m[39m[31m[1m^[22m[39m[31m[1m^[22m[39m[31m[1m^[22m[39m[31m[1m^[22m[39m[31m[1m^[22m[39m[3
1m[1m^[22m[39m[31m[1m^[22m[39m[31m[1m^[22m[39m[31m[1m^[22m[39m[31m[1m^[22m[39m[31m[1m^[22m[39m[31m[1m^[22m[3
9m[31m[1m^[22m[39m[31m[1m^[22m[39m[31m[1m^[22m[39m[31m[1m^[22m[39m[31m[1m^[22m[39m[31m[1m^[22m[39m[31m[1m^[2
2m[39m[31m[1m^[22m[39m[31m[1m^[22m[39m[31m[1m^[22m[39m
 [90m 35 |[39m
 [90m 36 |[39m [90m// ================================================[39m
 [90m 37 |[39m [90m// TYPES[39m[0m

The export getAllBanks was not found in module [project]/lib/services/bank-info-service.ts [app-client] (ecmascript).
Did you mean to import default?
All exports of the module are statically known (It doesn't have dynamic exports). So it's known statically that the requested export do
esn't exist.

Import traces:
  Client Component Browser:
    ./components/domains/wallet/core/BankSelector.tsx [Client Component Browser]
    ./components/domains/wallet/core/BankAccountForm.tsx [Client Component Browser]
    ./app/dashboard/wallet/payouts/page.tsx [Client Component Browser]
    ./app/dashboard/wallet/payouts/page.tsx [Server Component]

  Client Component SSR:
    ./components/domains/wallet/core/BankSelector.tsx [Client Component SSR]
    ./components/domains/wallet/core/BankAccountForm.tsx [Client Component SSR]
    ./app/dashboard/wallet/payouts/page.tsx [Client Component SSR]
    ./app/dashboard/wallet/payouts/page.tsx [Server Component]

  Server Component:
    ./components/domains/wallet/core/BankSelector.tsx
    ./components/domains/wallet/core/index.ts
    ./components/domains/wallet/index.ts
    ./app/dashboard/wallet/escrow/[orderId]/page.tsx


./components/domains/wallet/core/BankSelector.tsx:30:1
Export getAllBanks doesn't exist in target module
[0m [90m 28 |[39m [36mimport[39m { [33mBadge[39m } [36mfrom[39m [32m'@/components/ui/Badge'[39m[33m;[39m
 [90m 29 |[39m [36mimport[39m { [33mBuilding2[39m[33m,[39m [33mSearch[39m[33m,[39m [33mCheck[39m[33m,[39m [33mChevronD
own[39m[33m,[39m [33mX[39m } [36mfrom[39m [32m'lucide-react'[39m[33m;[39m
[31m[1m>[22m[39m[90m 30 |[39m [36mimport[39m {
 [90m    |[39m [31m[1m^[22m[39m[31m[1m^[22m[39m[31m[1m^[22m[39m[31m[1m^[22m[39m[31m[1m^[22m[39m[31m[1m^[22m[3
9m[31m[1m^[22m[39m[31m[1m^[22m[39m
[31m[1m>[22m[39m[90m 31 |[39m   searchBanks[33m,[39m
 [90m    |[39m [31m[1m^[22m[39m[31m[1m^[22m[39m[31m[1m^[22m[39m[31m[1m^[22m[39m[31m[1m^[22m[39m[31m[1m^[22m[3
9m[31m[1m^[22m[39m[31m[1m^[22m[39m[31m[1m^[22m[39m[31m[1m^[22m[39m[31m[1m^[22m[39m[31m[1m^[22m[39m[31m[1m^[2
2m[39m[31m[1m^[22m[39m
[31m[1m>[22m[39m[90m 32 |[39m   getAllBanks[33m,[39m
 [90m    |[39m [31m[1m^[22m[39m[31m[1m^[22m[39m[31m[1m^[22m[39m[31m[1m^[22m[39m[31m[1m^[22m[39m[31m[1m^[22m[3
9m[31m[1m^[22m[39m[31m[1m^[22m[39m[31m[1m^[22m[39m[31m[1m^[22m[39m[31m[1m^[22m[39m[31m[1m^[22m[39m[31m[1m^[2
2m[39m[31m[1m^[22m[39m
[31m[1m>[22m[39m[90m 33 |[39m   type [33mBankInfo[39m[33m,[39m
 [90m    |[39m [31m[1m^[22m[39m[31m[1m^[22m[39m[31m[1m^[22m[39m[31m[1m^[22m[39m[31m[1m^[22m[39m[31m[1m^[22m[3
9m[31m[1m^[22m[39m[31m[1m^[22m[39m[31m[1m^[22m[39m[31m[1m^[22m[39m[31m[1m^[22m[39m[31m[1m^[22m[39m[31m[1m^[2
2m[39m[31m[1m^[22m[39m
[31m[1m>[22m[39m[90m 34 |[39m } [36mfrom[39m [32m'@/lib/services/bank-info-service'[39m[33m;[39m
 [90m    |[39m [31m[1m^[22m[39m[31m[1m^[22m[39m[31m[1m^[22m[39m[31m[1m^[22m[39m[31m[1m^[22m[39m[31m[1m^[22m[3
9m[31m[1m^[22m[39m[31m[1m^[22m[39m[31m[1m^[22m[39m[31m[1m^[22m[39m[31m[1m^[22m[39m[31m[1m^[22m[39m[31m[1m^[2
2m[39m[31m[1m^[22m[39m[31m[1m^[22m[39m[31m[1m^[22m[39m[31m[1m^[22m[39m[31m[1m^[22m[39m[31m[1m^[22m[39m[31m[1
m^[22m[39m[31m[1m^[22m[39m[31m[1m^[22m[39m[31m[1m^[22m[39m[31m[1m^[22m[39m[31m[1m^[22m[39m[31m[1m^[22m[39m[3
1m[1m^[22m[39m[31m[1m^[22m[39m[31m[1m^[22m[39m[31m[1m^[22m[39m[31m[1m^[22m[39m[31m[1m^[22m[39m[31m[1m^[22m[3
9m[31m[1m^[22m[39m[31m[1m^[22m[39m[31m[1m^[22m[39m[31m[1m^[22m[39m[31m[1m^[22m[39m[31m[1m^[22m[39m[31m[1m^[2
2m[39m[31m[1m^[22m[39m[31m[1m^[22m[39m[31m[1m^[22m[39m
 [90m 35 |[39m
 [90m 36 |[39m [90m// ================================================[39m
 [90m 37 |[39m [90m// TYPES[39m[0m

The export getAllBanks was not found in module [project]/lib/services/bank-info-service.ts [app-ssr] (ecmascript).
Did you mean to import default?
All exports of the module are statically known (It doesn't have dynamic exports). So it's known statically that the requested export do
esn't exist.

Import traces:
  Client Component Browser:
    ./components/domains/wallet/core/BankSelector.tsx [Client Component Browser]
    ./components/domains/wallet/core/BankAccountForm.tsx [Client Component Browser]
    ./app/dashboard/wallet/payouts/page.tsx [Client Component Browser]
    ./app/dashboard/wallet/payouts/page.tsx [Server Component]

  Client Component SSR:
    ./components/domains/wallet/core/BankSelector.tsx [Client Component SSR]
    ./components/domains/wallet/core/BankAccountForm.tsx [Client Component SSR]
    ./app/dashboard/wallet/payouts/page.tsx [Client Component SSR]
    ./app/dashboard/wallet/payouts/page.tsx [Server Component]

  Server Component:
    ./components/domains/wallet/core/BankSelector.tsx
    ./components/domains/wallet/core/index.ts
    ./components/domains/wallet/index.ts
    ./app/dashboard/wallet/escrow/[orderId]/page.tsx


./components/domains/wallet/core/BankAccountForm.tsx:51:1
Export getBankFromIBAN doesn't exist in target module
[0m [90m 49 |[39m   type [33mBankAccountResponse[39m[33m,[39m
 [90m 50 |[39m } [36mfrom[39m [32m'@/lib/api/bank-accounts'[39m[33m;[39m
[31m[1m>[22m[39m[90m 51 |[39m [36mimport[39m {
 [90m    |[39m [31m[1m^[22m[39m[31m[1m^[22m[39m[31m[1m^[22m[39m[31m[1m^[22m[39m[31m[1m^[22m[39m[31m[1m^[22m[3
9m[31m[1m^[22m[39m[31m[1m^[22m[39m
[31m[1m>[22m[39m[90m 52 |[39m   getBankFromIBAN[33m,[39m
 [90m    |[39m [31m[1m^[22m[39m[31m[1m^[22m[39m[31m[1m^[22m[39m[31m[1m^[22m[39m[31m[1m^[22m[39m[31m[1m^[22m[3
9m[31m[1m^[22m[39m[31m[1m^[22m[39m[31m[1m^[22m[39m[31m[1m^[22m[39m[31m[1m^[22m[39m[31m[1m^[22m[39m[31m[1m^[2
2m[39m[31m[1m^[22m[39m[31m[1m^[22m[39m[31m[1m^[22m[39m[31m[1m^[22m[39m[31m[1m^[22m[39m
[31m[1m>[22m[39m[90m 53 |[39m   type [33mBankInfo[39m[33m,[39m
 [90m    |[39m [31m[1m^[22m[39m[31m[1m^[22m[39m[31m[1m^[22m[39m[31m[1m^[22m[39m[31m[1m^[22m[39m[31m[1m^[22m[3
9m[31m[1m^[22m[39m[31m[1m^[22m[39m[31m[1m^[22m[39m[31m[1m^[22m[39m[31m[1m^[22m[39m[31m[1m^[22m[39m[31m[1m^[2
2m[39m[31m[1m^[22m[39m[31m[1m^[22m[39m[31m[1m^[22m[39m[31m[1m^[22m[39m[31m[1m^[22m[39m
[31m[1m>[22m[39m[90m 54 |[39m } [36mfrom[39m [32m'@/lib/services/bank-info-service'[39m[33m;[39m
 [90m    |[39m [31m[1m^[22m[39m[31m[1m^[22m[39m[31m[1m^[22m[39m[31m[1m^[22m[39m[31m[1m^[22m[39m[31m[1m^[22m[3
9m[31m[1m^[22m[39m[31m[1m^[22m[39m[31m[1m^[22m[39m[31m[1m^[22m[39m[31m[1m^[22m[39m[31m[1m^[22m[39m[31m[1m^[2
2m[39m[31m[1m^[22m[39m[31m[1m^[22m[39m[31m[1m^[22m[39m[31m[1m^[22m[39m[31m[1m^[22m[39m[31m[1m^[22m[39m[31m[1
m^[22m[39m[31m[1m^[22m[39m[31m[1m^[22m[39m[31m[1m^[22m[39m[31m[1m^[22m[39m[31m[1m^[22m[39m[31m[1m^[22m[39m[3
1m[1m^[22m[39m[31m[1m^[22m[39m[31m[1m^[22m[39m[31m[1m^[22m[39m[31m[1m^[22m[39m[31m[1m^[22m[39m[31m[1m^[22m[3
9m[31m[1m^[22m[39m[31m[1m^[22m[39m[31m[1m^[22m[39m[31m[1m^[22m[39m[31m[1m^[22m[39m[31m[1m^[22m[39m[31m[1m^[2
2m[39m[31m[1m^[22m[39m[31m[1m^[22m[39m[31m[1m^[22m[39m
 [90m 55 |[39m [36mimport[39m logger [36mfrom[39m [32m'@/lib/infrastructure/monitoring/logger'[39m[33m;[39m
 [90m 56 |[39m
 [90m 57 |[39m [90m// ================================================[39m[0m

The export getBankFromIBAN was not found in module [project]/lib/services/bank-info-service.ts [app-client] (ecmascript).
Did you mean to import BankInfoService?
All exports of the module are statically known (It doesn't have dynamic exports). So it's known statically that the requested export do
esn't exist.

Import traces:
  Client Component Browser:
    ./components/domains/wallet/core/BankAccountForm.tsx [Client Component Browser]
    ./app/dashboard/wallet/payouts/page.tsx [Client Component Browser]
    ./app/dashboard/wallet/payouts/page.tsx [Server Component]

  Client Component SSR:
    ./components/domains/wallet/core/BankAccountForm.tsx [Client Component SSR]
    ./app/dashboard/wallet/payouts/page.tsx [Client Component SSR]
    ./app/dashboard/wallet/payouts/page.tsx [Server Component]

  Server Component:
    ./components/domains/wallet/core/BankAccountForm.tsx
    ./components/domains/wallet/core/index.ts
    ./components/domains/wallet/index.ts
    ./app/dashboard/wallet/escrow/[orderId]/page.tsx


./components/domains/wallet/core/BankAccountForm.tsx:51:1
Export getBankFromIBAN doesn't exist in target module
[0m [90m 49 |[39m   type [33mBankAccountResponse[39m[33m,[39m
 [90m 50 |[39m } [36mfrom[39m [32m'@/lib/api/bank-accounts'[39m[33m;[39m
[31m[1m>[22m[39m[90m 51 |[39m [36mimport[39m {
 [90m    |[39m [31m[1m^[22m[39m[31m[1m^[22m[39m[31m[1m^[22m[39m[31m[1m^[22m[39m[31m[1m^[22m[39m[31m[1m^[22m[3
9m[31m[1m^[22m[39m[31m[1m^[22m[39m
[31m[1m>[22m[39m[90m 52 |[39m   getBankFromIBAN[33m,[39m
 [90m    |[39m [31m[1m^[22m[39m[31m[1m^[22m[39m[31m[1m^[22m[39m[31m[1m^[22m[39m[31m[1m^[22m[39m[31m[1m^[22m[3
9m[31m[1m^[22m[39m[31m[1m^[22m[39m[31m[1m^[22m[39m[31m[1m^[22m[39m[31m[1m^[22m[39m[31m[1m^[22m[39m[31m[1m^[2
2m[39m[31m[1m^[22m[39m[31m[1m^[22m[39m[31m[1m^[22m[39m[31m[1m^[22m[39m[31m[1m^[22m[39m
[31m[1m>[22m[39m[90m 53 |[39m   type [33mBankInfo[39m[33m,[39m
 [90m    |[39m [31m[1m^[22m[39m[31m[1m^[22m[39m[31m[1m^[22m[39m[31m[1m^[22m[39m[31m[1m^[22m[39m[31m[1m^[22m[3
9m[31m[1m^[22m[39m[31m[1m^[22m[39m[31m[1m^[22m[39m[31m[1m^[22m[39m[31m[1m^[22m[39m[31m[1m^[22m[39m[31m[1m^[2
2m[39m[31m[1m^[22m[39m[31m[1m^[22m[39m[31m[1m^[22m[39m[31m[1m^[22m[39m[31m[1m^[22m[39m
[31m[1m>[22m[39m[90m 54 |[39m } [36mfrom[39m [32m'@/lib/services/bank-info-service'[39m[33m;[39m
 [90m    |[39m [31m[1m^[22m[39m[31m[1m^[22m[39m[31m[1m^[22m[39m[31m[1m^[22m[39m[31m[1m^[22m[39m[31m[1m^[22m[3
9m[31m[1m^[22m[39m[31m[1m^[22m[39m[31m[1m^[22m[39m[31m[1m^[22m[39m[31m[1m^[22m[39m[31m[1m^[22m[39m[31m[1m^[2
2m[39m[31m[1m^[22m[39m[31m[1m^[22m[39m[31m[1m^[22m[39m[31m[1m^[22m[39m[31m[1m^[22m[39m[31m[1m^[22m[39m[31m[1
m^[22m[39m[31m[1m^[22m[39m[31m[1m^[22m[39m[31m[1m^[22m[39m[31m[1m^[22m[39m[31m[1m^[22m[39m[31m[1m^[22m[39m[3
1m[1m^[22m[39m[31m[1m^[22m[39m[31m[1m^[22m[39m[31m[1m^[22m[39m[31m[1m^[22m[39m[31m[1m^[22m[39m[31m[1m^[22m[3
9m[31m[1m^[22m[39m[31m[1m^[22m[39m[31m[1m^[22m[39m[31m[1m^[22m[39m[31m[1m^[22m[39m[31m[1m^[22m[39m[31m[1m^[2
2m[39m[31m[1m^[22m[39m[31m[1m^[22m[39m[31m[1m^[22m[39m
 [90m 55 |[39m [36mimport[39m logger [36mfrom[39m [32m'@/lib/infrastructure/monitoring/logger'[39m[33m;[39m
 [90m 56 |[39m
 [90m 57 |[39m [90m// ================================================[39m[0m

The export getBankFromIBAN was not found in module [project]/lib/services/bank-info-service.ts [app-ssr] (ecmascript).
Did you mean to import BankInfoService?
All exports of the module are statically known (It doesn't have dynamic exports). So it's known statically that the requested export do
esn't exist.

Import traces:
  Client Component Browser:
    ./components/domains/wallet/core/BankAccountForm.tsx [Client Component Browser]
    ./app/dashboard/wallet/payouts/page.tsx [Client Component Browser]
    ./app/dashboard/wallet/payouts/page.tsx [Server Component]

  Client Component SSR:
    ./components/domains/wallet/core/BankAccountForm.tsx [Client Component SSR]
    ./app/dashboard/wallet/payouts/page.tsx [Client Component SSR]
    ./app/dashboard/wallet/payouts/page.tsx [Server Component]

  Server Component:
    ./components/domains/wallet/core/BankAccountForm.tsx
    ./components/domains/wallet/core/index.ts
    ./components/domains/wallet/index.ts
    ./app/dashboard/wallet/escrow/[orderId]/page.tsx


./hooks/shared/useApiError.ts:13:1
Export getUserFriendlyErrorMessage doesn't exist in target module
[0m [90m 11 |[39m
 [90m 12 |[39m [36mimport[39m { useState[33m,[39m useCallback } [36mfrom[39m [32m'react'[39m[33m;[39m
[31m[1m>[22m[39m[90m 13 |[39m [36mimport[39m {
 [90m    |[39m [31m[1m^[22m[39m[31m[1m^[22m[39m[31m[1m^[22m[39m[31m[1m^[22m[39m[31m[1m^[22m[39m[31m[1m^[22m[3
9m[31m[1m^[22m[39m[31m[1m^[22m[39m
[31m[1m>[22m[39m[90m 14 |[39m   [33mApiError[39m[33m,[39m
 [90m    |[39m [31m[1m^[22m[39m[31m[1m^[22m[39m[31m[1m^[22m[39m[31m[1m^[22m[39m[31m[1m^[22m[39m[31m[1m^[22m[3
9m[31m[1m^[22m[39m[31m[1m^[22m[39m[31m[1m^[22m[39m[31m[1m^[22m[39m[31m[1m^[22m[39m
[31m[1m>[22m[39m[90m 15 |[39m   getUserFriendlyErrorMessage[33m,[39m
 [90m    |[39m [31m[1m^[22m[39m[31m[1m^[22m[39m[31m[1m^[22m[39m[31m[1m^[22m[39m[31m[1m^[22m[39m[31m[1m^[22m[3
9m[31m[1m^[22m[39m[31m[1m^[22m[39m[31m[1m^[22m[39m[31m[1m^[22m[39m[31m[1m^[22m[39m
[31m[1m>[22m[39m[90m 16 |[39m   requiresReauth[33m,[39m
 [90m    |[39m [31m[1m^[22m[39m[31m[1m^[22m[39m[31m[1m^[22m[39m[31m[1m^[22m[39m[31m[1m^[22m[39m[31m[1m^[22m[3
9m[31m[1m^[22m[39m[31m[1m^[22m[39m[31m[1m^[22m[39m[31m[1m^[22m[39m[31m[1m^[22m[39m
[31m[1m>[22m[39m[90m 17 |[39m   isClientError[33m,[39m
 [90m    |[39m [31m[1m^[22m[39m[31m[1m^[22m[39m[31m[1m^[22m[39m[31m[1m^[22m[39m[31m[1m^[22m[39m[31m[1m^[22m[3
9m[31m[1m^[22m[39m[31m[1m^[22m[39m[31m[1m^[22m[39m[31m[1m^[22m[39m[31m[1m^[22m[39m
[31m[1m>[22m[39m[90m 18 |[39m   isServerError[33m,[39m
 [90m    |[39m [31m[1m^[22m[39m[31m[1m^[22m[39m[31m[1m^[22m[39m[31m[1m^[22m[39m[31m[1m^[22m[39m[31m[1m^[22m[3
9m[31m[1m^[22m[39m[31m[1m^[22m[39m[31m[1m^[22m[39m[31m[1m^[22m[39m[31m[1m^[22m[39m
[31m[1m>[22m[39m[90m 19 |[39m } [36mfrom[39m [32m'@/lib/api/errors'[39m[33m;[39m
 [90m    |[39m [31m[1m^[22m[39m[31m[1m^[22m[39m[31m[1m^[22m[39m[31m[1m^[22m[39m[31m[1m^[22m[39m[31m[1m^[22m[3
9m[31m[1m^[22m[39m[31m[1m^[22m[39m[31m[1m^[22m[39m[31m[1m^[22m[39m[31m[1m^[22m[39m[31m[1m^[22m[39m[31m[1m^[2
2m[39m[31m[1m^[22m[39m[31m[1m^[22m[39m[31m[1m^[22m[39m[31m[1m^[22m[39m[31m[1m^[22m[39m[31m[1m^[22m[39m[31m[1
m^[22m[39m[31m[1m^[22m[39m[31m[1m^[22m[39m[31m[1m^[22m[39m[31m[1m^[22m[39m[31m[1m^[22m[39m[31m[1m^[22m[39m[3
1m[1m^[22m[39m
 [90m 20 |[39m [36mimport[39m { useRouter } [36mfrom[39m [32m'next/navigation'[39m[33m;[39m
 [90m 21 |[39m
 [90m 22 |[39m [36mexport[39m [36minterface[39m [33mApiErrorState[39m {[0m

The export getUserFriendlyErrorMessage was not found in module [project]/lib/api/errors.ts [app-client] (ecmascript).
Did you mean to import getUserErrorMessage?
All exports of the module are statically known (It doesn't have dynamic exports). So it's known statically that the requested export do
esn't exist.

Import traces:
  Client Component Browser:
    ./hooks/shared/useApiError.ts [Client Component Browser]
    ./hooks/index.ts [Client Component Browser]
    ./components/domains/jobs/JobDetail.tsx [Client Component Browser]
    ./app/marketplace/jobs/[id]/page.tsx [Client Component Browser]
    ./app/marketplace/jobs/[id]/page.tsx [Server Component]

  Client Component SSR:
    ./hooks/shared/useApiError.ts [Client Component SSR]
    ./hooks/index.ts [Client Component SSR]
    ./components/ui/BottomSheet.tsx [Client Component SSR]
    ./components/shared/mobile/MobileJobFilters.tsx [Client Component SSR]
    ./components/shared/mobile/index.ts [Client Component SSR]
    ./components/layout/AppLayout.tsx [Client Component SSR]
    ./components/layout/AppLayout.tsx [Server Component]
    ./app/legal/safety/page.tsx [Server Component]


./hooks/shared/useApiError.ts:13:1
Export getUserFriendlyErrorMessage doesn't exist in target module
[0m [90m 11 |[39m
 [90m 12 |[39m [36mimport[39m { useState[33m,[39m useCallback } [36mfrom[39m [32m'react'[39m[33m;[39m
[31m[1m>[22m[39m[90m 13 |[39m [36mimport[39m {
 [90m    |[39m [31m[1m^[22m[39m[31m[1m^[22m[39m[31m[1m^[22m[39m[31m[1m^[22m[39m[31m[1m^[22m[39m[31m[1m^[22m[3
9m[31m[1m^[22m[39m[31m[1m^[22m[39m
[31m[1m>[22m[39m[90m 14 |[39m   [33mApiError[39m[33m,[39m
 [90m    |[39m [31m[1m^[22m[39m[31m[1m^[22m[39m[31m[1m^[22m[39m[31m[1m^[22m[39m[31m[1m^[22m[39m[31m[1m^[22m[3
9m[31m[1m^[22m[39m[31m[1m^[22m[39m[31m[1m^[22m[39m[31m[1m^[22m[39m[31m[1m^[22m[39m
[31m[1m>[22m[39m[90m 15 |[39m   getUserFriendlyErrorMessage[33m,[39m
 [90m    |[39m [31m[1m^[22m[39m[31m[1m^[22m[39m[31m[1m^[22m[39m[31m[1m^[22m[39m[31m[1m^[22m[39m[31m[1m^[22m[3
9m[31m[1m^[22m[39m[31m[1m^[22m[39m[31m[1m^[22m[39m[31m[1m^[22m[39m[31m[1m^[22m[39m
[31m[1m>[22m[39m[90m 16 |[39m   requiresReauth[33m,[39m
 [90m    |[39m [31m[1m^[22m[39m[31m[1m^[22m[39m[31m[1m^[22m[39m[31m[1m^[22m[39m[31m[1m^[22m[39m[31m[1m^[22m[3
9m[31m[1m^[22m[39m[31m[1m^[22m[39m[31m[1m^[22m[39m[31m[1m^[22m[39m[31m[1m^[22m[39m
[31m[1m>[22m[39m[90m 17 |[39m   isClientError[33m,[39m
 [90m    |[39m [31m[1m^[22m[39m[31m[1m^[22m[39m[31m[1m^[22m[39m[31m[1m^[22m[39m[31m[1m^[22m[39m[31m[1m^[22m[3
9m[31m[1m^[22m[39m[31m[1m^[22m[39m[31m[1m^[22m[39m[31m[1m^[22m[39m[31m[1m^[22m[39m
[31m[1m>[22m[39m[90m 18 |[39m   isServerError[33m,[39m
 [90m    |[39m [31m[1m^[22m[39m[31m[1m^[22m[39m[31m[1m^[22m[39m[31m[1m^[22m[39m[31m[1m^[22m[39m[31m[1m^[22m[3
9m[31m[1m^[22m[39m[31m[1m^[22m[39m[31m[1m^[22m[39m[31m[1m^[22m[39m[31m[1m^[22m[39m
[31m[1m>[22m[39m[90m 19 |[39m } [36mfrom[39m [32m'@/lib/api/errors'[39m[33m;[39m
 [90m    |[39m [31m[1m^[22m[39m[31m[1m^[22m[39m[31m[1m^[22m[39m[31m[1m^[22m[39m[31m[1m^[22m[39m[31m[1m^[22m[3
9m[31m[1m^[22m[39m[31m[1m^[22m[39m[31m[1m^[22m[39m[31m[1m^[22m[39m[31m[1m^[22m[39m[31m[1m^[22m[39m[31m[1m^[2
2m[39m[31m[1m^[22m[39m[31m[1m^[22m[39m[31m[1m^[22m[39m[31m[1m^[22m[39m[31m[1m^[22m[39m[31m[1m^[22m[39m[31m[1
m^[22m[39m[31m[1m^[22m[39m[31m[1m^[22m[39m[31m[1m^[22m[39m[31m[1m^[22m[39m[31m[1m^[22m[39m[31m[1m^[22m[39m[3
1m[1m^[22m[39m
 [90m 20 |[39m [36mimport[39m { useRouter } [36mfrom[39m [32m'next/navigation'[39m[33m;[39m
 [90m 21 |[39m
 [90m 22 |[39m [36mexport[39m [36minterface[39m [33mApiErrorState[39m {[0m

The export getUserFriendlyErrorMessage was not found in module [project]/lib/api/errors.ts [app-ssr] (ecmascript).
Did you mean to import getUserErrorMessage?
All exports of the module are statically known (It doesn't have dynamic exports). So it's known statically that the requested export do
esn't exist.

Import traces:
  Client Component Browser:
    ./hooks/shared/useApiError.ts [Client Component Browser]
    ./hooks/index.ts [Client Component Browser]
    ./components/domains/jobs/JobDetail.tsx [Client Component Browser]
    ./app/marketplace/jobs/[id]/page.tsx [Client Component Browser]
    ./app/marketplace/jobs/[id]/page.tsx [Server Component]

  Client Component SSR:
    ./hooks/shared/useApiError.ts [Client Component SSR]
    ./hooks/index.ts [Client Component SSR]
    ./components/ui/BottomSheet.tsx [Client Component SSR]
    ./components/shared/mobile/MobileJobFilters.tsx [Client Component SSR]
    ./components/shared/mobile/index.ts [Client Component SSR]
    ./components/layout/AppLayout.tsx [Client Component SSR]
    ./components/layout/AppLayout.tsx [Server Component]
    ./app/legal/safety/page.tsx [Server Component]


./lib/infrastructure/api/client.ts:10:1
Export isRetriableError doesn't exist in target module
[0m [90m  8 |[39m   requiresCsrfProtection[33m,[39m
 [90m  9 |[39m } [36mfrom[39m [32m'../security/csrf'[39m[33m;[39m
[31m[1m>[22m[39m[90m 10 |[39m [36mimport[39m { transformApiError[33m,[39m isRetriableError } [36mfrom[39m [32m'@/lib/api/e
rrors'[39m[33m;[39m
 [90m    |[39m [31m[1m^[22m[39m[31m[1m^[22m[39m[31m[1m^[22m[39m[31m[1m^[22m[39m[31m[1m^[22m[39m[31m[1m^[22m[3
9m[31m[1m^[22m[39m[31m[1m^[22m[39m[31m[1m^[22m[39m[31m[1m^[22m[39m[31m[1m^[22m[39m[31m[1m^[22m[39m[31m[1m^[2
2m[39m[31m[1m^[22m[39m[31m[1m^[22m[39m[31m[1m^[22m[39m[31m[1m^[22m[39m[31m[1m^[22m[39m[31m[1m^[22m[39m[31m[1
m^[22m[39m[31m[1m^[22m[39m[31m[1m^[22m[39m[31m[1m^[22m[39m[31m[1m^[22m[39m[31m[1m^[22m[39m[31m[1m^[22m[39m[3
1m[1m^[22m[39m[31m[1m^[22m[39m[31m[1m^[22m[39m[31m[1m^[22m[39m[31m[1m^[22m[39m[31m[1m^[22m[39m[31m[1m^[22m[3
9m[31m[1m^[22m[39m[31m[1m^[22m[39m[31m[1m^[22m[39m[31m[1m^[22m[39m[31m[1m^[22m[39m[31m[1m^[22m[39m[31m[1m^[2
2m[39m[31m[1m^[22m[39m[31m[1m^[22m[39m[31m[1m^[22m[39m[31m[1m^[22m[39m[31m[1m^[22m[39m[31m[1m^[22m[39m[31m[1
m^[22m[39m[31m[1m^[22m[39m[31m[1m^[22m[39m[31m[1m^[22m[39m[31m[1m^[22m[39m[31m[1m^[22m[39m[31m[1m^[22m[39m[3
1m[1m^[22m[39m[31m[1m^[22m[39m[31m[1m^[22m[39m[31m[1m^[22m[39m[31m[1m^[22m[39m[31m[1m^[22m[39m[31m[1m^[22m[3
9m[31m[1m^[22m[39m[31m[1m^[22m[39m[31m[1m^[22m[39m[31m[1m^[22m[39m[31m[1m^[22m[39m[31m[1m^[22m[39m[31m[1m^[2
2m[39m[31m[1m^[22m[39m[31m[1m^[22m[39m[31m[1m^[22m[39m[31m[1m^[22m[39m
 [90m 11 |[39m
 [90m 12 |[39m [36minterface[39m [33mRequestOptions[39m [36mextends[39m [33mRequestInit[39m {
 [90m 13 |[39m   caching[33m?[39m[33m:[39m {[0m

The export isRetriableError was not found in module [project]/lib/api/errors.ts [app-client] (ecmascript).
Did you mean to import isRetriable?
All exports of the module are statically known (It doesn't have dynamic exports). So it's known statically that the requested export do
esn't exist.

Import traces:
  App Route:
    ./lib/infrastructure/api/client.ts
    ./lib/infrastructure/services/api/jobService.ts
    ./app/api/v1/jobs/route.ts

  Server Component:
    ./lib/infrastructure/api/client.ts
    ./lib/api/blog.ts
    ./app/blog/page.tsx

  Client Component Browser:
    ./lib/infrastructure/api/client.ts [Client Component Browser]
    ./lib/api/search-analytics.ts [Client Component Browser]
    ./app/search/page.tsx [Client Component Browser]
    ./app/search/page.tsx [Server Component]

  Client Component SSR:
    ./lib/infrastructure/api/client.ts [Client Component SSR]
    ./lib/api/disputes.ts [Client Component SSR]
    ./app/admin/disputes/[id]/page.tsx [Client Component SSR]
    ./app/admin/disputes/[id]/page.tsx [Server Component]


./lib/infrastructure/api/client.ts:10:1
Export isRetriableError doesn't exist in target module
[0m [90m  8 |[39m   requiresCsrfProtection[33m,[39m
 [90m  9 |[39m } [36mfrom[39m [32m'../security/csrf'[39m[33m;[39m
[31m[1m>[22m[39m[90m 10 |[39m [36mimport[39m { transformApiError[33m,[39m isRetriableError } [36mfrom[39m [32m'@/lib/api/e
rrors'[39m[33m;[39m
 [90m    |[39m [31m[1m^[22m[39m[31m[1m^[22m[39m[31m[1m^[22m[39m[31m[1m^[22m[39m[31m[1m^[22m[39m[31m[1m^[22m[3
9m[31m[1m^[22m[39m[31m[1m^[22m[39m[31m[1m^[22m[39m[31m[1m^[22m[39m[31m[1m^[22m[39m[31m[1m^[22m[39m[31m[1m^[2
2m[39m[31m[1m^[22m[39m[31m[1m^[22m[39m[31m[1m^[22m[39m[31m[1m^[22m[39m[31m[1m^[22m[39m[31m[1m^[22m[39m[31m[1
m^[22m[39m[31m[1m^[22m[39m[31m[1m^[22m[39m[31m[1m^[22m[39m[31m[1m^[22m[39m[31m[1m^[22m[39m[31m[1m^[22m[39m[3
1m[1m^[22m[39m[31m[1m^[22m[39m[31m[1m^[22m[39m[31m[1m^[22m[39m[31m[1m^[22m[39m[31m[1m^[22m[39m[31m[1m^[22m[3
9m[31m[1m^[22m[39m[31m[1m^[22m[39m[31m[1m^[22m[39m[31m[1m^[22m[39m[31m[1m^[22m[39m[31m[1m^[22m[39m[31m[1m^[2
2m[39m[31m[1m^[22m[39m[31m[1m^[22m[39m[31m[1m^[22m[39m[31m[1m^[22m[39m[31m[1m^[22m[39m[31m[1m^[22m[39m[31m[1
m^[22m[39m[31m[1m^[22m[39m[31m[1m^[22m[39m[31m[1m^[22m[39m[31m[1m^[22m[39m[31m[1m^[22m[39m[31m[1m^[22m[39m[3
1m[1m^[22m[39m[31m[1m^[22m[39m[31m[1m^[22m[39m[31m[1m^[22m[39m[31m[1m^[22m[39m[31m[1m^[22m[39m[31m[1m^[22m[3
9m[31m[1m^[22m[39m[31m[1m^[22m[39m[31m[1m^[22m[39m[31m[1m^[22m[39m[31m[1m^[22m[39m[31m[1m^[22m[39m[31m[1m^[2
2m[39m[31m[1m^[22m[39m[31m[1m^[22m[39m[31m[1m^[22m[39m[31m[1m^[22m[39m
 [90m 11 |[39m
 [90m 12 |[39m [36minterface[39m [33mRequestOptions[39m [36mextends[39m [33mRequestInit[39m {
 [90m 13 |[39m   caching[33m?[39m[33m:[39m {[0m

The export isRetriableError was not found in module [project]/lib/api/errors.ts [app-route] (ecmascript).
Did you mean to import isRetriable?
All exports of the module are statically known (It doesn't have dynamic exports). So it's known statically that the requested export do
esn't exist.

Import traces:
  App Route:
    ./lib/infrastructure/api/client.ts
    ./lib/infrastructure/services/api/jobService.ts
    ./app/api/v1/jobs/route.ts

  Server Component:
    ./lib/infrastructure/api/client.ts
    ./lib/api/blog.ts
    ./app/blog/page.tsx

  Client Component Browser:
    ./lib/infrastructure/api/client.ts [Client Component Browser]
    ./lib/api/search-analytics.ts [Client Component Browser]
    ./app/search/page.tsx [Client Component Browser]
    ./app/search/page.tsx [Server Component]

  Client Component SSR:
    ./lib/infrastructure/api/client.ts [Client Component SSR]
    ./lib/api/disputes.ts [Client Component SSR]
    ./app/admin/disputes/[id]/page.tsx [Client Component SSR]
    ./app/admin/disputes/[id]/page.tsx [Server Component]


./lib/infrastructure/api/client.ts:10:1
Export isRetriableError doesn't exist in target module
[0m [90m  8 |[39m   requiresCsrfProtection[33m,[39m
 [90m  9 |[39m } [36mfrom[39m [32m'../security/csrf'[39m[33m;[39m
[31m[1m>[22m[39m[90m 10 |[39m [36mimport[39m { transformApiError[33m,[39m isRetriableError } [36mfrom[39m [32m'@/lib/api/e
rrors'[39m[33m;[39m
 [90m    |[39m [31m[1m^[22m[39m[31m[1m^[22m[39m[31m[1m^[22m[39m[31m[1m^[22m[39m[31m[1m^[22m[39m[31m[1m^[22m[3
9m[31m[1m^[22m[39m[31m[1m^[22m[39m[31m[1m^[22m[39m[31m[1m^[22m[39m[31m[1m^[22m[39m[31m[1m^[22m[39m[31m[1m^[2
2m[39m[31m[1m^[22m[39m[31m[1m^[22m[39m[31m[1m^[22m[39m[31m[1m^[22m[39m[31m[1m^[22m[39m[31m[1m^[22m[39m[31m[1
m^[22m[39m[31m[1m^[22m[39m[31m[1m^[22m[39m[31m[1m^[22m[39m[31m[1m^[22m[39m[31m[1m^[22m[39m[31m[1m^[22m[39m[3
1m[1m^[22m[39m[31m[1m^[22m[39m[31m[1m^[22m[39m[31m[1m^[22m[39m[31m[1m^[22m[39m[31m[1m^[22m[39m[31m[1m^[22m[3
9m[31m[1m^[22m[39m[31m[1m^[22m[39m[31m[1m^[22m[39m[31m[1m^[22m[39m[31m[1m^[22m[39m[31m[1m^[22m[39m[31m[1m^[2
2m[39m[31m[1m^[22m[39m[31m[1m^[22m[39m[31m[1m^[22m[39m[31m[1m^[22m[39m[31m[1m^[22m[39m[31m[1m^[22m[39m[31m[1
m^[22m[39m[31m[1m^[22m[39m[31m[1m^[22m[39m[31m[1m^[22m[39m[31m[1m^[22m[39m[31m[1m^[22m[39m[31m[1m^[22m[39m[3
1m[1m^[22m[39m[31m[1m^[22m[39m[31m[1m^[22m[39m[31m[1m^[22m[39m[31m[1m^[22m[39m[31m[1m^[22m[39m[31m[1m^[22m[3
9m[31m[1m^[22m[39m[31m[1m^[22m[39m[31m[1m^[22m[39m[31m[1m^[22m[39m[31m[1m^[22m[39m[31m[1m^[22m[39m[31m[1m^[2
2m[39m[31m[1m^[22m[39m[31m[1m^[22m[39m[31m[1m^[22m[39m[31m[1m^[22m[39m
 [90m 11 |[39m
 [90m 12 |[39m [36minterface[39m [33mRequestOptions[39m [36mextends[39m [33mRequestInit[39m {
 [90m 13 |[39m   caching[33m?[39m[33m:[39m {[0m

The export isRetriableError was not found in module [project]/lib/api/errors.ts [app-rsc] (ecmascript).
Did you mean to import isRetriable?
All exports of the module are statically known (It doesn't have dynamic exports). So it's known statically that the requested export do
esn't exist.

Import traces:
  App Route:
    ./lib/infrastructure/api/client.ts
    ./lib/infrastructure/services/api/jobService.ts
    ./app/api/v1/jobs/route.ts

  Server Component:
    ./lib/infrastructure/api/client.ts
    ./lib/api/blog.ts
    ./app/blog/page.tsx

  Client Component Browser:
    ./lib/infrastructure/api/client.ts [Client Component Browser]
    ./lib/api/search-analytics.ts [Client Component Browser]
    ./app/search/page.tsx [Client Component Browser]
    ./app/search/page.tsx [Server Component]

  Client Component SSR:
    ./lib/infrastructure/api/client.ts [Client Component SSR]
    ./lib/api/disputes.ts [Client Component SSR]
    ./app/admin/disputes/[id]/page.tsx [Client Component SSR]
    ./app/admin/disputes/[id]/page.tsx [Server Component]


./lib/infrastructure/api/client.ts:10:1
Export isRetriableError doesn't exist in target module
[0m [90m  8 |[39m   requiresCsrfProtection[33m,[39m
 [90m  9 |[39m } [36mfrom[39m [32m'../security/csrf'[39m[33m;[39m
[31m[1m>[22m[39m[90m 10 |[39m [36mimport[39m { transformApiError[33m,[39m isRetriableError } [36mfrom[39m [32m'@/lib/api/e
rrors'[39m[33m;[39m
 [90m    |[39m [31m[1m^[22m[39m[31m[1m^[22m[39m[31m[1m^[22m[39m[31m[1m^[22m[39m[31m[1m^[22m[39m[31m[1m^[22m[3
9m[31m[1m^[22m[39m[31m[1m^[22m[39m[31m[1m^[22m[39m[31m[1m^[22m[39m[31m[1m^[22m[39m[31m[1m^[22m[39m[31m[1m^[2
2m[39m[31m[1m^[22m[39m[31m[1m^[22m[39m[31m[1m^[22m[39m[31m[1m^[22m[39m[31m[1m^[22m[39m[31m[1m^[22m[39m[31m[1
m^[22m[39m[31m[1m^[22m[39m[31m[1m^[22m[39m[31m[1m^[22m[39m[31m[1m^[22m[39m[31m[1m^[22m[39m[31m[1m^[22m[39m[3
1m[1m^[22m[39m[31m[1m^[22m[39m[31m[1m^[22m[39m[31m[1m^[22m[39m[31m[1m^[22m[39m[31m[1m^[22m[39m[31m[1m^[22m[3
9m[31m[1m^[22m[39m[31m[1m^[22m[39m[31m[1m^[22m[39m[31m[1m^[22m[39m[31m[1m^[22m[39m[31m[1m^[22m[39m[31m[1m^[2
2m[39m[31m[1m^[22m[39m[31m[1m^[22m[39m[31m[1m^[22m[39m[31m[1m^[22m[39m[31m[1m^[22m[39m[31m[1m^[22m[39m[31m[1
m^[22m[39m[31m[1m^[22m[39m[31m[1m^[22m[39m[31m[1m^[22m[39m[31m[1m^[22m[39m[31m[1m^[22m[39m[31m[1m^[22m[39m[3
1m[1m^[22m[39m[31m[1m^[22m[39m[31m[1m^[22m[39m[31m[1m^[22m[39m[31m[1m^[22m[39m[31m[1m^[22m[39m[31m[1m^[22m[3
9m[31m[1m^[22m[39m[31m[1m^[22m[39m[31m[1m^[22m[39m[31m[1m^[22m[39m[31m[1m^[22m[39m[31m[1m^[22m[39m[31m[1m^[2
2m[39m[31m[1m^[22m[39m[31m[1m^[22m[39m[31m[1m^[22m[39m[31m[1m^[22m[39m
 [90m 11 |[39m
 [90m 12 |[39m [36minterface[39m [33mRequestOptions[39m [36mextends[39m [33mRequestInit[39m {
 [90m 13 |[39m   caching[33m?[39m[33m:[39m {[0m

The export isRetriableError was not found in module [project]/lib/api/errors.ts [app-ssr] (ecmascript).
Did you mean to import isRetriable?
All exports of the module are statically known (It doesn't have dynamic exports). So it's known statically that the requested export do
esn't exist.

Import traces:
  App Route:
    ./lib/infrastructure/api/client.ts
    ./lib/infrastructure/services/api/jobService.ts
    ./app/api/v1/jobs/route.ts

  Server Component:
    ./lib/infrastructure/api/client.ts
    ./lib/api/blog.ts
    ./app/blog/page.tsx

  Client Component Browser:
    ./lib/infrastructure/api/client.ts [Client Component Browser]
    ./lib/api/search-analytics.ts [Client Component Browser]
    ./app/search/page.tsx [Client Component Browser]
    ./app/search/page.tsx [Server Component]

  Client Component SSR:
    ./lib/infrastructure/api/client.ts [Client Component SSR]
    ./lib/api/disputes.ts [Client Component SSR]
    ./app/admin/disputes/[id]/page.tsx [Client Component SSR]
    ./app/admin/disputes/[id]/page.tsx [Server Component]


./hooks/business/jobs/useJobs.ts:23:1
Export logger doesn't exist in target module
[0m [90m 21 |[39m } [36mfrom[39m [32m'@/types/backend-aligned'[39m[33m;[39m
 [90m 22 |[39m [36mimport[39m [33m*[39m [36mas[39m jobsAPI [36mfrom[39m [32m'@/lib/api/jobs'[39m[33m;[39m
[31m[1m>[22m[39m[90m 23 |[39m [36mimport[39m { logger } [36mfrom[39m [32m'@/lib/infrastructure/monitoring/logger'[39m[33m;
[39m
 [90m    |[39m [31m[1m^[22m[39m[31m[1m^[22m[39m[31m[1m^[22m[39m[31m[1m^[22m[39m[31m[1m^[22m[39m[31m[1m^[22m[3
9m[31m[1m^[22m[39m[31m[1m^[22m[39m[31m[1m^[22m[39m[31m[1m^[22m[39m[31m[1m^[22m[39m[31m[1m^[22m[39m[31m[1m^[2
2m[39m[31m[1m^[22m[39m[31m[1m^[22m[39m[31m[1m^[22m[39m[31m[1m^[22m[39m[31m[1m^[22m[39m[31m[1m^[22m[39m[31m[1
m^[22m[39m[31m[1m^[22m[39m[31m[1m^[22m[39m[31m[1m^[22m[39m[31m[1m^[22m[39m[31m[1m^[22m[39m[31m[1m^[22m[39m[3
1m[1m^[22m[39m[31m[1m^[22m[39m[31m[1m^[22m[39m[31m[1m^[22m[39m[31m[1m^[22m[39m[31m[1m^[22m[39m[31m[1m^[22m[3
9m[31m[1m^[22m[39m[31m[1m^[22m[39m[31m[1m^[22m[39m[31m[1m^[22m[39m[31m[1m^[22m[39m[31m[1m^[22m[39m[31m[1m^[2
2m[39m[31m[1m^[22m[39m[31m[1m^[22m[39m[31m[1m^[22m[39m[31m[1m^[22m[39m[31m[1m^[22m[39m[31m[1m^[22m[39m[31m[1
m^[22m[39m[31m[1m^[22m[39m[31m[1m^[22m[39m[31m[1m^[22m[39m[31m[1m^[22m[39m[31m[1m^[22m[39m[31m[1m^[22m[39m[3
1m[1m^[22m[39m[31m[1m^[22m[39m[31m[1m^[22m[39m[31m[1m^[22m[39m[31m[1m^[22m[39m[31m[1m^[22m[39m[31m[1m^[22m[3
9m[31m[1m^[22m[39m[31m[1m^[22m[39m[31m[1m^[22m[39m[31m[1m^[22m[39m
 [90m 24 |[39m [36mimport[39m { toast } [36mfrom[39m [32m'sonner'[39m[33m;[39m
 [90m 25 |[39m
 [90m 26 |[39m [90m// ================================================[39m[0m

The export logger was not found in module [project]/lib/infrastructure/monitoring/logger.ts [app-client] (ecmascript).
Did you mean to import Logger?
All exports of the module are statically known (It doesn't have dynamic exports). So it's known statically that the requested export do
esn't exist.

Import traces:
  Client Component Browser:
    ./hooks/business/jobs/useJobs.ts [Client Component Browser]
    ./hooks/business/jobs/index.ts [Client Component Browser]
    ./hooks/business/index.ts [Client Component Browser]
    ./components/domains/dashboard/widgets/WalletBalanceWidget.tsx [Client Component Browser]
    ./components/domains/dashboard/views/FreelancerDashboardView.tsx [Client Component Browser]
    ./components/domains/dashboard/views/FreelancerDashboardView.tsx [Server Component]
    ./components/domains/dashboard/views/index.ts [Server Component]
    ./components/domains/dashboard/index.ts [Server Component]
    ./app/dashboard/layout.tsx [Server Component]

  Client Component SSR:
    ./hooks/business/jobs/useJobs.ts [Client Component SSR]
    ./hooks/business/jobs/index.ts [Client Component SSR]
    ./hooks/business/index.ts [Client Component SSR]
    ./components/domains/dashboard/widgets/WalletBalanceWidget.tsx [Client Component SSR]
    ./components/domains/dashboard/views/FreelancerDashboardView.tsx [Client Component SSR]
    ./components/domains/dashboard/views/FreelancerDashboardView.tsx [Server Component]
    ./components/domains/dashboard/views/index.ts [Server Component]
    ./components/domains/dashboard/index.ts [Server Component]
    ./app/dashboard/layout.tsx [Server Component]


./hooks/business/jobs/useJobs.ts:23:1
Export logger doesn't exist in target module
[0m [90m 21 |[39m } [36mfrom[39m [32m'@/types/backend-aligned'[39m[33m;[39m
 [90m 22 |[39m [36mimport[39m [33m*[39m [36mas[39m jobsAPI [36mfrom[39m [32m'@/lib/api/jobs'[39m[33m;[39m
[31m[1m>[22m[39m[90m 23 |[39m [36mimport[39m { logger } [36mfrom[39m [32m'@/lib/infrastructure/monitoring/logger'[39m[33m;
[39m
 [90m    |[39m [31m[1m^[22m[39m[31m[1m^[22m[39m[31m[1m^[22m[39m[31m[1m^[22m[39m[31m[1m^[22m[39m[31m[1m^[22m[3
9m[31m[1m^[22m[39m[31m[1m^[22m[39m[31m[1m^[22m[39m[31m[1m^[22m[39m[31m[1m^[22m[39m[31m[1m^[22m[39m[31m[1m^[2
2m[39m[31m[1m^[22m[39m[31m[1m^[22m[39m[31m[1m^[22m[39m[31m[1m^[22m[39m[31m[1m^[22m[39m[31m[1m^[22m[39m[31m[1
m^[22m[39m[31m[1m^[22m[39m[31m[1m^[22m[39m[31m[1m^[22m[39m[31m[1m^[22m[39m[31m[1m^[22m[39m[31m[1m^[22m[39m[3
1m[1m^[22m[39m[31m[1m^[22m[39m[31m[1m^[22m[39m[31m[1m^[22m[39m[31m[1m^[22m[39m[31m[1m^[22m[39m[31m[1m^[22m[3
9m[31m[1m^[22m[39m[31m[1m^[22m[39m[31m[1m^[22m[39m[31m[1m^[22m[39m[31m[1m^[22m[39m[31m[1m^[22m[39m[31m[1m^[2
2m[39m[31m[1m^[22m[39m[31m[1m^[22m[39m[31m[1m^[22m[39m[31m[1m^[22m[39m[31m[1m^[22m[39m[31m[1m^[22m[39m[31m[1
m^[22m[39m[31m[1m^[22m[39m[31m[1m^[22m[39m[31m[1m^[22m[39m[31m[1m^[22m[39m[31m[1m^[22m[39m[31m[1m^[22m[39m[3
1m[1m^[22m[39m[31m[1m^[22m[39m[31m[1m^[22m[39m[31m[1m^[22m[39m[31m[1m^[22m[39m[31m[1m^[22m[39m[31m[1m^[22m[3
9m[31m[1m^[22m[39m[31m[1m^[22m[39m[31m[1m^[22m[39m[31m[1m^[22m[39m
 [90m 24 |[39m [36mimport[39m { toast } [36mfrom[39m [32m'sonner'[39m[33m;[39m
 [90m 25 |[39m
 [90m 26 |[39m [90m// ================================================[39m[0m

The export logger was not found in module [project]/lib/infrastructure/monitoring/logger.ts [app-ssr] (ecmascript).
Did you mean to import Logger?
All exports of the module are statically known (It doesn't have dynamic exports). So it's known statically that the requested export do
esn't exist.

Import traces:
  Client Component Browser:
    ./hooks/business/jobs/useJobs.ts [Client Component Browser]
    ./hooks/business/jobs/index.ts [Client Component Browser]
    ./hooks/business/index.ts [Client Component Browser]
    ./components/domains/dashboard/widgets/WalletBalanceWidget.tsx [Client Component Browser]
    ./components/domains/dashboard/views/FreelancerDashboardView.tsx [Client Component Browser]
    ./components/domains/dashboard/views/FreelancerDashboardView.tsx [Server Component]
    ./components/domains/dashboard/views/index.ts [Server Component]
    ./components/domains/dashboard/index.ts [Server Component]
    ./app/dashboard/layout.tsx [Server Component]

  Client Component SSR:
    ./hooks/business/jobs/useJobs.ts [Client Component SSR]
    ./hooks/business/jobs/index.ts [Client Component SSR]
    ./hooks/business/index.ts [Client Component SSR]
    ./components/domains/dashboard/widgets/WalletBalanceWidget.tsx [Client Component SSR]
    ./components/domains/dashboard/views/FreelancerDashboardView.tsx [Client Component SSR]
    ./components/domains/dashboard/views/FreelancerDashboardView.tsx [Server Component]
    ./components/domains/dashboard/views/index.ts [Server Component]
    ./components/domains/dashboard/index.ts [Server Component]
    ./app/dashboard/layout.tsx [Server Component]


./hooks/business/proposals/useProposals.ts:19:1
Export logger doesn't exist in target module
[0m [90m 17 |[39m [36mimport[39m type { [33mPageResponse[39m[33m,[39m [33mProposalResponse[39m } [36mfrom[39m [32m'@/type
s/backend-aligned'[39m[33m;[39m
 [90m 18 |[39m [36mimport[39m [33m*[39m [36mas[39m proposalsAPI [36mfrom[39m [32m'@/lib/api/proposals'[39m[33m;[39m
[31m[1m>[22m[39m[90m 19 |[39m [36mimport[39m { logger } [36mfrom[39m [32m'@/lib/infrastructure/monitoring/logger'[39m[33m;
[39m
 [90m    |[39m [31m[1m^[22m[39m[31m[1m^[22m[39m[31m[1m^[22m[39m[31m[1m^[22m[39m[31m[1m^[22m[39m[31m[1m^[22m[3
9m[31m[1m^[22m[39m[31m[1m^[22m[39m[31m[1m^[22m[39m[31m[1m^[22m[39m[31m[1m^[22m[39m[31m[1m^[22m[39m[31m[1m^[2
2m[39m[31m[1m^[22m[39m[31m[1m^[22m[39m[31m[1m^[22m[39m[31m[1m^[22m[39m[31m[1m^[22m[39m[31m[1m^[22m[39m[31m[1
m^[22m[39m[31m[1m^[22m[39m[31m[1m^[22m[39m[31m[1m^[22m[39m[31m[1m^[22m[39m[31m[1m^[22m[39m[31m[1m^[22m[39m[3
1m[1m^[22m[39m[31m[1m^[22m[39m[31m[1m^[22m[39m[31m[1m^[22m[39m[31m[1m^[22m[39m[31m[1m^[22m[39m[31m[1m^[22m[3
9m[31m[1m^[22m[39m[31m[1m^[22m[39m[31m[1m^[22m[39m[31m[1m^[22m[39m[31m[1m^[22m[39m[31m[1m^[22m[39m[31m[1m^[2
2m[39m[31m[1m^[22m[39m[31m[1m^[22m[39m[31m[1m^[22m[39m[31m[1m^[22m[39m[31m[1m^[22m[39m[31m[1m^[22m[39m[31m[1
m^[22m[39m[31m[1m^[22m[39m[31m[1m^[22m[39m[31m[1m^[22m[39m[31m[1m^[22m[39m[31m[1m^[22m[39m[31m[1m^[22m[39m[3
1m[1m^[22m[39m[31m[1m^[22m[39m[31m[1m^[22m[39m[31m[1m^[22m[39m[31m[1m^[22m[39m[31m[1m^[22m[39m[31m[1m^[22m[3
9m[31m[1m^[22m[39m[31m[1m^[22m[39m[31m[1m^[22m[39m[31m[1m^[22m[39m
 [90m 20 |[39m [36mimport[39m { toast } [36mfrom[39m [32m'sonner'[39m[33m;[39m
 [90m 21 |[39m [36mimport[39m type { [33mProposalStatus[39m } [36mfrom[39m [32m'@/lib/core/validations/proposals'[39m[33m;[
39m
 [90m 22 |[39m[0m

The export logger was not found in module [project]/lib/infrastructure/monitoring/logger.ts [app-client] (ecmascript).
Did you mean to import Logger?
All exports of the module are statically known (It doesn't have dynamic exports). So it's known statically that the requested export do
esn't exist.

Import traces:
  Client Component Browser:
    ./hooks/business/proposals/useProposals.ts [Client Component Browser]
    ./app/marketplace/jobs/[id]/proposal/page.tsx [Client Component Browser]
    ./app/marketplace/jobs/[id]/proposal/page.tsx [Server Component]

  Client Component SSR:
    ./hooks/business/proposals/useProposals.ts [Client Component SSR]
    ./app/marketplace/jobs/[id]/proposal/page.tsx [Client Component SSR]
    ./app/marketplace/jobs/[id]/proposal/page.tsx [Server Component]


./hooks/business/proposals/useProposals.ts:19:1
Export logger doesn't exist in target module
[0m [90m 17 |[39m [36mimport[39m type { [33mPageResponse[39m[33m,[39m [33mProposalResponse[39m } [36mfrom[39m [32m'@/type
s/backend-aligned'[39m[33m;[39m
 [90m 18 |[39m [36mimport[39m [33m*[39m [36mas[39m proposalsAPI [36mfrom[39m [32m'@/lib/api/proposals'[39m[33m;[39m
[31m[1m>[22m[39m[90m 19 |[39m [36mimport[39m { logger } [36mfrom[39m [32m'@/lib/infrastructure/monitoring/logger'[39m[33m;
[39m
 [90m    |[39m [31m[1m^[22m[39m[31m[1m^[22m[39m[31m[1m^[22m[39m[31m[1m^[22m[39m[31m[1m^[22m[39m[31m[1m^[22m[3
9m[31m[1m^[22m[39m[31m[1m^[22m[39m[31m[1m^[22m[39m[31m[1m^[22m[39m[31m[1m^[22m[39m[31m[1m^[22m[39m[31m[1m^[2
2m[39m[31m[1m^[22m[39m[31m[1m^[22m[39m[31m[1m^[22m[39m[31m[1m^[22m[39m[31m[1m^[22m[39m[31m[1m^[22m[39m[31m[1
m^[22m[39m[31m[1m^[22m[39m[31m[1m^[22m[39m[31m[1m^[22m[39m[31m[1m^[22m[39m[31m[1m^[22m[39m[31m[1m^[22m[39m[3
1m[1m^[22m[39m[31m[1m^[22m[39m[31m[1m^[22m[39m[31m[1m^[22m[39m[31m[1m^[22m[39m[31m[1m^[22m[39m[31m[1m^[22m[3
9m[31m[1m^[22m[39m[31m[1m^[22m[39m[31m[1m^[22m[39m[31m[1m^[22m[39m[31m[1m^[22m[39m[31m[1m^[22m[39m[31m[1m^[2
2m[39m[31m[1m^[22m[39m[31m[1m^[22m[39m[31m[1m^[22m[39m[31m[1m^[22m[39m[31m[1m^[22m[39m[31m[1m^[22m[39m[31m[1
m^[22m[39m[31m[1m^[22m[39m[31m[1m^[22m[39m[31m[1m^[22m[39m[31m[1m^[22m[39m[31m[1m^[22m[39m[31m[1m^[22m[39m[3
1m[1m^[22m[39m[31m[1m^[22m[39m[31m[1m^[22m[39m[31m[1m^[22m[39m[31m[1m^[22m[39m[31m[1m^[22m[39m[31m[1m^[22m[3
9m[31m[1m^[22m[39m[31m[1m^[22m[39m[31m[1m^[22m[39m[31m[1m^[22m[39m
 [90m 20 |[39m [36mimport[39m { toast } [36mfrom[39m [32m'sonner'[39m[33m;[39m
 [90m 21 |[39m [36mimport[39m type { [33mProposalStatus[39m } [36mfrom[39m [32m'@/lib/core/validations/proposals'[39m[33m;[
39m
 [90m 22 |[39m[0m

The export logger was not found in module [project]/lib/infrastructure/monitoring/logger.ts [app-ssr] (ecmascript).
Did you mean to import Logger?
All exports of the module are statically known (It doesn't have dynamic exports). So it's known statically that the requested export do
esn't exist.

Import traces:
  Client Component Browser:
    ./hooks/business/proposals/useProposals.ts [Client Component Browser]
    ./app/marketplace/jobs/[id]/proposal/page.tsx [Client Component Browser]
    ./app/marketplace/jobs/[id]/proposal/page.tsx [Server Component]

  Client Component SSR:
    ./hooks/business/proposals/useProposals.ts [Client Component SSR]
    ./app/marketplace/jobs/[id]/proposal/page.tsx [Client Component SSR]
    ./app/marketplace/jobs/[id]/proposal/page.tsx [Server Component]


./hooks/business/useJobs.ts:31:1
Export logger doesn't exist in target module
[0m [90m 29 |[39m } [36mfrom[39m [32m'@/lib/api/jobs'[39m[33m;[39m
 [90m 30 |[39m [36mimport[39m { errorHandler } [36mfrom[39m [32m'@/lib/api/error-handler'[39m[33m;[39m
[31m[1m>[22m[39m[90m 31 |[39m [36mimport[39m { logger } [36mfrom[39m [32m'@/lib/infrastructure/monitoring/logger'[39m[33m;
[39m
 [90m    |[39m [31m[1m^[22m[39m[31m[1m^[22m[39m[31m[1m^[22m[39m[31m[1m^[22m[39m[31m[1m^[22m[39m[31m[1m^[22m[3
9m[31m[1m^[22m[39m[31m[1m^[22m[39m[31m[1m^[22m[39m[31m[1m^[22m[39m[31m[1m^[22m[39m[31m[1m^[22m[39m[31m[1m^[2
2m[39m[31m[1m^[22m[39m[31m[1m^[22m[39m[31m[1m^[22m[39m[31m[1m^[22m[39m[31m[1m^[22m[39m[31m[1m^[22m[39m[31m[1
m^[22m[39m[31m[1m^[22m[39m[31m[1m^[22m[39m[31m[1m^[22m[39m[31m[1m^[22m[39m[31m[1m^[22m[39m[31m[1m^[22m[39m[3
1m[1m^[22m[39m[31m[1m^[22m[39m[31m[1m^[22m[39m[31m[1m^[22m[39m[31m[1m^[22m[39m[31m[1m^[22m[39m[31m[1m^[22m[3
9m[31m[1m^[22m[39m[31m[1m^[22m[39m[31m[1m^[22m[39m[31m[1m^[22m[39m[31m[1m^[22m[39m[31m[1m^[22m[39m[31m[1m^[2
2m[39m[31m[1m^[22m[39m[31m[1m^[22m[39m[31m[1m^[22m[39m[31m[1m^[22m[39m[31m[1m^[22m[39m[31m[1m^[22m[39m[31m[1
m^[22m[39m[31m[1m^[22m[39m[31m[1m^[22m[39m[31m[1m^[22m[39m[31m[1m^[22m[39m[31m[1m^[22m[39m[31m[1m^[22m[39m[3
1m[1m^[22m[39m[31m[1m^[22m[39m[31m[1m^[22m[39m[31m[1m^[22m[39m[31m[1m^[22m[39m[31m[1m^[22m[39m[31m[1m^[22m[3
9m[31m[1m^[22m[39m[31m[1m^[22m[39m[31m[1m^[22m[39m[31m[1m^[22m[39m
 [90m 32 |[39m
 [90m 33 |[39m [90m// ================================================[39m
 [90m 34 |[39m [90m// TYPES[39m[0m

The export logger was not found in module [project]/lib/infrastructure/monitoring/logger.ts [app-client] (ecmascript).
Did you mean to import Logger?
All exports of the module are statically known (It doesn't have dynamic exports). So it's known statically that the requested export do
esn't exist.

Import traces:
  Client Component SSR:
    ./hooks/business/useJobs.ts [Client Component SSR]
    ./hooks/index.ts [Client Component SSR]
    ./components/layout/Header.tsx [Client Component SSR]
    ./components/layout/Header.tsx [Server Component]
    ./components/layout/index.ts [Server Component]
    ./app/page.tsx [Server Component]

  Client Component Browser:
    ./hooks/business/useJobs.ts [Client Component Browser]
    ./hooks/index.ts [Client Component Browser]
    ./hooks/business/wallet/usePayout.ts [Client Component Browser]
    ./components/domains/wallet/WalletDashboard.tsx [Client Component Browser]
    ./components/domains/wallet/index.ts [Client Component Browser]
    ./app/dashboard/wallet/bank-accounts/page.tsx [Client Component Browser]
    ./app/dashboard/wallet/bank-accounts/page.tsx [Server Component]


./hooks/business/useJobs.ts:31:1
Export logger doesn't exist in target module
[0m [90m 29 |[39m } [36mfrom[39m [32m'@/lib/api/jobs'[39m[33m;[39m
 [90m 30 |[39m [36mimport[39m { errorHandler } [36mfrom[39m [32m'@/lib/api/error-handler'[39m[33m;[39m
[31m[1m>[22m[39m[90m 31 |[39m [36mimport[39m { logger } [36mfrom[39m [32m'@/lib/infrastructure/monitoring/logger'[39m[33m;
[39m
 [90m    |[39m [31m[1m^[22m[39m[31m[1m^[22m[39m[31m[1m^[22m[39m[31m[1m^[22m[39m[31m[1m^[22m[39m[31m[1m^[22m[3
9m[31m[1m^[22m[39m[31m[1m^[22m[39m[31m[1m^[22m[39m[31m[1m^[22m[39m[31m[1m^[22m[39m[31m[1m^[22m[39m[31m[1m^[2
2m[39m[31m[1m^[22m[39m[31m[1m^[22m[39m[31m[1m^[22m[39m[31m[1m^[22m[39m[31m[1m^[22m[39m[31m[1m^[22m[39m[31m[1
m^[22m[39m[31m[1m^[22m[39m[31m[1m^[22m[39m[31m[1m^[22m[39m[31m[1m^[22m[39m[31m[1m^[22m[39m[31m[1m^[22m[39m[3
1m[1m^[22m[39m[31m[1m^[22m[39m[31m[1m^[22m[39m[31m[1m^[22m[39m[31m[1m^[22m[39m[31m[1m^[22m[39m[31m[1m^[22m[3
9m[31m[1m^[22m[39m[31m[1m^[22m[39m[31m[1m^[22m[39m[31m[1m^[22m[39m[31m[1m^[22m[39m[31m[1m^[22m[39m[31m[1m^[2
2m[39m[31m[1m^[22m[39m[31m[1m^[22m[39m[31m[1m^[22m[39m[31m[1m^[22m[39m[31m[1m^[22m[39m[31m[1m^[22m[39m[31m[1
m^[22m[39m[31m[1m^[22m[39m[31m[1m^[22m[39m[31m[1m^[22m[39m[31m[1m^[22m[39m[31m[1m^[22m[39m[31m[1m^[22m[39m[3
1m[1m^[22m[39m[31m[1m^[22m[39m[31m[1m^[22m[39m[31m[1m^[22m[39m[31m[1m^[22m[39m[31m[1m^[22m[39m[31m[1m^[22m[3
9m[31m[1m^[22m[39m[31m[1m^[22m[39m[31m[1m^[22m[39m[31m[1m^[22m[39m
 [90m 32 |[39m
 [90m 33 |[39m [90m// ================================================[39m
 [90m 34 |[39m [90m// TYPES[39m[0m

The export logger was not found in module [project]/lib/infrastructure/monitoring/logger.ts [app-ssr] (ecmascript).
Did you mean to import Logger?
All exports of the module are statically known (It doesn't have dynamic exports). So it's known statically that the requested export do
esn't exist.

Import traces:
  Client Component SSR:
    ./hooks/business/useJobs.ts [Client Component SSR]
    ./hooks/index.ts [Client Component SSR]
    ./components/layout/Header.tsx [Client Component SSR]
    ./components/layout/Header.tsx [Server Component]
    ./components/layout/index.ts [Server Component]
    ./app/page.tsx [Server Component]

  Client Component Browser:
    ./hooks/business/useJobs.ts [Client Component Browser]
    ./hooks/index.ts [Client Component Browser]
    ./hooks/business/wallet/usePayout.ts [Client Component Browser]
    ./components/domains/wallet/WalletDashboard.tsx [Client Component Browser]
    ./components/domains/wallet/index.ts [Client Component Browser]
    ./app/dashboard/wallet/bank-accounts/page.tsx [Client Component Browser]
    ./app/dashboard/wallet/bank-accounts/page.tsx [Server Component]


./components/domains/wallet/core/BankSelector.tsx:30:1
Export searchBanks doesn't exist in target module
[0m [90m 28 |[39m [36mimport[39m { [33mBadge[39m } [36mfrom[39m [32m'@/components/ui/Badge'[39m[33m;[39m
 [90m 29 |[39m [36mimport[39m { [33mBuilding2[39m[33m,[39m [33mSearch[39m[33m,[39m [33mCheck[39m[33m,[39m [33mChevronD
own[39m[33m,[39m [33mX[39m } [36mfrom[39m [32m'lucide-react'[39m[33m;[39m
[31m[1m>[22m[39m[90m 30 |[39m [36mimport[39m {
 [90m    |[39m [31m[1m^[22m[39m[31m[1m^[22m[39m[31m[1m^[22m[39m[31m[1m^[22m[39m[31m[1m^[22m[39m[31m[1m^[22m[3
9m[31m[1m^[22m[39m[31m[1m^[22m[39m
[31m[1m>[22m[39m[90m 31 |[39m   searchBanks[33m,[39m
 [90m    |[39m [31m[1m^[22m[39m[31m[1m^[22m[39m[31m[1m^[22m[39m[31m[1m^[22m[39m[31m[1m^[22m[39m[31m[1m^[22m[3
9m[31m[1m^[22m[39m[31m[1m^[22m[39m[31m[1m^[22m[39m[31m[1m^[22m[39m[31m[1m^[22m[39m[31m[1m^[22m[39m[31m[1m^[2
2m[39m[31m[1m^[22m[39m
[31m[1m>[22m[39m[90m 32 |[39m   getAllBanks[33m,[39m
 [90m    |[39m [31m[1m^[22m[39m[31m[1m^[22m[39m[31m[1m^[22m[39m[31m[1m^[22m[39m[31m[1m^[22m[39m[31m[1m^[22m[3
9m[31m[1m^[22m[39m[31m[1m^[22m[39m[31m[1m^[22m[39m[31m[1m^[22m[39m[31m[1m^[22m[39m[31m[1m^[22m[39m[31m[1m^[2
2m[39m[31m[1m^[22m[39m
[31m[1m>[22m[39m[90m 33 |[39m   type [33mBankInfo[39m[33m,[39m
 [90m    |[39m [31m[1m^[22m[39m[31m[1m^[22m[39m[31m[1m^[22m[39m[31m[1m^[22m[39m[31m[1m^[22m[39m[31m[1m^[22m[3
9m[31m[1m^[22m[39m[31m[1m^[22m[39m[31m[1m^[22m[39m[31m[1m^[22m[39m[31m[1m^[22m[39m[31m[1m^[22m[39m[31m[1m^[2
2m[39m[31m[1m^[22m[39m
[31m[1m>[22m[39m[90m 34 |[39m } [36mfrom[39m [32m'@/lib/services/bank-info-service'[39m[33m;[39m
 [90m    |[39m [31m[1m^[22m[39m[31m[1m^[22m[39m[31m[1m^[22m[39m[31m[1m^[22m[39m[31m[1m^[22m[39m[31m[1m^[22m[3
9m[31m[1m^[22m[39m[31m[1m^[22m[39m[31m[1m^[22m[39m[31m[1m^[22m[39m[31m[1m^[22m[39m[31m[1m^[22m[39m[31m[1m^[2
2m[39m[31m[1m^[22m[39m[31m[1m^[22m[39m[31m[1m^[22m[39m[31m[1m^[22m[39m[31m[1m^[22m[39m[31m[1m^[22m[39m[31m[1
m^[22m[39m[31m[1m^[22m[39m[31m[1m^[22m[39m[31m[1m^[22m[39m[31m[1m^[22m[39m[31m[1m^[22m[39m[31m[1m^[22m[39m[3
1m[1m^[22m[39m[31m[1m^[22m[39m[31m[1m^[22m[39m[31m[1m^[22m[39m[31m[1m^[22m[39m[31m[1m^[22m[39m[31m[1m^[22m[3
9m[31m[1m^[22m[39m[31m[1m^[22m[39m[31m[1m^[22m[39m[31m[1m^[22m[39m[31m[1m^[22m[39m[31m[1m^[22m[39m[31m[1m^[2
2m[39m[31m[1m^[22m[39m[31m[1m^[22m[39m[31m[1m^[22m[39m
 [90m 35 |[39m
 [90m 36 |[39m [90m// ================================================[39m
 [90m 37 |[39m [90m// TYPES[39m[0m

The export searchBanks was not found in module [project]/lib/services/bank-info-service.ts [app-client] (ecmascript).
Did you mean to import default?
All exports of the module are statically known (It doesn't have dynamic exports). So it's known statically that the requested export do
esn't exist.

Import traces:
  Client Component Browser:
    ./components/domains/wallet/core/BankSelector.tsx [Client Component Browser]
    ./components/domains/wallet/core/BankAccountForm.tsx [Client Component Browser]
    ./app/dashboard/wallet/payouts/page.tsx [Client Component Browser]
    ./app/dashboard/wallet/payouts/page.tsx [Server Component]

  Client Component SSR:
    ./components/domains/wallet/core/BankSelector.tsx [Client Component SSR]
    ./components/domains/wallet/core/BankAccountForm.tsx [Client Component SSR]
    ./app/dashboard/wallet/payouts/page.tsx [Client Component SSR]
    ./app/dashboard/wallet/payouts/page.tsx [Server Component]

  Server Component:
    ./components/domains/wallet/core/BankSelector.tsx
    ./components/domains/wallet/core/index.ts
    ./components/domains/wallet/index.ts
    ./app/dashboard/wallet/escrow/[orderId]/page.tsx


./components/domains/wallet/core/BankSelector.tsx:30:1
Export searchBanks doesn't exist in target module
[0m [90m 28 |[39m [36mimport[39m { [33mBadge[39m } [36mfrom[39m [32m'@/components/ui/Badge'[39m[33m;[39m
 [90m 29 |[39m [36mimport[39m { [33mBuilding2[39m[33m,[39m [33mSearch[39m[33m,[39m [33mCheck[39m[33m,[39m [33mChevronD
own[39m[33m,[39m [33mX[39m } [36mfrom[39m [32m'lucide-react'[39m[33m;[39m
[31m[1m>[22m[39m[90m 30 |[39m [36mimport[39m {
 [90m    |[39m [31m[1m^[22m[39m[31m[1m^[22m[39m[31m[1m^[22m[39m[31m[1m^[22m[39m[31m[1m^[22m[39m[31m[1m^[22m[3
9m[31m[1m^[22m[39m[31m[1m^[22m[39m
[31m[1m>[22m[39m[90m 31 |[39m   searchBanks[33m,[39m
 [90m    |[39m [31m[1m^[22m[39m[31m[1m^[22m[39m[31m[1m^[22m[39m[31m[1m^[22m[39m[31m[1m^[22m[39m[31m[1m^[22m[3
9m[31m[1m^[22m[39m[31m[1m^[22m[39m[31m[1m^[22m[39m[31m[1m^[22m[39m[31m[1m^[22m[39m[31m[1m^[22m[39m[31m[1m^[2
2m[39m[31m[1m^[22m[39m
[31m[1m>[22m[39m[90m 32 |[39m   getAllBanks[33m,[39m
 [90m    |[39m [31m[1m^[22m[39m[31m[1m^[22m[39m[31m[1m^[22m[39m[31m[1m^[22m[39m[31m[1m^[22m[39m[31m[1m^[22m[3
9m[31m[1m^[22m[39m[31m[1m^[22m[39m[31m[1m^[22m[39m[31m[1m^[22m[39m[31m[1m^[22m[39m[31m[1m^[22m[39m[31m[1m^[2
2m[39m[31m[1m^[22m[39m
[31m[1m>[22m[39m[90m 33 |[39m   type [33mBankInfo[39m[33m,[39m
 [90m    |[39m [31m[1m^[22m[39m[31m[1m^[22m[39m[31m[1m^[22m[39m[31m[1m^[22m[39m[31m[1m^[22m[39m[31m[1m^[22m[3
9m[31m[1m^[22m[39m[31m[1m^[22m[39m[31m[1m^[22m[39m[31m[1m^[22m[39m[31m[1m^[22m[39m[31m[1m^[22m[39m[31m[1m^[2
2m[39m[31m[1m^[22m[39m
[31m[1m>[22m[39m[90m 34 |[39m } [36mfrom[39m [32m'@/lib/services/bank-info-service'[39m[33m;[39m
 [90m    |[39m [31m[1m^[22m[39m[31m[1m^[22m[39m[31m[1m^[22m[39m[31m[1m^[22m[39m[31m[1m^[22m[39m[31m[1m^[22m[3
9m[31m[1m^[22m[39m[31m[1m^[22m[39m[31m[1m^[22m[39m[31m[1m^[22m[39m[31m[1m^[22m[39m[31m[1m^[22m[39m[31m[1m^[2
2m[39m[31m[1m^[22m[39m[31m[1m^[22m[39m[31m[1m^[22m[39m[31m[1m^[22m[39m[31m[1m^[22m[39m[31m[1m^[22m[39m[31m[1
m^[22m[39m[31m[1m^[22m[39m[31m[1m^[22m[39m[31m[1m^[22m[39m[31m[1m^[22m[39m[31m[1m^[22m[39m[31m[1m^[22m[39m[3
1m[1m^[22m[39m[31m[1m^[22m[39m[31m[1m^[22m[39m[31m[1m^[22m[39m[31m[1m^[22m[39m[31m[1m^[22m[39m[31m[1m^[22m[3
9m[31m[1m^[22m[39m[31m[1m^[22m[39m[31m[1m^[22m[39m[31m[1m^[22m[39m[31m[1m^[22m[39m[31m[1m^[22m[39m[31m[1m^[2
2m[39m[31m[1m^[22m[39m[31m[1m^[22m[39m[31m[1m^[22m[39m
 [90m 35 |[39m
 [90m 36 |[39m [90m// ================================================[39m
 [90m 37 |[39m [90m// TYPES[39m[0m

The export searchBanks was not found in module [project]/lib/services/bank-info-service.ts [app-ssr] (ecmascript).
Did you mean to import default?
All exports of the module are statically known (It doesn't have dynamic exports). So it's known statically that the requested export do
esn't exist.

Import traces:
  Client Component Browser:
    ./components/domains/wallet/core/BankSelector.tsx [Client Component Browser]
    ./components/domains/wallet/core/BankAccountForm.tsx [Client Component Browser]
    ./app/dashboard/wallet/payouts/page.tsx [Client Component Browser]
    ./app/dashboard/wallet/payouts/page.tsx [Server Component]

  Client Component SSR:
    ./components/domains/wallet/core/BankSelector.tsx [Client Component SSR]
    ./components/domains/wallet/core/BankAccountForm.tsx [Client Component SSR]
    ./app/dashboard/wallet/payouts/page.tsx [Client Component SSR]
    ./app/dashboard/wallet/payouts/page.tsx [Server Component]

  Server Component:
    ./components/domains/wallet/core/BankSelector.tsx
    ./components/domains/wallet/core/index.ts
    ./components/domains/wallet/index.ts
    ./app/dashboard/wallet/escrow/[orderId]/page.tsx


./lib/infrastructure/api/client.ts:10:1
Export transformApiError doesn't exist in target module
[0m [90m  8 |[39m   requiresCsrfProtection[33m,[39m
 [90m  9 |[39m } [36mfrom[39m [32m'../security/csrf'[39m[33m;[39m
[31m[1m>[22m[39m[90m 10 |[39m [36mimport[39m { transformApiError[33m,[39m isRetriableError } [36mfrom[39m [32m'@/lib/api/e
rrors'[39m[33m;[39m
 [90m    |[39m [31m[1m^[22m[39m[31m[1m^[22m[39m[31m[1m^[22m[39m[31m[1m^[22m[39m[31m[1m^[22m[39m[31m[1m^[22m[3
9m[31m[1m^[22m[39m[31m[1m^[22m[39m[31m[1m^[22m[39m[31m[1m^[22m[39m[31m[1m^[22m[39m[31m[1m^[22m[39m[31m[1m^[2
2m[39m[31m[1m^[22m[39m[31m[1m^[22m[39m[31m[1m^[22m[39m[31m[1m^[22m[39m[31m[1m^[22m[39m[31m[1m^[22m[39m[31m[1
m^[22m[39m[31m[1m^[22m[39m[31m[1m^[22m[39m[31m[1m^[22m[39m[31m[1m^[22m[39m[31m[1m^[22m[39m[31m[1m^[22m[39m[3
1m[1m^[22m[39m[31m[1m^[22m[39m[31m[1m^[22m[39m[31m[1m^[22m[39m[31m[1m^[22m[39m[31m[1m^[22m[39m[31m[1m^[22m[3
9m[31m[1m^[22m[39m[31m[1m^[22m[39m[31m[1m^[22m[39m[31m[1m^[22m[39m[31m[1m^[22m[39m[31m[1m^[22m[39m[31m[1m^[2
2m[39m[31m[1m^[22m[39m[31m[1m^[22m[39m[31m[1m^[22m[39m[31m[1m^[22m[39m[31m[1m^[22m[39m[31m[1m^[22m[39m[31m[1
m^[22m[39m[31m[1m^[22m[39m[31m[1m^[22m[39m[31m[1m^[22m[39m[31m[1m^[22m[39m[31m[1m^[22m[39m[31m[1m^[22m[39m[3
1m[1m^[22m[39m[31m[1m^[22m[39m[31m[1m^[22m[39m[31m[1m^[22m[39m[31m[1m^[22m[39m[31m[1m^[22m[39m[31m[1m^[22m[3
9m[31m[1m^[22m[39m[31m[1m^[22m[39m[31m[1m^[22m[39m[31m[1m^[22m[39m[31m[1m^[22m[39m[31m[1m^[22m[39m[31m[1m^[2
2m[39m[31m[1m^[22m[39m[31m[1m^[22m[39m[31m[1m^[22m[39m[31m[1m^[22m[39m
 [90m 11 |[39m
 [90m 12 |[39m [36minterface[39m [33mRequestOptions[39m [36mextends[39m [33mRequestInit[39m {
 [90m 13 |[39m   caching[33m?[39m[33m:[39m {[0m

The export transformApiError was not found in module [project]/lib/api/errors.ts [app-client] (ecmascript).
Did you mean to import transformError?
All exports of the module are statically known (It doesn't have dynamic exports). So it's known statically that the requested export do
esn't exist.

Import traces:
  App Route:
    ./lib/infrastructure/api/client.ts
    ./lib/infrastructure/services/api/jobService.ts
    ./app/api/v1/jobs/route.ts

  Server Component:
    ./lib/infrastructure/api/client.ts
    ./lib/api/blog.ts
    ./app/blog/page.tsx

  Client Component Browser:
    ./lib/infrastructure/api/client.ts [Client Component Browser]
    ./lib/api/search-analytics.ts [Client Component Browser]
    ./app/search/page.tsx [Client Component Browser]
    ./app/search/page.tsx [Server Component]

  Client Component SSR:
    ./lib/infrastructure/api/client.ts [Client Component SSR]
    ./lib/api/disputes.ts [Client Component SSR]
    ./app/admin/disputes/[id]/page.tsx [Client Component SSR]
    ./app/admin/disputes/[id]/page.tsx [Server Component]


./lib/infrastructure/api/client.ts:10:1
Export transformApiError doesn't exist in target module
[0m [90m  8 |[39m   requiresCsrfProtection[33m,[39m
 [90m  9 |[39m } [36mfrom[39m [32m'../security/csrf'[39m[33m;[39m
[31m[1m>[22m[39m[90m 10 |[39m [36mimport[39m { transformApiError[33m,[39m isRetriableError } [36mfrom[39m [32m'@/lib/api/e
rrors'[39m[33m;[39m
 [90m    |[39m [31m[1m^[22m[39m[31m[1m^[22m[39m[31m[1m^[22m[39m[31m[1m^[22m[39m[31m[1m^[22m[39m[31m[1m^[22m[3
9m[31m[1m^[22m[39m[31m[1m^[22m[39m[31m[1m^[22m[39m[31m[1m^[22m[39m[31m[1m^[22m[39m[31m[1m^[22m[39m[31m[1m^[2
2m[39m[31m[1m^[22m[39m[31m[1m^[22m[39m[31m[1m^[22m[39m[31m[1m^[22m[39m[31m[1m^[22m[39m[31m[1m^[22m[39m[31m[1
m^[22m[39m[31m[1m^[22m[39m[31m[1m^[22m[39m[31m[1m^[22m[39m[31m[1m^[22m[39m[31m[1m^[22m[39m[31m[1m^[22m[39m[3
1m[1m^[22m[39m[31m[1m^[22m[39m[31m[1m^[22m[39m[31m[1m^[22m[39m[31m[1m^[22m[39m[31m[1m^[22m[39m[31m[1m^[22m[3
9m[31m[1m^[22m[39m[31m[1m^[22m[39m[31m[1m^[22m[39m[31m[1m^[22m[39m[31m[1m^[22m[39m[31m[1m^[22m[39m[31m[1m^[2
2m[39m[31m[1m^[22m[39m[31m[1m^[22m[39m[31m[1m^[22m[39m[31m[1m^[22m[39m[31m[1m^[22m[39m[31m[1m^[22m[39m[31m[1
m^[22m[39m[31m[1m^[22m[39m[31m[1m^[22m[39m[31m[1m^[22m[39m[31m[1m^[22m[39m[31m[1m^[22m[39m[31m[1m^[22m[39m[3
1m[1m^[22m[39m[31m[1m^[22m[39m[31m[1m^[22m[39m[31m[1m^[22m[39m[31m[1m^[22m[39m[31m[1m^[22m[39m[31m[1m^[22m[3
9m[31m[1m^[22m[39m[31m[1m^[22m[39m[31m[1m^[22m[39m[31m[1m^[22m[39m[31m[1m^[22m[39m[31m[1m^[22m[39m[31m[1m^[2
2m[39m[31m[1m^[22m[39m[31m[1m^[22m[39m[31m[1m^[22m[39m[31m[1m^[22m[39m
 [90m 11 |[39m
 [90m 12 |[39m [36minterface[39m [33mRequestOptions[39m [36mextends[39m [33mRequestInit[39m {
 [90m 13 |[39m   caching[33m?[39m[33m:[39m {[0m

The export transformApiError was not found in module [project]/lib/api/errors.ts [app-route] (ecmascript).
Did you mean to import transformError?
All exports of the module are statically known (It doesn't have dynamic exports). So it's known statically that the requested export do
esn't exist.

Import traces:
  App Route:
    ./lib/infrastructure/api/client.ts
    ./lib/infrastructure/services/api/jobService.ts
    ./app/api/v1/jobs/route.ts

  Server Component:
    ./lib/infrastructure/api/client.ts
    ./lib/api/blog.ts
    ./app/blog/page.tsx

  Client Component Browser:
    ./lib/infrastructure/api/client.ts [Client Component Browser]
    ./lib/api/search-analytics.ts [Client Component Browser]
    ./app/search/page.tsx [Client Component Browser]
    ./app/search/page.tsx [Server Component]

  Client Component SSR:
    ./lib/infrastructure/api/client.ts [Client Component SSR]
    ./lib/api/disputes.ts [Client Component SSR]
    ./app/admin/disputes/[id]/page.tsx [Client Component SSR]
    ./app/admin/disputes/[id]/page.tsx [Server Component]


./lib/infrastructure/api/client.ts:10:1
Export transformApiError doesn't exist in target module
[0m [90m  8 |[39m   requiresCsrfProtection[33m,[39m
 [90m  9 |[39m } [36mfrom[39m [32m'../security/csrf'[39m[33m;[39m
[31m[1m>[22m[39m[90m 10 |[39m [36mimport[39m { transformApiError[33m,[39m isRetriableError } [36mfrom[39m [32m'@/lib/api/e
rrors'[39m[33m;[39m
 [90m    |[39m [31m[1m^[22m[39m[31m[1m^[22m[39m[31m[1m^[22m[39m[31m[1m^[22m[39m[31m[1m^[22m[39m[31m[1m^[22m[3
9m[31m[1m^[22m[39m[31m[1m^[22m[39m[31m[1m^[22m[39m[31m[1m^[22m[39m[31m[1m^[22m[39m[31m[1m^[22m[39m[31m[1m^[2
2m[39m[31m[1m^[22m[39m[31m[1m^[22m[39m[31m[1m^[22m[39m[31m[1m^[22m[39m[31m[1m^[22m[39m[31m[1m^[22m[39m[31m[1
m^[22m[39m[31m[1m^[22m[39m[31m[1m^[22m[39m[31m[1m^[22m[39m[31m[1m^[22m[39m[31m[1m^[22m[39m[31m[1m^[22m[39m[3
1m[1m^[22m[39m[31m[1m^[22m[39m[31m[1m^[22m[39m[31m[1m^[22m[39m[31m[1m^[22m[39m[31m[1m^[22m[39m[31m[1m^[22m[3
9m[31m[1m^[22m[39m[31m[1m^[22m[39m[31m[1m^[22m[39m[31m[1m^[22m[39m[31m[1m^[22m[39m[31m[1m^[22m[39m[31m[1m^[2
2m[39m[31m[1m^[22m[39m[31m[1m^[22m[39m[31m[1m^[22m[39m[31m[1m^[22m[39m[31m[1m^[22m[39m[31m[1m^[22m[39m[31m[1
m^[22m[39m[31m[1m^[22m[39m[31m[1m^[22m[39m[31m[1m^[22m[39m[31m[1m^[22m[39m[31m[1m^[22m[39m[31m[1m^[22m[39m[3
1m[1m^[22m[39m[31m[1m^[22m[39m[31m[1m^[22m[39m[31m[1m^[22m[39m[31m[1m^[22m[39m[31m[1m^[22m[39m[31m[1m^[22m[3
9m[31m[1m^[22m[39m[31m[1m^[22m[39m[31m[1m^[22m[39m[31m[1m^[22m[39m[31m[1m^[22m[39m[31m[1m^[22m[39m[31m[1m^[2
2m[39m[31m[1m^[22m[39m[31m[1m^[22m[39m[31m[1m^[22m[39m[31m[1m^[22m[39m
 [90m 11 |[39m
 [90m 12 |[39m [36minterface[39m [33mRequestOptions[39m [36mextends[39m [33mRequestInit[39m {
 [90m 13 |[39m   caching[33m?[39m[33m:[39m {[0m

The export transformApiError was not found in module [project]/lib/api/errors.ts [app-rsc] (ecmascript).
Did you mean to import transformError?
All exports of the module are statically known (It doesn't have dynamic exports). So it's known statically that the requested export do
esn't exist.

Import traces:
  App Route:
    ./lib/infrastructure/api/client.ts
    ./lib/infrastructure/services/api/jobService.ts
    ./app/api/v1/jobs/route.ts

  Server Component:
    ./lib/infrastructure/api/client.ts
    ./lib/api/blog.ts
    ./app/blog/page.tsx

  Client Component Browser:
    ./lib/infrastructure/api/client.ts [Client Component Browser]
    ./lib/api/search-analytics.ts [Client Component Browser]
    ./app/search/page.tsx [Client Component Browser]
    ./app/search/page.tsx [Server Component]

  Client Component SSR:
    ./lib/infrastructure/api/client.ts [Client Component SSR]
    ./lib/api/disputes.ts [Client Component SSR]
    ./app/admin/disputes/[id]/page.tsx [Client Component SSR]
    ./app/admin/disputes/[id]/page.tsx [Server Component]


./lib/infrastructure/api/client.ts:10:1
Export transformApiError doesn't exist in target module
[0m [90m  8 |[39m   requiresCsrfProtection[33m,[39m
 [90m  9 |[39m } [36mfrom[39m [32m'../security/csrf'[39m[33m;[39m
[31m[1m>[22m[39m[90m 10 |[39m [36mimport[39m { transformApiError[33m,[39m isRetriableError } [36mfrom[39m [32m'@/lib/api/e
rrors'[39m[33m;[39m
 [90m    |[39m [31m[1m^[22m[39m[31m[1m^[22m[39m[31m[1m^[22m[39m[31m[1m^[22m[39m[31m[1m^[22m[39m[31m[1m^[22m[3
9m[31m[1m^[22m[39m[31m[1m^[22m[39m[31m[1m^[22m[39m[31m[1m^[22m[39m[31m[1m^[22m[39m[31m[1m^[22m[39m[31m[1m^[2
2m[39m[31m[1m^[22m[39m[31m[1m^[22m[39m[31m[1m^[22m[39m[31m[1m^[22m[39m[31m[1m^[22m[39m[31m[1m^[22m[39m[31m[1
m^[22m[39m[31m[1m^[22m[39m[31m[1m^[22m[39m[31m[1m^[22m[39m[31m[1m^[22m[39m[31m[1m^[22m[39m[31m[1m^[22m[39m[3
1m[1m^[22m[39m[31m[1m^[22m[39m[31m[1m^[22m[39m[31m[1m^[22m[39m[31m[1m^[22m[39m[31m[1m^[22m[39m[31m[1m^[22m[3
9m[31m[1m^[22m[39m[31m[1m^[22m[39m[31m[1m^[22m[39m[31m[1m^[22m[39m[31m[1m^[22m[39m[31m[1m^[22m[39m[31m[1m^[2
2m[39m[31m[1m^[22m[39m[31m[1m^[22m[39m[31m[1m^[22m[39m[31m[1m^[22m[39m[31m[1m^[22m[39m[31m[1m^[22m[39m[31m[1
m^[22m[39m[31m[1m^[22m[39m[31m[1m^[22m[39m[31m[1m^[22m[39m[31m[1m^[22m[39m[31m[1m^[22m[39m[31m[1m^[22m[39m[3
1m[1m^[22m[39m[31m[1m^[22m[39m[31m[1m^[22m[39m[31m[1m^[22m[39m[31m[1m^[22m[39m[31m[1m^[22m[39m[31m[1m^[22m[3
9m[31m[1m^[22m[39m[31m[1m^[22m[39m[31m[1m^[22m[39m[31m[1m^[22m[39m[31m[1m^[22m[39m[31m[1m^[22m[39m[31m[1m^[2
2m[39m[31m[1m^[22m[39m[31m[1m^[22m[39m[31m[1m^[22m[39m[31m[1m^[22m[39m
 [90m 11 |[39m
 [90m 12 |[39m [36minterface[39m [33mRequestOptions[39m [36mextends[39m [33mRequestInit[39m {
 [90m 13 |[39m   caching[33m?[39m[33m:[39m {[0m

The export transformApiError was not found in module [project]/lib/api/errors.ts [app-ssr] (ecmascript).
Did you mean to import transformError?
All exports of the module are statically known (It doesn't have dynamic exports). So it's known statically that the requested export do
esn't exist.

Import traces:
  App Route:
    ./lib/infrastructure/api/client.ts
    ./lib/infrastructure/services/api/jobService.ts
    ./app/api/v1/jobs/route.ts

  Server Component:
    ./lib/infrastructure/api/client.ts
    ./lib/api/blog.ts
    ./app/blog/page.tsx

  Client Component Browser:
    ./lib/infrastructure/api/client.ts [Client Component Browser]
    ./lib/api/search-analytics.ts [Client Component Browser]
    ./app/search/page.tsx [Client Component Browser]
    ./app/search/page.tsx [Server Component]

  Client Component SSR:
    ./lib/infrastructure/api/client.ts [Client Component SSR]
    ./lib/api/disputes.ts [Client Component SSR]
    ./app/admin/disputes/[id]/page.tsx [Client Component SSR]
    ./app/admin/disputes/[id]/page.tsx [Server Component]


./components/domains/admin/moderation/moderation/components/ModerationRow.tsx:23:1
Export truncateText doesn't exist in target module
[0m [90m 21 |[39m } [36mfrom[39m [32m'@/components/ui/DropdownMenu'[39m[33m;[39m
 [90m 22 |[39m [36mimport[39m { [33mTableRow[39m[33m,[39m [33mTableCell[39m } [36mfrom[39m [32m'@/components/ui/table'[39
m[33m;[39m
[31m[1m>[22m[39m[90m 23 |[39m [36mimport[39m {
 [90m    |[39m [31m[1m^[22m[39m[31m[1m^[22m[39m[31m[1m^[22m[39m[31m[1m^[22m[39m[31m[1m^[22m[39m[31m[1m^[22m[3
9m[31m[1m^[22m[39m[31m[1m^[22m[39m
[31m[1m>[22m[39m[90m 24 |[39m   getStatusColor[33m,[39m
 [90m    |[39m [31m[1m^[22m[39m[31m[1m^[22m[39m[31m[1m^[22m[39m[31m[1m^[22m[39m[31m[1m^[22m[39m[31m[1m^[22m[3
9m[31m[1m^[22m[39m[31m[1m^[22m[39m[31m[1m^[22m[39m[31m[1m^[22m[39m[31m[1m^[22m[39m[31m[1m^[22m[39m[31m[1m^[2
2m[39m[31m[1m^[22m[39m[31m[1m^[22m[39m[31m[1m^[22m[39m[31m[1m^[22m[39m
[31m[1m>[22m[39m[90m 25 |[39m   getPriorityColor[33m,[39m
 [90m    |[39m [31m[1m^[22m[39m[31m[1m^[22m[39m[31m[1m^[22m[39m[31m[1m^[22m[39m[31m[1m^[22m[39m[31m[1m^[22m[3
9m[31m[1m^[22m[39m[31m[1m^[22m[39m[31m[1m^[22m[39m[31m[1m^[22m[39m[31m[1m^[22m[39m[31m[1m^[22m[39m[31m[1m^[2
2m[39m[31m[1m^[22m[39m[31m[1m^[22m[39m[31m[1m^[22m[39m[31m[1m^[22m[39m
[31m[1m>[22m[39m[90m 26 |[39m   getTypeIconComponent[33m,[39m
 [90m    |[39m [31m[1m^[22m[39m[31m[1m^[22m[39m[31m[1m^[22m[39m[31m[1m^[22m[39m[31m[1m^[22m[39m[31m[1m^[22m[3
9m[31m[1m^[22m[39m[31m[1m^[22m[39m[31m[1m^[22m[39m[31m[1m^[22m[39m[31m[1m^[22m[39m[31m[1m^[22m[39m[31m[1m^[2
2m[39m[31m[1m^[22m[39m[31m[1m^[22m[39m[31m[1m^[22m[39m[31m[1m^[22m[39m
[31m[1m>[22m[39m[90m 27 |[39m   formatDate[33m,[39m
 [90m    |[39m [31m[1m^[22m[39m[31m[1m^[22m[39m[31m[1m^[22m[39m[31m[1m^[22m[39m[31m[1m^[22m[39m[31m[1m^[22m[3
9m[31m[1m^[22m[39m[31m[1m^[22m[39m[31m[1m^[22m[39m[31m[1m^[22m[39m[31m[1m^[22m[39m[31m[1m^[22m[39m[31m[1m^[2
2m[39m[31m[1m^[22m[39m[31m[1m^[22m[39m[31m[1m^[22m[39m[31m[1m^[22m[39m
[31m[1m>[22m[39m[90m 28 |[39m   formatStatusLabel[33m,[39m
 [90m    |[39m [31m[1m^[22m[39m[31m[1m^[22m[39m[31m[1m^[22m[39m[31m[1m^[22m[39m[31m[1m^[22m[39m[31m[1m^[22m[3
9m[31m[1m^[22m[39m[31m[1m^[22m[39m[31m[1m^[22m[39m[31m[1m^[22m[39m[31m[1m^[22m[39m[31m[1m^[22m[39m[31m[1m^[2
2m[39m[31m[1m^[22m[39m[31m[1m^[22m[39m[31m[1m^[22m[39m[31m[1m^[22m[39m
[31m[1m>[22m[39m[90m 29 |[39m   formatPriorityLabel[33m,[39m
 [90m    |[39m [31m[1m^[22m[39m[31m[1m^[22m[39m[31m[1m^[22m[39m[31m[1m^[22m[39m[31m[1m^[22m[39m[31m[1m^[22m[3
9m[31m[1m^[22m[39m[31m[1m^[22m[39m[31m[1m^[22m[39m[31m[1m^[22m[39m[31m[1m^[22m[39m[31m[1m^[22m[39m[31m[1m^[2
2m[39m[31m[1m^[22m[39m[31m[1m^[22m[39m[31m[1m^[22m[39m[31m[1m^[22m[39m
[31m[1m>[22m[39m[90m 30 |[39m   getReporterFullName[33m,[39m
 [90m    |[39m [31m[1m^[22m[39m[31m[1m^[22m[39m[31m[1m^[22m[39m[31m[1m^[22m[39m[31m[1m^[22m[39m[31m[1m^[22m[3
9m[31m[1m^[22m[39m[31m[1m^[22m[39m[31m[1m^[22m[39m[31m[1m^[22m[39m[31m[1m^[22m[39m[31m[1m^[22m[39m[31m[1m^[2
2m[39m[31m[1m^[22m[39m[31m[1m^[22m[39m[31m[1m^[22m[39m[31m[1m^[22m[39m
[31m[1m>[22m[39m[90m 31 |[39m   formatReason[33m,[39m
 [90m    |[39m [31m[1m^[22m[39m[31m[1m^[22m[39m[31m[1m^[22m[39m[31m[1m^[22m[39m[31m[1m^[22m[39m[31m[1m^[22m[3
9m[31m[1m^[22m[39m[31m[1m^[22m[39m[31m[1m^[22m[39m[31m[1m^[22m[39m[31m[1m^[22m[39m[31m[1m^[22m[39m[31m[1m^[2
2m[39m[31m[1m^[22m[39m[31m[1m^[22m[39m[31m[1m^[22m[39m[31m[1m^[22m[39m
[31m[1m>[22m[39m[90m 32 |[39m   truncateText[33m,[39m
 [90m    |[39m [31m[1m^[22m[39m[31m[1m^[22m[39m[31m[1m^[22m[39m[31m[1m^[22m[39m[31m[1m^[22m[39m[31m[1m^[22m[3
9m[31m[1m^[22m[39m[31m[1m^[22m[39m[31m[1m^[22m[39m[31m[1m^[22m[39m[31m[1m^[22m[39m[31m[1m^[22m[39m[31m[1m^[2
2m[39m[31m[1m^[22m[39m[31m[1m^[22m[39m[31m[1m^[22m[39m[31m[1m^[22m[39m
[31m[1m>[22m[39m[90m 33 |[39m   hasAutomatedFlags[33m,[39m
 [90m    |[39m [31m[1m^[22m[39m[31m[1m^[22m[39m[31m[1m^[22m[39m[31m[1m^[22m[39m[31m[1m^[22m[39m[31m[1m^[22m[3
9m[31m[1m^[22m[39m[31m[1m^[22m[39m[31m[1m^[22m[39m[31m[1m^[22m[39m[31m[1m^[22m[39m[31m[1m^[22m[39m[31m[1m^[2
2m[39m[31m[1m^[22m[39m[31m[1m^[22m[39m[31m[1m^[22m[39m[31m[1m^[22m[39m
[31m[1m>[22m[39m[90m 34 |[39m   getAutomatedFlagsCount[33m,[39m
 [90m    |[39m [31m[1m^[22m[39m[31m[1m^[22m[39m[31m[1m^[22m[39m[31m[1m^[22m[39m[31m[1m^[22m[39m[31m[1m^[22m[3
9m[31m[1m^[22m[39m[31m[1m^[22m[39m[31m[1m^[22m[39m[31m[1m^[22m[39m[31m[1m^[22m[39m[31m[1m^[22m[39m[31m[1m^[2
2m[39m[31m[1m^[22m[39m[31m[1m^[22m[39m[31m[1m^[22m[39m[31m[1m^[22m[39m
[31m[1m>[22m[39m[90m 35 |[39m } [36mfrom[39m [32m'../utils/moderationHelpers'[39m[33m;[39m
 [90m    |[39m [31m[1m^[22m[39m[31m[1m^[22m[39m[31m[1m^[22m[39m[31m[1m^[22m[39m[31m[1m^[22m[39m[31m[1m^[22m[3
9m[31m[1m^[22m[39m[31m[1m^[22m[39m[31m[1m^[22m[39m[31m[1m^[22m[39m[31m[1m^[22m[39m[31m[1m^[22m[39m[31m[1m^[2
2m[39m[31m[1m^[22m[39m[31m[1m^[22m[39m[31m[1m^[22m[39m[31m[1m^[22m[39m[31m[1m^[22m[39m[31m[1m^[22m[39m[31m[1
m^[22m[39m[31m[1m^[22m[39m[31m[1m^[22m[39m[31m[1m^[22m[39m[31m[1m^[22m[39m[31m[1m^[22m[39m[31m[1m^[22m[39m[3
1m[1m^[22m[39m[31m[1m^[22m[39m[31m[1m^[22m[39m[31m[1m^[22m[39m[31m[1m^[22m[39m[31m[1m^[22m[39m[31m[1m^[22m[3
9m[31m[1m^[22m[39m[31m[1m^[22m[39m[31m[1m^[22m[39m[31m[1m^[22m[39m
 [90m 36 |[39m [36mimport[39m type { [33mModerationRowProps[39m } [36mfrom[39m [32m'../types/moderationTypes'[39m[33m;[39m
 [90m 37 |[39m
 [90m 38 |[39m [36mexport[39m [36mfunction[39m [33mModerationRow[39m({[0m

The export truncateText was not found in module [project]/components/domains/admin/moderation/moderation/utils/moderationHelpers.ts [ap
p-client] (ecmascript).
Did you mean to import getAuthHeader?
All exports of the module are statically known (It doesn't have dynamic exports). So it's known statically that the requested export do
esn't exist.

Import traces:
  Client Component Browser:
    ./components/domains/admin/moderation/moderation/components/ModerationRow.tsx [Client Component Browser]
    ./components/domains/admin/moderation/moderation/components/ModerationTable.tsx [Client Component Browser]
    ./components/domains/admin/moderation/AdminModeration.tsx [Client Component Browser]
    ./components/domains/admin/index.ts [Client Component Browser]
    ./app/admin/users/page.tsx [Client Component Browser]
    ./app/admin/users/page.tsx [Server Component]

  Client Component SSR:
    ./components/domains/admin/moderation/moderation/components/ModerationRow.tsx [Client Component SSR]
    ./components/domains/admin/moderation/moderation/components/ModerationTable.tsx [Client Component SSR]
    ./components/domains/admin/moderation/AdminModeration.tsx [Client Component SSR]
    ./components/domains/admin/index.ts [Client Component SSR]
    ./app/admin/users/page.tsx [Client Component SSR]
    ./app/admin/users/page.tsx [Server Component]


./components/domains/admin/moderation/moderation/components/ModerationRow.tsx:23:1
Export truncateText doesn't exist in target module
[0m [90m 21 |[39m } [36mfrom[39m [32m'@/components/ui/DropdownMenu'[39m[33m;[39m
 [90m 22 |[39m [36mimport[39m { [33mTableRow[39m[33m,[39m [33mTableCell[39m } [36mfrom[39m [32m'@/components/ui/table'[39
m[33m;[39m
[31m[1m>[22m[39m[90m 23 |[39m [36mimport[39m {
 [90m    |[39m [31m[1m^[22m[39m[31m[1m^[22m[39m[31m[1m^[22m[39m[31m[1m^[22m[39m[31m[1m^[22m[39m[31m[1m^[22m[3
9m[31m[1m^[22m[39m[31m[1m^[22m[39m
[31m[1m>[22m[39m[90m 24 |[39m   getStatusColor[33m,[39m
 [90m    |[39m [31m[1m^[22m[39m[31m[1m^[22m[39m[31m[1m^[22m[39m[31m[1m^[22m[39m[31m[1m^[22m[39m[31m[1m^[22m[3
9m[31m[1m^[22m[39m[31m[1m^[22m[39m[31m[1m^[22m[39m[31m[1m^[22m[39m[31m[1m^[22m[39m[31m[1m^[22m[39m[31m[1m^[2
2m[39m[31m[1m^[22m[39m[31m[1m^[22m[39m[31m[1m^[22m[39m[31m[1m^[22m[39m
[31m[1m>[22m[39m[90m 25 |[39m   getPriorityColor[33m,[39m
 [90m    |[39m [31m[1m^[22m[39m[31m[1m^[22m[39m[31m[1m^[22m[39m[31m[1m^[22m[39m[31m[1m^[22m[39m[31m[1m^[22m[3
9m[31m[1m^[22m[39m[31m[1m^[22m[39m[31m[1m^[22m[39m[31m[1m^[22m[39m[31m[1m^[22m[39m[31m[1m^[22m[39m[31m[1m^[2
2m[39m[31m[1m^[22m[39m[31m[1m^[22m[39m[31m[1m^[22m[39m[31m[1m^[22m[39m
[31m[1m>[22m[39m[90m 26 |[39m   getTypeIconComponent[33m,[39m
 [90m    |[39m [31m[1m^[22m[39m[31m[1m^[22m[39m[31m[1m^[22m[39m[31m[1m^[22m[39m[31m[1m^[22m[39m[31m[1m^[22m[3
9m[31m[1m^[22m[39m[31m[1m^[22m[39m[31m[1m^[22m[39m[31m[1m^[22m[39m[31m[1m^[22m[39m[31m[1m^[22m[39m[31m[1m^[2
2m[39m[31m[1m^[22m[39m[31m[1m^[22m[39m[31m[1m^[22m[39m[31m[1m^[22m[39m
[31m[1m>[22m[39m[90m 27 |[39m   formatDate[33m,[39m
 [90m    |[39m [31m[1m^[22m[39m[31m[1m^[22m[39m[31m[1m^[22m[39m[31m[1m^[22m[39m[31m[1m^[22m[39m[31m[1m^[22m[3
9m[31m[1m^[22m[39m[31m[1m^[22m[39m[31m[1m^[22m[39m[31m[1m^[22m[39m[31m[1m^[22m[39m[31m[1m^[22m[39m[31m[1m^[2
2m[39m[31m[1m^[22m[39m[31m[1m^[22m[39m[31m[1m^[22m[39m[31m[1m^[22m[39m
[31m[1m>[22m[39m[90m 28 |[39m   formatStatusLabel[33m,[39m
 [90m    |[39m [31m[1m^[22m[39m[31m[1m^[22m[39m[31m[1m^[22m[39m[31m[1m^[22m[39m[31m[1m^[22m[39m[31m[1m^[22m[3
9m[31m[1m^[22m[39m[31m[1m^[22m[39m[31m[1m^[22m[39m[31m[1m^[22m[39m[31m[1m^[22m[39m[31m[1m^[22m[39m[31m[1m^[2
2m[39m[31m[1m^[22m[39m[31m[1m^[22m[39m[31m[1m^[22m[39m[31m[1m^[22m[39m
[31m[1m>[22m[39m[90m 29 |[39m   formatPriorityLabel[33m,[39m
 [90m    |[39m [31m[1m^[22m[39m[31m[1m^[22m[39m[31m[1m^[22m[39m[31m[1m^[22m[39m[31m[1m^[22m[39m[31m[1m^[22m[3
9m[31m[1m^[22m[39m[31m[1m^[22m[39m[31m[1m^[22m[39m[31m[1m^[22m[39m[31m[1m^[22m[39m[31m[1m^[22m[39m[31m[1m^[2
2m[39m[31m[1m^[22m[39m[31m[1m^[22m[39m[31m[1m^[22m[39m[31m[1m^[22m[39m
[31m[1m>[22m[39m[90m 30 |[39m   getReporterFullName[33m,[39m
 [90m    |[39m [31m[1m^[22m[39m[31m[1m^[22m[39m[31m[1m^[22m[39m[31m[1m^[22m[39m[31m[1m^[22m[39m[31m[1m^[22m[3
9m[31m[1m^[22m[39m[31m[1m^[22m[39m[31m[1m^[22m[39m[31m[1m^[22m[39m[31m[1m^[22m[39m[31m[1m^[22m[39m[31m[1m^[2
2m[39m[31m[1m^[22m[39m[31m[1m^[22m[39m[31m[1m^[22m[39m[31m[1m^[22m[39m
[31m[1m>[22m[39m[90m 31 |[39m   formatReason[33m,[39m
 [90m    |[39m [31m[1m^[22m[39m[31m[1m^[22m[39m[31m[1m^[22m[39m[31m[1m^[22m[39m[31m[1m^[22m[39m[31m[1m^[22m[3
9m[31m[1m^[22m[39m[31m[1m^[22m[39m[31m[1m^[22m[39m[31m[1m^[22m[39m[31m[1m^[22m[39m[31m[1m^[22m[39m[31m[1m^[2
2m[39m[31m[1m^[22m[39m[31m[1m^[22m[39m[31m[1m^[22m[39m[31m[1m^[22m[39m
[31m[1m>[22m[39m[90m 32 |[39m   truncateText[33m,[39m
 [90m    |[39m [31m[1m^[22m[39m[31m[1m^[22m[39m[31m[1m^[22m[39m[31m[1m^[22m[39m[31m[1m^[22m[39m[31m[1m^[22m[3
9m[31m[1m^[22m[39m[31m[1m^[22m[39m[31m[1m^[22m[39m[31m[1m^[22m[39m[31m[1m^[22m[39m[31m[1m^[22m[39m[31m[1m^[2
2m[39m[31m[1m^[22m[39m[31m[1m^[22m[39m[31m[1m^[22m[39m[31m[1m^[22m[39m
[31m[1m>[22m[39m[90m 33 |[39m   hasAutomatedFlags[33m,[39m
 [90m    |[39m [31m[1m^[22m[39m[31m[1m^[22m[39m[31m[1m^[22m[39m[31m[1m^[22m[39m[31m[1m^[22m[39m[31m[1m^[22m[3
9m[31m[1m^[22m[39m[31m[1m^[22m[39m[31m[1m^[22m[39m[31m[1m^[22m[39m[31m[1m^[22m[39m[31m[1m^[22m[39m[31m[1m^[2
2m[39m[31m[1m^[22m[39m[31m[1m^[22m[39m[31m[1m^[22m[39m[31m[1m^[22m[39m
[31m[1m>[22m[39m[90m 34 |[39m   getAutomatedFlagsCount[33m,[39m
 [90m    |[39m [31m[1m^[22m[39m[31m[1m^[22m[39m[31m[1m^[22m[39m[31m[1m^[22m[39m[31m[1m^[22m[39m[31m[1m^[22m[3
9m[31m[1m^[22m[39m[31m[1m^[22m[39m[31m[1m^[22m[39m[31m[1m^[22m[39m[31m[1m^[22m[39m[31m[1m^[22m[39m[31m[1m^[2
2m[39m[31m[1m^[22m[39m[31m[1m^[22m[39m[31m[1m^[22m[39m[31m[1m^[22m[39m
[31m[1m>[22m[39m[90m 35 |[39m } [36mfrom[39m [32m'../utils/moderationHelpers'[39m[33m;[39m
 [90m    |[39m [31m[1m^[22m[39m[31m[1m^[22m[39m[31m[1m^[22m[39m[31m[1m^[22m[39m[31m[1m^[22m[39m[31m[1m^[22m[3
9m[31m[1m^[22m[39m[31m[1m^[22m[39m[31m[1m^[22m[39m[31m[1m^[22m[39m[31m[1m^[22m[39m[31m[1m^[22m[39m[31m[1m^[2
2m[39m[31m[1m^[22m[39m[31m[1m^[22m[39m[31m[1m^[22m[39m[31m[1m^[22m[39m[31m[1m^[22m[39m[31m[1m^[22m[39m[31m[1
m^[22m[39m[31m[1m^[22m[39m[31m[1m^[22m[39m[31m[1m^[22m[39m[31m[1m^[22m[39m[31m[1m^[22m[39m[31m[1m^[22m[39m[3
1m[1m^[22m[39m[31m[1m^[22m[39m[31m[1m^[22m[39m[31m[1m^[22m[39m[31m[1m^[22m[39m[31m[1m^[22m[39m[31m[1m^[22m[3
9m[31m[1m^[22m[39m[31m[1m^[22m[39m[31m[1m^[22m[39m[31m[1m^[22m[39m
 [90m 36 |[39m [36mimport[39m type { [33mModerationRowProps[39m } [36mfrom[39m [32m'../types/moderationTypes'[39m[33m;[39m
 [90m 37 |[39m
 [90m 38 |[39m [36mexport[39m [36mfunction[39m [33mModerationRow[39m({[0m

The export truncateText was not found in module [project]/components/domains/admin/moderation/moderation/utils/moderationHelpers.ts [ap
p-ssr] (ecmascript).
Did you mean to import getAuthHeader?
All exports of the module are statically known (It doesn't have dynamic exports). So it's known statically that the requested export do
esn't exist.

Import traces:
  Client Component Browser:
    ./components/domains/admin/moderation/moderation/components/ModerationRow.tsx [Client Component Browser]
    ./components/domains/admin/moderation/moderation/components/ModerationTable.tsx [Client Component Browser]
    ./components/domains/admin/moderation/AdminModeration.tsx [Client Component Browser]
    ./components/domains/admin/index.ts [Client Component Browser]
    ./app/admin/users/page.tsx [Client Component Browser]
    ./app/admin/users/page.tsx [Server Component]

  Client Component SSR:
    ./components/domains/admin/moderation/moderation/components/ModerationRow.tsx [Client Component SSR]
    ./components/domains/admin/moderation/moderation/components/ModerationTable.tsx [Client Component SSR]
    ./components/domains/admin/moderation/AdminModeration.tsx [Client Component SSR]
    ./components/domains/admin/index.ts [Client Component SSR]
    ./app/admin/users/page.tsx [Client Component SSR]
    ./app/admin/users/page.tsx [Server Component]


    at <unknown> (./app/admin/wallets/bank-accounts/page.tsx:490:6)
    at <unknown> (./components/domains/packages/OrderForm.tsx:88:7)
    at <unknown> (./lib/core/store/domains/messaging/MessagingStore.ts:526:30)
    at <unknown> (./lib/core/store/search.ts:317:11)
    at <unknown> (./lib/core/store/social.ts:166:9)
    at <unknown> (./lib/infrastructure/security/csrf.ts:81:68)
    at <unknown> (./lib/infrastructure/security/xss-protection.tsx:256:82)
    at <unknown> (./middleware.ts:160:19)
    at <unknown> (./lib/domains/notification/index.ts:13:1)
    at <unknown> (https://nextjs.org/docs/messages/module-not-found)
    at <unknown> (./components/domains/wallet/TransactionDisplay/Filters.tsx:15:1)
    at <unknown> (https://nextjs.org/docs/messages/module-not-found)
    at <unknown> (./components/shared/index.ts:17:1)
    at <unknown> (https://nextjs.org/docs/messages/module-not-found)
    at <unknown> (./components/domains/wallet/TransactionDisplay/index.tsx:37:1)
    at <unknown> (https://nextjs.org/docs/messages/module-not-found)
    at <unknown> (./components/domains/wallet/TransactionDisplay/index.tsx:288:1)
    at <unknown> (https://nextjs.org/docs/messages/module-not-found)
    at <unknown> (./components/shared/index.ts:31:1)
    at <unknown> (https://nextjs.org/docs/messages/module-not-found)
    at <unknown> (./components/shared/index.ts:18:1)
    at <unknown> (https://nextjs.org/docs/messages/module-not-found)
    at <unknown> (./components/shared/index.ts:19:1)
    at <unknown> (https://nextjs.org/docs/messages/module-not-found)
    at <unknown> (./components/shared/index.ts:20:1)
    at <unknown> (https://nextjs.org/docs/messages/module-not-found)
    at <unknown> (./components/shared/index.ts:21:1)
    at <unknown> (https://nextjs.org/docs/messages/module-not-found)
    at <unknown> (./components/shared/index.ts:22:1)
    at <unknown> (https://nextjs.org/docs/messages/module-not-found)
    at <unknown> (./components/shared/index.ts:23:1)
    at <unknown> (https://nextjs.org/docs/messages/module-not-found)
    at <unknown> (./components/shared/index.ts:24:1)
    at <unknown> (https://nextjs.org/docs/messages/module-not-found)
    at <unknown> (./components/shared/utilities/index.ts:7:1)
    at <unknown> (https://nextjs.org/docs/messages/module-not-found)
    at <unknown> (./components/domains/notifications/index.ts:26:1)
    at <unknown> (https://nextjs.org/docs/messages/module-not-found)
    at <unknown> (./components/shared/index.ts:25:1)
    at <unknown> (https://nextjs.org/docs/messages/module-not-found)
    at <unknown> (./components/shared/index.ts:26:1)
    at <unknown> (https://nextjs.org/docs/messages/module-not-found)
    at <unknown> (./components/shared/index.ts:27:1)
    at <unknown> (https://nextjs.org/docs/messages/module-not-found)
    at <unknown> (./components/shared/index.ts:28:1)
    at <unknown> (https://nextjs.org/docs/messages/module-not-found)
    at <unknown> (./components/shared/index.ts:29:1)
    at <unknown> (https://nextjs.org/docs/messages/module-not-found)
    at <unknown> (./components/shared/index.ts:30:1)
    at <unknown> (https://nextjs.org/docs/messages/module-not-found)
    at <unknown> (./lib/api/index.ts:91:1)
    at <unknown> (https://nextjs.org/docs/messages/module-not-found)
    at <unknown> (./components/domains/dashboard/index.ts:84:1)
    at <unknown> (https://nextjs.org/docs/messages/module-not-found)
    at <unknown> (./lib/shared/utils/index.ts:209:1)
    at <unknown> (https://nextjs.org/docs/messages/module-not-found)
    at <unknown> (./lib/core/store/index.ts:13:1)
    at <unknown> (https://nextjs.org/docs/messages/module-not-found)
    at <unknown> (./lib/domains/notification/index.ts:10:1)
    at <unknown> (https://nextjs.org/docs/messages/module-not-found)
    at <unknown> (./lib/api/index.ts:94:1)
    at <unknown> (https://nextjs.org/docs/messages/module-not-found)
    at <unknown> (./app/admin/analytics/forecast/page.tsx:32:1)
    at <unknown> (https://nextjs.org/docs/messages/module-not-found)
    at <unknown> (./app/admin/analytics/platform/page.tsx:27:1)
    at <unknown> (https://nextjs.org/docs/messages/module-not-found)
    at <unknown> (./app/admin/analytics/refunds/page.tsx:31:1)
    at <unknown> (https://nextjs.org/docs/messages/module-not-found)
    at <unknown> (./app/admin/analytics/reports/page.tsx:25:1)
    at <unknown> (https://nextjs.org/docs/messages/module-not-found)
    at <unknown> (./app/admin/analytics/revenue/page.tsx:30:1)
    at <unknown> (https://nextjs.org/docs/messages/module-not-found)
    at <unknown> (./components/admin/payouts/BatchPayoutManager.tsx:31:1)
    at <unknown> (https://nextjs.org/docs/messages/module-not-found)
    at <unknown> (./components/admin/payouts/BatchPayoutManager.tsx:27:1)
    at <unknown> (https://nextjs.org/docs/messages/module-not-found)
    at <unknown> (./components/forms/JobPostingWizard.tsx:8:79)
    at <unknown> (https://nextjs.org/docs/messages/module-not-found)
    at <unknown> (./components/admin/payouts/BatchPayoutManager.tsx:26:1)
    at <unknown> (https://nextjs.org/docs/messages/module-not-found)
    at <unknown> (./components/forms/JobPostingWizard.tsx:6:36)
    at <unknown> (https://nextjs.org/docs/messages/module-not-found)
    at <unknown> (./components/admin/payouts/BatchPayoutManager.tsx:19:1)
    at <unknown> (https://nextjs.org/docs/messages/module-not-found)
    at <unknown> (./components/forms/JobPostingWizard.tsx:7:47)
    at <unknown> (https://nextjs.org/docs/messages/module-not-found)
    at <unknown> (./components/admin/payouts/BatchPayoutManager.tsx:28:1)
    at <unknown> (https://nextjs.org/docs/messages/module-not-found)
    at <unknown> (./components/admin/payouts/BatchPayoutManager.tsx:30:1)
    at <unknown> (https://nextjs.org/docs/messages/module-not-found)
    at <unknown> (./app/admin/payments/failed/page.tsx:28:1)
    at <unknown> (https://nextjs.org/docs/messages/module-not-found)
    at <unknown> (./app/dashboard/refunds/page.tsx:19:1)
    at <unknown> (https://nextjs.org/docs/messages/module-not-found)
    at <unknown> (./components/admin/payouts/BatchPayoutManager.tsx:32:1)
    at <unknown> (https://nextjs.org/docs/messages/module-not-found)
    at <unknown> (./components/domains/admin/moderation/ContentModerationQueue.tsx:10:1)
    at <unknown> (https://nextjs.org/docs/messages/module-not-found)
    at <unknown> (./components/domains/admin/moderation/moderation/components/ModerationRow.tsx:22:1)
    at <unknown> (https://nextjs.org/docs/messages/module-not-found)
    at <unknown> (./components/domains/admin/moderation/moderation/components/ModerationTable.tsx:9:1)
    at <unknown> (https://nextjs.org/docs/messages/module-not-found)
    at <unknown> (./components/domains/admin/refunds/RefundApprovalQueue.tsx:20:1)
    at <unknown> (https://nextjs.org/docs/messages/module-not-found)
    at <unknown> (./components/domains/admin/users/UserTable.tsx:20:1)
    at <unknown> (https://nextjs.org/docs/messages/module-not-found)
    at <unknown> (./components/domains/admin/users/userTable/components/UserRow.tsx:10:1)
    at <unknown> (https://nextjs.org/docs/messages/module-not-found)
    at <unknown> (./components/domains/disputes/core/UnifiedDisputeList.tsx:49:1)
    at <unknown> (https://nextjs.org/docs/messages/module-not-found)
    at <unknown> (./components/domains/refunds/RefundHistoryList.tsx:4:1)
    at <unknown> (https://nextjs.org/docs/messages/module-not-found)
    at <unknown> (./components/admin/payouts/BatchPayoutManager.tsx:29:1)
    at <unknown> (https://nextjs.org/docs/messages/module-not-found)
    at <unknown> (./components/admin/payouts/BatchPayoutManager.tsx:51:1)
    at <unknown> (https://nextjs.org/docs/messages/module-not-found)
    at <unknown> (./components/domains/admin/moderation/reviews/ModerationStats.tsx:16:1)
    at <unknown> (https://nextjs.org/docs/messages/module-not-found)
    at <unknown> (./components/domains/moderation/shared/UnifiedReviewQueue.tsx:31:1)
    at <unknown> (https://nextjs.org/docs/messages/module-not-found)
    at <unknown> (./app/admin/payouts/batch/page.tsx:3:1)
    at <unknown> (https://nextjs.org/docs/messages/module-not-found)
    at <unknown> (./hooks/business/wallet/useBankAccounts.ts:24:1)
    at <unknown> (https://nextjs.org/docs/messages/module-not-found)
    at <unknown> (./hooks/business/wallet/useWalletConfig.ts:20:1)
    at <unknown> (https://nextjs.org/docs/messages/module-not-found)
    at <unknown> (./app/blog/[slug]/page.tsx:42:1)
    at <unknown> (https://nextjs.org/docs/messages/module-not-found)
    at <unknown> (./components/domains/moderator/ModeratorActivityTimeline.tsx:44:1)
    at <unknown> (https://nextjs.org/docs/messages/module-not-found)
    at <unknown> (./app/admin/disputes/[id]/page.tsx:51:1)
    at <unknown> (https://nextjs.org/docs/messages/module-not-found)
    at <unknown> (./components/domains/dashboard/views/AdminDashboardView.tsx:50:1)
    at <unknown> (./components/domains/dashboard/views/AdminDashboardView.tsx:50:1)
    at <unknown> (./components/domains/dashboard/views/AdminDashboardView.tsx:50:1)
    at <unknown> (./components/domains/dashboard/views/EmployerDashboardView.tsx:47:1)
    at <unknown> (./components/domains/dashboard/views/EmployerDashboardView.tsx:47:1)
    at <unknown> (./components/domains/dashboard/views/FreelancerDashboardView.tsx:50:1)
    at <unknown> (./components/domains/dashboard/views/FreelancerDashboardView.tsx:50:1)
    at <unknown> (./components/domains/wallet/EarningsChart.tsx:20:1)
    at <unknown> (./components/domains/wallet/EarningsChart.tsx:20:1)
    at <unknown> (./lib/shared/utils/index.ts:43:1)
    at <unknown> (./lib/shared/utils/index.ts:43:1)
    at <unknown> (./lib/shared/utils/index.ts:43:1)
    at <unknown> (./components/domains/admin/moderation/moderation/components/ModerationRow.tsx:23:1)
    at <unknown> (./components/domains/admin/moderation/moderation/components/ModerationRow.tsx:23:1)
    at <unknown> (./components/domains/admin/users/userTable/components/UserRow.tsx:16:1)
    at <unknown> (./components/domains/admin/users/userTable/components/UserRow.tsx:16:1)
    at <unknown> (./components/domains/admin/moderation/analytics/components/AnalyticsCards.tsx:10:1)
    at <unknown> (./components/domains/admin/moderation/analytics/components/AnalyticsCards.tsx:10:1)
    at <unknown> (./components/domains/marketplace/category-card/components/CategoryStats.tsx:8:1)
    at <unknown> (./components/domains/marketplace/category-card/components/CategoryStats.tsx:8:1)
    at <unknown> (./components/domains/marketplace/category-card/components/variants/CategoryCardCompact.tsx:12:1)
    at <unknown> (./components/domains/marketplace/category-card/components/variants/CategoryCardCompact.tsx:12:1)
    at <unknown> (./lib/shared/utils/index.ts:43:1)
    at <unknown> (./lib/shared/utils/index.ts:43:1)
    at <unknown> (./lib/shared/utils/index.ts:43:1)
    at <unknown> (./components/domains/admin/moderation/reviews/ModeratorAnalyticsDashboard.tsx:45:1)
    at <unknown> (./components/domains/admin/moderation/reviews/ModeratorAnalyticsDashboard.tsx:45:1)
    at <unknown> (./components/domains/dashboard/views/AdminDashboardView.tsx:50:1)
    at <unknown> (./components/domains/dashboard/views/AdminDashboardView.tsx:50:1)
    at <unknown> (./components/domains/dashboard/views/AdminDashboardView.tsx:50:1)
    at <unknown> (./components/domains/marketplace/category-card/components/CategoryExpandedContent.tsx:9:1)
    at <unknown> (./components/domains/marketplace/category-card/components/CategoryExpandedContent.tsx:9:1)
    at <unknown> (./components/domains/marketplace/category-card/components/CategoryServiceList.tsx:7:1)
    at <unknown> (./components/domains/marketplace/category-card/components/CategoryServiceList.tsx:7:1)
    at <unknown> (./components/domains/marketplace/category-card/components/CategoryStats.tsx:8:1)
    at <unknown> (./components/domains/marketplace/category-card/components/CategoryStats.tsx:8:1)
    at <unknown> (./components/domains/marketplace/category-card/components/CategorySubcategoryList.tsx:9:1)
    at <unknown> (./components/domains/marketplace/category-card/components/CategorySubcategoryList.tsx:9:1)
    at <unknown> (./components/domains/wallet/core/BankSelector.tsx:30:1)
    at <unknown> (./components/domains/wallet/core/BankSelector.tsx:30:1)
    at <unknown> (./components/domains/wallet/core/BankAccountForm.tsx:51:1)
    at <unknown> (./components/domains/wallet/core/BankAccountForm.tsx:51:1)
    at <unknown> (./hooks/shared/useApiError.ts:13:1)
    at <unknown> (./hooks/shared/useApiError.ts:13:1)
    at <unknown> (./lib/infrastructure/api/client.ts:10:1)
    at <unknown> (./lib/infrastructure/api/client.ts:10:1)
    at <unknown> (./lib/infrastructure/api/client.ts:10:1)
    at <unknown> (./lib/infrastructure/api/client.ts:10:1)
    at <unknown> (./hooks/business/jobs/useJobs.ts:23:1)
    at <unknown> (./hooks/business/jobs/useJobs.ts:23:1)
    at <unknown> (./hooks/business/proposals/useProposals.ts:19:1)
    at <unknown> (./hooks/business/proposals/useProposals.ts:19:1)
    at <unknown> (./hooks/business/useJobs.ts:31:1)
    at <unknown> (./hooks/business/useJobs.ts:31:1)
    at <unknown> (./components/domains/wallet/core/BankSelector.tsx:30:1)
    at <unknown> (./components/domains/wallet/core/BankSelector.tsx:30:1)
    at <unknown> (./lib/infrastructure/api/client.ts:10:1)
    at <unknown> (./lib/infrastructure/api/client.ts:10:1)
    at <unknown> (./lib/infrastructure/api/client.ts:10:1)
    at <unknown> (./lib/infrastructure/api/client.ts:10:1)
    at <unknown> (./components/domains/admin/moderation/moderation/components/ModerationRow.tsx:23:1)
    at <unknown> (./components/domains/admin/moderation/moderation/components/ModerationRow.tsx:23:1)
