
> marifetbul@1.0.0 test
> jest __tests__/components/domains/dashboard/dashboardAdapters.test.ts

  console.error
    [ERROR] Invalid AdminDashboard API response - missing required fields { received: { periodDays: 30 }, component: 'adaptAdminDashboard' }

    [0m [90m 83 |[39m       [36mreturn[39m[33m;[39m
     [90m 84 |[39m     }
    [31m[1m>[22m[39m[90m 85 |[39m     originalError[33m.[39mcall(console[33m,[39m [33m...[39margs)[33m;[39m
     [90m    |[39m                   [31m[1m^[22m[39m
     [90m 86 |[39m   }[33m;[39m
     [90m 87 |[39m })[33m;[39m
     [90m 88 |[39m[0m

      at console.call [as error] (jest.setup.js:85:19)
      at Logger.error (lib/shared/utils/logger.ts:52:15)
      at error (components/domains/dashboard/utils/dashboardAdapters.ts:571:12)
      at __tests__/components/domains/dashboard/dashboardAdapters.test.ts:472:39
      at Object.<anonymous> (node_modules/expect/build/index.js:1824:9)
      at Object.throwingMatcher [as toThrow] (node_modules/expect/build/index.js:2235:93)
      at Object.toThrow (__tests__/components/domains/dashboard/dashboardAdapters.test.ts:472:68)

  console.error
    [ERROR] Invalid AdminDashboard API response - missing required fields { received: null, component: 'adaptAdminDashboard' }

    [0m [90m 83 |[39m       [36mreturn[39m[33m;[39m
     [90m 84 |[39m     }
    [31m[1m>[22m[39m[90m 85 |[39m     originalError[33m.[39mcall(console[33m,[39m [33m...[39margs)[33m;[39m
     [90m    |[39m                   [31m[1m^[22m[39m
     [90m 86 |[39m   }[33m;[39m
     [90m 87 |[39m })[33m;[39m
     [90m 88 |[39m[0m

      at console.call [as error] (jest.setup.js:85:19)
      at Logger.error (lib/shared/utils/logger.ts:52:15)
      at error (components/domains/dashboard/utils/dashboardAdapters.ts:571:12)
      at __tests__/components/domains/dashboard/dashboardAdapters.test.ts:479:39
      at Object.<anonymous> (node_modules/expect/build/index.js:1824:9)
      at Object.throwingMatcher [as toThrow] (node_modules/expect/build/index.js:2235:93)
      at Object.toThrow (__tests__/components/domains/dashboard/dashboardAdapters.test.ts:479:54)

  console.error
    [ERROR] Invalid SellerDashboard API response - missing required fields { received: { periodDays: 30 }, component: 'adaptFreelancerDashboard' }

    [0m [90m 83 |[39m       [36mreturn[39m[33m;[39m
     [90m 84 |[39m     }
    [31m[1m>[22m[39m[90m 85 |[39m     originalError[33m.[39mcall(console[33m,[39m [33m...[39margs)[33m;[39m
     [90m    |[39m                   [31m[1m^[22m[39m
     [90m 86 |[39m   }[33m;[39m
     [90m 87 |[39m })[33m;[39m
     [90m 88 |[39m[0m

      at console.call [as error] (jest.setup.js:85:19)
      at Logger.error (lib/shared/utils/logger.ts:52:15)
      at error (components/domains/dashboard/utils/dashboardAdapters.ts:181:12)
      at __tests__/components/domains/dashboard/dashboardAdapters.test.ts:756:33
      at Object.<anonymous> (node_modules/expect/build/index.js:1824:9)
      at Object.throwingMatcher [as toThrow] (node_modules/expect/build/index.js:2235:93)
      at Object.toThrow (__tests__/components/domains/dashboard/dashboardAdapters.test.ts:757:9)

  console.error
    [ERROR] Invalid SellerDashboard API response - missing required fields { received: null, component: 'adaptFreelancerDashboard' }

    [0m [90m 83 |[39m       [36mreturn[39m[33m;[39m
     [90m 84 |[39m     }
    [31m[1m>[22m[39m[90m 85 |[39m     originalError[33m.[39mcall(console[33m,[39m [33m...[39margs)[33m;[39m
     [90m    |[39m                   [31m[1m^[22m[39m
     [90m 86 |[39m   }[33m;[39m
     [90m 87 |[39m })[33m;[39m
     [90m 88 |[39m[0m

      at console.call [as error] (jest.setup.js:85:19)
      at Logger.error (lib/shared/utils/logger.ts:52:15)
      at error (components/domains/dashboard/utils/dashboardAdapters.ts:181:12)
      at __tests__/components/domains/dashboard/dashboardAdapters.test.ts:764:44
      at Object.<anonymous> (node_modules/expect/build/index.js:1824:9)
      at Object.throwingMatcher [as toThrow] (node_modules/expect/build/index.js:2235:93)
      at Object.toThrow (__tests__/components/domains/dashboard/dashboardAdapters.test.ts:764:59)

  console.error
    [ERROR] Invalid BuyerDashboard API response - missing required fields { received: { periodDays: 30 }, component: 'adaptEmployerDashboard' }

    [0m [90m 83 |[39m       [36mreturn[39m[33m;[39m
     [90m 84 |[39m     }
    [31m[1m>[22m[39m[90m 85 |[39m     originalError[33m.[39mcall(console[33m,[39m [33m...[39margs)[33m;[39m
     [90m    |[39m                   [31m[1m^[22m[39m
     [90m 86 |[39m   }[33m;[39m
     [90m 87 |[39m })[33m;[39m
     [90m 88 |[39m[0m

      at console.call [as error] (jest.setup.js:85:19)
      at Logger.error (lib/shared/utils/logger.ts:52:15)
      at error (components/domains/dashboard/utils/dashboardAdapters.ts:333:12)
      at __tests__/components/domains/dashboard/dashboardAdapters.test.ts:1024:42
      at Object.<anonymous> (node_modules/expect/build/index.js:1824:9)
      at Object.throwingMatcher [as toThrow] (node_modules/expect/build/index.js:2235:93)
      at Object.toThrow (__tests__/components/domains/dashboard/dashboardAdapters.test.ts:1024:73)

  console.error
    [ERROR] Invalid BuyerDashboard API response - missing required fields { received: null, component: 'adaptEmployerDashboard' }

    [0m [90m 83 |[39m       [36mreturn[39m[33m;[39m
     [90m 84 |[39m     }
    [31m[1m>[22m[39m[90m 85 |[39m     originalError[33m.[39mcall(console[33m,[39m [33m...[39margs)[33m;[39m
     [90m    |[39m                   [31m[1m^[22m[39m
     [90m 86 |[39m   }[33m;[39m
     [90m 87 |[39m })[33m;[39m
     [90m 88 |[39m[0m

      at console.call [as error] (jest.setup.js:85:19)
      at Logger.error (lib/shared/utils/logger.ts:52:15)
      at error (components/domains/dashboard/utils/dashboardAdapters.ts:333:12)
      at __tests__/components/domains/dashboard/dashboardAdapters.test.ts:1031:42
      at Object.<anonymous> (node_modules/expect/build/index.js:1824:9)
      at Object.throwingMatcher [as toThrow] (node_modules/expect/build/index.js:2235:93)
      at Object.toThrow (__tests__/components/domains/dashboard/dashboardAdapters.test.ts:1031:57)

  console.error
    [ERROR] Invalid ModeratorDashboard API response - missing required fields {
      received: { moderatorId: 'mod-123' },
      component: 'adaptModeratorDashboard'
    }

    [0m [90m 83 |[39m       [36mreturn[39m[33m;[39m
     [90m 84 |[39m     }
    [31m[1m>[22m[39m[90m 85 |[39m     originalError[33m.[39mcall(console[33m,[39m [33m...[39margs)[33m;[39m
     [90m    |[39m                   [31m[1m^[22m[39m
     [90m 86 |[39m   }[33m;[39m
     [90m 87 |[39m })[33m;[39m
     [90m 88 |[39m[0m

      at console.call [as error] (jest.setup.js:85:19)
      at Logger.error (lib/shared/utils/logger.ts:52:15)
      at error (components/domains/dashboard/utils/dashboardAdapters.ts:941:12)
      at __tests__/components/domains/dashboard/dashboardAdapters.test.ts:1260:32
      at Object.<anonymous> (node_modules/expect/build/index.js:1824:9)
      at Object.throwingMatcher [as toThrow] (node_modules/expect/build/index.js:2235:93)
      at Object.toThrow (__tests__/components/domains/dashboard/dashboardAdapters.test.ts:1261:9)

  console.error
    [ERROR] Invalid ModeratorDashboard API response - missing required fields { received: null, component: 'adaptModeratorDashboard' }

    [0m [90m 83 |[39m       [36mreturn[39m[33m;[39m
     [90m 84 |[39m     }
    [31m[1m>[22m[39m[90m 85 |[39m     originalError[33m.[39mcall(console[33m,[39m [33m...[39margs)[33m;[39m
     [90m    |[39m                   [31m[1m^[22m[39m
     [90m 86 |[39m   }[33m;[39m
     [90m 87 |[39m })[33m;[39m
     [90m 88 |[39m[0m

      at console.call [as error] (jest.setup.js:85:19)
      at Logger.error (lib/shared/utils/logger.ts:52:15)
      at error (components/domains/dashboard/utils/dashboardAdapters.ts:941:12)
      at __tests__/components/domains/dashboard/dashboardAdapters.test.ts:1268:43
      at Object.<anonymous> (node_modules/expect/build/index.js:1824:9)
      at Object.throwingMatcher [as toThrow] (node_modules/expect/build/index.js:2235:93)
      at Object.toThrow (__tests__/components/domains/dashboard/dashboardAdapters.test.ts:1268:58)

node.exe : FAIL __tests__/components/domains/dashboard/dashboardAdapters.test.ts
At C:\Program Files\nodejs\npm.ps1:29 char:3
+   & $NODE_EXE $NPM_CLI_JS $args
+   ~~~~~~~~~~~~~~~~~~~~~~~~~~~~~
    + CategoryInfo          : NotSpecified: (FAIL __tests__/...dapters.test.ts:String) [], RemoteException
    + FullyQualifiedErrorId : NativeCommandError
 
  adaptAdminDashboard
    Valid API Response
      ÔêÜ should transform valid API response to AdminDashboard type (2 ms)
      ÔêÜ should map user stats correctly (1 ms)
      ÔêÜ should map package stats correctly (1 ms)
      ÔêÜ should map order stats correctly
      ÔêÜ should map revenue stats correctly (1 ms)
      ÔêÜ should map search metrics correctly (1 ms)
      ÔêÜ should map top packages correctly (1 ms)
      ÔêÜ should map period information correctly
      ÔêÜ should map cache metadata correctly
    System Health Status Normalization
      ÔêÜ should normalize HEALTHY status to "healthy"
      ÔêÜ should normalize DEGRADED status to "warning" (2 ms)
      ÔêÜ should normalize DOWN status to "critical"
      ÔêÜ should map system health metrics correctly (1 ms)
    Trend Indicators
      ÔêÜ should calculate positive user growth trend
      ÔêÜ should calculate negative user growth trend
      ÔêÜ should calculate positive revenue growth trend
      ÔêÜ should calculate negative revenue growth trend
    Edge Cases
      ÔêÜ should handle empty top packages array
      ÔêÜ should handle empty search keywords arrays
      ÔêÜ should throw error for invalid API response (44 ms)
      ÔêÜ should throw error for null/undefined (3 ms)
    Placeholder Fields (Sprint 2 TODO)
      ÔêÜ should have populated recentActivities array
      ÔêÜ should have populated quickActions array (1 ms)
      ÔêÜ should have placeholder chart structures
  adaptFreelancerDashboard (Seller)
    Valid API Response
      ÔêÜ should transform valid Seller API response to FreelancerDashboard type (1 ms)
      ÔêÜ should map earnings correctly
      ÔêÜ should map orders correctly (1 ms)
      ÔêÜ should map packages correctly
      ÔêÜ should map ratings correctly (1 ms)
      ÔêÜ should map period information correctly
      ÔêÜ should map cache metadata correctly
    Earnings Trend Calculation
      ÔêÜ should calculate positive revenue growth trend (1 ms)
      ÔêÜ should calculate negative revenue growth trend
    Edge Cases
      ÔêÜ should throw error for invalid API response (2 ms)
      ÔêÜ should throw error for null/undefined (2 ms)
    Placeholder Fields (Sprint 2 TODO)
      ÔêÜ should have empty recentActivities array (1 ms)
      ÔêÜ should have populated quickActions array
      ÔêÜ should have placeholder chart structures
  adaptEmployerDashboard (Buyer)
    Valid API Response
      ÔêÜ should transform valid Buyer API response to EmployerDashboard type
      ÔêÜ should map spending correctly
      ÔêÜ should map orders correctly
      ÔêÜ should map favorites correctly
      ÔêÜ should map period information correctly
      ÔêÜ should map cache metadata correctly
    Spending Trend Calculation
      ÔêÜ should calculate spending trend (1 ms)
      ÔêÜ should handle zero lifetime spending (1 ms)
    Edge Cases
      ÔêÜ should throw error for invalid API response (2 ms)
      ÔêÜ should throw error for null/undefined (2 ms)
    Placeholder Fields (Sprint 2 TODO)
      ├ù should have populated recentActivities array
      ÔêÜ should have populated quickActions array
      ÔêÜ should have placeholder chart structures
  adaptModeratorDashboard (Moderator)
    Valid API Response
      ÔêÜ should transform valid Moderator API response to ModeratorDashboard type
      ÔêÜ should map stats correctly (1 ms)
      ÔêÜ should map pending items queue correctly
      ÔêÜ should map individual pending items correctly
      ÔêÜ should map recent activities correctly (1 ms)
      ÔêÜ should map period information correctly
    Edge Cases
      ÔêÜ should throw error for invalid API response (2 ms)
      ÔêÜ should throw error for null/undefined (2 ms)
      ÔêÜ should handle pending items with missing relatedEntityTitle
      ÔêÜ should handle activities with null reason
    Placeholder Fields (Sprint 2 TODO)
      ÔêÜ should have populated quickActions array
      ÔêÜ should have placeholder chart structures
  Legacy Adapters (Mock Data)
    ÔêÜ no legacy mock adapters remaining (1 ms)

  ÔùÅ adaptEmployerDashboard (Buyer) ÔÇ║ Placeholder Fields (Sprint 2 TODO) ÔÇ║ should have populated recentActivities array

    TypeError: Cannot read properties of undefined (reading 'length')

    [0m [90m 1039 |[39m       expect([33mArray[39m[33m.[39misArray(result[33m.[39mrecentActivities))[33m.[39mtoBe([36mtrue[39m
)[33m;[39m
     [90m 1040 |[39m       [90m// Should have order activities[39m
    [31m[1m>[22m[39m[90m 1041 |[39m       [36mif[39m (validBuyerApiResponse[33m.[39mrecentOrders[33m.[39mlength [33m>[39m [3
5m0[39m) {
     [90m      |[39m                                              [31m[1m^[22m[39m
     [90m 1042 |[39m         expect(result[33m.[39mrecentActivities[33m.[39mlength)[33m.[39mtoBeGreaterThan([35m0[39m)[33m;[39m
     [90m 1043 |[39m       }
     [90m 1044 |[39m     })[33m;[39m[0m

      at Object.length (__tests__/components/domains/dashboard/dashboardAdapters.test.ts:1041:46)

Test Suites: 1 failed, 1 total
Tests:       1 failed, 63 passed, 64 total
Snapshots:   0 total
Time:        0.77 s, estimated 1 s
Ran all test suites matching __tests__/components/domains/dashboard/dashboardAdapters.test.ts.
